
> hearth@0.1.0 test
> jest

FAIL tests/components/meals/MealPlanner.test.tsx (10.846 s)
  ● Console

    console.log
      [MealPlanner] Week start day setting: MONDAY

      at log (src/app/dashboard/meals/MealPlanner.tsx:140:19)

    console.log
      [MealPlanner] Family timezone: America/New_York

      at log (src/app/dashboard/meals/MealPlanner.tsx:141:19)

    console.log
      [MealPlanner] Today in timezone: 2026-01-21 3

      at log (src/app/dashboard/meals/MealPlanner.tsx:151:19)

    console.log
      [MealPlanner] Calculated week start: 2026-01-19

      at log (src/app/dashboard/meals/MealPlanner.tsx:154:19)

    console.log
      [MealPlanner] Loading meal plan for week: 2026-01-19

      at log (src/app/dashboard/meals/MealPlanner.tsx:104:13)

    console.log
      [MealPlanner] Week start day setting: MONDAY

      at log (src/app/dashboard/meals/MealPlanner.tsx:140:19)

    console.log
      [MealPlanner] Family timezone: America/New_York

      at log (src/app/dashboard/meals/MealPlanner.tsx:141:19)

    console.log
      [MealPlanner] Today in timezone: 2026-01-21 3

      at log (src/app/dashboard/meals/MealPlanner.tsx:151:19)

    console.log
      [MealPlanner] Calculated week start: 2026-01-19

      at log (src/app/dashboard/meals/MealPlanner.tsx:154:19)

    console.log
      [MealPlanner] Loading meal plan for week: 2026-01-19

      at log (src/app/dashboard/meals/MealPlanner.tsx:104:13)

    console.log
      [MealPlanner] Week start day setting: MONDAY

      at log (src/app/dashboard/meals/MealPlanner.tsx:140:19)

    console.log
      [MealPlanner] Family timezone: America/New_York

      at log (src/app/dashboard/meals/MealPlanner.tsx:141:19)

    console.log
      [MealPlanner] Today in timezone: 2026-01-21 3

      at log (src/app/dashboard/meals/MealPlanner.tsx:151:19)

    console.log
      [MealPlanner] Calculated week start: 2026-01-19

      at log (src/app/dashboard/meals/MealPlanner.tsx:154:19)

    console.log
      [MealPlanner] Loading meal plan for week: 2026-01-19

      at log (src/app/dashboard/meals/MealPlanner.tsx:104:13)

    console.log
      [MealPlanner] Week start day setting: MONDAY

      at log (src/app/dashboard/meals/MealPlanner.tsx:140:19)

    console.log
      [MealPlanner] Family timezone: America/New_York

      at log (src/app/dashboard/meals/MealPlanner.tsx:141:19)

    console.log
      [MealPlanner] Today in timezone: 2026-01-21 3

      at log (src/app/dashboard/meals/MealPlanner.tsx:151:19)

    console.log
      [MealPlanner] Calculated week start: 2026-01-19

      at log (src/app/dashboard/meals/MealPlanner.tsx:154:19)

    console.log
      [MealPlanner] Loading meal plan for week: 2026-01-19

      at log (src/app/dashboard/meals/MealPlanner.tsx:104:13)

    console.log
      [MealPlanner] Week start day setting: MONDAY

      at log (src/app/dashboard/meals/MealPlanner.tsx:140:19)

    console.log
      [MealPlanner] Family timezone: America/New_York

      at log (src/app/dashboard/meals/MealPlanner.tsx:141:19)

    console.log
      [MealPlanner] Today in timezone: 2026-01-21 3

      at log (src/app/dashboard/meals/MealPlanner.tsx:151:19)

    console.log
      [MealPlanner] Calculated week start: 2026-01-19

      at log (src/app/dashboard/meals/MealPlanner.tsx:154:19)

    console.log
      [MealPlanner] Loading meal plan for week: 2026-01-19

      at log (src/app/dashboard/meals/MealPlanner.tsx:104:13)

    console.log
      [MealPlanner] Week start day setting: MONDAY

      at log (src/app/dashboard/meals/MealPlanner.tsx:140:19)

    console.log
      [MealPlanner] Family timezone: America/New_York

      at log (src/app/dashboard/meals/MealPlanner.tsx:141:19)

    console.log
      [MealPlanner] Today in timezone: 2026-01-21 3

      at log (src/app/dashboard/meals/MealPlanner.tsx:151:19)

    console.log
      [MealPlanner] Calculated week start: 2026-01-19

      at log (src/app/dashboard/meals/MealPlanner.tsx:154:19)

    console.log
      [MealPlanner] Loading meal plan for week: 2026-01-19

      at log (src/app/dashboard/meals/MealPlanner.tsx:104:13)

    console.log
      [MealPlanner] Received meal plan: { mealPlan: null, weekStart: '2025-12-29' }

      at log (src/app/dashboard/meals/MealPlanner.tsx:119:15)

    console.log
      [MealPlanner] Loading meal plan for week: 2025-12-22

      at log (src/app/dashboard/meals/MealPlanner.tsx:104:13)

    console.log
      [MealPlanner] Week start day setting: MONDAY

      at log (src/app/dashboard/meals/MealPlanner.tsx:140:19)

    console.log
      [MealPlanner] Family timezone: America/New_York

      at log (src/app/dashboard/meals/MealPlanner.tsx:141:19)

    console.log
      [MealPlanner] Today in timezone: 2026-01-21 3

      at log (src/app/dashboard/meals/MealPlanner.tsx:151:19)

    console.log
      [MealPlanner] Calculated week start: 2026-01-19

      at log (src/app/dashboard/meals/MealPlanner.tsx:154:19)

    console.log
      [MealPlanner] Loading meal plan for week: 2026-01-19

      at log (src/app/dashboard/meals/MealPlanner.tsx:104:13)

    console.log
      [MealPlanner] Received meal plan: { mealPlan: null, weekStart: '2026-01-12' }

      at log (src/app/dashboard/meals/MealPlanner.tsx:119:15)

    console.log
      [MealPlanner] Loading meal plan for week: 2026-01-19

      at log (src/app/dashboard/meals/MealPlanner.tsx:104:13)

    console.log
      [MealPlanner] Week start day setting: MONDAY

      at log (src/app/dashboard/meals/MealPlanner.tsx:140:19)

    console.log
      [MealPlanner] Family timezone: America/New_York

      at log (src/app/dashboard/meals/MealPlanner.tsx:141:19)

    console.log
      [MealPlanner] Today in timezone: 2026-01-21 3

      at log (src/app/dashboard/meals/MealPlanner.tsx:151:19)

    console.log
      [MealPlanner] Calculated week start: 2026-01-19

      at log (src/app/dashboard/meals/MealPlanner.tsx:154:19)

    console.log
      [MealPlanner] Loading meal plan for week: 2026-01-19

      at log (src/app/dashboard/meals/MealPlanner.tsx:104:13)

    console.log
      [MealPlanner] Week start day setting: MONDAY

      at log (src/app/dashboard/meals/MealPlanner.tsx:140:19)

    console.log
      [MealPlanner] Family timezone: America/New_York

      at log (src/app/dashboard/meals/MealPlanner.tsx:141:19)

    console.log
      [MealPlanner] Today in timezone: 2026-01-21 3

      at log (src/app/dashboard/meals/MealPlanner.tsx:151:19)

    console.log
      [MealPlanner] Calculated week start: 2026-01-19

      at log (src/app/dashboard/meals/MealPlanner.tsx:154:19)

    console.log
      [MealPlanner] Loading meal plan for week: 2026-01-19

      at log (src/app/dashboard/meals/MealPlanner.tsx:104:13)

    console.log
      [MealPlanner] Received meal plan: {
        entry: {
          id: 'entry-1',
          customName: 'Tacos',
          mealType: 'DINNER',
          date: 2026-01-06T00:00:00.000Z
        }
      }

      at log (src/app/dashboard/meals/MealPlanner.tsx:119:15)

    console.log
      [MealPlanner] Week start day setting: MONDAY

      at log (src/app/dashboard/meals/MealPlanner.tsx:140:19)

    console.log
      [MealPlanner] Family timezone: America/New_York

      at log (src/app/dashboard/meals/MealPlanner.tsx:141:19)

    console.log
      [MealPlanner] Today in timezone: 2026-01-21 3

      at log (src/app/dashboard/meals/MealPlanner.tsx:151:19)

    console.log
      [MealPlanner] Calculated week start: 2026-01-19

      at log (src/app/dashboard/meals/MealPlanner.tsx:154:19)

    console.log
      [MealPlanner] Loading meal plan for week: 2026-01-19

      at log (src/app/dashboard/meals/MealPlanner.tsx:104:13)

    console.log
      [MealPlanner] Received meal plan: {
        mealPlan: {
          id: 'plan-1',
          weekStart: 2026-01-05T00:00:00.000Z,
          meals: [ [Object], [Object] ]
        },
        weekStart: '2026-01-05'
      }

      at log (src/app/dashboard/meals/MealPlanner.tsx:119:15)

    console.log
      [MealPlanner] Week start day setting: MONDAY

      at log (src/app/dashboard/meals/MealPlanner.tsx:140:19)

    console.log
      [MealPlanner] Family timezone: America/New_York

      at log (src/app/dashboard/meals/MealPlanner.tsx:141:19)

    console.log
      [MealPlanner] Today in timezone: 2026-01-21 3

      at log (src/app/dashboard/meals/MealPlanner.tsx:151:19)

    console.log
      [MealPlanner] Calculated week start: 2026-01-19

      at log (src/app/dashboard/meals/MealPlanner.tsx:154:19)

    console.log
      [MealPlanner] Loading meal plan for week: 2026-01-19

      at log (src/app/dashboard/meals/MealPlanner.tsx:104:13)

    console.log
      [MealPlanner] Received meal plan: {
        entry: { id: 'entry-1', customName: 'Waffles', notes: 'With strawberries' }
      }

      at log (src/app/dashboard/meals/MealPlanner.tsx:119:15)

    console.log
      [MealPlanner] Week start day setting: MONDAY

      at log (src/app/dashboard/meals/MealPlanner.tsx:140:19)

    console.log
      [MealPlanner] Family timezone: America/New_York

      at log (src/app/dashboard/meals/MealPlanner.tsx:141:19)

    console.log
      [MealPlanner] Today in timezone: 2026-01-21 3

      at log (src/app/dashboard/meals/MealPlanner.tsx:151:19)

    console.log
      [MealPlanner] Calculated week start: 2026-01-19

      at log (src/app/dashboard/meals/MealPlanner.tsx:154:19)

    console.log
      [MealPlanner] Loading meal plan for week: 2026-01-19

      at log (src/app/dashboard/meals/MealPlanner.tsx:104:13)

    console.log
      [MealPlanner] Received meal plan: {
        mealPlan: {
          id: 'plan-1',
          weekStart: 2026-01-05T00:00:00.000Z,
          meals: [ [Object], [Object] ]
        },
        weekStart: '2026-01-05'
      }

      at log (src/app/dashboard/meals/MealPlanner.tsx:119:15)

    console.log
      [MealPlanner] Week start day setting: MONDAY

      at log (src/app/dashboard/meals/MealPlanner.tsx:140:19)

    console.log
      [MealPlanner] Family timezone: America/New_York

      at log (src/app/dashboard/meals/MealPlanner.tsx:141:19)

    console.log
      [MealPlanner] Today in timezone: 2026-01-21 3

      at log (src/app/dashboard/meals/MealPlanner.tsx:151:19)

    console.log
      [MealPlanner] Calculated week start: 2026-01-19

      at log (src/app/dashboard/meals/MealPlanner.tsx:154:19)

    console.log
      [MealPlanner] Loading meal plan for week: 2026-01-19

      at log (src/app/dashboard/meals/MealPlanner.tsx:104:13)

    console.log
      [MealPlanner] Received meal plan: { mealPlan: null, weekStart: '2026-01-05' }

      at log (src/app/dashboard/meals/MealPlanner.tsx:119:15)

    console.log
      [MealPlanner] Week start day setting: MONDAY

      at log (src/app/dashboard/meals/MealPlanner.tsx:140:19)

    console.log
      [MealPlanner] Family timezone: America/New_York

      at log (src/app/dashboard/meals/MealPlanner.tsx:141:19)

    console.log
      [MealPlanner] Today in timezone: 2026-01-21 3

      at log (src/app/dashboard/meals/MealPlanner.tsx:151:19)

    console.log
      [MealPlanner] Calculated week start: 2026-01-19

      at log (src/app/dashboard/meals/MealPlanner.tsx:154:19)

    console.log
      [MealPlanner] Loading meal plan for week: 2026-01-19

      at log (src/app/dashboard/meals/MealPlanner.tsx:104:13)

    console.log
      [MealPlanner] Received meal plan: { mealPlan: null, weekStart: '2026-01-05' }

      at log (src/app/dashboard/meals/MealPlanner.tsx:119:15)

    console.log
      [MealPlanner] Fallback week start: 2026-01-19

      at log (src/app/dashboard/meals/MealPlanner.tsx:160:19)

    console.log
      [MealPlanner] Loading meal plan for week: 2026-01-19

      at log (src/app/dashboard/meals/MealPlanner.tsx:104:13)

    console.log
      [MealPlanner] Week start day setting: MONDAY

      at log (src/app/dashboard/meals/MealPlanner.tsx:140:19)

    console.log
      [MealPlanner] Family timezone: America/New_York

      at log (src/app/dashboard/meals/MealPlanner.tsx:141:19)

    console.log
      [MealPlanner] Today in timezone: 2026-01-21 3

      at log (src/app/dashboard/meals/MealPlanner.tsx:151:19)

    console.log
      [MealPlanner] Calculated week start: 2026-01-19

      at log (src/app/dashboard/meals/MealPlanner.tsx:154:19)

    console.log
      [MealPlanner] Loading meal plan for week: 2026-01-19

      at log (src/app/dashboard/meals/MealPlanner.tsx:104:13)

  ● MealPlanner Component › should render week navigation

    Unable to find an element with the text: /Week of/i. This could be because the text is broken up by multiple elements. In this case, you can provide a function for your text matcher to make your matcher more flexible.

    Ignored nodes: comments, script, style
    [36m<body>[39m
      [36m<div>[39m
        [36m<div[39m
          [33mclass[39m=[32m"flex items-center justify-center min-h-[400px]"[39m
        [36m>[39m
          [36m<div[39m
            [33mclass[39m=[32m"text-red-600 dark:text-red-400"[39m
          [36m>[39m
            [0mCannot read properties of undefined (reading 'ok')[0m
          [36m</div>[39m
        [36m</div>[39m
      [36m</div>[39m
    [36m</body>[39m

      57 |     render(<MealPlanner />);
      58 |
    > 59 |     await waitFor(() => {
         |                  ^
      60 |       expect(screen.getByText(/Week of/i)).toBeInTheDocument();
      61 |       expect(screen.getByRole('button', { name: /previous week/i })).toBeInTheDocument();
      62 |       expect(screen.getByRole('button', { name: /next week/i })).toBeInTheDocument();

      at waitForWrapper (node_modules/@testing-library/dom/dist/wait-for.js:163:27)
      at Object.<anonymous> (tests/components/meals/MealPlanner.test.tsx:59:18)

  ● MealPlanner Component › should display empty state when no meals planned

    Unable to find an element with the text: /no meals planned/i. This could be because the text is broken up by multiple elements. In this case, you can provide a function for your text matcher to make your matcher more flexible.

    Ignored nodes: comments, script, style
    [36m<body>[39m
      [36m<div>[39m
        [36m<div[39m
          [33mclass[39m=[32m"flex items-center justify-center min-h-[400px]"[39m
        [36m>[39m
          [36m<div[39m
            [33mclass[39m=[32m"text-red-600 dark:text-red-400"[39m
          [36m>[39m
            [0mCannot read properties of undefined (reading 'ok')[0m
          [36m</div>[39m
        [36m</div>[39m
      [36m</div>[39m
    [36m</body>[39m

      88 |     render(<MealPlanner />);
      89 |
    > 90 |     await waitFor(() => {
         |                  ^
      91 |       expect(screen.getByText(/no meals planned/i)).toBeInTheDocument();
      92 |     });
      93 |   });

      at waitForWrapper (node_modules/@testing-library/dom/dist/wait-for.js:163:27)
      at Object.<anonymous> (tests/components/meals/MealPlanner.test.tsx:90:18)

  ● MealPlanner Component › should display meal entries in calendar grid

    Unable to find an element with the text: Pancakes. This could be because the text is broken up by multiple elements. In this case, you can provide a function for your text matcher to make your matcher more flexible.

    Ignored nodes: comments, script, style
    [36m<body>[39m
      [36m<div>[39m
        [36m<div[39m
          [33mclass[39m=[32m"flex items-center justify-center min-h-[400px]"[39m
        [36m>[39m
          [36m<div[39m
            [33mclass[39m=[32m"text-red-600 dark:text-red-400"[39m
          [36m>[39m
            [0mCannot read properties of undefined (reading 'ok')[0m
          [36m</div>[39m
        [36m</div>[39m
      [36m</div>[39m
    [36m</body>[39m

      101 |     render(<MealPlanner />);
      102 |
    > 103 |     await waitFor(() => {
          |                  ^
      104 |       expect(screen.getByText('Pancakes')).toBeInTheDocument();
      105 |       expect(screen.getByText('Spaghetti')).toBeInTheDocument();
      106 |     });

      at waitForWrapper (node_modules/@testing-library/dom/dist/wait-for.js:163:27)
      at Object.<anonymous> (tests/components/meals/MealPlanner.test.tsx:103:18)

  ● MealPlanner Component › should show meal type labels

    Unable to find an element with the text: /breakfast/i. This could be because the text is broken up by multiple elements. In this case, you can provide a function for your text matcher to make your matcher more flexible.

    Ignored nodes: comments, script, style
    [36m<body>[39m
      [36m<div>[39m
        [36m<div[39m
          [33mclass[39m=[32m"flex items-center justify-center min-h-[400px]"[39m
        [36m>[39m
          [36m<div[39m
            [33mclass[39m=[32m"text-red-600 dark:text-red-400"[39m
          [36m>[39m
            [0mCannot read properties of undefined (reading 'ok')[0m
          [36m</div>[39m
        [36m</div>[39m
      [36m</div>[39m
    [36m</body>[39m

      115 |     render(<MealPlanner />);
      116 |
    > 117 |     await waitFor(() => {
          |                  ^
      118 |       expect(screen.getByText(/breakfast/i)).toBeInTheDocument();
      119 |       expect(screen.getByText(/dinner/i)).toBeInTheDocument();
      120 |     });

      at waitForWrapper (node_modules/@testing-library/dom/dist/wait-for.js:163:27)
      at Object.<anonymous> (tests/components/meals/MealPlanner.test.tsx:117:18)

  ● MealPlanner Component › should navigate to previous week

    expect(jest.fn()).toHaveBeenCalledTimes(expected)

    Expected number of calls: 2
    Received number of calls: 3

    Ignored nodes: comments, script, style
    [36m<html>[39m
      [36m<head />[39m
      [36m<body>[39m
        [36m<div>[39m
          [36m<div[39m
            [33mclass[39m=[32m"flex items-center justify-center min-h-[400px]"[39m
          [36m>[39m
            [36m<div[39m
              [33mclass[39m=[32m"text-red-600 dark:text-red-400"[39m
            [36m>[39m
              [0mCannot read properties of undefined (reading 'ok')[0m
            [36m</div>[39m
          [36m</div>[39m
        [36m</div>[39m
      [36m</body>[39m
    [36m</html>[39m

      147 |
      148 |     await waitFor(() => {
    > 149 |       expect(global.fetch).toHaveBeenCalledTimes(2);
          |                            ^
      150 |     });
      151 |   });
      152 |

      at toHaveBeenCalledTimes (tests/components/meals/MealPlanner.test.tsx:149:28)
      at runWithExpensiveErrorDiagnosticsDisabled (node_modules/@testing-library/dom/dist/config.js:47:12)
      at checkCallback (node_modules/@testing-library/dom/dist/wait-for.js:124:77)
      at checkRealTimersCallback (node_modules/@testing-library/dom/dist/wait-for.js:118:16)
      at Timeout.task [as _onTimeout] (node_modules/jsdom/lib/jsdom/browser/Window.js:579:19)

  ● MealPlanner Component › should navigate to next week

    expect(jest.fn()).toHaveBeenCalledTimes(expected)

    Expected number of calls: 2
    Received number of calls: 3

    Ignored nodes: comments, script, style
    [36m<html>[39m
      [36m<head />[39m
      [36m<body>[39m
        [36m<div>[39m
          [36m<div[39m
            [33mclass[39m=[32m"flex items-center justify-center min-h-[400px]"[39m
          [36m>[39m
            [36m<div[39m
              [33mclass[39m=[32m"text-red-600 dark:text-red-400"[39m
            [36m>[39m
              [0mCannot read properties of undefined (reading 'ok')[0m
            [36m</div>[39m
          [36m</div>[39m
        [36m</div>[39m
      [36m</body>[39m
    [36m</html>[39m

      177 |
      178 |     await waitFor(() => {
    > 179 |       expect(global.fetch).toHaveBeenCalledTimes(2);
          |                            ^
      180 |     });
      181 |   });
      182 |

      at toHaveBeenCalledTimes (tests/components/meals/MealPlanner.test.tsx:179:28)
      at runWithExpensiveErrorDiagnosticsDisabled (node_modules/@testing-library/dom/dist/config.js:47:12)
      at checkCallback (node_modules/@testing-library/dom/dist/wait-for.js:124:77)
      at checkRealTimersCallback (node_modules/@testing-library/dom/dist/wait-for.js:118:16)
      at Timeout.task [as _onTimeout] (node_modules/jsdom/lib/jsdom/browser/Window.js:579:19)

  ● MealPlanner Component › should open add meal dialog when clicking add button

    Unable to find an element with the text: /Week of/i. This could be because the text is broken up by multiple elements. In this case, you can provide a function for your text matcher to make your matcher more flexible.

    Ignored nodes: comments, script, style
    [36m<body>[39m
      [36m<div>[39m
        [36m<div[39m
          [33mclass[39m=[32m"flex items-center justify-center min-h-[400px]"[39m
        [36m>[39m
          [36m<div[39m
            [33mclass[39m=[32m"text-red-600 dark:text-red-400"[39m
          [36m>[39m
            [0mCannot read properties of undefined (reading 'ok')[0m
          [36m</div>[39m
        [36m</div>[39m
      [36m</div>[39m
    [36m</body>[39m

      191 |     render(<MealPlanner />);
      192 |
    > 193 |     await waitFor(() => {
          |                  ^
      194 |       expect(screen.getByText(/Week of/i)).toBeInTheDocument();
      195 |     });
      196 |

      at waitForWrapper (node_modules/@testing-library/dom/dist/wait-for.js:163:27)
      at Object.<anonymous> (tests/components/meals/MealPlanner.test.tsx:193:18)

  ● MealPlanner Component › should create new meal entry

    TestingLibraryElementError: Unable to find a label with the text of: /meal name/i

    Ignored nodes: comments, script, style
    [36m<body>[39m
      [36m<div>[39m
        [36m<div[39m
          [33mclass[39m=[32m"space-y-6"[39m
        [36m>[39m
          [36m<div[39m
            [33mclass[39m=[32m"flex items-center justify-between"[39m
          [36m>[39m
            [36m<button[39m
              [33maria-label[39m=[32m"Previous week"[39m
              [33mclass[39m=[32m"px-4 py-2 text-sm font-medium text-gray-700 dark:text-gray-300 bg-white dark:bg-gray-800 border border-gray-300 dark:border-gray-600 rounded-lg hover:bg-gray-50 dark:hover:bg-gray-700"[39m
            [36m>[39m
              [0m← Previous[0m
            [36m</button>[39m
            [36m<h2[39m
              [33mclass[39m=[32m"text-xl font-semibold text-gray-900 dark:text-gray-100"[39m
            [36m>[39m
              [0mWeek of [0m
            [36m</h2>[39m
            [36m<button[39m
              [33maria-label[39m=[32m"Next week"[39m
              [33mclass[39m=[32m"px-4 py-2 text-sm font-medium text-gray-700 dark:text-gray-300 bg-white dark:bg-gray-800 border border-gray-300 dark:border-gray-600 rounded-lg hover:bg-gray-50 dark:hover:bg-gray-700"[39m
            [36m>[39m
              [0mNext →[0m
            [36m</button>[39m
          [36m</div>[39m
          [36m<div[39m
            [33mclass[39m=[32m"overflow-x-auto"[39m
          [36m>[39m
            [36m<table[39m
              [33mclass[39m=[32m"w-full border-collapse bg-white dark:bg-gray-800 rounded-lg shadow"[39m
            [36m>[39m
              [36m<thead>[39m
                [36m<tr[39m
                  [33mclass[39m=[32m"border-b border-gray-200 dark:border-gray-700"[39m
                [36m>[39m
                  [36m<th[39m
                    [33mclass[39m=[32m"p-3 text-left text-sm font-medium text-gray-900 dark:text-gray-100"[39m
                  [36m>[39m
                    [0mMeal[0m
                  [36m</th>[39m
                  [36m<th[39m
                    [33mclass[39m=[32m"p-3 text-center text-sm font-medium text-gray-900 dark:text-gray-100"[39m
                  [36m>[39m
                    [36m<div>[39m
                      [0mMon[0m
                    [36m</div>[39m
                    [36m<div[39m
                      [33mclass[39m=[32m"text-xs text-gray-500 dark:text-gray-400"[39m
                    [36m/>[39m
                  [36m</th>[39m
                  [36m<th[39m
                    [33mclass[39m=[32m"p-3 text-center text-sm font-medium text-gray-900 dark:text-gray-100"[39m
                  [36m>[39m
                    [36m<div>[39m
                      [0mTue[0m
                    [36m</div>[39m
                    [36m<div[39m
                      [33mclass[39m=[32m"text-xs text-gray-500 dark:text-gray-400"[39m
                    [36m/>[39m
                  [36m</th>[39m
                  [36m<th[39m
                    [33mclass[39m=[32m"p-3 text-center text-sm font-medium text-gray-900 dark:text-gray-100"[39m
                  [36m>[39m
                    [36m<div>[39m
                      [0mWed[0m
                    [36m</div>[39m
                    [36m<div[39m
                      [33mclass[39m=[32m"text-xs text-gray-500 dark:text-gray-400"[39m
                    [36m/>[39m
                  [36m</th>[39m
                  [36m<th[39m
                    [33mclass[39m=[32m"p-3 text-center text-sm font-medium text-gray-900 dark:text-gray-100"[39m
                  [36m>[39m
                    [36m<div>[39m
                      [0mThu[0m
                    [36m</div>[39m
                    [36m<div[39m
                      [33mclass[39m=[32m"text-xs text-gray-500 dark:text-gray-400"[39m
                    [36m/>[39m
                  [36m</th>[39m
                  [36m<th[39m
                    [33mclass[39m=[32m"p-3 text-center text-sm font-medium text-gray-900 dark:text-gray-100"[39m
                  [36m>[39m
                    [36m<div>[39m
                      [0mFri[0m
                    [36m</div>[39m
                    [36m<div[39m
                      [33mclass[39m=[32m"text-xs text-gray-500 dark:text-gray-400"[39m
                    [36m/>[39m
                  [36m</th>[39m
                  [36m<th[39m
                    [33mclass[39m=[32m"p-3 text-center text-sm font-medium text-gray-900 dark:text-gray-100"[39m
                  [36m>[39m
                    [36m<div>[39m
                      [0mSat[0m
                    [36m</div>[39m
                    [36m<div[39m
                      [33mclass[39m=[32m"text-xs text-gray-500 dark:text-gray-400"[39m
                    [36m/>[39m
                  [36m</th>[39m
                  [36m<th[39m
                    [33mclass[39m=[32m"p-3 text-center text-sm font-medium text-gray-900 dark:text-gray-100"[39m
                  [36m>[39m
                    [36m<div>[39m
                      [0mSun[0m
                    [36m</div>[39m
                    [36m<div[39m
                      [33mclass[39m=[32m"text-xs text-gray-500 dark:text-gray-400"[39m
                    [36m/>[39m
                  [36m</th>[39m
                [36m</tr>[39m
              [36m</thead>[39m
              [36m<tbody>[39m
                [36m<tr[39m
                  [33mclass[39m=[32m"border-b border-gray-200 dark:border-gray-700"[39m
                [36m>[39m
                  [36m<td[39m
                    [33mclass[39m=[32m"p-3 text-sm font-medium text-gray-900 dark:text-gray-100"[39m
                  [36m>[39m
                    [0mBreakfast[0m
                  [36m</td>[39m
                  [36m<td[39m
                    [33mclass[39m=[32m"p-2 align-top border-l border-gray-200 dark:border-gray-700"[39m
                  [36m>[39m
                    [36m<button[39m
                      [33maria-label[39m=[32m"Add meal"[39m
                      [33mclass[39m=[32m"w-full px-2 py-1 text-sm text-gray-400 hover:text-gray-600 dark:hover:text-gray-300 hover:bg-gray-100 dark:hover:bg-gray-700 rounded"[39m
                    [36m>[39m
                      [0m+ Add[0m
                    [36m</button>[39m
                  [36m</td>[39m
                  [36m<td[39m
                    [33mclass[39m=[32m"p-2 align-top border-l border-gray-200 dark:border-gray-700"[39m
                  [36m>[39m
                    [36m<button[39m
                      [33maria-label[39m=[32m"Add meal"[39m
                      [33mclass[39m=[32m"w-full px-2 py-1 text-sm text-gray-400 hover:text-gray-600 dark:hover:text-gray-300 hover:bg-gray-100 dark:hover:bg-gray-700 rounded"[39m
                    [36m>[39m
                      [0m+ Add[0m
                    [36m</button>[39m
                  [36m</td>[39m
                  [36m<td[39m
                    [33mclass[39m=[32m"p-2 align-top border-l border-gray-200 dark:border-gray-700"[39m
                  [36m>[39m
                    [36m<button[39m
                      [33maria-label[39m=[32m"Add meal"[39m
                      [33mclass[39m=[32m"w-full px-2 py-1 text-sm text-gray-400 hover:text-gray-600 dark:hover:text-gray-300 hover:bg-gray-100 dark:hover:bg-gray-700 rounded"[39m
                    [36m>[39m
                      [0m+ Add[0m
                    [36m</button>[39m
                  [36m</td>...

      235 |     await user.click(addButtons[0]);
      236 |
    > 237 |     const nameInput = screen.getByLabelText(/meal name/i);
          |                              ^
      238 |     await user.type(nameInput, 'Tacos');
      239 |
      240 |     const saveButton = screen.getByRole('button', { name: /save/i });

      at Object.getElementError (node_modules/@testing-library/dom/dist/config.js:37:19)
      at getAllByLabelText (node_modules/@testing-library/dom/dist/queries/label-text.js:111:38)
      at node_modules/@testing-library/dom/dist/query-helpers.js:52:17
      at node_modules/@testing-library/dom/dist/query-helpers.js:95:19
      at Object.getByLabelText (tests/components/meals/MealPlanner.test.tsx:237:30)

  ● MealPlanner Component › should show meal notes when hovering over entry

    Unable to find an element with the text: With maple syrup. This could be because the text is broken up by multiple elements. In this case, you can provide a function for your text matcher to make your matcher more flexible.

    Ignored nodes: comments, script, style
    [36m<body>[39m
      [36m<div>[39m
        [36m<div[39m
          [33mclass[39m=[32m"space-y-6"[39m
        [36m>[39m
          [36m<div[39m
            [33mclass[39m=[32m"flex items-center justify-between"[39m
          [36m>[39m
            [36m<button[39m
              [33maria-label[39m=[32m"Previous week"[39m
              [33mclass[39m=[32m"px-4 py-2 text-sm font-medium text-gray-700 dark:text-gray-300 bg-white dark:bg-gray-800 border border-gray-300 dark:border-gray-600 rounded-lg hover:bg-gray-50 dark:hover:bg-gray-700"[39m
            [36m>[39m
              [0m← Previous[0m
            [36m</button>[39m
            [36m<h2[39m
              [33mclass[39m=[32m"text-xl font-semibold text-gray-900 dark:text-gray-100"[39m
            [36m>[39m
              [0mWeek of [0m
              [0m1/5/2026[0m
            [36m</h2>[39m
            [36m<button[39m
              [33maria-label[39m=[32m"Next week"[39m
              [33mclass[39m=[32m"px-4 py-2 text-sm font-medium text-gray-700 dark:text-gray-300 bg-white dark:bg-gray-800 border border-gray-300 dark:border-gray-600 rounded-lg hover:bg-gray-50 dark:hover:bg-gray-700"[39m
            [36m>[39m
              [0mNext →[0m
            [36m</button>[39m
          [36m</div>[39m
          [36m<div[39m
            [33mclass[39m=[32m"overflow-x-auto"[39m
          [36m>[39m
            [36m<table[39m
              [33mclass[39m=[32m"w-full border-collapse bg-white dark:bg-gray-800 rounded-lg shadow"[39m
            [36m>[39m
              [36m<thead>[39m
                [36m<tr[39m
                  [33mclass[39m=[32m"border-b border-gray-200 dark:border-gray-700"[39m
                [36m>[39m
                  [36m<th[39m
                    [33mclass[39m=[32m"p-3 text-left text-sm font-medium text-gray-900 dark:text-gray-100"[39m
                  [36m>[39m
                    [0mMeal[0m
                  [36m</th>[39m
                  [36m<th[39m
                    [33mclass[39m=[32m"p-3 text-center text-sm font-medium text-gray-900 dark:text-gray-100"[39m
                  [36m>[39m
                    [36m<div>[39m
                      [0mMon[0m
                    [36m</div>[39m
                    [36m<div[39m
                      [33mclass[39m=[32m"text-xs text-gray-500 dark:text-gray-400"[39m
                    [36m>[39m
                      [0m5[0m
                    [36m</div>[39m
                  [36m</th>[39m
                  [36m<th[39m
                    [33mclass[39m=[32m"p-3 text-center text-sm font-medium text-gray-900 dark:text-gray-100"[39m
                  [36m>[39m
                    [36m<div>[39m
                      [0mTue[0m
                    [36m</div>[39m
                    [36m<div[39m
                      [33mclass[39m=[32m"text-xs text-gray-500 dark:text-gray-400"[39m
                    [36m>[39m
                      [0m6[0m
                    [36m</div>[39m
                  [36m</th>[39m
                  [36m<th[39m
                    [33mclass[39m=[32m"p-3 text-center text-sm font-medium text-gray-900 dark:text-gray-100"[39m
                  [36m>[39m
                    [36m<div>[39m
                      [0mWed[0m
                    [36m</div>[39m
                    [36m<div[39m
                      [33mclass[39m=[32m"text-xs text-gray-500 dark:text-gray-400"[39m
                    [36m>[39m
                      [0m7[0m
                    [36m</div>[39m
                  [36m</th>[39m
                  [36m<th[39m
                    [33mclass[39m=[32m"p-3 text-center text-sm font-medium text-gray-900 dark:text-gray-100"[39m
                  [36m>[39m
                    [36m<div>[39m
                      [0mThu[0m
                    [36m</div>[39m
                    [36m<div[39m
                      [33mclass[39m=[32m"text-xs text-gray-500 dark:text-gray-400"[39m
                    [36m>[39m
                      [0m8[0m
                    [36m</div>[39m
                  [36m</th>[39m
                  [36m<th[39m
                    [33mclass[39m=[32m"p-3 text-center text-sm font-medium text-gray-900 dark:text-gray-100"[39m
                  [36m>[39m
                    [36m<div>[39m
                      [0mFri[0m
                    [36m</div>[39m
                    [36m<div[39m
                      [33mclass[39m=[32m"text-xs text-gray-500 dark:text-gray-400"[39m
                    [36m>[39m
                      [0m9[0m
                    [36m</div>[39m
                  [36m</th>[39m
                  [36m<th[39m
                    [33mclass[39m=[32m"p-3 text-center text-sm font-medium text-gray-900 dark:text-gray-100"[39m
                  [36m>[39m
                    [36m<div>[39m
                      [0mSat[0m
                    [36m</div>[39m
                    [36m<div[39m
                      [33mclass[39m=[32m"text-xs text-gray-500 dark:text-gray-400"[39m
                    [36m>[39m
                      [0m10[0m
                    [36m</div>[39m
                  [36m</th>[39m
                  [36m<th[39m
                    [33mclass[39m=[32m"p-3 text-center text-sm font-medium text-gray-900 dark:text-gray-100"[39m
                  [36m>[39m
                    [36m<div>[39m
                      [0mSun[0m
                    [36m</div>[39m
                    [36m<div[39m
                      [33mclass[39m=[32m"text-xs text-gray-500 dark:text-gray-400"[39m
                    [36m>[39m
                      [0m11[0m
                    [36m</div>[39m
                  [36m</th>[39m
                [36m</tr>[39m
              [36m</thead>[39m
              [36m<tbody>[39m
                [36m<tr[39m
                  [33mclass[39m=[32m"border-b border-gray-200 dark:border-gray-700"[39m
                [36m>[39m
                  [36m<td[39m
                    [33mclass[39m=[32m"p-3 text-sm font-medium text-gray-900 dark:text-gray-100"[39m
                  [36m>[39m
                    [0mBreakfast[0m
                  [36m</td>[39m
                  [36m<td[39m
                    [33mclass[39m=[32m"p-2 align-top border-l border-gray-200 dark:border-gray-700"[39m
                  [36m>[39m
                    [36m<div[39m
                      [33mclass[39m=[32m"space-y-2"[39m
                    [36m>[39m
                      [36m<div[39m
                        [33mclass[39m=[32m"p-2 rounded bg-info/10 dark:bg-info/20 text-sm text-gray-900 dark:text-gray-100"[39m
                      [36m>[39m
                        [0mPancakes[0m
                      [36m</div>[39m
                      [36m<button[39m
                        [33mclass[39m=[32m"w-full px-2 py-1 text-xs text-gray-600 dark:text-gray-400 hover:text-gray-900 dark:hover:text-gray-200 hover:bg-gray-100 dark:hover:bg-gray-700 rounded flex items-center justify-center gap-1"[39m
                      [36m>[39m
                        [36m<svg[39m
                          [33maria-hidden[39m=[32m"true"[39m
                          [33mclass[39m=[32m"h-3 w-3"[39m
                          [33mdata-slot[39m=[32m"icon"[39m
                          [33mfill[39m=[32m"none"[39m
                          [33mstroke[39m=[32m"currentColor"[39m
                          [33mstroke-width[39m=...

      269 |     await user.hover(pancakesEntry);
      270 |
    > 271 |     await waitFor(() => {
          |                  ^
      272 |       expect(screen.getByText('With maple syrup')).toBeInTheDocument();
      273 |     });
      274 |   });

      at waitForWrapper (node_modules/@testing-library/dom/dist/wait-for.js:163:27)
      at Object.<anonymous> (tests/components/meals/MealPlanner.test.tsx:271:18)

  ● MealPlanner Component › should edit meal entry

    Unable to find an element with the text: Pancakes. This could be because the text is broken up by multiple elements. In this case, you can provide a function for your text matcher to make your matcher more flexible.

    Ignored nodes: comments, script, style
    [36m<body>[39m
      [36m<div>[39m
        [36m<div[39m
          [33mclass[39m=[32m"space-y-6"[39m
        [36m>[39m
          [36m<div[39m
            [33mclass[39m=[32m"flex items-center justify-between"[39m
          [36m>[39m
            [36m<button[39m
              [33maria-label[39m=[32m"Previous week"[39m
              [33mclass[39m=[32m"px-4 py-2 text-sm font-medium text-gray-700 dark:text-gray-300 bg-white dark:bg-gray-800 border border-gray-300 dark:border-gray-600 rounded-lg hover:bg-gray-50 dark:hover:bg-gray-700"[39m
            [36m>[39m
              [0m← Previous[0m
            [36m</button>[39m
            [36m<h2[39m
              [33mclass[39m=[32m"text-xl font-semibold text-gray-900 dark:text-gray-100"[39m
            [36m>[39m
              [0mWeek of [0m
            [36m</h2>[39m
            [36m<button[39m
              [33maria-label[39m=[32m"Next week"[39m
              [33mclass[39m=[32m"px-4 py-2 text-sm font-medium text-gray-700 dark:text-gray-300 bg-white dark:bg-gray-800 border border-gray-300 dark:border-gray-600 rounded-lg hover:bg-gray-50 dark:hover:bg-gray-700"[39m
            [36m>[39m
              [0mNext →[0m
            [36m</button>[39m
          [36m</div>[39m
          [36m<div[39m
            [33mclass[39m=[32m"overflow-x-auto"[39m
          [36m>[39m
            [36m<table[39m
              [33mclass[39m=[32m"w-full border-collapse bg-white dark:bg-gray-800 rounded-lg shadow"[39m
            [36m>[39m
              [36m<thead>[39m
                [36m<tr[39m
                  [33mclass[39m=[32m"border-b border-gray-200 dark:border-gray-700"[39m
                [36m>[39m
                  [36m<th[39m
                    [33mclass[39m=[32m"p-3 text-left text-sm font-medium text-gray-900 dark:text-gray-100"[39m
                  [36m>[39m
                    [0mMeal[0m
                  [36m</th>[39m
                  [36m<th[39m
                    [33mclass[39m=[32m"p-3 text-center text-sm font-medium text-gray-900 dark:text-gray-100"[39m
                  [36m>[39m
                    [36m<div>[39m
                      [0mMon[0m
                    [36m</div>[39m
                    [36m<div[39m
                      [33mclass[39m=[32m"text-xs text-gray-500 dark:text-gray-400"[39m
                    [36m/>[39m
                  [36m</th>[39m
                  [36m<th[39m
                    [33mclass[39m=[32m"p-3 text-center text-sm font-medium text-gray-900 dark:text-gray-100"[39m
                  [36m>[39m
                    [36m<div>[39m
                      [0mTue[0m
                    [36m</div>[39m
                    [36m<div[39m
                      [33mclass[39m=[32m"text-xs text-gray-500 dark:text-gray-400"[39m
                    [36m/>[39m
                  [36m</th>[39m
                  [36m<th[39m
                    [33mclass[39m=[32m"p-3 text-center text-sm font-medium text-gray-900 dark:text-gray-100"[39m
                  [36m>[39m
                    [36m<div>[39m
                      [0mWed[0m
                    [36m</div>[39m
                    [36m<div[39m
                      [33mclass[39m=[32m"text-xs text-gray-500 dark:text-gray-400"[39m
                    [36m/>[39m
                  [36m</th>[39m
                  [36m<th[39m
                    [33mclass[39m=[32m"p-3 text-center text-sm font-medium text-gray-900 dark:text-gray-100"[39m
                  [36m>[39m
                    [36m<div>[39m
                      [0mThu[0m
                    [36m</div>[39m
                    [36m<div[39m
                      [33mclass[39m=[32m"text-xs text-gray-500 dark:text-gray-400"[39m
                    [36m/>[39m
                  [36m</th>[39m
                  [36m<th[39m
                    [33mclass[39m=[32m"p-3 text-center text-sm font-medium text-gray-900 dark:text-gray-100"[39m
                  [36m>[39m
                    [36m<div>[39m
                      [0mFri[0m
                    [36m</div>[39m
                    [36m<div[39m
                      [33mclass[39m=[32m"text-xs text-gray-500 dark:text-gray-400"[39m
                    [36m/>[39m
                  [36m</th>[39m
                  [36m<th[39m
                    [33mclass[39m=[32m"p-3 text-center text-sm font-medium text-gray-900 dark:text-gray-100"[39m
                  [36m>[39m
                    [36m<div>[39m
                      [0mSat[0m
                    [36m</div>[39m
                    [36m<div[39m
                      [33mclass[39m=[32m"text-xs text-gray-500 dark:text-gray-400"[39m
                    [36m/>[39m
                  [36m</th>[39m
                  [36m<th[39m
                    [33mclass[39m=[32m"p-3 text-center text-sm font-medium text-gray-900 dark:text-gray-100"[39m
                  [36m>[39m
                    [36m<div>[39m
                      [0mSun[0m
                    [36m</div>[39m
                    [36m<div[39m
                      [33mclass[39m=[32m"text-xs text-gray-500 dark:text-gray-400"[39m
                    [36m/>[39m
                  [36m</th>[39m
                [36m</tr>[39m
              [36m</thead>[39m
              [36m<tbody>[39m
                [36m<tr[39m
                  [33mclass[39m=[32m"border-b border-gray-200 dark:border-gray-700"[39m
                [36m>[39m
                  [36m<td[39m
                    [33mclass[39m=[32m"p-3 text-sm font-medium text-gray-900 dark:text-gray-100"[39m
                  [36m>[39m
                    [0mBreakfast[0m
                  [36m</td>[39m
                  [36m<td[39m
                    [33mclass[39m=[32m"p-2 align-top border-l border-gray-200 dark:border-gray-700"[39m
                  [36m>[39m
                    [36m<button[39m
                      [33maria-label[39m=[32m"Add meal"[39m
                      [33mclass[39m=[32m"w-full px-2 py-1 text-sm text-gray-400 hover:text-gray-600 dark:hover:text-gray-300 hover:bg-gray-100 dark:hover:bg-gray-700 rounded"[39m
                    [36m>[39m
                      [0m+ Add[0m
                    [36m</button>[39m
                  [36m</td>[39m
                  [36m<td[39m
                    [33mclass[39m=[32m"p-2 align-top border-l border-gray-200 dark:border-gray-700"[39m
                  [36m>[39m
                    [36m<button[39m
                      [33maria-label[39m=[32m"Add meal"[39m
                      [33mclass[39m=[32m"w-full px-2 py-1 text-sm text-gray-400 hover:text-gray-600 dark:hover:text-gray-300 hover:bg-gray-100 dark:hover:bg-gray-700 rounded"[39m
                    [36m>[39m
                      [0m+ Add[0m
                    [36m</button>[39m
                  [36m</td>[39m
                  [36m<td[39m
                    [33mclass[39m=[32m"p-2 align-top border-l border-gray-200 dark:border-gray-700"[39m
                  [36m>[39m
                    [36m<button[39m
                      [33maria-label[39m=[32m"Add meal"[39m
                      [33mclass[39m=[32m"w-full px-2 py-1 text-sm text-gray-400 hover:text-gray-600 dark:hover:text-gray-300 hover:bg-gray-100 dark:hover:bg-gray-700 rounded"[39m
                    [36m>[39m
                      [0m+ Add[0m
                    [36m</button>[39m
                  [36m</td>...

      299 |     render(<MealPlanner />);
      300 |
    > 301 |     await waitFor(() => {
          |                  ^
      302 |       expect(screen.getByText('Pancakes')).toBeInTheDocument();
      303 |     });
      304 |

      at waitForWrapper (node_modules/@testing-library/dom/dist/wait-for.js:163:27)
      at Object.<anonymous> (tests/components/meals/MealPlanner.test.tsx:301:18)

  ● MealPlanner Component › should delete meal entry

    TestingLibraryElementError: Unable to find an accessible element with the role "button" and name `/delete/i`

    Here are the accessible roles:

      button:

      Name "Previous week":
      [36m<button[39m
        [33maria-label[39m=[32m"Previous week"[39m
        [33mclass[39m=[32m"px-4 py-2 text-sm font-medium text-gray-700 dark:text-gray-300 bg-white dark:bg-gray-800 border border-gray-300 dark:border-gray-600 rounded-lg hover:bg-gray-50 dark:hover:bg-gray-700"[39m
      [36m/>[39m

      Name "Next week":
      [36m<button[39m
        [33maria-label[39m=[32m"Next week"[39m
        [33mclass[39m=[32m"px-4 py-2 text-sm font-medium text-gray-700 dark:text-gray-300 bg-white dark:bg-gray-800 border border-gray-300 dark:border-gray-600 rounded-lg hover:bg-gray-50 dark:hover:bg-gray-700"[39m
      [36m/>[39m

      Name "Add Dish":
      [36m<button[39m
        [33mclass[39m=[32m"w-full px-2 py-1 text-xs text-gray-600 dark:text-gray-400 hover:text-gray-900 dark:hover:text-gray-200 hover:bg-gray-100 dark:hover:bg-gray-700 rounded flex items-center justify-center gap-1"[39m
      [36m/>[39m

      Name "Add meal":
      [36m<button[39m
        [33maria-label[39m=[32m"Add meal"[39m
        [33mclass[39m=[32m"w-full px-2 py-1 text-sm text-gray-400 hover:text-gray-600 dark:hover:text-gray-300 hover:bg-gray-100 dark:hover:bg-gray-700 rounded"[39m
      [36m/>[39m

      Name "Add meal":
      [36m<button[39m
        [33maria-label[39m=[32m"Add meal"[39m
        [33mclass[39m=[32m"w-full px-2 py-1 text-sm text-gray-400 hover:text-gray-600 dark:hover:text-gray-300 hover:bg-gray-100 dark:hover:bg-gray-700 rounded"[39m
      [36m/>[39m

      Name "Add meal":
      [36m<button[39m
        [33maria-label[39m=[32m"Add meal"[39m
        [33mclass[39m=[32m"w-full px-2 py-1 text-sm text-gray-400 hover:text-gray-600 dark:hover:text-gray-300 hover:bg-gray-100 dark:hover:bg-gray-700 rounded"[39m
      [36m/>[39m

      Name "Add meal":
      [36m<button[39m
        [33maria-label[39m=[32m"Add meal"[39m
        [33mclass[39m=[32m"w-full px-2 py-1 text-sm text-gray-400 hover:text-gray-600 dark:hover:text-gray-300 hover:bg-gray-100 dark:hover:bg-gray-700 rounded"[39m
      [36m/>[39m

      Name "Add meal":
      [36m<button[39m
        [33maria-label[39m=[32m"Add meal"[39m
        [33mclass[39m=[32m"w-full px-2 py-1 text-sm text-gray-400 hover:text-gray-600 dark:hover:text-gray-300 hover:bg-gray-100 dark:hover:bg-gray-700 rounded"[39m
      [36m/>[39m

      Name "Add meal":
      [36m<button[39m
        [33maria-label[39m=[32m"Add meal"[39m
        [33mclass[39m=[32m"w-full px-2 py-1 text-sm text-gray-400 hover:text-gray-600 dark:hover:text-gray-300 hover:bg-gray-100 dark:hover:bg-gray-700 rounded"[39m
      [36m/>[39m

      Name "Add meal":
      [36m<button[39m
        [33maria-label[39m=[32m"Add meal"[39m
        [33mclass[39m=[32m"w-full px-2 py-1 text-sm text-gray-400 hover:text-gray-600 dark:hover:text-gray-300 hover:bg-gray-100 dark:hover:bg-gray-700 rounded"[39m
      [36m/>[39m

      Name "Add meal":
      [36m<button[39m
        [33maria-label[39m=[32m"Add meal"[39m
        [33mclass[39m=[32m"w-full px-2 py-1 text-sm text-gray-400 hover:text-gray-600 dark:hover:text-gray-300 hover:bg-gray-100 dark:hover:bg-gray-700 rounded"[39m
      [36m/>[39m

      Name "Add meal":
      [36m<button[39m
        [33maria-label[39m=[32m"Add meal"[39m
        [33mclass[39m=[32m"w-full px-2 py-1 text-sm text-gray-400 hover:text-gray-600 dark:hover:text-gray-300 hover:bg-gray-100 dark:hover:bg-gray-700 rounded"[39m
      [36m/>[39m

      Name "Add meal":
      [36m<button[39m
        [33maria-label[39m=[32m"Add meal"[39m
        [33mclass[39m=[32m"w-full px-2 py-1 text-sm text-gray-400 hover:text-gray-600 dark:hover:text-gray-300 hover:bg-gray-100 dark:hover:bg-gray-700 rounded"[39m
      [36m/>[39m

      Name "Add meal":
      [36m<button[39m
        [33maria-label[39m=[32m"Add meal"[39m
        [33mclass[39m=[32m"w-full px-2 py-1 text-sm text-gray-400 hover:text-gray-600 dark:hover:text-gray-300 hover:bg-gray-100 dark:hover:bg-gray-700 rounded"[39m
      [36m/>[39m

      Name "Add meal":
      [36m<button[39m
        [33maria-label[39m=[32m"Add meal"[39m
        [33mclass[39m=[32m"w-full px-2 py-1 text-sm text-gray-400 hover:text-gray-600 dark:hover:text-gray-300 hover:bg-gray-100 dark:hover:bg-gray-700 rounded"[39m
      [36m/>[39m

      Name "Add meal":
      [36m<button[39m
        [33maria-label[39m=[32m"Add meal"[39m
        [33mclass[39m=[32m"w-full px-2 py-1 text-sm text-gray-400 hover:text-gray-600 dark:hover:text-gray-300 hover:bg-gray-100 dark:hover:bg-gray-700 rounded"[39m
      [36m/>[39m

      Name "Add Dish":
      [36m<button[39m
        [33mclass[39m=[32m"w-full px-2 py-1 text-xs text-gray-600 dark:text-gray-400 hover:text-gray-900 dark:hover:text-gray-200 hover:bg-gray-100 dark:hover:bg-gray-700 rounded flex items-center justify-center gap-1"[39m
      [36m/>[39m

      Name "Add meal":
      [36m<button[39m
        [33maria-label[39m=[32m"Add meal"[39m
        [33mclass[39m=[32m"w-full px-2 py-1 text-sm text-gray-400 hover:text-gray-600 dark:hover:text-gray-300 hover:bg-gray-100 dark:hover:bg-gray-700 rounded"[39m
      [36m/>[39m

      Name "Add meal":
      [36m<button[39m
        [33maria-label[39m=[32m"Add meal"[39m
        [33mclass[39m=[32m"w-full px-2 py-1 text-sm text-gray-400 hover:text-gray-600 dark:hover:text-gray-300 hover:bg-gray-100 dark:hover:bg-gray-700 rounded"[39m
      [36m/>[39m

      Name "Add meal":
      [36m<button[39m
        [33maria-label[39m=[32m"Add meal"[39m
        [33mclass[39m=[32m"w-full px-2 py-1 text-sm text-gray-400 hover:text-gray-600 dark:hover:text-gray-300 hover:bg-gray-100 dark:hover:bg-gray-700 rounded"[39m
      [36m/>[39m

      Name "Add meal":
      [36m<button[39m
        [33maria-label[39m=[32m"Add meal"[39m
        [33mclass[39m=[32m"w-full px-2 py-1 text-sm text-gray-400 hover:text-gray-600 dark:hover:text-gray-300 hover:bg-gray-100 dark:hover:bg-gray-700 rounded"[39m
      [36m/>[39m

      Name "Add meal":
      [36m<button[39m
        [33maria-label[39m=[32m"Add meal"[39m
        [33mclass[39m=[32m"w-full px-2 py-1 text-sm text-gray-400 hover:text-gray-600 dark:hover:text-gray-300 hover:bg-gray-100 dark:hover:bg-gray-700 rounded"[39m
      [36m/>[39m

      Name "Add meal":
      [36m<button[39m
        [33maria-label[39m=[32m"Add meal"[39m
        [33mclass[39m=[32m"w-full px-2 py-1 text-sm text-gray-400 hover:text-gray-600 dark:hover:text-gray-300 hover:bg-gray-100 dark:hover:bg-gray-700 rounded"[39m
      [36m/>[39m

      Name "Add meal":
      [36m<button[39m
        [33maria-label[39m=[32m"Add meal"[39m
        [33mclass[39m=[32m"w-full px-2 py-1 text-sm text-gray-400 hover:text-gray-600 dark:hover:text-gray-300 hover:bg-gray-100 dark:hover:bg-gray-700 rounded"[39m
      [36m/>[39m

      Name "Add meal":
      [36m<button[39m
        [33maria-label[39m=[32m"Add meal"[39m
        [33mclass[39m=[32m"w-full px-2 py-1 text-sm text-gray-400 hover:text-gray-600 dark:hover:text-gray-300 hover:bg-gray-100 dark:hover:bg-gray-700 rounded"[39m
      [36m/>[39m

      Name "Add meal":
      [36m<button[39m
        [33maria-label[39m=[32m"Add meal"[39m
        [33mclass[39m=[32m"w-full px-2 py-1 text-sm text-gray-400 hover:text-gray-600 dark:hover:text-gray-300 hover:bg-gray-100 dark:hover:bg-gray-700 rounded"[39m
      [36m/>[39m

      Name "Add meal":
      [36m<button[39m
        [33maria-label[39m=[32m"Add meal"[39m
        [33mclass[39m=[32m"w-full px-2 py-1 text-sm text-gray-400 hover:text-gray-600 dark:hover:text-gray-300 hover:bg-gray-100 dark:hover:bg-gray-700 rounded"[39m
      [36m/>[39m

      Name "Add meal":
      [36m<button[39m
        [33maria-label[39m=[32m"Add meal"[39m
        [33mclass[39m=[32m"w-full px-2 py-1 text-sm text-gray-400 hover:text-gray-600 dark:hover:text-gray-300 hover:bg-gray-100 dark:hover:bg-gray-700 rounded"[39m
      [36m/>[39m

      Name "Add meal":
      [36m<button[39m
        [33maria-label[39m=[32m"Add meal"[39m
        [33mclass[39m=[32m"w-full px-2 py-1 text-sm text-gray-400 hover:text-gray-600 dark:hover:text-gray-300 hover:bg-gray-100 dark:hover:bg-gray-700 rounded"[39m
      [36m/>[39m

      Name "Add meal":
      [36m<button[39m
        [33maria-label[39m=[32m"Add meal"[39m
        [33mclass[39m=[32m"w-full px-2 py-1 text-sm text-gray-400 hover:text-gray-600 dark:hover:text-gray-300 hover:bg-gray-100 dark:hover:bg-gray-700 rounded"[39m
      [36m/>[39m

      --------------------------------------------------
      heading:

      Name "Week of 1/5/2026":
      [36m<h2[39m
        [33mclass[39m=[32m"text-xl font-semibold text-gray-900 dark:text-gray-100"[39m
      [36m/>[39m

      --------------------------------------------------
      table:

      Name "":
      [36m<table[39m
        [33mclass[39m=[32m"w-full border-collapse bg-white dark:bg-gray-800 rounded-lg shadow"[39m
      [36m/>[39m

      --------------------------------------------------
      rowgroup:

      Name "":
      [36m<thead />[39m

      Name "":
      [36m<tbody />[39m

      --------------------------------------------------
      row:

      Name "Meal Mon 5 Tue 6 Wed 7 Thu 8 Fri 9 Sat 10 Sun 11":
      [36m<tr[39m
        [33mclass[39m=[32m"border-b border-gray-200 dark:border-gray-700"[39m
      [36m/>[39m

      Name "Breakfast Pancakes Add Dish Note: With maple syrup + Add + Add + Add + Add + Add + Add":
      [36m<tr[39m
        [33mclass[39m=[32m"border-b border-gray-200 dark:border-gray-700"[39m
      [36m/>[39m

      Name "Lunch + Add + Add + Add + Add + Add + Add + Add":
      [36m<tr[39m
        [33mclass[39m=[32m"border-b border-gray-200 dark:border-gray-700"[39m
      [36m/>[39m

      Name "Dinner Spaghetti Add Dish + Add + Add + Add + Add + Add + Add":
      [36m<tr[39m
        [33mclass[39m=[32m"border-b border-gray-200 dark:border-gray-700"[39m
      [36m/>[39m

      Name "Snack + Add + Add + Add + Add + Add + Add + Add":
      [36m<tr[39m
        [33mclass[39m=[32m"border-b border-gray-200 dark:border-gray-700"[39m
      [36m/>[39m

      --------------------------------------------------
      columnheader:

      Name "Meal":
      [36m<th[39m
        [33mclass[39m=[32m"p-3 text-left text-sm font-medium text-gray-900 dark:text-gray-100"[39m
      [36m/>[39m

      Name "Mon 5":
      [36m<th[39m
        [33mclass[39m=[32m"p-3 text-center text-sm font-medium text-gray-900 dark:text-gray-100"[39m
      [36m/>[39m

      Name "Tue 6":
      [36m<th[39m
        [33mclass[39m=[32m"p-3 text-center text-sm font-medium text-gray-900 dark:text-gray-100"[39m
      [36m/>[39m

      Name "Wed 7":
      [36m<th[39m
        [33mclass[39m=[32m"p-3 text-center text-sm font-medium text-gray-900 dark:text-gray-100"[39m
      [36m/>[39m

      Name "Thu 8":
      [36m<th[39m
        [33mclass[39m=[32m"p-3 text-center text-sm font-medium text-gray-900 dark:text-gray-100"[39m
      [36m/>[39m

      Name "Fri 9":
      [36m<th[39m
        [33mclass[39m=[32m"p-3 text-center text-sm font-medium text-gray-900 dark:text-gray-100"[39m
      [36m/>[39m

      Name "Sat 10":
      [36m<th[39m
        [33mclass[39m=[32m"p-3 text-center text-sm font-medium text-gray-900 dark:text-gray-100"[39m
      [36m/>[39m

      Name "Sun 11":
      [36m<th[39m
        [33mclass[39m=[32m"p-3 text-center text-sm font-medium text-gray-900 dark:text-gray-100"[39m
      [36m/>[39m

      --------------------------------------------------
      cell:

      Name "Breakfast":
      [36m<td[39m
        [33mclass[39m=[32m"p-3 text-sm font-medium text-gray-900 dark:text-gray-100"[39m
      [36m/>[39m

      Name "Pancakes Add Dish Note: With maple syrup":
      [36m<td[39m
        [33mclass[39m=[32m"p-2 align-top border-l border-gray-200 dark:border-gray-700"[39m
      [36m/>[39m

      Name "+ Add":
      [36m<td[39m
        [33mclass[39m=[32m"p-2 align-top border-l border-gray-200 dark:border-gray-700"[39m
      [36m/>[39m

      Name "+ Add":
      [36m<td[39m
        [33mclass[39m=[32m"p-2 align-top border-l border-gray-200 dark:border-gray-700"[39m
      [36m/>[39m

      Name "+ Add":
      [36m<td[39m
        [33mclass[39m=[32m"p-2 align-top border-l border-gray-200 dark:border-gray-700"[39m
      [36m/>[39m

      Name "+ Add":
      [36m<td[39m
        [33mclass[39m=[32m"p-2 align-top border-l border-gray-200 dark:border-gray-700"[39m
      [36m/>[39m

      Name "+ Add":
      [36m<td[39m
        [33mclass[39m=[32m"p-2 align-top border-l border-gray-200 dark:border-gray-700"[39m
      [36m/>[39m

      Name "+ Add":
      [36m<td[39m
        [33mclass[39m=[32m"p-2 align-top border-l border-gray-200 dark:border-gray-700"[39m
      [36m/>[39m

      Name "Lunch":
      [36m<td[39m
        [33mclass[39m=[32m"p-3 text-sm font-medium text-gray-900 dark:text-gray-100"[39m
      [36m/>[39m

      Name "+ Add":
      [36m<td[39m
        [33mclass[39m=[32m"p-2 align-top border-l border-gray-200 dark:border-gray-700"[39m
      [36m/>[39m

      Name "+ Add":
      [36m<td[39m
        [33mclass[39m=[32m"p-2 align-top border-l border-gray-200 dark:border-gray-700"[39m
      [36m/>[39m

      Name "+ Add":
      [36m<td[39m
        [33mclass[39m=[32m"p-2 align-top border-l border-gray-200 dark:border-gray-700"[39m
      [36m/>[39m

      Name "+ Add":
      [36m<td[39m
        [33mclass[39m=[32m"p-2 align-top border-l border-gray-200 dark:border-gray-700"[39m
      [36m/>[39m

      Name "+ Add":
      [36m<td[39m
        [33mclass[39m=[32m"p-2 align-top border-l border-gray-200 dark:border-gray-700"[39m
      [36m/>[39m

      Name "+ Add":
      [36m<td[39m
        [33mclass[39m=[32m"p-2 align-top border-l border-gray-200 dark:border-gray-700"[39m
      [36m/>[39m

      Name "+ Add":
      [36m<td[39m
        [33mclass[39m=[32m"p-2 align-top border-l border-gray-200 dark:border-gray-700"[39m
      [36m/>[39m

      Name "Dinner":
      [36m<td[39m
        [33mclass[39m=[32m"p-3 text-sm font-medium text-gray-900 dark:text-gray-100"[39m
      [36m/>[39m

      Name "Spaghetti Add Dish":
      [36m<td[39m
        [33mclass[39m=[32m"p-2 align-top border-l border-gray-200 dark:border-gray-700"[39m
      [36m/>[39m

      Name "+ Add":
      [36m<td[39m
        [33mclass[39m=[32m"p-2 align-top border-l border-gray-200 dark:border-gray-700"[39m
      [36m/>[39m

      Name "+ Add":
      [36m<td[39m
        [33mclass[39m=[32m"p-2 align-top border-l border-gray-200 dark:border-gray-700"[39m
      [36m/>[39m

      Name "+ Add":
      [36m<td[39m
        [33mclass[39m=[32m"p-2 align-top border-l border-gray-200 dark:border-gray-700"[39m
      [36m/>[39m

      Name "+ Add":
      [36m<td[39m
        [33mclass[39m=[32m"p-2 align-top border-l border-gray-200 dark:border-gray-700"[39m
      [36m/>[39m

      Name "+ Add":
      [36m<td[39m
        [33mclass[39m=[32m"p-2 align-top border-l border-gray-200 dark:border-gray-700"[39m
      [36m/>[39m

      Name "+ Add":
      [36m<td[39m
        [33mclass[39m=[32m"p-2 align-top border-l border-gray-200 dark:border-gray-700"[39m
      [36m/>[39m

      Name "Snack":
      [36m<td[39m
        [33mclass[39m=[32m"p-3 text-sm font-medium text-gray-900 dark:text-gray-100"[39m
      [36m/>[39m

      Name "+ Add":
      [36m<td[39m
        [33mclass[39m=[32m"p-2 align-top border-l border-gray-200 dark:border-gray-700"[39m
      [36m/>[39m

      Name "+ Add":
      [36m<td[39m
        [33mclass[39m=[32m"p-2 align-top border-l border-gray-200 dark:border-gray-700"[39m
      [36m/>[39m

      Name "+ Add":
      [36m<td[39m
        [33mclass[39m=[32m"p-2 align-top border-l border-gray-200 dark:border-gray-700"[39m
      [36m/>[39m

      Name "+ Add":
      [36m<td[39m
        [33mclass[39m=[32m"p-2 align-top border-l border-gray-200 dark:border-gray-700"[39m
      [36m/>[39m

      Name "+ Add":
      [36m<td[39m
        [33mclass[39m=[32m"p-2 align-top border-l border-gray-200 dark:border-gray-700"[39m
      [36m/>[39m

      Name "+ Add":
      [36m<td[39m
        [33mclass[39m=[32m"p-2 align-top border-l border-gray-200 dark:border-gray-700"[39m
      [36m/>[39m

      Name "+ Add":
      [36m<td[39m
        [33mclass[39m=[32m"p-2 align-top border-l border-gray-200 dark:border-gray-700"[39m
      [36m/>[39m

      --------------------------------------------------

    Ignored nodes: comments, script, style
    [36m<body>[39m
      [36m<div>[39m
        [36m<div[39m
          [33mclass[39m=[32m"space-y-6"[39m
        [36m>[39m
          [36m<div[39m
            [33mclass[39m=[32m"flex items-center justify-between"[39m
          [36m>[39m
            [36m<button[39m
              [33maria-label[39m=[32m"Previous week"[39m
              [33mclass[39m=[32m"px-4 py-2 text-sm font-medium text-gray-700 dark:text-gray-300 bg-white dark:bg-gray-800 border border-gray-300 dark:border-gray-600 rounded-lg hover:bg-gray-50 dark:hover:bg-gray-700"[39m
            [36m>[39m
              [0m← Previous[0m
            [36m</button>[39m
            [36m<h2[39m
              [33mclass[39m=[32m"text-xl font-semibold text-gray-900 dark:text-gray-100"[39m
            [36m>[39m
              [0mWeek of [0m
              [0m1/5/2026[0m
            [36m</h2>[39m
            [36m<button[39m
              [33maria-label[39m=[32m"Next week"[39m
              [33mclass[39m=[32m"px-4 py-2 text-sm font-medium text-gray-700 dark:text-gray-300 bg-white dark:bg-gray-800 border border-gray-300 dark:border-gray-600 rounded-lg hover:bg-gray-50 dark:hover:bg-gray-700"[39m
            [36m>[39m
              [0mNext →[0m
            [36m</button>[39m
          [36m</div>[39m
          [36m<div[39m
            [33mclass[39m=[32m"overflow-x-auto"[39m
          [36m>[39m
            [36m<table[39m
              [33mclass[39m=[32m"w-full border-collapse bg-white dark:bg-gray-800 rounded-lg shadow"[39m
            [36m>[39m
              [36m<thead>[39m
                [36m<tr[39m
                  [33mclass[39m=[32m"border-b border-gray-200 dark:border-gray-700"[39m
                [36m>[39m
                  [36m<th[39m
                    [33mclass[39m=[32m"p-3 text-left text-sm font-medium text-gray-900 dark:text-gray-100"[39m
                  [36m>[39m
                    [0mMeal[0m
                  [36m</th>[39m
                  [36m<th[39m
                    [33mclass[39m=[32m"p-3 text-center text-sm font-medium text-gray-900 dark:text-gray-100"[39m
                  [36m>[39m
                    [36m<div>[39m
                      [0mMon[0m
                    [36m</div>[39m
                    [36m<div[39m
                      [33mclass[39m=[32m"text-xs text-gray-500 dark:text-gray-400"[39m
                    [36m>[39m
                      [0m5[0m
                    [36m</div>[39m
                  [36m</th>[39m
                  [36m<th[39m
                    [33mclass[39m=[32m"p-3 text-center text-sm font-medium text-gray-900 dark:text-gray-100"[39m
                  [36m>[39m
                    [36m<div>[39m
                      [0mTue[0m
                    [36m</div>[39m
                    [36m<div[39m
                      [33mclass[39m=[32m"text-xs text-gray-500 dark:text-gray-400"[39m
                    [36m>[39m
                      [0m6[0m
                    [36m</div>[39m
                  [36m</th>[39m
                  [36m<th[39m
                    [33mclass[39m=[32m"p-3 text-center text-sm font-medium text-gray-900 dark:text-gray-100"[39m
                  [36m>[39m
                    [36m<div>[39m
                      [0mWed[0m
                    [36m</div>[39m
                    [36m<div[39m
                      [33mclass[39m=[32m"text-xs text-gray-500 dark:text-gray-400"[39m
                    [36m>[39m
                      [0m7[0m
                    [36m</div>[39m
                  [36m</th>[39m
                  [36m<th[39m
                    [33mclass[39m=[32m"p-3 text-center text-sm font-medium text-gray-900 dark:text-gray-100"[39m
                  [36m>[39m
                    [36m<div>[39m
                      [0mThu[0m
                    [36m</div>[39m
                    [36m<div[39m
                      [33mclass[39m=[32m"text-xs text-gray-500 dark:text-gray-400"[39m
                    [36m>[39m
                      [0m8[0m
                    [36m</div>[39m
                  [36m</th>[39m
                  [36m<th[39m
                    [33mclass[39m=[32m"p-3 text-center text-sm font-medium text-gray-900 dark:text-gray-100"[39m
                  [36m>[39m
                    [36m<div>[39m
                      [0mFri[0m
                    [36m</div>[39m
                    [36m<div[39m
                      [33mclass[39m=[32m"text-xs text-gray-500 dark:text-gray-400"[39m
                    [36m>[39m
                      [0m9[0m
                    [36m</div>[39m
                  [36m</th>[39m
                  [36m<th[39m
                    [33mclass[39m=[32m"p-3 text-center text-sm font-medium text-gray-900 dark:text-gray-100"[39m
                  [36m>[39m
                    [36m<div>[39m
                      [0mSat[0m
                    [36m</div>[39m
                    [36m<div[39m
                      [33mclass[39m=[32m"text-xs text-gray-500 dark:text-gray-400"[39m
                    [36m>[39m
                      [0m10[0m
                    [36m</div>[39m
                  [36m</th>[39m
                  [36m<th[39m
                    [33mclass[39m=[32m"p-3 text-center text-sm font-medium text-gray-900 dark:text-gray-100"[39m
                  [36m>[39m
                    [36m<div>[39m
                      [0mSun[0m
                    [36m</div>[39m
                    [36m<div[39m
                      [33mclass[39m=[32m"text-xs text-gray-500 dark:text-gray-400"[39m
                    [36m>[39m
                      [0m11[0m
                    [36m</div>[39m
                  [36m</th>[39m
                [36m</tr>[39m
              [36m</thead>[39m
              [36m<tbody>[39m
                [36m<tr[39m
                  [33mclass[39m=[32m"border-b border-gray-200 dark:border-gray-700"[39m
                [36m>[39m
                  [36m<td[39m
                    [33mclass[39m=[32m"p-3 text-sm font-medium text-gray-900 dark:text-gray-100"[39m
                  [36m>[39m
                    [0mBreakfast[0m
                  [36m</td>[39m
                  [36m<td[39m
                    [33mclass[39m=[32m"p-2 align-top border-l border-gray-200 dark:border-gray-700"[39m
                  [36m>[39m
                    [36m<div[39m
                      [33mclass[39m=[32m"space-y-2"[39m
                    [36m>[39m
                      [36m<div[39m
                        [33mclass[39m=[32m"p-2 rounded bg-info/10 dark:bg-info/20 text-sm text-gray-900 dark:text-gray-100"[39m
                      [36m>[39m
                        [0mPancakes[0m
                      [36m</div>[39m
                      [36m<button[39m
                        [33mclass[39m=[32m"w-full px-2 py-1 text-xs text-gray-600 dark:text-gray-400 hover:text-gray-900 dark:hover:text-gray-200 hover:bg-gray-100 dark:hover:bg-gray-700 rounded flex items-center justify-center gap-1"[39m
                      [36m>[39m
                        [36m<svg[39m
                          [33maria-hidden[39m=[32m"true"[39m
                          [33mclass[39m=[32m"h-3 w-3"[39m
                          [33mdata-slot[39m=[32m"icon"[39m
                          [33mfill[39m=[32m"none"[39m
                          [33mstroke[39m=[32m"currentColor"[39m
                          [33mstroke-width[39m=...

      349 |     await user.click(pancakesEntry);
      350 |
    > 351 |     const deleteButton = screen.getByRole('button', { name: /delete/i });
          |                                 ^
      352 |     await user.click(deleteButton);
      353 |
      354 |     // Confirm deletion

      at Object.getElementError (node_modules/@testing-library/dom/dist/config.js:37:19)
      at node_modules/@testing-library/dom/dist/query-helpers.js:76:38
      at node_modules/@testing-library/dom/dist/query-helpers.js:52:17
      at node_modules/@testing-library/dom/dist/query-helpers.js:95:19
      at Object.getByRole (tests/components/meals/MealPlanner.test.tsx:351:33)

  ● MealPlanner Component › should handle API errors gracefully

    Unable to find an element with the text: /failed to load meal plan/i. This could be because the text is broken up by multiple elements. In this case, you can provide a function for your text matcher to make your matcher more flexible.

    Ignored nodes: comments, script, style
    [36m<body>[39m
      [36m<div>[39m
        [36m<div[39m
          [33mclass[39m=[32m"flex items-center justify-center min-h-[400px]"[39m
        [36m>[39m
          [36m<div[39m
            [33mclass[39m=[32m"text-red-600 dark:text-red-400"[39m
          [36m>[39m
            [0mCannot read properties of undefined (reading 'ok')[0m
          [36m</div>[39m
        [36m</div>[39m
      [36m</div>[39m
    [36m</body>[39m

      406 |     render(<MealPlanner />);
      407 |
    > 408 |     await waitFor(() => {
          |                  ^
      409 |       expect(screen.getByText(/failed to load meal plan/i)).toBeInTheDocument();
      410 |     });
      411 |   });

      at waitForWrapper (node_modules/@testing-library/dom/dist/wait-for.js:163:27)
      at Object.<anonymous> (tests/components/meals/MealPlanner.test.tsx:408:18)

FAIL tests/integration/api/meals/leftovers/[id]/route.test.ts (5.186 s)
  ● PATCH /api/meals/leftovers/[id] › should mark leftover as used

    expect(jest.fn()).toHaveBeenCalledWith(...expected)

    - Expected
    + Received

      Object {
        "data": Object {
    -     "usedAt": 2026-01-01T12:00:00.000Z,
    +     "usedAt": "2026-01-01T12:00:00.000Z",
        },
        "where": Object {
          "id": "leftover-123",
        },
      },

    Number of calls: 1

      163 |     expect(data.leftover.usedAt).toBeTruthy();
      164 |
    > 165 |     expect(dbMock.leftover.update).toHaveBeenCalledWith({
          |                                    ^
      166 |       where: { id: 'leftover-123' },
      167 |       data: { usedAt: now },
      168 |     });

      at Object.toHaveBeenCalledWith (tests/integration/api/meals/leftovers/[id]/route.test.ts:165:36)

  ● PATCH /api/meals/leftovers/[id] › should mark leftover as tossed

    expect(jest.fn()).toHaveBeenCalledWith(...expected)

    - Expected
    + Received

      Object {
        "data": Object {
    -     "tossedAt": 2026-01-01T12:00:00.000Z,
    +     "tossedAt": "2026-01-01T12:00:00.000Z",
        },
        "where": Object {
          "id": "leftover-123",
        },
      },

    Number of calls: 1

      207 |     expect(data.leftover.tossedAt).toBeTruthy();
      208 |
    > 209 |     expect(dbMock.leftover.update).toHaveBeenCalledWith({
          |                                    ^
      210 |       where: { id: 'leftover-123' },
      211 |       data: { tossedAt: now },
      212 |     });

      at Object.toHaveBeenCalledWith (tests/integration/api/meals/leftovers/[id]/route.test.ts:209:36)

  ● PATCH /api/meals/leftovers/[id] › should create audit log for marking as used

    expect(jest.fn()).toHaveBeenCalledWith(...expected)

    Expected: ObjectContaining {"data": ObjectContaining {"action": "LEFTOVER_MARKED_USED", "familyId": "family-test-123", "memberId": "parent-test-123"}}

    Number of calls: 0

      236 |     await PATCH(request, { params: Promise.resolve({ id: 'leftover-123' }) });
      237 |
    > 238 |     expect(dbMock.auditLog.create).toHaveBeenCalledWith(
          |                                    ^
      239 |       expect.objectContaining({
      240 |         data: expect.objectContaining({
      241 |           action: 'LEFTOVER_MARKED_USED',

      at Object.toHaveBeenCalledWith (tests/integration/api/meals/leftovers/[id]/route.test.ts:238:36)

  ● PATCH /api/meals/leftovers/[id] › should create audit log for marking as tossed

    expect(jest.fn()).toHaveBeenCalledWith(...expected)

    Expected: ObjectContaining {"data": ObjectContaining {"action": "LEFTOVER_MARKED_TOSSED"}}

    Number of calls: 0

      268 |     await PATCH(request, { params: Promise.resolve({ id: 'leftover-123' }) });
      269 |
    > 270 |     expect(dbMock.auditLog.create).toHaveBeenCalledWith(
          |                                    ^
      271 |       expect.objectContaining({
      272 |         data: expect.objectContaining({
      273 |           action: 'LEFTOVER_MARKED_TOSSED',

      at Object.toHaveBeenCalledWith (tests/integration/api/meals/leftovers/[id]/route.test.ts:270:36)


  ● Test suite failed to run

    thrown: "Exceeded timeout of 5000 ms for a hook.
    Add a timeout value to this test to increase the timeout, if this is a long-running test. See https://jestjs.io/docs/api#testname-fn-timeout."

      146 |
      147 | // Cleanup after all tests
    > 148 | afterAll(async () => {
          | ^
      149 |   // Clean up rate limiters if they exist (they have setInterval that keeps process alive)
      150 |   try {
      151 |     const rateLimitModule = require('@/lib/rate-limit')

      at Object.afterAll (jest.setup.js:148:1)

FAIL tests/integration/api/meals/recipes/route.test.ts (5.119 s)
  ● /api/meals/recipes › GET /api/meals/recipes › should return all recipes for family

    expect(received).toBe(expected) // Object.is equality

    Expected: 200
    Received: 500

      76 |       const response = await GET(request);
      77 |
    > 78 |       expect(response.status).toBe(200);
         |                               ^
      79 |       const data = await response.json();
      80 |       expect(data.recipes).toHaveLength(1);
      81 |       expect(data.recipes[0].name).toBe('Spaghetti Carbonara');

      at Object.toBe (tests/integration/api/meals/recipes/route.test.ts:78:31)

  ● /api/meals/recipes › GET /api/meals/recipes › should filter by category

    expect(received).toBe(expected) // Object.is equality

    Expected: 200
    Received: 500

      114 |       const response = await GET(request);
      115 |
    > 116 |       expect(response.status).toBe(200);
          |                               ^
      117 |       expect(dbMock.recipe.findMany).toHaveBeenCalledWith({
      118 |         where: {
      119 |           familyId: 'family-test-123',

      at Object.toBe (tests/integration/api/meals/recipes/route.test.ts:116:31)

  ● /api/meals/recipes › GET /api/meals/recipes › should filter by isFavorite

    expect(received).toBe(expected) // Object.is equality

    Expected: 200
    Received: 500

      131 |       const response = await GET(request);
      132 |
    > 133 |       expect(response.status).toBe(200);
          |                               ^
      134 |       expect(dbMock.recipe.findMany).toHaveBeenCalledWith({
      135 |         where: {
      136 |           familyId: 'family-test-123',

      at Object.toBe (tests/integration/api/meals/recipes/route.test.ts:133:31)

  ● /api/meals/recipes › GET /api/meals/recipes › should search by name

    expect(received).toBe(expected) // Object.is equality

    Expected: 200
    Received: 500

      148 |       const response = await GET(request);
      149 |
    > 150 |       expect(response.status).toBe(200);
          |                               ^
      151 |       expect(dbMock.recipe.findMany).toHaveBeenCalledWith({
      152 |         where: {
      153 |           familyId: 'family-test-123',

      at Object.toBe (tests/integration/api/meals/recipes/route.test.ts:150:31)

  ● /api/meals/recipes › GET /api/meals/recipes › should combine multiple filters

    expect(received).toBe(expected) // Object.is equality

    Expected: 200
    Received: 500

      170 |       const response = await GET(request);
      171 |
    > 172 |       expect(response.status).toBe(200);
          |                               ^
      173 |       expect(dbMock.recipe.findMany).toHaveBeenCalledWith({
      174 |         where: {
      175 |           familyId: 'family-test-123',

      at Object.toBe (tests/integration/api/meals/recipes/route.test.ts:172:31)

  ● /api/meals/recipes › POST /api/meals/recipes › should create recipe with minimal data

    expect(jest.fn()).toHaveBeenCalledWith(...expected)

    - Expected
    + Received

    @@ -6,30 +6,14 @@
          "description": null,
          "dietaryTags": Array [],
          "difficulty": "MEDIUM",
          "familyId": "family-test-123",
          "imageUrl": null,
    -     "ingredients": Object {
    -       "create": Array [],
    -     },
          "instructions": "[]",
          "isFavorite": false,
          "name": "Simple Pasta",
          "notes": null,
          "prepTimeMinutes": null,
          "servings": 4,
          "sourceUrl": null,
    -   },
    -   "include": Object {
    -     "creator": Object {
    -       "select": Object {
    -         "id": true,
    -         "name": true,
    -       },
    -     },
    -     "ingredients": Object {
    -       "orderBy": Object {
    -         "sortOrder": "asc",
    -       },
    -     },
        },
      },

    Number of calls: 1

      264 |       expect(data.message).toBe('Recipe created successfully');
      265 |
    > 266 |       expect(dbMock.recipe.create).toHaveBeenCalledWith({
          |                                    ^
      267 |         data: {
      268 |           familyId: 'family-test-123',
      269 |           name: 'Simple Pasta',

      at Object.toHaveBeenCalledWith (tests/integration/api/meals/recipes/route.test.ts:266:36)

  ● /api/meals/recipes › POST /api/meals/recipes › should create recipe with full data and ingredients

    expect(jest.fn()).toHaveBeenCalledWith(...expected)

    - Expected
    + Received

    @@ -8,38 +8,14 @@
            "VEGETARIAN",
          ],
          "difficulty": "HARD",
          "familyId": "family-test-123",
          "imageUrl": "https://example.com/image.jpg",
    -     "ingredients": Object {
    -       "create": Array [
    -         Object {
    -           "name": "Pasta",
    -           "notes": "spaghetti",
    -           "quantity": 1,
    -           "sortOrder": 0,
    -           "unit": "lb",
    -         },
    -       ],
    -     },
          "instructions": "[\"Step 1\",\"Step 2\"]",
    -     "isFavorite": true,
    +     "isFavorite": false,
          "name": "Spaghetti Carbonara",
          "notes": "Use fresh eggs",
          "prepTimeMinutes": 10,
          "servings": 6,
          "sourceUrl": "https://example.com/recipe",
    -   },
    -   "include": Object {
    -     "creator": Object {
    -       "select": Object {
    -         "id": true,
    -         "name": true,
    -       },
    -     },
    -     "ingredients": Object {
    -       "orderBy": Object {
    -         "sortOrder": "asc",
    -       },
    -     },
        },
      },

    Number of calls: 1

      389 |       expect(data.recipe.ingredients).toHaveLength(1);
      390 |
    > 391 |       expect(dbMock.recipe.create).toHaveBeenCalledWith({
          |                                    ^
      392 |         data: {
      393 |           familyId: 'family-test-123',
      394 |           name: 'Spaghetti Carbonara',

      at Object.toHaveBeenCalledWith (tests/integration/api/meals/recipes/route.test.ts:391:36)

  ● /api/meals/recipes › POST /api/meals/recipes › should auto-assign sortOrder to ingredients

    expect(jest.fn()).toHaveBeenCalledWith(...expected)

    Expected: ObjectContaining {"data": ObjectContaining {"ingredients": {"create": [ObjectContaining {"name": "Ingredient 1", "sortOrder": 0}, ObjectContaining {"name": "Ingredient 2", "sortOrder": 1}, ObjectContaining {"name": "Ingredient 3", "sortOrder": 2}]}}}
    Received: {"data": {"category": null, "cookTimeMinutes": null, "createdBy": "parent-test-123", "description": null, "dietaryTags": [], "difficulty": "MEDIUM", "familyId": "family-test-123", "imageUrl": null, "instructions": "[]", "isFavorite": false, "name": "Test Recipe", "notes": null, "prepTimeMinutes": null, "servings": 4, "sourceUrl": null}}

    Number of calls: 1

      460 |       await POST(request);
      461 |
    > 462 |       expect(dbMock.recipe.create).toHaveBeenCalledWith(
          |                                    ^
      463 |         expect.objectContaining({
      464 |           data: expect.objectContaining({
      465 |             ingredients: {

      at Object.toHaveBeenCalledWith (tests/integration/api/meals/recipes/route.test.ts:462:36)


  ● Test suite failed to run

    thrown: "Exceeded timeout of 5000 ms for a hook.
    Add a timeout value to this test to increase the timeout, if this is a long-running test. See https://jestjs.io/docs/api#testname-fn-timeout."

      146 |
      147 | // Cleanup after all tests
    > 148 | afterAll(async () => {
          | ^
      149 |   // Clean up rate limiters if they exist (they have setInterval that keeps process alive)
      150 |   try {
      151 |     const rateLimitModule = require('@/lib/rate-limit')

      at Object.afterAll (jest.setup.js:148:1)

FAIL tests/integration/api/maintenance/upcoming/route.test.ts (5.139 s)
  ● /api/maintenance/upcoming › should return 401 if not authenticated

    expect(received).toBe(expected) // Object.is equality

    Expected: 401
    Received: 500

      23 |     const response = await GET(request);
      24 |
    > 25 |     expect(response.status).toBe(401);
         |                             ^
      26 |   });
      27 |
      28 |   it('should return upcoming and overdue items within 30 days by default', async () => {

      at Object.toBe (tests/integration/api/maintenance/upcoming/route.test.ts:25:29)

  ● /api/maintenance/upcoming › should return upcoming and overdue items within 30 days by default

    expect(jest.fn()).toHaveBeenCalledWith(...expected)

    - Expected
    + Received

    @@ -3,10 +3,9 @@
          "nextDueAt": "asc",
        },
        "where": Object {
          "familyId": "family-test-123",
          "nextDueAt": Object {
    -       "lte": 2026-01-31T12:00:00.000Z,
    -       "not": null,
    +       "lte": "2026-01-31T12:00:00.000Z",
          },
        },
      },

    Number of calls: 1

      61 |     thirtyDaysFromNow.setDate(thirtyDaysFromNow.getDate() + 30);
      62 |
    > 63 |     expect(dbMock.maintenanceItem.findMany).toHaveBeenCalledWith({
         |                                             ^
      64 |       where: {
      65 |         familyId: 'family-test-123',
      66 |         nextDueAt: {

      at Object.toHaveBeenCalledWith (tests/integration/api/maintenance/upcoming/route.test.ts:63:45)

  ● /api/maintenance/upcoming › should return items within custom days parameter

    expect(jest.fn()).toHaveBeenCalledWith(...expected)

    - Expected
    + Received

    @@ -3,10 +3,9 @@
          "nextDueAt": "asc",
        },
        "where": Object {
          "familyId": "family-test-123",
          "nextDueAt": Object {
    -       "lte": 2026-01-08T12:00:00.000Z,
    -       "not": null,
    +       "lte": "2026-01-08T12:00:00.000Z",
          },
        },
      },

    Number of calls: 1

      105 |     sevenDaysFromNow.setDate(sevenDaysFromNow.getDate() + 7);
      106 |
    > 107 |     expect(dbMock.maintenanceItem.findMany).toHaveBeenCalledWith({
          |                                             ^
      108 |       where: {
      109 |         familyId: 'family-test-123',
      110 |         nextDueAt: {

      at Object.toHaveBeenCalledWith (tests/integration/api/maintenance/upcoming/route.test.ts:107:45)

  ● /api/maintenance/upcoming › should handle database errors gracefully

    expect(received).toBe(expected) // Object.is equality

    Expected: "Failed to fetch upcoming maintenance items"
    Received: "Failed to fetch upcoming maintenance"

      162 |     expect(response.status).toBe(500);
      163 |     const data = await response.json();
    > 164 |     expect(data.error).toBe('Failed to fetch upcoming maintenance items');
          |                        ^
      165 |   });
      166 |
      167 |   it('should handle invalid days parameter', async () => {

      at Object.toBe (tests/integration/api/maintenance/upcoming/route.test.ts:164:24)


  ● Test suite failed to run

    thrown: "Exceeded timeout of 5000 ms for a hook.
    Add a timeout value to this test to increase the timeout, if this is a long-running test. See https://jestjs.io/docs/api#testname-fn-timeout."

      146 |
      147 | // Cleanup after all tests
    > 148 | afterAll(async () => {
          | ^
      149 |   // Clean up rate limiters if they exist (they have setInterval that keeps process alive)
      150 |   try {
      151 |     const rateLimitModule = require('@/lib/rate-limit')

      at Object.afterAll (jest.setup.js:148:1)

FAIL tests/integration/api/maintenance/[id]/route.test.ts (5.112 s)
  ● /api/maintenance/[id] › GET /api/maintenance/[id] › should return maintenance item with completions

    TypeError: expect(received).toHaveLength(expected)

    Matcher error: received value must have a length property whose value must be a number

    Received has value: undefined

       97 |       expect(data.item.id).toBe('item-1');
       98 |       expect(data.item.name).toBe('HVAC Filter Replacement');
    >  99 |       expect(data.item.completions).toHaveLength(1);
          |                                     ^
      100 |
      101 |       expect(dbMock.maintenanceItem.findUnique).toHaveBeenCalledWith({
      102 |         where: { id: 'item-1' },

      at Object.toHaveLength (tests/integration/api/maintenance/[id]/route.test.ts:99:37)

  ● /api/maintenance/[id] › PATCH /api/maintenance/[id] › should return 403 if user is not a parent

    expect(received).toBe(expected) // Object.is equality

    Expected: 403
    Received: 500

      154 |       const response = await PATCH(request, { params: Promise.resolve({ id: 'item-1' }) });
      155 |
    > 156 |       expect(response.status).toBe(403);
          |                               ^
      157 |       const data = await response.json();
      158 |       expect(data.error).toBe('Only parents can update maintenance items');
      159 |     });

      at Object.toBe (tests/integration/api/maintenance/[id]/route.test.ts:156:31)

  ● /api/maintenance/[id] › PATCH /api/maintenance/[id] › should return 403 if item belongs to different family

    expect(received).toBe(expected) // Object.is equality

    Expected: 403
    Received: 404

      184 |       const response = await PATCH(request, { params: Promise.resolve({ id: 'item-1' }) });
      185 |
    > 186 |       expect(response.status).toBe(403);
          |                               ^
      187 |     });
      188 |
      189 |     it('should update maintenance item fields', async () => {

      at Object.toBe (tests/integration/api/maintenance/[id]/route.test.ts:186:31)

  ● /api/maintenance/[id] › PATCH /api/maintenance/[id] › should update maintenance item fields

    expect(jest.fn()).toHaveBeenCalledWith(...expected)

    Expected: {"data": {"action": "MAINTENANCE_ITEM_UPDATED", "familyId": "family-test-123", "memberId": "parent-test-123", "metadata": {"itemId": "item-1", "name": "Updated HVAC Filter"}, "result": "SUCCESS"}}

    Number of calls: 0

      218 |       expect(data.message).toBe('Maintenance item updated successfully');
      219 |
    > 220 |       expect(dbMock.auditLog.create).toHaveBeenCalledWith({
          |                                      ^
      221 |         data: {
      222 |           familyId: 'family-test-123',
      223 |           memberId: 'parent-test-123',

      at Object.toHaveBeenCalledWith (tests/integration/api/maintenance/[id]/route.test.ts:220:38)

  ● /api/maintenance/[id] › PATCH /api/maintenance/[id] › should return 400 if category is invalid

    expect(received).toBe(expected) // Object.is equality

    Expected: 400
    Received: 500

      245 |       const response = await PATCH(request, { params: Promise.resolve({ id: 'item-1' }) });
      246 |
    > 247 |       expect(response.status).toBe(400);
          |                               ^
      248 |       const data = await response.json();
      249 |       expect(data.error).toContain('Invalid category');
      250 |     });

      at Object.toBe (tests/integration/api/maintenance/[id]/route.test.ts:247:31)

  ● /api/maintenance/[id] › DELETE /api/maintenance/[id] › should return 403 if user is not a parent

    expect(received).toBe(expected) // Object.is equality

    Expected: 403
    Received: 200

      285 |       const response = await DELETE(request, { params: Promise.resolve({ id: 'item-1' }) });
      286 |
    > 287 |       expect(response.status).toBe(403);
          |                               ^
      288 |       const data = await response.json();
      289 |       expect(data.error).toBe('Only parents can delete maintenance items');
      290 |     });

      at Object.toBe (tests/integration/api/maintenance/[id]/route.test.ts:287:31)

  ● /api/maintenance/[id] › DELETE /api/maintenance/[id] › should return 403 if item belongs to different family

    expect(received).toBe(expected) // Object.is equality

    Expected: 403
    Received: 404

      313 |       const response = await DELETE(request, { params: Promise.resolve({ id: 'item-1' }) });
      314 |
    > 315 |       expect(response.status).toBe(403);
          |                               ^
      316 |     });
      317 |
      318 |     it('should delete maintenance item successfully', async () => {

      at Object.toBe (tests/integration/api/maintenance/[id]/route.test.ts:315:31)

  ● /api/maintenance/[id] › DELETE /api/maintenance/[id] › should delete maintenance item successfully

    expect(jest.fn()).toHaveBeenCalledWith(...expected)

    Expected: {"data": {"action": "MAINTENANCE_ITEM_DELETED", "familyId": "family-test-123", "memberId": "parent-test-123", "metadata": {"itemId": "item-1", "name": "HVAC Filter Replacement"}, "result": "SUCCESS"}}

    Number of calls: 0

      334 |       });
      335 |
    > 336 |       expect(dbMock.auditLog.create).toHaveBeenCalledWith({
          |                                      ^
      337 |         data: {
      338 |           familyId: 'family-test-123',
      339 |           memberId: 'parent-test-123',

      at Object.toHaveBeenCalledWith (tests/integration/api/maintenance/[id]/route.test.ts:336:38)


  ● Test suite failed to run

    thrown: "Exceeded timeout of 5000 ms for a hook.
    Add a timeout value to this test to increase the timeout, if this is a long-running test. See https://jestjs.io/docs/api#testname-fn-timeout."

      146 |
      147 | // Cleanup after all tests
    > 148 | afterAll(async () => {
          | ^
      149 |   // Clean up rate limiters if they exist (they have setInterval that keeps process alive)
      150 |   try {
      151 |     const rateLimitModule = require('@/lib/rate-limit')

      at Object.afterAll (jest.setup.js:148:1)

FAIL tests/integration/api/inventory/[id]/route.test.ts (5.118 s)
  ● /api/inventory/[id] › PATCH /api/inventory/[id] › should return 403 if user is not a parent

    expect(received).toBe(expected) // Object.is equality

    Expected: 403
    Received: 200

      120 |       const response = await PATCH(request, { params: Promise.resolve({ id: 'item-1' }) });
      121 |
    > 122 |       expect(response.status).toBe(403);
          |                               ^
      123 |       const data = await response.json();
      124 |       expect(data.error).toBe('Only parents can update inventory items');
      125 |     });

      at Object.toBe (tests/integration/api/inventory/[id]/route.test.ts:122:31)

  ● /api/inventory/[id] › PATCH /api/inventory/[id] › should return 403 if item belongs to different family

    expect(received).toBe(expected) // Object.is equality

    Expected: 403
    Received: 404

      150 |       const response = await PATCH(request, { params: Promise.resolve({ id: 'item-1' }) });
      151 |
    > 152 |       expect(response.status).toBe(403);
          |                               ^
      153 |     });
      154 |
      155 |     it('should update inventory item fields', async () => {

      at Object.toBe (tests/integration/api/inventory/[id]/route.test.ts:152:31)

  ● /api/inventory/[id] › PATCH /api/inventory/[id] › should update inventory item fields

    expect(jest.fn()).toHaveBeenCalledWith(...expected)

    Expected: {"data": {"action": "INVENTORY_ITEM_UPDATED", "familyId": "family-test-123", "memberId": "parent-test-123", "metadata": {"itemId": "item-1", "name": "Milk"}, "result": "SUCCESS"}}

    Number of calls: 0

      193 |       });
      194 |
    > 195 |       expect(dbMock.auditLog.create).toHaveBeenCalledWith({
          |                                      ^
      196 |         data: {
      197 |           familyId: 'family-test-123',
      198 |           memberId: 'parent-test-123',

      at Object.toHaveBeenCalledWith (tests/integration/api/inventory/[id]/route.test.ts:195:38)

  ● /api/inventory/[id] › PATCH /api/inventory/[id] › should return 400 if category is invalid

    expect(received).toBe(expected) // Object.is equality

    Expected: 400
    Received: 200

      220 |       const response = await PATCH(request, { params: Promise.resolve({ id: 'item-1' }) });
      221 |
    > 222 |       expect(response.status).toBe(400);
          |                               ^
      223 |       const data = await response.json();
      224 |       expect(data.error).toContain('Invalid category');
      225 |     });

      at Object.toBe (tests/integration/api/inventory/[id]/route.test.ts:222:31)

  ● /api/inventory/[id] › PATCH /api/inventory/[id] › should return 400 if location is invalid

    expect(received).toBe(expected) // Object.is equality

    Expected: 400
    Received: 200

      236 |       const response = await PATCH(request, { params: Promise.resolve({ id: 'item-1' }) });
      237 |
    > 238 |       expect(response.status).toBe(400);
          |                               ^
      239 |       const data = await response.json();
      240 |       expect(data.error).toContain('Invalid location');
      241 |     });

      at Object.toBe (tests/integration/api/inventory/[id]/route.test.ts:238:31)

  ● /api/inventory/[id] › DELETE /api/inventory/[id] › should return 403 if user is not a parent

    expect(received).toBe(expected) // Object.is equality

    Expected: 403
    Received: 200

      276 |       const response = await DELETE(request, { params: Promise.resolve({ id: 'item-1' }) });
      277 |
    > 278 |       expect(response.status).toBe(403);
          |                               ^
      279 |       const data = await response.json();
      280 |       expect(data.error).toBe('Only parents can delete inventory items');
      281 |     });

      at Object.toBe (tests/integration/api/inventory/[id]/route.test.ts:278:31)

  ● /api/inventory/[id] › DELETE /api/inventory/[id] › should return 403 if item belongs to different family

    expect(received).toBe(expected) // Object.is equality

    Expected: 403
    Received: 404

      304 |       const response = await DELETE(request, { params: Promise.resolve({ id: 'item-1' }) });
      305 |
    > 306 |       expect(response.status).toBe(403);
          |                               ^
      307 |     });
      308 |
      309 |     it('should delete inventory item successfully', async () => {

      at Object.toBe (tests/integration/api/inventory/[id]/route.test.ts:306:31)

  ● /api/inventory/[id] › DELETE /api/inventory/[id] › should delete inventory item successfully

    expect(jest.fn()).toHaveBeenCalledWith(...expected)

    Expected: {"data": {"action": "INVENTORY_ITEM_DELETED", "familyId": "family-test-123", "memberId": "parent-test-123", "metadata": {"itemId": "item-1", "name": "Milk"}, "result": "SUCCESS"}}

    Number of calls: 0

      325 |       });
      326 |
    > 327 |       expect(dbMock.auditLog.create).toHaveBeenCalledWith({
          |                                      ^
      328 |         data: {
      329 |           familyId: 'family-test-123',
      330 |           memberId: 'parent-test-123',

      at Object.toHaveBeenCalledWith (tests/integration/api/inventory/[id]/route.test.ts:327:38)


  ● Test suite failed to run

    thrown: "Exceeded timeout of 5000 ms for a hook.
    Add a timeout value to this test to increase the timeout, if this is a long-running test. See https://jestjs.io/docs/api#testname-fn-timeout."

      146 |
      147 | // Cleanup after all tests
    > 148 | afterAll(async () => {
          | ^
      149 |   // Clean up rate limiters if they exist (they have setInterval that keeps process alive)
      150 |   try {
      151 |     const rateLimitModule = require('@/lib/rate-limit')

      at Object.afterAll (jest.setup.js:148:1)

FAIL tests/integration/api/meals/leftovers/route.test.ts (5.115 s)
  ● GET /api/meals/leftovers › should return only active leftovers (not used or tossed)

    expect(jest.fn()).toHaveBeenCalledWith(...expected)

    - Expected
    + Received

    @@ -1,9 +1,10 @@
      Object {
        "include": Object {
          "creator": Object {
            "select": Object {
    +         "avatarUrl": true,
              "id": true,
              "name": true,
            },
          },
        },,

    Number of calls: 1

      76 |     expect(data.leftovers[0].name).toBe('Lasagna');
      77 |
    > 78 |     expect(dbMock.leftover.findMany).toHaveBeenCalledWith({
         |                                      ^
      79 |       where: {
      80 |         familyId: session.user.familyId,
      81 |         usedAt: null,

      at Object.toHaveBeenCalledWith (tests/integration/api/meals/leftovers/route.test.ts:78:38)

  ● POST /api/meals/leftovers › should create leftover with default expiration (3 days)

    expect(jest.fn()).toHaveBeenCalledWith(...expected)

    - Expected
    + Received

      Object {
    -   "data": ObjectContaining {
    +   "data": Object {
          "createdBy": "parent-test-123",
    -     "expiresAt": 2026-01-04T12:00:00.000Z,
    +     "expiresAt": "2026-01-04T12:00:00.000Z",
          "familyId": "family-test-123",
    +     "mealPlanEntryId": null,
          "name": "Pizza",
    +     "notes": null,
          "quantity": "2 slices",
    +     "storedAt": "2026-01-01T12:00:00.000Z",
        },
      },

    Number of calls: 1

      234 |
      235 |     // Verify expiration is 3 days from now
    > 236 |     expect(dbMock.leftover.create).toHaveBeenCalledWith({
          |                                    ^
      237 |       data: expect.objectContaining({
      238 |         name: 'Pizza',
      239 |         quantity: '2 slices',

      at Object.toHaveBeenCalledWith (tests/integration/api/meals/leftovers/route.test.ts:236:36)

  ● POST /api/meals/leftovers › should create leftover with custom expiration days

    expect(jest.fn()).toHaveBeenCalledWith(...expected)

    - Expected
    + Received

      Object {
    -   "data": ObjectContaining {
    -     "expiresAt": 2026-01-06T12:00:00.000Z,
    +   "data": Object {
    +     "createdBy": "parent-test-123",
    +     "expiresAt": "2026-01-06T12:00:00.000Z",
    +     "familyId": "family-test-123",
    +     "mealPlanEntryId": null,
    +     "name": "Soup",
    +     "notes": null,
    +     "quantity": "1 bowl",
    +     "storedAt": "2026-01-01T12:00:00.000Z",
        },
      },

    Number of calls: 1

      286 |     expect(response.status).toBe(201);
      287 |
    > 288 |     expect(dbMock.leftover.create).toHaveBeenCalledWith({
          |                                    ^
      289 |       data: expect.objectContaining({
      290 |         expiresAt: new Date('2026-01-06T12:00:00Z'),
      291 |       }),

      at Object.toHaveBeenCalledWith (tests/integration/api/meals/leftovers/route.test.ts:288:36)


  ● Test suite failed to run

    thrown: "Exceeded timeout of 5000 ms for a hook.
    Add a timeout value to this test to increase the timeout, if this is a long-running test. See https://jestjs.io/docs/api#testname-fn-timeout."

      146 |
      147 | // Cleanup after all tests
    > 148 | afterAll(async () => {
          | ^
      149 |   // Clean up rate limiters if they exist (they have setInterval that keeps process alive)
      150 |   try {
      151 |     const rateLimitModule = require('@/lib/rate-limit')

      at Object.afterAll (jest.setup.js:148:1)

FAIL tests/integration/api/maintenance/route.test.ts (5.091 s)
  ● /api/maintenance › POST /api/maintenance › should create maintenance item with minimal data

    expect(received).toBe(expected) // Object.is equality

    Expected: 201
    Received: 200

      226 |       const response = await POST(request);
      227 |
    > 228 |       expect(response.status).toBe(201);
          |                               ^
      229 |       const data = await response.json();
      230 |       expect(data.item.name).toBe('HVAC Filter Replacement');
      231 |       expect(data.item.category).toBe('HVAC');

      at Object.toBe (tests/integration/api/maintenance/route.test.ts:228:31)

  ● /api/maintenance › POST /api/maintenance › should create maintenance item with full data

    expect(received).toBe(expected) // Object.is equality

    Expected: 201
    Received: 200

      302 |       const response = await POST(request);
      303 |
    > 304 |       expect(response.status).toBe(201);
          |                               ^
      305 |       const data = await response.json();
      306 |       expect(data.item.name).toBe('Sprinkler System Check');
      307 |       expect(data.item.season).toBe('SPRING');

      at Object.toBe (tests/integration/api/maintenance/route.test.ts:304:31)


  ● Test suite failed to run

    thrown: "Exceeded timeout of 5000 ms for a hook.
    Add a timeout value to this test to increase the timeout, if this is a long-running test. See https://jestjs.io/docs/api#testname-fn-timeout."

      146 |
      147 | // Cleanup after all tests
    > 148 | afterAll(async () => {
          | ^
      149 |   // Clean up rate limiters if they exist (they have setInterval that keeps process alive)
      150 |   try {
      151 |     const rateLimitModule = require('@/lib/rate-limit')

      at Object.afterAll (jest.setup.js:148:1)

FAIL tests/integration/api/pets/[id]/feed/route.test.ts (5.079 s)
  ● /api/pets/[id]/feed › POST /api/pets/[id]/feed › should log feeding with minimal data

    expect(received).toBe(expected) // Object.is equality

    Expected: 201
    Received: 200

      102 |       const response = await POST(request, { params: Promise.resolve({ id: 'pet-1' }) });
      103 |
    > 104 |       expect(response.status).toBe(201);
          |                               ^
      105 |       const data = await response.json();
      106 |       expect(data.feeding.petId).toBe('pet-1');
      107 |       expect(data.feeding.fedBy).toBe('parent-test-123');

      at Object.toBe (tests/integration/api/pets/[id]/feed/route.test.ts:104:31)

  ● /api/pets/[id]/feed › POST /api/pets/[id]/feed › should log feeding with full data

    expect(received).toBe(expected) // Object.is equality

    Expected: 201
    Received: 200

      167 |       const response = await POST(request, { params: Promise.resolve({ id: 'pet-1' }) });
      168 |
    > 169 |       expect(response.status).toBe(201);
          |                               ^
      170 |       const data = await response.json();
      171 |       expect(data.feeding.foodType).toBe('Dry kibble');
      172 |       expect(data.feeding.amount).toBe('2 cups');

      at Object.toBe (tests/integration/api/pets/[id]/feed/route.test.ts:169:31)

  ● /api/pets/[id]/feed › POST /api/pets/[id]/feed › should allow children to log feedings

    expect(received).toBe(expected) // Object.is equality

    Expected: 201
    Received: 200

      210 |       const response = await POST(request, { params: Promise.resolve({ id: 'pet-1' }) });
      211 |
    > 212 |       expect(response.status).toBe(201);
          |                               ^
      213 |       expect(dbMock.petFeeding.create).toHaveBeenCalledWith(
      214 |         expect.objectContaining({
      215 |           data: expect.objectContaining({

      at Object.toBe (tests/integration/api/pets/[id]/feed/route.test.ts:212:31)


  ● Test suite failed to run

    thrown: "Exceeded timeout of 5000 ms for a hook.
    Add a timeout value to this test to increase the timeout, if this is a long-running test. See https://jestjs.io/docs/api#testname-fn-timeout."

      146 |
      147 | // Cleanup after all tests
    > 148 | afterAll(async () => {
          | ^
      149 |   // Clean up rate limiters if they exist (they have setInterval that keeps process alive)
      150 |   try {
      151 |     const rateLimitModule = require('@/lib/rate-limit')

      at Object.afterAll (jest.setup.js:148:1)

FAIL tests/integration/api/family/guests/[id]/route.test.ts (5.091 s)
  ● /api/family/guests/[id] › DELETE /api/family/guests/[id] › should revoke guest invite successfully

    expect(jest.fn()).toHaveBeenCalledWith(...expected)

    - Expected
    + Received

    @@ -1,8 +1,8 @@
      Object {
        "data": Object {
    -     "revokedAt": 2026-01-01T12:00:00.000Z,
    +     "revokedAt": "2026-01-01T12:00:00.000Z",
          "status": "REVOKED",
        },
        "where": Object {
          "id": "invite-1",
        },,

    Number of calls: 1

      116 |       expect(data.message).toBe('Guest invite revoked successfully');
      117 |
    > 118 |       expect(dbMock.guestInvite.update).toHaveBeenCalledWith({
          |                                         ^
      119 |         where: { id: 'invite-1' },
      120 |         data: {
      121 |           status: 'REVOKED',

      at Object.toHaveBeenCalledWith (tests/integration/api/family/guests/[id]/route.test.ts:118:41)


  ● Test suite failed to run

    thrown: "Exceeded timeout of 5000 ms for a hook.
    Add a timeout value to this test to increase the timeout, if this is a long-running test. See https://jestjs.io/docs/api#testname-fn-timeout."

      146 |
      147 | // Cleanup after all tests
    > 148 | afterAll(async () => {
          | ^
      149 |   // Clean up rate limiters if they exist (they have setInterval that keeps process alive)
      150 |   try {
      151 |     const rateLimitModule = require('@/lib/rate-limit')

      at Object.afterAll (jest.setup.js:148:1)

FAIL tests/integration/api/family/guests/invite/route.test.ts (5.094 s)
  ● /api/family/guests/invite › should return 400 if required fields are missing

    expect(received).toBe(expected) // Object.is equality

    Expected: 400
    Received: 500

      60 |     const response = await POST(request);
      61 |
    > 62 |     expect(response.status).toBe(400);
         |                             ^
      63 |     const data = await response.json();
      64 |     expect(data.error).toBe('Guest name, access level, and duration are required');
      65 |   });

      at Object.toBe (tests/integration/api/family/guests/invite/route.test.ts:62:29)

  ● /api/family/guests/invite › should return 400 if access level is invalid

    expect(received).toBe(expected) // Object.is equality

    Expected: 400
    Received: 500

      76 |     const response = await POST(request);
      77 |
    > 78 |     expect(response.status).toBe(400);
         |                             ^
      79 |     const data = await response.json();
      80 |     expect(data.error).toContain('Invalid access level');
      81 |   });

      at Object.toBe (tests/integration/api/family/guests/invite/route.test.ts:78:29)

  ● /api/family/guests/invite › should create guest invite with minimal data

    expect(received).toBe(expected) // Object.is equality

    Expected: 201
    Received: 200

      120 |     const response = await POST(request);
      121 |
    > 122 |     expect(response.status).toBe(201);
          |                             ^
      123 |     const data = await response.json();
      124 |     expect(data.invite.guestName).toBe('Grandma');
      125 |     expect(data.invite.accessLevel).toBe('VIEW_ONLY');

      at Object.toBe (tests/integration/api/family/guests/invite/route.test.ts:122:29)

  ● /api/family/guests/invite › should create guest invite with full data

    expect(received).toBe(expected) // Object.is equality

    Expected: 201
    Received: 200

      199 |     const response = await POST(request);
      200 |
    > 201 |     expect(response.status).toBe(201);
          |                             ^
      202 |     const data = await response.json();
      203 |     expect(data.invite.guestEmail).toBe('jane@example.com');
      204 |     expect(data.invite.accessLevel).toBe('CAREGIVER');

      at Object.toBe (tests/integration/api/family/guests/invite/route.test.ts:201:29)

  ● /api/family/guests/invite › should generate unique 6-digit invite code

    expect(received).toBe(expected) // Object.is equality

    Expected: 201
    Received: 200

      240 |     const response = await POST(request);
      241 |
    > 242 |     expect(response.status).toBe(201);
          |                             ^
      243 |     const data = await response.json();
      244 |
      245 |     // Verify invite code is 6 digits

      at Object.toBe (tests/integration/api/family/guests/invite/route.test.ts:242:29)


  ● Test suite failed to run

    thrown: "Exceeded timeout of 5000 ms for a hook.
    Add a timeout value to this test to increase the timeout, if this is a long-running test. See https://jestjs.io/docs/api#testname-fn-timeout."

      146 |
      147 | // Cleanup after all tests
    > 148 | afterAll(async () => {
          | ^
      149 |   // Clean up rate limiters if they exist (they have setInterval that keeps process alive)
      150 |   try {
      151 |     const rateLimitModule = require('@/lib/rate-limit')

      at Object.afterAll (jest.setup.js:148:1)

FAIL tests/integration/api/inventory/route.test.ts (5.092 s)
  ● /api/inventory › POST /api/inventory › should create inventory item with minimal data

    expect(received).toBe(expected) // Object.is equality

    Expected: 201
    Received: 200

      236 |       const response = await POST(request);
      237 |
    > 238 |       expect(response.status).toBe(201);
          |                               ^
      239 |       const data = await response.json();
      240 |       expect(data.item.name).toBe('Milk');
      241 |       expect(data.item.category).toBe('FOOD_FRIDGE');

      at Object.toBe (tests/integration/api/inventory/route.test.ts:238:31)

  ● /api/inventory › POST /api/inventory › should create inventory item with full data

    expect(received).toBe(expected) // Object.is equality

    Expected: 201
    Received: 200

      317 |       const response = await POST(request);
      318 |
    > 319 |       expect(response.status).toBe(201);
          |                               ^
      320 |       const data = await response.json();
      321 |       expect(data.item.name).toBe('Milk');
      322 |       expect(data.item.currentQuantity).toBe(2);

      at Object.toBe (tests/integration/api/inventory/route.test.ts:319:31)

  ● /api/inventory › POST /api/inventory › should handle database errors gracefully

    expect(received).toBe(expected) // Object.is equality

    Expected: "Failed to add inventory item"
    Received: "Failed to create inventory item"

      359 |       expect(response.status).toBe(500);
      360 |       const data = await response.json();
    > 361 |       expect(data.error).toBe('Failed to add inventory item');
          |                          ^
      362 |     });
      363 |   });
      364 | });

      at Object.toBe (tests/integration/api/inventory/route.test.ts:361:26)


  ● Test suite failed to run

    thrown: "Exceeded timeout of 5000 ms for a hook.
    Add a timeout value to this test to increase the timeout, if this is a long-running test. See https://jestjs.io/docs/api#testname-fn-timeout."

      146 |
      147 | // Cleanup after all tests
    > 148 | afterAll(async () => {
          | ^
      149 |   // Clean up rate limiters if they exist (they have setInterval that keeps process alive)
      150 |   try {
      151 |     const rateLimitModule = require('@/lib/rate-limit')

      at Object.afterAll (jest.setup.js:148:1)

FAIL tests/integration/api/pets/route.test.ts (5.093 s)
  ● /api/pets › GET /api/pets › should return all pets for family

    expect(jest.fn()).toHaveBeenCalledWith(...expected)

    - Expected
    + Received

    @@ -1,22 +1,6 @@
      Object {
    -   "include": Object {
    -     "feedings": Object {
    -       "include": Object {
    -         "member": Object {
    -           "select": Object {
    -             "id": true,
    -             "name": true,
    -           },
    -         },
    -       },
    -       "orderBy": Object {
    -         "fedAt": "desc",
    -       },
    -       "take": 1,
    -     },
    -   },
        "orderBy": Object {
          "name": "asc",
        },
        "where": Object {
          "familyId": "family-test-123",,

    Number of calls: 1

      73 |       expect(data.pets[1].name).toBe('Whiskers');
      74 |
    > 75 |       expect(dbMock.pet.findMany).toHaveBeenCalledWith({
         |                                   ^
      76 |         where: {
      77 |           familyId: 'family-test-123',
      78 |         },

      at Object.toHaveBeenCalledWith (tests/integration/api/pets/route.test.ts:75:35)

  ● /api/pets › POST /api/pets › should create pet with minimal data

    expect(received).toBe(expected) // Object.is equality

    Expected: 201
    Received: 200

      230 |       const response = await POST(request);
      231 |
    > 232 |       expect(response.status).toBe(201);
          |                               ^
      233 |       const data = await response.json();
      234 |       expect(data.pet.name).toBe('Max');
      235 |       expect(data.pet.species).toBe('DOG');

      at Object.toBe (tests/integration/api/pets/route.test.ts:232:31)

  ● /api/pets › POST /api/pets › should create pet with full data

    expect(received).toBe(expected) // Object.is equality

    Expected: 201
    Received: 200

      300 |       const response = await POST(request);
      301 |
    > 302 |       expect(response.status).toBe(201);
          |                               ^
      303 |       const data = await response.json();
      304 |       expect(data.pet.name).toBe('Max');
      305 |       expect(data.pet.breed).toBe('Golden Retriever');

      at Object.toBe (tests/integration/api/pets/route.test.ts:302:31)

  ● /api/pets › POST /api/pets › should handle database errors gracefully

    expect(received).toBe(expected) // Object.is equality

    Expected: "Failed to add pet"
    Received: "Failed to create pet"

      331 |       expect(response.status).toBe(500);
      332 |       const data = await response.json();
    > 333 |       expect(data.error).toBe('Failed to add pet');
          |                          ^
      334 |     });
      335 |   });
      336 | });

      at Object.toBe (tests/integration/api/pets/route.test.ts:333:26)


  ● Test suite failed to run

    thrown: "Exceeded timeout of 5000 ms for a hook.
    Add a timeout value to this test to increase the timeout, if this is a long-running test. See https://jestjs.io/docs/api#testname-fn-timeout."

      146 |
      147 | // Cleanup after all tests
    > 148 | afterAll(async () => {
          | ^
      149 |   // Clean up rate limiters if they exist (they have setInterval that keeps process alive)
      150 |   try {
      151 |     const rateLimitModule = require('@/lib/rate-limit')

      at Object.afterAll (jest.setup.js:148:1)

FAIL tests/integration/api/inventory/expiring/route.test.ts (5.096 s)
  ● /api/inventory/expiring › should return items expiring within 7 days by default

    expect(jest.fn()).toHaveBeenCalledWith(...expected)

    - Expected
    + Received

    @@ -2,11 +2,11 @@
        "orderBy": Object {
          "expiresAt": "asc",
        },
        "where": Object {
          "expiresAt": Object {
    -       "lte": 2026-01-08T12:00:00.000Z,
    +       "lte": "2026-01-08T12:00:00.000Z",
            "not": null,
          },
          "familyId": "family-test-123",
        },
      },

    Number of calls: 1

      81 |     sevenDaysFromNow.setDate(sevenDaysFromNow.getDate() + 7);
      82 |
    > 83 |     expect(dbMock.inventoryItem.findMany).toHaveBeenCalledWith({
         |                                           ^
      84 |       where: {
      85 |         familyId: 'family-test-123',
      86 |         expiresAt: {

      at Object.toHaveBeenCalledWith (tests/integration/api/inventory/expiring/route.test.ts:83:43)

  ● /api/inventory/expiring › should return items expiring within custom days param

    expect(jest.fn()).toHaveBeenCalledWith(...expected)

    - Expected
    + Received

    @@ -2,11 +2,11 @@
        "orderBy": Object {
          "expiresAt": "asc",
        },
        "where": Object {
          "expiresAt": Object {
    -       "lte": 2026-01-04T12:00:00.000Z,
    +       "lte": "2026-01-04T12:00:00.000Z",
            "not": null,
          },
          "familyId": "family-test-123",
        },
      },

    Number of calls: 1

      136 |     threeDaysFromNow.setDate(threeDaysFromNow.getDate() + 3);
      137 |
    > 138 |     expect(dbMock.inventoryItem.findMany).toHaveBeenCalledWith({
          |                                           ^
      139 |       where: {
      140 |         familyId: 'family-test-123',
      141 |         expiresAt: {

      at Object.toHaveBeenCalledWith (tests/integration/api/inventory/expiring/route.test.ts:138:43)


  ● Test suite failed to run

    thrown: "Exceeded timeout of 5000 ms for a hook.
    Add a timeout value to this test to increase the timeout, if this is a long-running test. See https://jestjs.io/docs/api#testname-fn-timeout."

      146 |
      147 | // Cleanup after all tests
    > 148 | afterAll(async () => {
          | ^
      149 |   // Clean up rate limiters if they exist (they have setInterval that keeps process alive)
      150 |   try {
      151 |     const rateLimitModule = require('@/lib/rate-limit')

      at Object.afterAll (jest.setup.js:148:1)

FAIL tests/integration/api/auth/guest/[code]/route.test.ts (5.103 s)
  ● /api/auth/guest/[code] › should return 400 if invite is expired

    expect(received).toBe(expected) // Object.is equality

    Expected: 400
    Received: 404

      58 |     const response = await POST(request, { params: Promise.resolve({ code: '123456' }) });
      59 |
    > 60 |     expect(response.status).toBe(400);
         |                             ^
      61 |     const data = await response.json();
      62 |     expect(data.error).toBe('Invite has expired');
      63 |   });

      at Object.toBe (tests/integration/api/auth/guest/[code]/route.test.ts:60:29)

  ● /api/auth/guest/[code] › should return 400 if invite is revoked

    expect(received).toBe(expected) // Object.is equality

    Expected: 400
    Received: 404

      78 |     const response = await POST(request, { params: Promise.resolve({ code: '123456' }) });
      79 |
    > 80 |     expect(response.status).toBe(400);
         |                             ^
      81 |     const data = await response.json();
      82 |     expect(data.error).toBe('Invite has been revoked');
      83 |   });

      at Object.toBe (tests/integration/api/auth/guest/[code]/route.test.ts:80:29)

  ● /api/auth/guest/[code] › should return 400 if max uses exceeded

    expect(received).toBe(expected) // Object.is equality

    Expected: 400
    Received: 404

       98 |     const response = await POST(request, { params: Promise.resolve({ code: '123456' }) });
       99 |
    > 100 |     expect(response.status).toBe(400);
          |                             ^
      101 |     const data = await response.json();
      102 |     expect(data.error).toBe('Invite has reached maximum uses');
      103 |   });

      at Object.toBe (tests/integration/api/auth/guest/[code]/route.test.ts:100:29)

  ● /api/auth/guest/[code] › should create guest session successfully

    expect(received).toBe(expected) // Object.is equality

    Expected: 200
    Received: 404

      143 |     const response = await POST(request, { params: Promise.resolve({ code: '123456' }) });
      144 |
    > 145 |     expect(response.status).toBe(200);
          |                             ^
      146 |     const data = await response.json();
      147 |     expect(data.session.sessionToken).toBe('session-token-xyz');
      148 |     expect(data.invite.guestName).toBe('Grandma');

      at Object.toBe (tests/integration/api/auth/guest/[code]/route.test.ts:145:29)

  ● /api/auth/guest/[code] › should handle database errors gracefully

    expect(received).toBe(expected) // Object.is equality

    Expected: 500
    Received: 404

      196 |     const response = await POST(request, { params: Promise.resolve({ code: '123456' }) });
      197 |
    > 198 |     expect(response.status).toBe(500);
          |                             ^
      199 |     const data = await response.json();
      200 |     expect(data.error).toBe('Failed to start guest session');
      201 |   });

      at Object.toBe (tests/integration/api/auth/guest/[code]/route.test.ts:198:29)


  ● Test suite failed to run

    thrown: "Exceeded timeout of 5000 ms for a hook.
    Add a timeout value to this test to increase the timeout, if this is a long-running test. See https://jestjs.io/docs/api#testname-fn-timeout."

      146 |
      147 | // Cleanup after all tests
    > 148 | afterAll(async () => {
          | ^
      149 |   // Clean up rate limiters if they exist (they have setInterval that keeps process alive)
      150 |   try {
      151 |     const rateLimitModule = require('@/lib/rate-limit')

      at Object.afterAll (jest.setup.js:148:1)

FAIL tests/integration/api/maintenance/[id]/complete/route.test.ts (5.092 s)
  ● /api/maintenance/[id]/complete › should log completion with minimal data

    expect(received).toBe(expected) // Object.is equality

    Expected: 201
    Received: 200

      111 |     const response = await POST(request, { params: Promise.resolve({ id: 'item-1' }) });
      112 |
    > 113 |     expect(response.status).toBe(201);
          |                             ^
      114 |     const data = await response.json();
      115 |     expect(data.completion.completedBy).toBe('parent-test-123');
      116 |     expect(data.message).toBe('Maintenance task completed successfully');

      at Object.toBe (tests/integration/api/maintenance/[id]/complete/route.test.ts:113:29)

  ● /api/maintenance/[id]/complete › should log completion with full data

    expect(received).toBe(expected) // Object.is equality

    Expected: 201
    Received: 200

      190 |     const response = await POST(request, { params: Promise.resolve({ id: 'item-1' }) });
      191 |
    > 192 |     expect(response.status).toBe(201);
          |                             ^
      193 |     const data = await response.json();
      194 |     expect(data.completion.cost).toBe(30.0);
      195 |     expect(data.completion.serviceProvider).toBe('HVAC Pro');

      at Object.toBe (tests/integration/api/maintenance/[id]/complete/route.test.ts:192:29)

  ● /api/maintenance/[id]/complete › should allow children to log completions

    expect(received).toBe(expected) // Object.is equality

    Expected: 201
    Received: 200

      223 |     const response = await POST(request, { params: Promise.resolve({ id: 'item-1' }) });
      224 |
    > 225 |     expect(response.status).toBe(201);
          |                             ^
      226 |     expect(dbMock.maintenanceCompletion.create).toHaveBeenCalledWith(
      227 |       expect.objectContaining({
      228 |         data: expect.objectContaining({

      at Object.toBe (tests/integration/api/maintenance/[id]/complete/route.test.ts:225:29)

  ● /api/maintenance/[id]/complete › should handle database errors gracefully

    expect(received).toBe(expected) // Object.is equality

    Expected: "Failed to log maintenance completion"
    Received: "Failed to complete maintenance"

      245 |     expect(response.status).toBe(500);
      246 |     const data = await response.json();
    > 247 |     expect(data.error).toBe('Failed to log maintenance completion');
          |                        ^
      248 |   });
      249 | });
      250 |

      at Object.toBe (tests/integration/api/maintenance/[id]/complete/route.test.ts:247:24)


  ● Test suite failed to run

    thrown: "Exceeded timeout of 5000 ms for a hook.
    Add a timeout value to this test to increase the timeout, if this is a long-running test. See https://jestjs.io/docs/api#testname-fn-timeout."

      146 |
      147 | // Cleanup after all tests
    > 148 | afterAll(async () => {
          | ^
      149 |   // Clean up rate limiters if they exist (they have setInterval that keeps process alive)
      150 |   try {
      151 |     const rateLimitModule = require('@/lib/rate-limit')

      at Object.afterAll (jest.setup.js:148:1)

FAIL tests/components/dashboard/DashboardContent.test.tsx
  ● DashboardContent › should display screen time balance

    Unable to find an element with the text: 60 / 120 min. This could be because the text is broken up by multiple elements. In this case, you can provide a function for your text matcher to make your matcher more flexible.

    Ignored nodes: comments, script, style
    [36m<body>[39m
      [36m<div>[39m
        [36m<div[39m
          [33mclass[39m=[32m"mb-6"[39m
        [36m/>[39m
        [36m<div[39m
          [33mclass[39m=[32m"grid grid-cols-1 md:grid-cols-2 lg:grid-cols-3 gap-6"[39m
        [36m>[39m
          [36m<div[39m
            [33mclass[39m=[32m"bg-white dark:bg-gray-800 rounded-lg shadow p-6 hover:shadow-lg transition-shadow cursor-pointer"[39m
          [36m>[39m
            [36m<div[39m
              [33mclass[39m=[32m"flex items-center justify-between mb-4"[39m
            [36m>[39m
              [36m<h2[39m
                [33mclass[39m=[32m"text-lg font-semibold text-gray-900 dark:text-white"[39m
              [36m>[39m
                [0mToday's Chores[0m
              [36m</h2>[39m
              [36m<span[39m
                [33mclass[39m=[32m"bg-info/20 dark:bg-info/30 text-info dark:text-info text-xs font-medium px-2.5 py-0.5 rounded"[39m
              [36m>[39m
                [0m1[0m
                [0m/[0m
                [0m2[0m
              [36m</span>[39m
            [36m</div>[39m
            [36m<div[39m
              [33mclass[39m=[32m"space-y-2"[39m
            [36m>[39m
              [36m<div[39m
                [33mclass[39m=[32m"flex items-center justify-between p-2 bg-gray-50 dark:bg-gray-700 rounded"[39m
              [36m>[39m
                [36m<div[39m
                  [33mclass[39m=[32m"flex-1"[39m
                [36m>[39m
                  [36m<p[39m
                    [33mclass[39m=[32m"text-sm font-medium text-gray-900 dark:text-white"[39m
                  [36m>[39m
                    [0mTest Chore[0m
                  [36m</p>[39m
                  [36m<p[39m
                    [33mclass[39m=[32m"text-xs text-gray-600 dark:text-gray-400"[39m
                  [36m>[39m
                    [0m+[0m
                    [0m10[0m
                    [0m credits[0m
                  [36m</p>[39m
                [36m</div>[39m
                [36m<span[39m
                  [33mclass[39m=[32m"text-xs px-2 py-1 rounded bg-yellow-100 text-yellow-800 dark:bg-yellow-900 dark:text-yellow-200"[39m
                [36m>[39m
                  [0mpending[0m
                [36m</span>[39m
              [36m</div>[39m
              [36m<div[39m
                [33mclass[39m=[32m"flex items-center justify-between p-2 bg-gray-50 dark:bg-gray-700 rounded"[39m
              [36m>[39m
                [36m<div[39m
                  [33mclass[39m=[32m"flex-1"[39m
                [36m>[39m
                  [36m<p[39m
                    [33mclass[39m=[32m"text-sm font-medium text-gray-900 dark:text-white"[39m
                  [36m>[39m
                    [0mCompleted Chore[0m
                  [36m</p>[39m
                  [36m<p[39m
                    [33mclass[39m=[32m"text-xs text-gray-600 dark:text-gray-400"[39m
                  [36m>[39m
                    [0m+[0m
                    [0m20[0m
                    [0m credits[0m
                  [36m</p>[39m
                [36m</div>[39m
                [36m<span[39m
                  [33mclass[39m=[32m"text-xs px-2 py-1 rounded bg-green-100 text-green-800 dark:bg-green-900 dark:text-green-200"[39m
                [36m>[39m
                  [0mapproved[0m
                [36m</span>[39m
              [36m</div>[39m
            [36m</div>[39m
          [36m</div>[39m
          [36m<div[39m
            [33mclass[39m=[32m"bg-white dark:bg-gray-800 rounded-lg shadow p-6 hover:shadow-lg transition-shadow cursor-pointer"[39m
          [36m>[39m
            [36m<div[39m
              [33mclass[39m=[32m"flex items-center justify-between mb-4"[39m
            [36m>[39m
              [36m<h2[39m
                [33mclass[39m=[32m"text-lg font-semibold text-gray-900 dark:text-white"[39m
              [36m>[39m
                [0mScreen Time[0m
              [36m</h2>[39m
              [36m<span[39m
                [33mclass[39m=[32m"bg-green-100 dark:bg-green-900 text-green-800 dark:text-green-200 text-xs font-medium px-2.5 py-0.5 rounded"[39m
              [36m>[39m
                [0m60[0m
                [0m min[0m
              [36m</span>[39m
            [36m</div>[39m
            [36m<p[39m
              [33mclass[39m=[32m"text-gray-600 dark:text-gray-400 text-sm"[39m
            [36m>[39m
              [0mBalance not configured yet.[0m
            [36m</p>[39m
          [36m</div>[39m
          [36m<div[39m
            [33mclass[39m=[32m"bg-white dark:bg-gray-800 rounded-lg shadow p-6 hover:shadow-lg transition-shadow"[39m
          [36m>[39m
            [36m<div[39m
              [33mclass[39m=[32m"flex items-center justify-between mb-4"[39m
            [36m>[39m
              [36m<h2[39m
                [33mclass[39m=[32m"text-lg font-semibold text-gray-900 dark:text-white"[39m
              [36m>[39m
                [0mCredits[0m
              [36m</h2>[39m
              [36m<span[39m
                [33mclass[39m=[32m"bg-orange-100 dark:bg-orange-900 text-orange-800 dark:text-orange-200 text-xs font-medium px-2.5 py-0.5 rounded"[39m
              [36m>[39m
                [0m100[0m
              [36m</span>[39m
            [36m</div>[39m
            [36m<div[39m
              [33mclass[39m=[32m"space-y-2"[39m
            [36m>[39m
              [36m<div[39m
                [33mclass[39m=[32m"flex justify-between text-sm"[39m
              [36m>[39m
                [36m<span[39m
                  [33mclass[39m=[32m"text-gray-600 dark:text-gray-400"[39m
                [36m>[39m
                  [0mCurrent Balance[0m
                [36m</span>[39m
                [36m<span[39m
                  [33mclass[39m=[32m"text-gray-900 dark:text-white font-semibold"[39m
                [36m>[39m
                  [0m100[0m
                  [0m credits[0m
                [36m</span>[39m
              [36m</div>[39m
              [36m<div[39m
                [33mclass[39m=[32m"flex justify-between text-xs"[39m
              [36m>[39m
                [36m<span[39m
                  [33mclass[39m=[32m"text-gray-600 dark:text-gray-400"[39m
                [36m>[39m
                  [0mLifetime Earned[0m
                [36m</span>[39m
                [36m<span[39m
                  [33mclass[39m=[32m"text-gray-600 dark:text-gray-400"[39m
                [36m>[39m
                  [0m200[0m
                [36m</span>[39m
              [36m</div>[39m
              [36m<div[39m
                [33mclass[39m=[32m"flex justify-between text-xs"[39m
              [36m>[39m
                [36m<span[39m
                  [33mclass[39m=[32m"text-gray-600 dark:text-gray-400"[39m
                [36m>[39m
                  [0mLifetime Spent[0m
                [36m</span>[39m
                [36m<span[39m
                  [33mclass[39m=[32m"text-gray-600 dark:text-gray-400"[39m
                [36m>[39m
                  [0m100[0m
                [36m</span>[39m
              [36m</div>[39m
            [36m</div>[39m
          [36m</div>[39m
          [36m<div[39m
            [33mclass[39m=[32m"bg-white dark:bg-gray-800 rounded-lg shadow p-6 hover:shadow-lg transition-shadow cursor-pointer"[39m
          [36m>[39m
            [36m<div[39m
              [33mclass[39m=[32m"flex items-center justify-between mb-4"[39m
            [36m>...

      261 |     render(<DashboardContent />)
      262 |
    > 263 |     await waitFor(() => {
          |                  ^
      264 |       expect(screen.getByText('60 min')).toBeInTheDocument()
      265 |       expect(screen.getByText('60 / 120 min')).toBeInTheDocument()
      266 |     })

      at waitForWrapper (node_modules/@testing-library/dom/dist/wait-for.js:163:27)
      at Object.<anonymous> (tests/components/dashboard/DashboardContent.test.tsx:263:18)

  ● DashboardContent › should not render when session is not available

    expect(jest.fn()).not.toHaveBeenCalled()

    Expected number of calls: 0
    Received number of calls: 1

    1: "/api/dashboard/layout"

    Ignored nodes: comments, script, style
    [36m<html>[39m
      [36m<head />[39m
      [36m<body>[39m
        [36m<div>[39m
          [36m<div[39m
            [33mclass[39m=[32m"flex items-center justify-center min-h-[400px]"[39m
          [36m>[39m
            [36m<div[39m
              [33mclass[39m=[32m"text-center"[39m
            [36m>[39m
              [36m<div[39m
                [33mclass[39m=[32m"animate-spin rounded-full h-12 w-12 border-b-2 border-ember-700 mx-auto mb-4"[39m
              [36m/>[39m
              [36m<p[39m
                [33mclass[39m=[32m"text-gray-600 dark:text-gray-400"[39m
              [36m>[39m
                [0mLoading dashboard...[0m
              [36m</p>[39m
            [36m</div>[39m
          [36m</div>[39m
        [36m</div>[39m
      [36m</body>[39m
    [36m</html>[39m

      299 |     await waitFor(() => {
      300 |       // After loading completes, if no session, data should be null
    > 301 |       expect(global.fetch).not.toHaveBeenCalled()
          |                                ^
      302 |     })
      303 |   })
      304 | })

      at toHaveBeenCalled (tests/components/dashboard/DashboardContent.test.tsx:301:32)
      at runWithExpensiveErrorDiagnosticsDisabled (node_modules/@testing-library/dom/dist/config.js:47:12)
      at checkCallback (node_modules/@testing-library/dom/dist/wait-for.js:124:77)
      at checkRealTimersCallback (node_modules/@testing-library/dom/dist/wait-for.js:118:16)
      at Timeout.task [as _onTimeout] (node_modules/jsdom/lib/jsdom/browser/Window.js:579:19)

FAIL tests/components/auth/ParentLoginForm.test.tsx
  ● ParentLoginForm › should show loading state during login

    expect(element).not.toBeInTheDocument()

    expected document not to contain element, found <button class="w-full bg-ember-700 hover:bg-ember-500 disabled:bg-ember-300 text-white font-semibold py-3 px-6 rounded-lg transition-colors duration-200 shadow-md" disabled="" type="submit">Signing in...</button> instead

    Ignored nodes: comments, script, style
    [36m<html>[39m
      [36m<head />[39m
      [36m<body>[39m
        [36m<div>[39m
          [36m<form[39m
            [33mclass[39m=[32m"space-y-6"[39m
          [36m>[39m
            [36m<div>[39m
              [36m<label[39m
                [33mclass[39m=[32m"block text-sm font-medium text-gray-700 dark:text-gray-300 mb-2"[39m
                [33mfor[39m=[32m"email"[39m
              [36m>[39m
                [0mEmail Address[0m
              [36m</label>[39m
              [36m<input[39m
                [33mclass[39m=[32m"w-full px-4 py-3 border border-gray-300 dark:border-gray-600 rounded-lg focus:ring-2 focus:ring-ember-500 focus:border-transparent dark:bg-gray-700 dark:text-white"[39m
                [33mdisabled[39m=[32m""[39m
                [33mid[39m=[32m"email"[39m
                [33mplaceholder[39m=[32m"you@example.com"[39m
                [33mrequired[39m=[32m""[39m
                [33mtype[39m=[32m"email"[39m
                [33mvalue[39m=[32m"test@example.com"[39m
              [36m/>[39m
            [36m</div>[39m
            [36m<div>[39m
              [36m<label[39m
                [33mclass[39m=[32m"block text-sm font-medium text-gray-700 dark:text-gray-300 mb-2"[39m
                [33mfor[39m=[32m"password"[39m
              [36m>[39m
                [0mPassword[0m
              [36m</label>[39m
              [36m<input[39m
                [33mclass[39m=[32m"w-full px-4 py-3 border border-gray-300 dark:border-gray-600 rounded-lg focus:ring-2 focus:ring-ember-500 focus:border-transparent dark:bg-gray-700 dark:text-white"[39m
                [33mdisabled[39m=[32m""[39m
                [33mid[39m=[32m"password"[39m
                [33mplaceholder[39m=[32m"••••••••"[39m
                [33mrequired[39m=[32m""[39m
                [33mtype[39m=[32m"password"[39m
                [33mvalue[39m=[32m"password123"[39m
              [36m/>[39m
            [36m</div>[39m
            [36m<button[39m
              [33mclass[39m=[32m"w-full bg-ember-700 hover:bg-ember-500 disabled:bg-ember-300 text-white font-semibold py-3 px-6 rounded-lg transition-colors duration-200 shadow-md"[39m
              [33mdisabled[39m=[32m""[39m
              [33mtype[39m=[32m"submit"[39m
            [36m>[39m
              [0mSigning in...[0m
            [36m</button>[39m
            [36m<div[39m
              [33mclass[39m=[32m"text-center"[39m
            [36m>[39m
              [36m<a[39m
                [33mclass[39m=[32m"text-sm text-ember-700 dark:text-ember-500 hover:underline"[39m
                [33mhref[39m=[32m"/auth/forgot-password"[39m
              [36m>[39m
                [0mForgot password?[0m
              [36m</a>[39m
            [36m</div>[39m
          [36m</form>[39m
        [36m</div>[39m
      [36m</body>[39m
    [36m</html>[39m

      79 |
      80 |     await waitFor(() => {
    > 81 |       expect(screen.queryByText(/Signing in.../i)).not.toBeInTheDocument()
         |                                                        ^
      82 |     })
      83 |   })
      84 |

      at toBeInTheDocument (tests/components/auth/ParentLoginForm.test.tsx:81:56)
      at runWithExpensiveErrorDiagnosticsDisabled (node_modules/@testing-library/dom/dist/config.js:47:12)
      at checkCallback (node_modules/@testing-library/dom/dist/wait-for.js:124:77)
      at checkRealTimersCallback (node_modules/@testing-library/dom/dist/wait-for.js:118:16)
      at Timeout.task [as _onTimeout] (node_modules/jsdom/lib/jsdom/browser/Window.js:579:19)

  ● ParentLoginForm › should disable form fields during loading

    expect(element).not.toBeDisabled()

    Received element is disabled:
      <input class="w-full px-4 py-3 border border-gray-300 dark:border-gray-600 rounded-lg focus:ring-2 focus:ring-ember-500 focus:border-transparent dark:bg-gray-700 dark:text-white" disabled="" id="email" placeholder="you@example.com" required="" type="email" value="test@example.com" />

    Ignored nodes: comments, script, style
    [36m<html>[39m
      [36m<head />[39m
      [36m<body>[39m
        [36m<div>[39m
          [36m<form[39m
            [33mclass[39m=[32m"space-y-6"[39m
          [36m>[39m
            [36m<div>[39m
              [36m<label[39m
                [33mclass[39m=[32m"block text-sm font-medium text-gray-700 dark:text-gray-300 mb-2"[39m
                [33mfor[39m=[32m"email"[39m
              [36m>[39m
                [0mEmail Address[0m
              [36m</label>[39m
              [36m<input[39m
                [33mclass[39m=[32m"w-full px-4 py-3 border border-gray-300 dark:border-gray-600 rounded-lg focus:ring-2 focus:ring-ember-500 focus:border-transparent dark:bg-gray-700 dark:text-white"[39m
                [33mdisabled[39m=[32m""[39m
                [33mid[39m=[32m"email"[39m
                [33mplaceholder[39m=[32m"you@example.com"[39m
                [33mrequired[39m=[32m""[39m
                [33mtype[39m=[32m"email"[39m
                [33mvalue[39m=[32m"test@example.com"[39m
              [36m/>[39m
            [36m</div>[39m
            [36m<div>[39m
              [36m<label[39m
                [33mclass[39m=[32m"block text-sm font-medium text-gray-700 dark:text-gray-300 mb-2"[39m
                [33mfor[39m=[32m"password"[39m
              [36m>[39m
                [0mPassword[0m
              [36m</label>[39m
              [36m<input[39m
                [33mclass[39m=[32m"w-full px-4 py-3 border border-gray-300 dark:border-gray-600 rounded-lg focus:ring-2 focus:ring-ember-500 focus:border-transparent dark:bg-gray-700 dark:text-white"[39m
                [33mdisabled[39m=[32m""[39m
                [33mid[39m=[32m"password"[39m
                [33mplaceholder[39m=[32m"••••••••"[39m
                [33mrequired[39m=[32m""[39m
                [33mtype[39m=[32m"password"[39m
                [33mvalue[39m=[32m"password123"[39m
              [36m/>[39m
            [36m</div>[39m
            [36m<button[39m
              [33mclass[39m=[32m"w-full bg-ember-700 hover:bg-ember-500 disabled:bg-ember-300 text-white font-semibold py-3 px-6 rounded-lg transition-colors duration-200 shadow-md"[39m
              [33mdisabled[39m=[32m""[39m
              [33mtype[39m=[32m"submit"[39m
            [36m>[39m
              [0mSigning in...[0m
            [36m</button>[39m
            [36m<div[39m
              [33mclass[39m=[32m"text-center"[39m
            [36m>[39m
              [36m<a[39m
                [33mclass[39m=[32m"text-sm text-ember-700 dark:text-ember-500 hover:underline"[39m
                [33mhref[39m=[32m"/auth/forgot-password"[39m
              [36m>[39m
                [0mForgot password?[0m
              [36m</a>[39m
            [36m</div>[39m
          [36m</form>[39m
        [36m</div>[39m
      [36m</body>[39m
    [36m</html>[39m

      100 |
      101 |     await waitFor(() => {
    > 102 |       expect(emailInput).not.toBeDisabled()
          |                              ^
      103 |     })
      104 |   })
      105 |

      at toBeDisabled (tests/components/auth/ParentLoginForm.test.tsx:102:30)
      at runWithExpensiveErrorDiagnosticsDisabled (node_modules/@testing-library/dom/dist/config.js:47:12)
      at checkCallback (node_modules/@testing-library/dom/dist/wait-for.js:124:77)
      at checkRealTimersCallback (node_modules/@testing-library/dom/dist/wait-for.js:118:16)
      at Timeout.task [as _onTimeout] (node_modules/jsdom/lib/jsdom/browser/Window.js:579:19)

FAIL tests/components/meals/LeftoversList.test.tsx
  ● LeftoversList Component › should show expiration countdown

    Unable to find an element with the text: /expires/i. This could be because the text is broken up by multiple elements. In this case, you can provide a function for your text matcher to make your matcher more flexible.

    Ignored nodes: comments, script, style
    [36m<body>[39m
      [36m<div>[39m
        [36m<div[39m
          [33mclass[39m=[32m"space-y-6"[39m
        [36m>[39m
          [36m<div[39m
            [33mclass[39m=[32m"flex items-center justify-between"[39m
          [36m>[39m
            [36m<h2[39m
              [33mclass[39m=[32m"text-xl font-semibold text-gray-900 dark:text-gray-100"[39m
            [36m>[39m
              [0mLeftovers Tracker[0m
            [36m</h2>[39m
            [36m<button[39m
              [33maria-label[39m=[32m"Add leftover"[39m
              [33mclass[39m=[32m"px-4 py-2 text-sm font-medium text-white bg-ember-700 hover:bg-ember-500 rounded-lg"[39m
            [36m>[39m
              [0m+ Add Leftover[0m
            [36m</button>[39m
          [36m</div>[39m
          [36m<div[39m
            [33mclass[39m=[32m"grid gap-4"[39m
          [36m>[39m
            [36m<div[39m
              [33mclass[39m=[32m"relative bg-white dark:bg-gray-800 rounded-lg border border-gray-200 dark:border-gray-700 p-4 hover:shadow-md transition-shadow"[39m
            [36m>[39m
              [36m<div[39m
                [33mclass[39m=[32m"flex items-start justify-between"[39m
              [36m>[39m
                [36m<div[39m
                  [33mclass[39m=[32m"flex-1"[39m
                [36m>[39m
                  [36m<h3[39m
                    [33mclass[39m=[32m"text-lg font-medium text-gray-900 dark:text-gray-100"[39m
                  [36m>[39m
                    [0mLasagna[0m
                  [36m</h3>[39m
                  [36m<p[39m
                    [33mclass[39m=[32m"text-sm text-gray-600 dark:text-gray-400 mt-1"[39m
                  [36m>[39m
                    [0mHalf pan[0m
                  [36m</p>[39m
                  [36m<div[39m
                    [33mclass[39m=[32m"flex items-center gap-2 mt-2"[39m
                  [36m>[39m
                    [36m<span[39m
                      [33mclass[39m=[32m"inline-flex items-center px-2.5 py-0.5 rounded-full text-xs font-medium bg-red-100 dark:bg-red-900/20 text-red-800 dark:text-red-300"[39m
                      [33mdata-status[39m=[32m"urgent"[39m
                    [36m>[39m
                      [0mExpired[0m
                    [36m</span>[39m
                    [36m<span[39m
                      [33mclass[39m=[32m"text-xs text-gray-500 dark:text-gray-400"[39m
                    [36m>[39m
                      [0mby [0m
                      [0mMom[0m
                    [36m</span>[39m
                  [36m</div>[39m
                [36m</div>[39m
                [36m<div[39m
                  [33mclass[39m=[32m"flex gap-2 ml-4"[39m
                [36m>[39m
                  [36m<button[39m
                    [33maria-label[39m=[32m"Mark as used"[39m
                    [33mclass[39m=[32m"px-3 py-1 text-sm font-medium text-green-700 dark:text-green-400 bg-green-50 dark:bg-green-900/20 hover:bg-green-100 dark:hover:bg-green-900/30 rounded-lg border border-green-200 dark:border-green-800"[39m
                  [36m>[39m
                    [0mUsed[0m
                  [36m</button>[39m
                  [36m<button[39m
                    [33maria-label[39m=[32m"Mark as tossed"[39m
                    [33mclass[39m=[32m"px-3 py-1 text-sm font-medium text-red-700 dark:text-red-400 bg-red-50 dark:bg-red-900/20 hover:bg-red-100 dark:hover:bg-red-900/30 rounded-lg border border-red-200 dark:border-red-800"[39m
                  [36m>[39m
                    [0mToss[0m
                  [36m</button>[39m
                [36m</div>[39m
              [36m</div>[39m
            [36m</div>[39m
            [36m<div[39m
              [33mclass[39m=[32m"relative bg-white dark:bg-gray-800 rounded-lg border border-gray-200 dark:border-gray-700 p-4 hover:shadow-md transition-shadow"[39m
            [36m>[39m
              [36m<div[39m
                [33mclass[39m=[32m"flex items-start justify-between"[39m
              [36m>[39m
                [36m<div[39m
                  [33mclass[39m=[32m"flex-1"[39m
                [36m>[39m
                  [36m<h3[39m
                    [33mclass[39m=[32m"text-lg font-medium text-gray-900 dark:text-gray-100"[39m
                  [36m>[39m
                    [0mChicken soup[0m
                  [36m</h3>[39m
                  [36m<p[39m
                    [33mclass[39m=[32m"text-sm text-gray-600 dark:text-gray-400 mt-1"[39m
                  [36m>[39m
                    [0m2 servings[0m
                  [36m</p>[39m
                  [36m<div[39m
                    [33mclass[39m=[32m"flex items-center gap-2 mt-2"[39m
                  [36m>[39m
                    [36m<span[39m
                      [33mclass[39m=[32m"inline-flex items-center px-2.5 py-0.5 rounded-full text-xs font-medium bg-red-100 dark:bg-red-900/20 text-red-800 dark:text-red-300"[39m
                      [33mdata-status[39m=[32m"urgent"[39m
                    [36m>[39m
                      [0mExpired[0m
                    [36m</span>[39m
                    [36m<span[39m
                      [33mclass[39m=[32m"text-xs text-gray-500 dark:text-gray-400"[39m
                    [36m>[39m
                      [0mby [0m
                      [0mDad[0m
                    [36m</span>[39m
                  [36m</div>[39m
                [36m</div>[39m
                [36m<div[39m
                  [33mclass[39m=[32m"flex gap-2 ml-4"[39m
                [36m>[39m
                  [36m<button[39m
                    [33maria-label[39m=[32m"Mark as used"[39m
                    [33mclass[39m=[32m"px-3 py-1 text-sm font-medium text-green-700 dark:text-green-400 bg-green-50 dark:bg-green-900/20 hover:bg-green-100 dark:hover:bg-green-900/30 rounded-lg border border-green-200 dark:border-green-800"[39m
                  [36m>[39m
                    [0mUsed[0m
                  [36m</button>[39m
                  [36m<button[39m
                    [33maria-label[39m=[32m"Mark as tossed"[39m
                    [33mclass[39m=[32m"px-3 py-1 text-sm font-medium text-red-700 dark:text-red-400 bg-red-50 dark:bg-red-900/20 hover:bg-red-100 dark:hover:bg-red-900/30 rounded-lg border border-red-200 dark:border-red-800"[39m
                  [36m>[39m
                    [0mToss[0m
                  [36m</button>[39m
                [36m</div>[39m
              [36m</div>[39m
            [36m</div>[39m
          [36m</div>[39m
        [36m</div>[39m
      [36m</div>[39m
    [36m</body>[39m

      144 |     render(<LeftoversList />);
      145 |
    > 146 |     await waitFor(() => {
          |                  ^
      147 |       expect(screen.getAllByText(/expires/i).length).toBeGreaterThan(0);
      148 |     });
      149 |   });

      at waitForWrapper (node_modules/@testing-library/dom/dist/wait-for.js:163:27)
      at Object.<anonymous> (tests/components/meals/LeftoversList.test.tsx:146:18)

FAIL tests/components/dashboard/DashboardCustomizer.test.tsx
  ● DashboardCustomizer › should show confirmation before reset

    expect(jest.fn()).toHaveBeenCalled()

    Expected number of calls: >= 1
    Received number of calls:    0

      251 |     fireEvent.click(resetButton);
      252 |
    > 253 |     expect(global.confirm).toHaveBeenCalled();
          |                            ^
      254 |     expect(mockOnReset).not.toHaveBeenCalled();
      255 |   });
      256 |

      at Object.toHaveBeenCalled (tests/components/dashboard/DashboardCustomizer.test.tsx:253:28)

  ● DashboardCustomizer › should call onReset when confirmed

    expect(jest.fn()).toHaveBeenCalledTimes(expected)

    Expected number of calls: 1
    Received number of calls: 0

    Ignored nodes: comments, script, style
    [36m<html>[39m
      [36m<head />[39m
      [36m<body[39m
        [33mstyle[39m=[32m"overflow: hidden;"[39m
      [36m>[39m
        [36m<div>[39m
          [36m<div[39m
            [33mclass[39m=[32m"fixed inset-0 bg-black bg-opacity-50 z-50 flex items-center justify-center p-4"[39m
          [36m>[39m
            [36m<div[39m
              [33mclass[39m=[32m"bg-white dark:bg-gray-800 rounded-lg shadow-xl max-w-2xl w-full max-h-[90vh] flex flex-col"[39m
            [36m>[39m
              [36m<div[39m
                [33mclass[39m=[32m"flex items-center justify-between p-6 border-b border-gray-200 dark:border-gray-700"[39m
              [36m>[39m
                [36m<div>[39m
                  [36m<h2[39m
                    [33mclass[39m=[32m"text-2xl font-bold text-gray-900 dark:text-white"[39m
                  [36m>[39m
                    [0mCustomize Dashboard[0m
                  [36m</h2>[39m
                  [36m<p[39m
                    [33mclass[39m=[32m"text-sm text-gray-500 dark:text-gray-400 mt-1"[39m
                  [36m>[39m
                    [0m2[0m
                    [0m of [0m
                    [0m3[0m
                    [0m widgets visible[0m
                  [36m</p>[39m
                [36m</div>[39m
                [36m<button[39m
                  [33maria-label[39m=[32m"Close"[39m
                  [33mclass[39m=[32m"text-gray-400 hover:text-gray-600 dark:hover:text-gray-300"[39m
                [36m>[39m
                  [36m<svg[39m
                    [33maria-hidden[39m=[32m"true"[39m
                    [33mclass[39m=[32m"h-6 w-6"[39m
                    [33mdata-slot[39m=[32m"icon"[39m
                    [33mfill[39m=[32m"none"[39m
                    [33mstroke[39m=[32m"currentColor"[39m
                    [33mstroke-width[39m=[32m"1.5"[39m
                    [33mviewBox[39m=[32m"0 0 24 24"[39m
                    [33mxmlns[39m=[32m"http://www.w3.org/2000/svg"[39m
                  [36m>[39m
                    [36m<path[39m
                      [33md[39m=[32m"M6 18 18 6M6 6l12 12"[39m
                      [33mstroke-linecap[39m=[32m"round"[39m
                      [33mstroke-linejoin[39m=[32m"round"[39m
                    [36m/>[39m
                  [36m</svg>[39m
                [36m</button>[39m
              [36m</div>[39m
              [36m<div[39m
                [33mclass[39m=[32m"flex-1 overflow-y-auto p-6"[39m
              [36m>[39m
                [36m<p[39m
                  [33mclass[39m=[32m"text-sm text-gray-600 dark:text-gray-400 mb-4"[39m
                [36m>[39m
                  [0mDrag widgets to reorder them, or toggle visibility using the switches.[0m
                [36m</p>[39m
                [36m<div[39m
                  [33mclass[39m=[32m"mb-4 p-3 bg-amber-50 dark:bg-amber-900/20 border border-amber-200 dark:border-amber-800 rounded-lg"[39m
                [36m>[39m
                  [36m<p[39m
                    [33mclass[39m=[32m"text-sm text-amber-800 dark:text-amber-300"[39m
                  [36m>[39m
                    [36m<strong>[39m
                      [0mNote:[0m
                    [36m</strong>[39m
                    [0m You have [0m
                    [0m1[0m
                    [0m hidden widget[0m
                    [0m. Scroll down to see all available widgets and toggle them on.[0m
                  [36m</p>[39m
                [36m</div>[39m
                [36m<div[39m
                  [33mclass[39m=[32m"mb-4 p-3 bg-blue-50 dark:bg-blue-900/20 border border-blue-200 dark:border-blue-800 rounded-lg"[39m
                [36m>[39m
                  [36m<p[39m
                    [33mclass[39m=[32m"text-sm text-blue-700 dark:text-blue-300"[39m
                  [36m>[39m
                    [36m<strong>[39m
                      [0mTip:[0m
                    [36m</strong>[39m
                    [0m More widgets will appear here when you enable additional modules in[0m
                    [0m [0m
                    [36m<a[39m
                      [33mclass[39m=[32m"underline hover:text-blue-900 dark:hover:text-blue-100"[39m
                      [33mhref[39m=[32m"/dashboard/settings/modules"[39m
                    [36m>[39m
                      [0mSettings[0m
                    [36m</a>[39m
                    [0m.[0m
                  [36m</p>[39m
                [36m</div>[39m
                [36m<div>[39m
                  [36m<div>[39m
                    [36m<div[39m
                      [33mclass[39m=[32m"space-y-2"[39m
                    [36m>[39m
                      [36m<div[39m
                        [33mclass[39m=[32m"flex items-center gap-3 p-3 bg-gray-50 dark:bg-gray-700 rounded-lg border border-gray-200 dark:border-gray-600"[39m
                        [33mstyle[39m=[32m"opacity: 1;"[39m
                      [36m>[39m
                        [36m<button[39m
                          [33maria-label[39m=[32m"Drag to reorder"[39m
                          [33mclass[39m=[32m"cursor-grab active:cursor-grabbing text-gray-400 hover:text-gray-600 dark:hover:text-gray-300"[39m
                        [36m>[39m
                          [36m<svg[39m
                            [33maria-hidden[39m=[32m"true"[39m
                            [33mclass[39m=[32m"h-5 w-5"[39m
                            [33mdata-slot[39m=[32m"icon"[39m
                            [33mfill[39m=[32m"none"[39m
                            [33mstroke[39m=[32m"currentColor"[39m
                            [33mstroke-width[39m=[32m"1.5"[39m
                            [33mviewBox[39m=[32m"0 0 24 24"[39m
                            [33mxmlns[39m=[32m"http://www.w3.org/2000/svg"[39m
                          [36m>[39m
                            [36m<path[39m
                              [33md[39m=[32m"M3 7.5 7.5 3m0 0L12 7.5M7.5 3v13.5m13.5 0L16.5 21m0 0L12 16.5m4.5 4.5V7.5"[39m
                              [33mstroke-linecap[39m=[32m"round"[39m
                              [33mstroke-linejoin[39m=[32m"round"[39m
                            [36m/>[39m
                          [36m</svg>[39m
                        [36m</button>[39m
                        [36m<div[39m
                          [33mclass[39m=[32m"flex-1"[39m
                        [36m>[39m
                          [36m<p[39m
                            [33mclass[39m=[32m"font-medium text-gray-900 dark:text-white"[39m
                          [36m>[39m
                            [0mToday's Chores[0m
                          [36m</p>[39m
                          [36m<p[39m
                            [33mclass[39m=[32m"text-xs text-gray-500 dark:text-gray-400"[39m
                          [36m>[39m
                            [0mView and manage your daily chores[0m
                          [36m</p>[39m
                        [36m</div>[39m
                        [36m<label[39m
                          [33mclass[39m=[32m"relative inline-flex items-center cursor-pointer"[39m
                        [36m>[39m
                          [36m<input[39m
                            [33mchecked[39m=[32m""[39m
                            [33mclass[39m=[32m"sr-only peer"[39m
                          ...

      274 |
      275 |     await waitFor(() => {
    > 276 |       expect(mockOnReset).toHaveBeenCalledTimes(1);
          |                           ^
      277 |       expect(mockOnClose).toHaveBeenCalledTimes(1);
      278 |     });
      279 |   });

      at toHaveBeenCalledTimes (tests/components/dashboard/DashboardCustomizer.test.tsx:276:27)
      at runWithExpensiveErrorDiagnosticsDisabled (node_modules/@testing-library/dom/dist/config.js:47:12)
      at checkCallback (node_modules/@testing-library/dom/dist/wait-for.js:124:77)
      at checkRealTimersCallback (node_modules/@testing-library/dom/dist/wait-for.js:118:16)
      at Timeout.task [as _onTimeout] (node_modules/jsdom/lib/jsdom/browser/Window.js:579:19)

FAIL tests/components/dashboard/widgets/WeatherWidget.test.tsx
  ● WeatherWidget › should display error state on fetch failure

    Unable to find an element with the text: /failed to load/i. This could be because the text is broken up by multiple elements. In this case, you can provide a function for your text matcher to make your matcher more flexible.

    Ignored nodes: comments, script, style
    [36m<body>[39m
      [36m<div>[39m
        [36m<div[39m
          [33mclass[39m=[32m"bg-white dark:bg-gray-800 rounded-lg shadow p-6"[39m
        [36m>[39m
          [36m<div[39m
            [33mclass[39m=[32m"flex items-center justify-between mb-4"[39m
          [36m>[39m
            [36m<h2[39m
              [33mclass[39m=[32m"text-lg font-semibold text-gray-900 dark:text-white flex items-center gap-2"[39m
            [36m>[39m
              [0mCloud[0m
              [0mWeather[0m
            [36m</h2>[39m
          [36m</div>[39m
          [36m<div[39m
            [33mclass[39m=[32m"text-center py-8 text-red-600 dark:text-red-400"[39m
          [36m>[39m
            [0mFailed to fetch weather data[0m
          [36m</div>[39m
        [36m</div>[39m
      [36m</div>[39m
    [36m</body>[39m

      116 |     render(<WeatherWidget />);
      117 |
    > 118 |     await waitFor(() => {
          |                  ^
      119 |       expect(screen.getByText(/failed to load/i)).toBeInTheDocument();
      120 |     });
      121 |   });

      at waitForWrapper (node_modules/@testing-library/dom/dist/wait-for.js:163:27)
      at Object.<anonymous> (tests/components/dashboard/widgets/WeatherWidget.test.tsx:118:18)

FAIL tests/unit/lib/integrations/google-calendar.test.ts
  ● GoogleCalendarClient › refreshAccessToken › should refresh expired access token using refresh token

    expect(jest.fn()).toHaveBeenCalledWith(...expected)

    - Expected
    + Received

      Object {
        "data": Object {
          "accessToken": "encrypted:new:access",
    -     "tokenExpiresAt": 2026-01-21T14:13:56.678Z,
    +     "tokenExpiresAt": "2026-01-21T14:13:56.678Z",
        },
        "where": Object {
          "id": "connection-123",
        },
      },

    Number of calls: 1

      201 |       expect(mockRefreshAccessToken).toHaveBeenCalled();
      202 |
    > 203 |       expect(dbMock.calendarConnection.update).toHaveBeenCalledWith({
          |                                                ^
      204 |         where: { id: connectionId },
      205 |         data: {
      206 |           accessToken: 'encrypted:new:access',

      at Object.toHaveBeenCalledWith (tests/unit/lib/integrations/google-calendar.test.ts:203:48)

FAIL tests/integration/api/cron/generate-chore-instances/route.test.ts
  ● /api/cron/generate-chore-instances › GET › should generate instances for FIXED assignment type

    expect(received).toBe(expected) // Object.is equality

    Expected: 2
    Received: 0

      124 |       expect(response.status).toBe(200)
      125 |       expect(data.success).toBe(true)
    > 126 |       expect(data.summary.instancesCreated).toBe(2)
          |                                             ^
      127 |       expect(data.summary.schedulesProcessed).toBe(1)
      128 |     })
      129 |

      at Object.toBe (tests/integration/api/cron/generate-chore-instances/route.test.ts:126:45)

  ● /api/cron/generate-chore-instances › GET › should skip existing instances

    expect(received).toBe(expected) // Object.is equality

    Expected: 1
    Received: 0

      162 |       expect(response.status).toBe(200)
      163 |       expect(data.summary.instancesCreated).toBe(0)
    > 164 |       expect(data.summary.instancesSkipped).toBe(1)
          |                                             ^
      165 |     })
      166 |
      167 |     it('should skip schedules with no assignments', async () => {

      at Object.toBe (tests/integration/api/cron/generate-chore-instances/route.test.ts:164:45)

  ● /api/cron/generate-chore-instances › GET › should handle ROTATING assignment type

    expect(received).toBe(expected) // Object.is equality

    Expected: 1
    Received: 0

      234 |
      235 |       expect(response.status).toBe(200)
    > 236 |       expect(data.summary.instancesCreated).toBe(1)
          |                                             ^
      237 |     })
      238 |
      239 |     it('should handle errors per schedule gracefully', async () => {

      at Object.toBe (tests/integration/api/cron/generate-chore-instances/route.test.ts:236:45)

  ● /api/cron/generate-chore-instances › GET › should handle errors per schedule gracefully

    expect(received).toBe(expected) // Object.is equality

    Expected: 1
    Received: 0

      269 |
      270 |       expect(response.status).toBe(200)
    > 271 |       expect(data.summary.errors).toBe(1)
          |                                   ^
      272 |       expect(data.errors).toBeDefined()
      273 |     })
      274 |

      at Object.toBe (tests/integration/api/cron/generate-chore-instances/route.test.ts:271:35)

  ● /api/cron/generate-chore-instances › GET › should return 500 on critical error

    expect(received).toBe(expected) // Object.is equality

    Expected: 500
    Received: 200

      285 |       const data = await response.json()
      286 |
    > 287 |       expect(response.status).toBe(500)
          |                               ^
      288 |       expect(data.error).toBe('Failed to generate chore instances')
      289 |     })
      290 |   })

      at Object.toBe (tests/integration/api/cron/generate-chore-instances/route.test.ts:287:31)

FAIL tests/unit/lib/rules-engine/actions.test.ts
  ● Rules Engine Action Executors › Award Credits Action › should award credits to specified member

    expect(jest.fn()).toHaveBeenCalled()

    Expected number of calls: >= 1
    Received number of calls:    0

      62 |
      63 |       expect(result.success).toBe(true);
    > 64 |       expect(dbMock.$transaction).toHaveBeenCalled();
         |                                   ^
      65 |     });
      66 |
      67 |     it('should award credits to context member if not specified', async () => {

      at Object.toHaveBeenCalled (tests/unit/lib/rules-engine/actions.test.ts:64:35)

  ● Rules Engine Action Executors › Award Credits Action › should award credits to context member if not specified

    expect(jest.fn()).toHaveBeenCalled()

    Expected number of calls: >= 1
    Received number of calls:    0

       97 |
       98 |       expect(result.success).toBe(true);
    >  99 |       expect(dbMock.$transaction).toHaveBeenCalled();
          |                                   ^
      100 |     });
      101 |
      102 |     it('should create balance if it does not exist', async () => {

      at Object.toHaveBeenCalled (tests/unit/lib/rules-engine/actions.test.ts:99:35)

  ● Rules Engine Action Executors › Award Credits Action › should create balance if it does not exist

    expect(jest.fn()).toHaveBeenCalled()

    Expected number of calls: >= 1
    Received number of calls:    0

      131 |
      132 |       expect(result.success).toBe(true);
    > 133 |       expect(dbMock.$transaction).toHaveBeenCalled();
          |                                   ^
      134 |     });
      135 |
      136 |     it('should enforce maximum credit limit', async () => {

      at Object.toHaveBeenCalled (tests/unit/lib/rules-engine/actions.test.ts:133:35)

  ● Rules Engine Action Executors › Award Credits Action › should handle database errors gracefully

    expect(received).toBe(expected) // Object.is equality

    Expected: false
    Received: true

      168 |       const result = await executeAwardCredits(config, context);
      169 |
    > 170 |       expect(result.success).toBe(false);
          |                              ^
      171 |       expect(result.error).toBeDefined();
      172 |     });
      173 |

      at Object.toBe (tests/unit/lib/rules-engine/actions.test.ts:170:30)

  ● Rules Engine Action Executors › Send Notification Action › should enforce maximum recipient limit

    expect(received).toBe(expected) // Object.is equality

    Expected: false
    Received: true

      272 |       const result = await executeSendNotification(config, context);
      273 |
    > 274 |       expect(result.success).toBe(false);
          |                              ^
      275 |       expect(result.error).toContain('Maximum 10 notification recipients allowed');
      276 |     });
      277 |

      at Object.toBe (tests/unit/lib/rules-engine/actions.test.ts:274:30)

  ● Rules Engine Action Executors › Send Notification Action › should require at least one recipient

    expect(received).toContain(expected) // indexOf

    Expected substring: "Send notification action requires recipients array"
    Received string:    "Send notification action requires at least one recipient"

      319 |
      320 |       expect(result.success).toBe(false);
    > 321 |       expect(result.error).toContain('Send notification action requires recipients array');
          |                            ^
      322 |     });
      323 |
      324 |     it('should handle database errors', async () => {

      at Object.toContain (tests/unit/lib/rules-engine/actions.test.ts:321:28)

  ● Rules Engine Action Executors › Add Shopping Item Action › should require itemName if not from inventory

    expect(received).toContain(expected) // indexOf

    Expected substring: "No item name specified for shopping item"
    Received string:    "Shopping item requires a name"

      479 |
      480 |       expect(result.success).toBe(false);
    > 481 |       expect(result.error).toContain('No item name specified for shopping item');
          |                            ^
      482 |     });
      483 |
      484 |     it('should handle duplicate items gracefully', async () => {

      at Object.toContain (tests/unit/lib/rules-engine/actions.test.ts:481:28)

  ● Rules Engine Action Executors › Add Shopping Item Action › should add note if provided in config

    expect(jest.fn()).toHaveBeenCalledWith(...expected)

    Expected: ObjectContaining {"data": ObjectContaining {"notes": "Get the organic version"}}
    Received: {"data": {"addedById": "parent-1", "category": "OTHER", "listId": "list-1", "name": "Special Item", "priority": "NORMAL", "quantity": 1, "requestedById": "parent-1", "status": "PENDING"}}

    Number of calls: 1

      548 |
      549 |       expect(result.success).toBe(true);
    > 550 |       expect(dbMock.shoppingItem.create).toHaveBeenCalledWith(
          |                                          ^
      551 |         expect.objectContaining({
      552 |           data: expect.objectContaining({
      553 |             notes: 'Get the organic version',

      at Object.toHaveBeenCalledWith (tests/unit/lib/rules-engine/actions.test.ts:550:42)

  ● Rules Engine Action Executors › Create Todo Action › should require title

    expect(received).toContain(expected) // indexOf

    Expected substring: "Create todo action requires title"
    Received string:    "Create TODO action requires title (non-empty string)"

      623 |
      624 |       expect(result.success).toBe(false);
    > 625 |       expect(result.error).toContain('Create todo action requires title');
          |                            ^
      626 |     });
      627 |
      628 |     it('should handle optional description', async () => {

      at Object.toContain (tests/unit/lib/rules-engine/actions.test.ts:625:28)

  ● Rules Engine Action Executors › Lock Medication Action › should require medication ID

    expect(received).toContain(expected) // indexOf

    Expected substring: "Lock medication action requires medicationId"
    Received string:    "No medication ID specified"

      766 |
      767 |       expect(result.success).toBe(false);
    > 768 |       expect(result.error).toContain('Lock medication action requires medicationId');
          |                            ^
      769 |     });
      770 |
      771 |     it('should require hours', async () => {

      at Object.toContain (tests/unit/lib/rules-engine/actions.test.ts:768:28)

  ● Rules Engine Action Executors › Lock Medication Action › should require hours

    expect(received).toContain(expected) // indexOf

    Expected substring: "Lock medication action requires hours"
    Received string:    "Cannot read properties of null (reading 'id')"

      781 |
      782 |       expect(result.success).toBe(false);
    > 783 |       expect(result.error).toContain('Lock medication action requires hours');
          |                            ^
      784 |     });
      785 |
      786 |     it('should enforce maximum lock duration', async () => {

      at Object.toContain (tests/unit/lib/rules-engine/actions.test.ts:783:28)

  ● Rules Engine Action Executors › Lock Medication Action › should enforce maximum lock duration

    expect(received).toContain(expected) // indexOf

    Expected substring: "Lock medication hours cannot exceed 24 hours"
    Received string:    "Cannot read properties of null (reading 'id')"

      796 |
      797 |       expect(result.success).toBe(false);
    > 798 |       expect(result.error).toContain('Lock medication hours cannot exceed 24 hours');
          |                            ^
      799 |     });
      800 |
      801 |     it('should reject negative hours', async () => {

      at Object.toContain (tests/unit/lib/rules-engine/actions.test.ts:798:28)

  ● Rules Engine Action Executors › Lock Medication Action › should reject negative hours

    expect(received).toContain(expected) // indexOf

    Expected substring: "Lock medication hours must be positive"
    Received string:    "Cannot read properties of null (reading 'id')"

      811 |
      812 |       expect(result.success).toBe(false);
    > 813 |       expect(result.error).toContain('Lock medication hours must be positive');
          |                            ^
      814 |     });
      815 |
      816 |     it('should handle database errors', async () => {

      at Object.toContain (tests/unit/lib/rules-engine/actions.test.ts:813:28)

  ● Rules Engine Action Executors › Reduce Chores Action › should require member ID

    expect(received).toContain(expected) // indexOf

    Expected substring: "requires memberId"
    Received string:    "No member ID specified"

      1087 |
      1088 |       expect(result.success).toBe(false);
    > 1089 |       expect(result.error).toContain('requires memberId');
           |                            ^
      1090 |     });
      1091 |
      1092 |     it('should enforce maximum percentage', async () => {

      at Object.toContain (tests/unit/lib/rules-engine/actions.test.ts:1089:28)

  ● Rules Engine Action Executors › Reduce Chores Action › should enforce maximum percentage

    expect(received).toContain(expected) // indexOf

    Expected substring: "Reduce chores percentage must be between 0 and 100"
    Received string:    "Chore reduction percentage must be between 1 and 100"

      1103 |
      1104 |       expect(result.success).toBe(false);
    > 1105 |       expect(result.error).toContain('Reduce chores percentage must be between 0 and 100');
           |                            ^
      1106 |     });
      1107 |
      1108 |     it('should enforce maximum duration', async () => {

      at Object.toContain (tests/unit/lib/rules-engine/actions.test.ts:1105:28)

  ● Rules Engine Action Executors › Reduce Chores Action › should enforce maximum duration

    expect(received).toContain(expected) // indexOf

    Expected substring: "Reduce chores duration must be between 1 and 30 days"
    Received string:    "Chore reduction duration must be between 1 and 30 days"

      1119 |
      1120 |       expect(result.success).toBe(false);
    > 1121 |       expect(result.error).toContain('Reduce chores duration must be between 1 and 30 days');
           |                            ^
      1122 |     });
      1123 |
      1124 |     it('should handle no pending chores', async () => {

      at Object.toContain (tests/unit/lib/rules-engine/actions.test.ts:1121:28)

  ● Rules Engine Action Executors › Reduce Chores Action › should handle no pending chores

    expect(received).toBe(expected) // Object.is equality

    Expected: true
    Received: false

      1136 |       const result = await executeReduceChores(config, context);
      1137 |
    > 1138 |       expect(result.success).toBe(true);
           |                              ^
      1139 |       expect(result.result?.choresReduced).toBe(0);
      1140 |     });
      1141 |

      at Object.toBe (tests/unit/lib/rules-engine/actions.test.ts:1138:30)

  ● Rules Engine Action Executors › Adjust Screen Time Action › should require member ID

    expect(received).toContain(expected) // indexOf

    Expected substring: "requires memberId"
    Received string:    "No member ID specified"

      1295 |
      1296 |       expect(result.success).toBe(false);
    > 1297 |       expect(result.error).toContain('requires memberId');
           |                            ^
      1298 |     });
      1299 |
      1300 |     it('should enforce maximum adjustment', async () => {

      at Object.toContain (tests/unit/lib/rules-engine/actions.test.ts:1297:28)

  ● Rules Engine Action Executors › Adjust Screen Time Action › should enforce maximum adjustment

    expect(received).toContain(expected) // indexOf

    Expected substring: "Screen time adjustment cannot exceed 120 minutes"
    Received string:    "No screentime balance found for member"

      1310 |
      1311 |       expect(result.success).toBe(false);
    > 1312 |       expect(result.error).toContain('Screen time adjustment cannot exceed 120 minutes');
           |                            ^
      1313 |     });
      1314 |
      1315 |     it('should handle balance not found', async () => {

      at Object.toContain (tests/unit/lib/rules-engine/actions.test.ts:1312:28)

  ● Rules Engine Action Executors › Adjust Screen Time Action › should handle balance not found

    expect(received).toContain(expected) // indexOf

    Expected substring: "Screen time balance not found"
    Received string:    "No screentime balance found for member"

      1327 |
      1328 |       expect(result.success).toBe(false);
    > 1329 |       expect(result.error).toContain('Screen time balance not found');
           |                            ^
      1330 |     });
      1331 |
      1332 |     it('should prevent negative balance', async () => {

      at Object.toContain (tests/unit/lib/rules-engine/actions.test.ts:1329:28)

FAIL tests/integration/api/reports/family/route.test.ts
  ● /api/reports/family › GET › should generate report for week period

    TypeError: Cannot read properties of undefined (reading 'type')

      124 |
      125 |       expect(response.status).toBe(200)
    > 126 |       expect(data.period.type).toBe('week')
          |                          ^
      127 |       expect(data.summary.chores.completed).toBe(1)
      128 |       expect(data.summary.chores.assigned).toBe(2)
      129 |       expect(data.summary.credits.earned).toBe(50)

      at Object.type (tests/integration/api/reports/family/route.test.ts:126:26)

  ● /api/reports/family › GET › should generate report for custom date range

    TypeError: Cannot read properties of undefined (reading 'type')

      150 |
      151 |       expect(response.status).toBe(200)
    > 152 |       expect(data.period.type).toBe('custom')
          |                          ^
      153 |       expect(data.period.startDate).toBe('2024-01-01T00:00:00.000Z')
      154 |       expect(data.period.endDate).toBe('2024-01-31T00:00:00.000Z')
      155 |     })

      at Object.type (tests/integration/api/reports/family/route.test.ts:152:26)

  ● /api/reports/family › GET › should calculate per-child breakdown

    TypeError: Cannot read properties of undefined (reading '0')

      169 |
      170 |       expect(response.status).toBe(200)
    > 171 |       expect(data.children[0]).toEqual({
          |                           ^
      172 |         id: 'child-1',
      173 |         name: 'Child One',
      174 |         avatarUrl: null,

      at Object.<anonymous> (tests/integration/api/reports/family/route.test.ts:171:27)

  ● /api/reports/family › GET › should return 500 on error

    expect(received).toBe(expected) // Object.is equality

    Expected: "Failed to generate family report"
    Received: "Failed to get family report"

      205 |
      206 |       expect(response.status).toBe(500)
    > 207 |       expect(data.error).toBe('Failed to generate family report')
          |                          ^
      208 |     })
      209 |   })
      210 | })

      at Object.toBe (tests/integration/api/reports/family/route.test.ts:207:26)

FAIL tests/integration/api/rules/[id]/toggle/route.test.ts
  ● PATCH /api/rules/[id]/toggle › should return 403 if rule belongs to different family

    expect(received).toContain(expected) // indexOf

    Expected substring: "Forbidden"
    Received string:    "Access denied"

      101 |
      102 |     expect(response.status).toBe(403);
    > 103 |     expect(data.error).toContain('Forbidden');
          |                        ^
      104 |   });
      105 |
      106 |   it('should toggle enabled rule to disabled', async () => {

      at Object.toContain (tests/integration/api/rules/[id]/toggle/route.test.ts:103:24)

  ● PATCH /api/rules/[id]/toggle › should toggle enabled rule to disabled

    expect(jest.fn()).toHaveBeenCalledWith(...expected)

    - Expected
    + Received

      Object {
        "data": Object {
          "isEnabled": false,
        },
    -   "include": Object {
    -     "creator": Object {
    -       "select": Object {
    -         "id": true,
    -         "name": true,
    -       },
    -     },
    -   },
        "where": Object {
          "id": "rule-1",
        },
      },

    Number of calls: 1

      121 |     expect(data.success).toBe(true);
      122 |     expect(data.rule.isEnabled).toBe(false);
    > 123 |     expect(dbMock.automationRule.update).toHaveBeenCalledWith({
          |                                          ^
      124 |       where: { id: 'rule-1' },
      125 |       data: { isEnabled: false },
      126 |       include: {

      at Object.toHaveBeenCalledWith (tests/integration/api/rules/[id]/toggle/route.test.ts:123:42)

  ● PATCH /api/rules/[id]/toggle › should toggle disabled rule to enabled

    expect(jest.fn()).toHaveBeenCalledWith(...expected)

    - Expected
    + Received

      Object {
        "data": Object {
          "isEnabled": true,
        },
    -   "include": Object {
    -     "creator": Object {
    -       "select": Object {
    -         "id": true,
    -         "name": true,
    -       },
    -     },
    -   },
        "where": Object {
          "id": "rule-1",
        },
      },

    Number of calls: 1

      155 |     expect(data.success).toBe(true);
      156 |     expect(data.rule.isEnabled).toBe(true);
    > 157 |     expect(dbMock.automationRule.update).toHaveBeenCalledWith({
          |                                          ^
      158 |       where: { id: 'rule-1' },
      159 |       data: { isEnabled: true },
      160 |       include: {

      at Object.toHaveBeenCalledWith (tests/integration/api/rules/[id]/toggle/route.test.ts:157:42)

  ● PATCH /api/rules/[id]/toggle › should create RULE_ENABLED audit log when enabling

    expect(jest.fn()).toHaveBeenCalledWith(...expected)

    Expected: ObjectContaining {"data": ObjectContaining {"action": "RULE_ENABLED", "entityId": "rule-1", "entityType": "AutomationRule", "result": "SUCCESS"}}
    Received: {"data": {"action": "RULE_ENABLED", "entityId": "rule-1", "entityType": "RULE", "familyId": "family-test-123", "memberId": "parent-test-123", "metadata": {"previousState": false}, "result": "SUCCESS"}}

    Number of calls: 1

      185 |     await PATCH(request, { params: Promise.resolve({ id: 'rule-1' }) });
      186 |
    > 187 |     expect(dbMock.auditLog.create).toHaveBeenCalledWith(
          |                                    ^
      188 |       expect.objectContaining({
      189 |         data: expect.objectContaining({
      190 |           action: 'RULE_ENABLED',

      at Object.toHaveBeenCalledWith (tests/integration/api/rules/[id]/toggle/route.test.ts:187:36)

  ● PATCH /api/rules/[id]/toggle › should create RULE_DISABLED audit log when disabling

    expect(jest.fn()).toHaveBeenCalledWith(...expected)

    Expected: ObjectContaining {"data": ObjectContaining {"action": "RULE_DISABLED", "entityId": "rule-1", "entityType": "AutomationRule", "result": "SUCCESS"}}
    Received: {"data": {"action": "RULE_DISABLED", "entityId": "rule-1", "entityType": "RULE", "familyId": "family-test-123", "memberId": "parent-test-123", "metadata": {"previousState": true}, "result": "SUCCESS"}}

    Number of calls: 1

      210 |     await PATCH(request, { params: Promise.resolve({ id: 'rule-1' }) });
      211 |
    > 212 |     expect(dbMock.auditLog.create).toHaveBeenCalledWith(
          |                                    ^
      213 |       expect.objectContaining({
      214 |         data: expect.objectContaining({
      215 |           action: 'RULE_DISABLED',

      at Object.toHaveBeenCalledWith (tests/integration/api/rules/[id]/toggle/route.test.ts:212:36)

FAIL tests/integration/api/meals/plan/route.test.ts
  ● GET /api/meals/plan › should return empty meal plan if none exists for week

    expect(received).toBe(expected) // Object.is equality

    Expected: "2026-01-05"
    Received: "2026-01-06"

      73 |     const data = await response.json();
      74 |     expect(data.mealPlan).toBeNull();
    > 75 |     expect(data.weekStart).toBe('2026-01-05'); // Monday of that week
         |                            ^
      76 |   });
      77 |
      78 |   it('should return meal plan with entries for the week', async () => {

      at Object.toBe (tests/integration/api/meals/plan/route.test.ts:75:28)

  ● GET /api/meals/plan › should return meal plan with entries for the week

    TypeError: Cannot read properties of null (reading 'id')

      122 |     expect(response.status).toBe(200);
      123 |     const data = await response.json();
    > 124 |     expect(data.mealPlan.id).toBe('plan-1');
          |                          ^
      125 |     expect(data.mealPlan.meals).toHaveLength(2);
      126 |     expect(data.mealPlan.meals[0].customName).toBe('Pancakes');
      127 |   });

      at Object.id (tests/integration/api/meals/plan/route.test.ts:124:26)

  ● GET /api/meals/plan › should normalize week start to Monday

    expect(received).toBe(expected) // Object.is equality

    Expected: "2026-01-05"
    Received: "2026-01-07"

      142 |     const data = await response.json();
      143 |     // Should return Monday of that week
    > 144 |     expect(data.weekStart).toBe('2026-01-05');
          |                            ^
      145 |
      146 |     expect(dbMock.mealPlan.findUnique).toHaveBeenCalledWith({
      147 |       where: {

      at Object.toBe (tests/integration/api/meals/plan/route.test.ts:144:28)

  ● GET /api/meals/plan › should not return meal plans from other families

    expect(jest.fn()).toHaveBeenCalledWith(...expected)

    Expected: ObjectContaining {"where": ObjectContaining {"familyId_weekStart": ObjectContaining {"familyId": "family-test-123"}}}

    Number of calls: 0

      178 |     await GET(request);
      179 |
    > 180 |     expect(dbMock.mealPlan.findUnique).toHaveBeenCalledWith(
          |                                        ^
      181 |       expect.objectContaining({
      182 |         where: expect.objectContaining({
      183 |           familyId_weekStart: expect.objectContaining({

      at Object.toHaveBeenCalledWith (tests/integration/api/meals/plan/route.test.ts:180:40)

  ● POST /api/meals/plan › should create meal plan entry successfully

    expect(received).toBe(expected) // Object.is equality

    Expected: 201
    Received: 500

      349 |     const response = await POST(request);
      350 |
    > 351 |     expect(response.status).toBe(201);
          |                             ^
      352 |     const data = await response.json();
      353 |     expect(data.entry.customName).toBe('Pancakes');
      354 |     expect(data.entry.mealType).toBe('BREAKFAST');

      at Object.toBe (tests/integration/api/meals/plan/route.test.ts:351:29)

  ● POST /api/meals/plan › should create meal plan if it does not exist for week

    expect(jest.fn()).toHaveBeenCalledWith(...expected)

    Expected: {"create": {"familyId": "family-test-123", "weekStart": 2026-01-05T00:00:00.000Z}, "update": {}, "where": {"familyId_weekStart": {"familyId": "family-test-123", "weekStart": 2026-01-05T00:00:00.000Z}}}

    Number of calls: 0

      383 |     await POST(request);
      384 |
    > 385 |     expect(dbMock.mealPlan.upsert).toHaveBeenCalledWith({
          |                                    ^
      386 |       where: {
      387 |         familyId_weekStart: {
      388 |           familyId: session.user.familyId,

      at Object.toHaveBeenCalledWith (tests/integration/api/meals/plan/route.test.ts:385:36)

  ● POST /api/meals/plan › should create audit log on entry creation

    expect(jest.fn()).toHaveBeenCalledWith(...expected)

    Expected: ObjectContaining {"data": ObjectContaining {"action": "MEAL_ENTRY_ADDED", "familyId": "family-test-123", "memberId": "parent-test-123"}}

    Number of calls: 0

      421 |     await POST(request);
      422 |
    > 423 |     expect(dbMock.auditLog.create).toHaveBeenCalledWith(
          |                                    ^
      424 |       expect.objectContaining({
      425 |         data: expect.objectContaining({
      426 |           action: 'MEAL_ENTRY_ADDED',

      at Object.toHaveBeenCalledWith (tests/integration/api/meals/plan/route.test.ts:423:36)

  ● POST /api/meals/plan › should allow parents to create meal entries

    expect(received).toBe(expected) // Object.is equality

    Expected: 201
    Received: 500

      455 |     const response = await POST(request);
      456 |
    > 457 |     expect(response.status).toBe(201);
          |                             ^
      458 |   });
      459 |
      460 |   it('should allow children to create meal entries', async () => {

      at Object.toBe (tests/integration/api/meals/plan/route.test.ts:457:29)

  ● POST /api/meals/plan › should allow children to create meal entries

    expect(received).toBe(expected) // Object.is equality

    Expected: 201
    Received: 500

      481 |     const response = await POST(request);
      482 |
    > 483 |     expect(response.status).toBe(201);
          |                             ^
      484 |   });
      485 |
      486 |   it('should handle all meal types', async () => {

      at Object.toBe (tests/integration/api/meals/plan/route.test.ts:483:29)

  ● POST /api/meals/plan › should handle all meal types

    expect(received).toBe(expected) // Object.is equality

    Expected: 201
    Received: 500

      511 |       const response = await POST(request);
      512 |
    > 513 |       expect(response.status).toBe(201);
          |                               ^
      514 |     }
      515 |   });
      516 | });

      at Object.toBe (tests/integration/api/meals/plan/route.test.ts:513:31)

FAIL tests/integration/api/cron/distribute-allowances/route.test.ts
  ● /api/cron/distribute-allowances › Allowance Distribution › should distribute weekly allowance on correct day

    expect(received).toBe(expected) // Object.is equality

    Expected: 1
    Received: 0

      118 |
      119 |       expect(response.status).toBe(200)
    > 120 |       expect(data.processed).toBe(1)
          |                              ^
      121 |       expect(data.skipped).toBe(0)
      122 |     })
      123 |

      at Object.toBe (tests/integration/api/cron/distribute-allowances/route.test.ts:120:30)

  ● /api/cron/distribute-allowances › Allowance Distribution › should skip paused schedules

    expect(received).toBe(expected) // Object.is equality

    Expected: 1
    Received: 0

      153 |       expect(response.status).toBe(200)
      154 |       expect(data.processed).toBe(0)
    > 155 |       expect(data.skipped).toBe(1)
          |                            ^
      156 |     })
      157 |
      158 |     it('should skip inactive schedules', async () => {

      at Object.toBe (tests/integration/api/cron/distribute-allowances/route.test.ts:155:28)

  ● /api/cron/distribute-allowances › Allowance Distribution › should skip inactive schedules

    expect(received).toBe(expected) // Object.is equality

    Expected: 1
    Received: 0

      187 |       expect(response.status).toBe(200)
      188 |       expect(data.processed).toBe(0)
    > 189 |       expect(data.skipped).toBe(1)
          |                            ^
      190 |     })
      191 |
      192 |     it('should skip schedule on wrong day', async () => {

      at Object.toBe (tests/integration/api/cron/distribute-allowances/route.test.ts:189:28)

  ● /api/cron/distribute-allowances › Allowance Distribution › should skip schedule on wrong day

    expect(received).toBe(expected) // Object.is equality

    Expected: 1
    Received: 0

      222 |       expect(response.status).toBe(200)
      223 |       expect(data.processed).toBe(0)
    > 224 |       expect(data.skipped).toBe(1)
          |                            ^
      225 |     })
      226 |
      227 |     it('should skip already processed today', async () => {

      at Object.toBe (tests/integration/api/cron/distribute-allowances/route.test.ts:224:28)

  ● /api/cron/distribute-allowances › Allowance Distribution › should skip already processed today

    expect(received).toBe(expected) // Object.is equality

    Expected: 1
    Received: 0

      256 |       expect(response.status).toBe(200)
      257 |       expect(data.processed).toBe(0)
    > 258 |       expect(data.skipped).toBe(1)
          |                            ^
      259 |     })
      260 |
      261 |     it('should process monthly allowance on correct day', async () => {

      at Object.toBe (tests/integration/api/cron/distribute-allowances/route.test.ts:258:28)

  ● /api/cron/distribute-allowances › Allowance Distribution › should process monthly allowance on correct day

    expect(received).toBe(expected) // Object.is equality

    Expected: 1
    Received: 0

      302 |
      303 |       expect(response.status).toBe(200)
    > 304 |       expect(data.processed).toBe(1)
          |                              ^
      305 |     })
      306 |
      307 |     it('should handle multiple schedules', async () => {

      at Object.toBe (tests/integration/api/cron/distribute-allowances/route.test.ts:304:30)

  ● /api/cron/distribute-allowances › Allowance Distribution › should handle multiple schedules

    expect(received).toBe(expected) // Object.is equality

    Expected: 2
    Received: 0

      369 |
      370 |       expect(response.status).toBe(200)
    > 371 |       expect(data.processed).toBe(2) // schedule-1 and schedule-2
          |                              ^
      372 |       expect(data.skipped).toBe(1) // schedule-3
      373 |     })
      374 |

      at Object.toBe (tests/integration/api/cron/distribute-allowances/route.test.ts:371:30)

  ● /api/cron/distribute-allowances › Allowance Distribution › should handle errors gracefully

    expect(received).toBeGreaterThan(expected)

    Expected: > 0
    Received:   0

      403 |       expect(response.status).toBe(200)
      404 |       expect(data.processed).toBe(0)
    > 405 |       expect(data.errors).toBeGreaterThan(0)
          |                           ^
      406 |     })
      407 |   })
      408 | })

      at Object.toBeGreaterThan (tests/integration/api/cron/distribute-allowances/route.test.ts:405:27)

FAIL tests/components/rules/TemplateBrowser.test.tsx
  ● TemplateBrowser Component › should reset filter when "All Categories" is clicked

    TestingLibraryElementError: Unable to find an accessible element with the role "button" and name `/all categories/i`

    There are no accessible roles. But there might be some inaccessible roles. If you wish to access them, then set the `hidden` option to `true`. Learn more about this here: https://testing-library.com/docs/dom-testing-library/api-queries#byrole

    Ignored nodes: comments, script, style
    [36m<body[39m
      [33mstyle[39m=[32m"overflow: unset;"[39m
    [36m>[39m
      [36m<div>[39m
        [36m<div[39m
          [33mclass[39m=[32m"min-h-screen bg-canvas-50 dark:bg-slate-900 p-8"[39m
        [36m>[39m
          [36m<div[39m
            [33mclass[39m=[32m"max-w-6xl mx-auto"[39m
          [36m>[39m
            [36m<div[39m
              [33mclass[39m=[32m"text-center py-12"[39m
            [36m>[39m
              [36m<div[39m
                [33mclass[39m=[32m"animate-spin rounded-full h-12 w-12 border-b-2 border-ember-700 mx-auto mb-4"[39m
              [36m/>[39m
              [36m<div[39m
                [33mclass[39m=[32m"text-slate-600 dark:text-slate-400"[39m
              [36m>[39m
                [0mLoading templates...[0m
              [36m</div>[39m
            [36m</div>[39m
          [36m</div>[39m
        [36m</div>[39m
      [36m</div>[39m
    [36m</body>[39m

      141 |
      142 |     // Then click "All Categories"
    > 143 |     const allButton = screen.getByRole('button', { name: /all categories/i });
          |                              ^
      144 |     fireEvent.click(allButton);
      145 |
      146 |     await waitFor(() => {

      at Object.getElementError (node_modules/@testing-library/dom/dist/config.js:37:19)
      at node_modules/@testing-library/dom/dist/query-helpers.js:76:38
      at node_modules/@testing-library/dom/dist/query-helpers.js:52:17
      at node_modules/@testing-library/dom/dist/query-helpers.js:95:19
      at Object.getByRole (tests/components/rules/TemplateBrowser.test.tsx:143:30)

FAIL tests/integration/api/meals/recipes/[id]/route.test.ts
  ● /api/meals/recipes/[id] › GET /api/meals/recipes/[id] › should return recipe by id

    expect(received).toBe(expected) // Object.is equality

    Expected: 200
    Received: 403

      70 |       const response = await GET(request, { params: Promise.resolve({ id: 'recipe-1' }) });
      71 |
    > 72 |       expect(response.status).toBe(200);
         |                               ^
      73 |       const data = await response.json();
      74 |       expect(data.recipe.name).toBe('Spaghetti Carbonara');
      75 |       expect(data.recipe.ingredients).toHaveLength(1);

      at Object.toBe (tests/integration/api/meals/recipes/[id]/route.test.ts:72:31)

  ● /api/meals/recipes/[id] › GET /api/meals/recipes/[id] › should return 404 if recipe not found

    expect(received).toBe(expected) // Object.is equality

    Expected: 404
    Received: 500

      109 |       const response = await GET(request, { params: Promise.resolve({ id: 'nonexistent' }) });
      110 |
    > 111 |       expect(response.status).toBe(404);
          |                               ^
      112 |       const data = await response.json();
      113 |       expect(data.error).toBe('Recipe not found');
      114 |     });

      at Object.toBe (tests/integration/api/meals/recipes/[id]/route.test.ts:111:31)

  ● /api/meals/recipes/[id] › PATCH /api/meals/recipes/[id] › should return 404 if recipe not found

    expect(received).toBe(expected) // Object.is equality

    Expected: 404
    Received: 403

      151 |       const response = await PATCH(request, { params: Promise.resolve({ id: 'nonexistent' }) });
      152 |
    > 153 |       expect(response.status).toBe(404);
          |                               ^
      154 |     });
      155 |
      156 |     it('should return 403 if recipe belongs to different family', async () => {

      at Object.toBe (tests/integration/api/meals/recipes/[id]/route.test.ts:153:31)

  ● /api/meals/recipes/[id] › PATCH /api/meals/recipes/[id] › should update recipe basic fields

    expect(received).toBe(expected) // Object.is equality

    Expected: 200
    Received: 403

      192 |       const response = await PATCH(request, { params: Promise.resolve({ id: 'recipe-1' }) });
      193 |
    > 194 |       expect(response.status).toBe(200);
          |                               ^
      195 |       const data = await response.json();
      196 |       expect(data.recipe.name).toBe('Updated Carbonara');
      197 |       expect(data.message).toBe('Recipe updated successfully');

      at Object.toBe (tests/integration/api/meals/recipes/[id]/route.test.ts:194:31)

  ● /api/meals/recipes/[id] › PATCH /api/meals/recipes/[id] › should update recipe with new ingredients

    expect(received).toBe(expected) // Object.is equality

    Expected: 200
    Received: 403

      272 |       const response = await PATCH(request, { params: Promise.resolve({ id: 'recipe-1' }) });
      273 |
    > 274 |       expect(response.status).toBe(200);
          |                               ^
      275 |       const data = await response.json();
      276 |       expect(data.recipe.ingredients).toHaveLength(1);
      277 |

      at Object.toBe (tests/integration/api/meals/recipes/[id]/route.test.ts:274:31)

  ● /api/meals/recipes/[id] › PATCH /api/meals/recipes/[id] › should update instructions array

    expect(received).toBe(expected) // Object.is equality

    Expected: 200
    Received: 403

      319 |       const response = await PATCH(request, { params: Promise.resolve({ id: 'recipe-1' }) });
      320 |
    > 321 |       expect(response.status).toBe(200);
          |                               ^
      322 |
      323 |       expect(dbMock.recipe.update).toHaveBeenCalledWith({
      324 |         where: { id: 'recipe-1' },

      at Object.toBe (tests/integration/api/meals/recipes/[id]/route.test.ts:321:31)

  ● /api/meals/recipes/[id] › PATCH /api/meals/recipes/[id] › should validate difficulty enum on update

    expect(received).toBe(expected) // Object.is equality

    Expected: 400
    Received: 403

      341 |       const response = await PATCH(request, { params: Promise.resolve({ id: 'recipe-1' }) });
      342 |
    > 343 |       expect(response.status).toBe(400);
          |                               ^
      344 |       const data = await response.json();
      345 |       expect(data.error).toContain('difficulty');
      346 |     });

      at Object.toBe (tests/integration/api/meals/recipes/[id]/route.test.ts:343:31)

  ● /api/meals/recipes/[id] › PATCH /api/meals/recipes/[id] › should handle database errors gracefully

    expect(received).toBe(expected) // Object.is equality

    Expected: 500
    Received: 403

      356 |       const response = await PATCH(request, { params: Promise.resolve({ id: 'recipe-1' }) });
      357 |
    > 358 |       expect(response.status).toBe(500);
          |                               ^
      359 |       const data = await response.json();
      360 |       expect(data.error).toBe('Failed to update recipe');
      361 |     });

      at Object.toBe (tests/integration/api/meals/recipes/[id]/route.test.ts:358:31)

  ● /api/meals/recipes/[id] › DELETE /api/meals/recipes/[id] › should return 404 if recipe not found

    expect(received).toBe(expected) // Object.is equality

    Expected: 404
    Received: 403

      381 |       const response = await DELETE(request, { params: Promise.resolve({ id: 'nonexistent' }) });
      382 |
    > 383 |       expect(response.status).toBe(404);
          |                               ^
      384 |     });
      385 |
      386 |     it('should return 403 if recipe belongs to different family', async () => {

      at Object.toBe (tests/integration/api/meals/recipes/[id]/route.test.ts:383:31)

  ● /api/meals/recipes/[id] › DELETE /api/meals/recipes/[id] › should delete recipe successfully

    expect(received).toBe(expected) // Object.is equality

    Expected: 200
    Received: 403

      409 |       const response = await DELETE(request, { params: Promise.resolve({ id: 'recipe-1' }) });
      410 |
    > 411 |       expect(response.status).toBe(200);
          |                               ^
      412 |       const data = await response.json();
      413 |       expect(data.message).toBe('Recipe deleted successfully');
      414 |

      at Object.toBe (tests/integration/api/meals/recipes/[id]/route.test.ts:411:31)

  ● /api/meals/recipes/[id] › DELETE /api/meals/recipes/[id] › should handle database errors gracefully

    expect(received).toBe(expected) // Object.is equality

    Expected: 500
    Received: 403

      440 |       const response = await DELETE(request, { params: Promise.resolve({ id: 'recipe-1' }) });
      441 |
    > 442 |       expect(response.status).toBe(500);
          |                               ^
      443 |       const data = await response.json();
      444 |       expect(data.error).toBe('Failed to delete recipe');
      445 |     });

      at Object.toBe (tests/integration/api/meals/recipes/[id]/route.test.ts:442:31)

FAIL tests/integration/api/rules/[id]/route.test.ts
  ● GET /api/rules/[id] › should return 403 if rule belongs to different family

    expect(received).toContain(expected) // indexOf

    Expected substring: "Forbidden"
    Received string:    "Access denied"

      105 |
      106 |     expect(response.status).toBe(403);
    > 107 |     expect(data.error).toContain('Forbidden');
          |                        ^
      108 |   });
      109 |
      110 |   it('should return rule details with execution history', async () => {

      at Object.toContain (tests/integration/api/rules/[id]/route.test.ts:107:24)

  ● GET /api/rules/[id] › should return rule details with execution history

    expect(received).toBeDefined()

    Received: undefined

      131 |     expect(data.rule.id).toBe('rule-1');
      132 |     expect(data.rule.name).toBe('Test Rule');
    > 133 |     expect(data.executions).toBeDefined();
          |                             ^
      134 |     expect(data.executions).toHaveLength(1);
      135 |     expect(data.totalExecutions).toBe(5);
      136 |   });

      at Object.toBeDefined (tests/integration/api/rules/[id]/route.test.ts:133:29)

  ● GET /api/rules/[id] › should support pagination for execution history

    expect(received).toBe(expected) // Object.is equality

    Expected: 10
    Received: undefined

      146 |
      147 |     expect(response.status).toBe(200);
    > 148 |     expect(data.limit).toBe(10);
          |                        ^
      149 |     expect(data.offset).toBe(5);
      150 |     expect(dbMock.ruleExecution.findMany).toHaveBeenCalledWith(
      151 |       expect.objectContaining({

      at Object.toBe (tests/integration/api/rules/[id]/route.test.ts:148:24)

  ● GET /api/rules/[id] › should filter execution history by success status

    expect(jest.fn()).toHaveBeenCalledWith(...expected)

    Expected: ObjectContaining {"where": ObjectContaining {"success": true}}

    Number of calls: 0

      166 |
      167 |     expect(response.status).toBe(200);
    > 168 |     expect(dbMock.ruleExecution.findMany).toHaveBeenCalledWith(
          |                                           ^
      169 |       expect.objectContaining({
      170 |         where: expect.objectContaining({
      171 |           success: true,

      at Object.toHaveBeenCalledWith (tests/integration/api/rules/[id]/route.test.ts:168:43)

  ● GET /api/rules/[id] › should include execution statistics

    expect(received).toBeDefined()

    Received: undefined

      196 |
      197 |     expect(response.status).toBe(200);
    > 198 |     expect(data.stats).toBeDefined();
          |                        ^
      199 |     expect(data.stats.totalExecutions).toBe(5);
      200 |     expect(data.stats.successfulExecutions).toBe(4);
      201 |     expect(data.stats.failedExecutions).toBe(1);

      at Object.toBeDefined (tests/integration/api/rules/[id]/route.test.ts:198:24)

  ● PATCH /api/rules/[id] › should return 400 if request body is invalid JSON

    expect(received).toBe(expected) // Object.is equality

    Expected: 400
    Received: 404

      272 |     const data = await response.json();
      273 |
    > 274 |     expect(response.status).toBe(400);
          |                             ^
      275 |     expect(data.error).toContain('Invalid JSON');
      276 |   });
      277 |

      at Object.toBe (tests/integration/api/rules/[id]/route.test.ts:274:29)

  ● PATCH /api/rules/[id] › should return 403 if rule belongs to different family

    expect(received).toBe(expected) // Object.is equality

    Expected: 403
    Received: 404

      303 |     const data = await response.json();
      304 |
    > 305 |     expect(response.status).toBe(403);
          |                             ^
      306 |     expect(data.error).toContain('Forbidden');
      307 |   });
      308 |

      at Object.toBe (tests/integration/api/rules/[id]/route.test.ts:305:29)

  ● PATCH /api/rules/[id] › should return 400 if name is empty string

    expect(received).toBe(expected) // Object.is equality

    Expected: 400
    Received: 200

      429 |     const data = await response.json();
      430 |
    > 431 |     expect(response.status).toBe(400);
          |                             ^
      432 |     expect(data.error).toContain('name');
      433 |   });
      434 |

      at Object.toBe (tests/integration/api/rules/[id]/route.test.ts:431:29)

  ● PATCH /api/rules/[id] › should return 400 if trigger is invalid object

    expect(received).toBe(expected) // Object.is equality

    Expected: 400
    Received: 200

      443 |     const data = await response.json();
      444 |
    > 445 |     expect(response.status).toBe(400);
          |                             ^
      446 |     expect(data.error).toContain('Trigger');
      447 |   });
      448 |

      at Object.toBe (tests/integration/api/rules/[id]/route.test.ts:445:29)

  ● PATCH /api/rules/[id] › should return 400 if actions is not an array

    expect(received).toBe(expected) // Object.is equality

    Expected: 400
    Received: 200

      457 |     const data = await response.json();
      458 |
    > 459 |     expect(response.status).toBe(400);
          |                             ^
      460 |     expect(data.error).toContain('Actions');
      461 |   });
      462 |

      at Object.toBe (tests/integration/api/rules/[id]/route.test.ts:459:29)

  ● PATCH /api/rules/[id] › should return 400 if actions array is empty

    expect(received).toBe(expected) // Object.is equality

    Expected: 400
    Received: 200

      471 |     const data = await response.json();
      472 |
    > 473 |     expect(response.status).toBe(400);
          |                             ^
      474 |     expect(data.error).toContain('action');
      475 |   });
      476 |

      at Object.toBe (tests/integration/api/rules/[id]/route.test.ts:473:29)

  ● PATCH /api/rules/[id] › should validate trigger configuration when updating

    expect(received).toBe(expected) // Object.is equality

    Expected: "Invalid trigger type"
    Received: "Invalid rule configuration"

      491 |
      492 |     expect(response.status).toBe(400);
    > 493 |     expect(data.error).toBe('Invalid trigger type');
          |                        ^
      494 |   });
      495 |
      496 |   it('should validate action configuration when updating', async () => {

      at Object.toBe (tests/integration/api/rules/[id]/route.test.ts:493:24)

  ● PATCH /api/rules/[id] › should validate action configuration when updating

    expect(received).toBe(expected) // Object.is equality

    Expected: "Invalid action type"
    Received: "Invalid rule configuration"

      510 |
      511 |     expect(response.status).toBe(400);
    > 512 |     expect(data.error).toBe('Invalid action type');
          |                        ^
      513 |   });
      514 |
      515 |   it('should support partial updates', async () => {

      at Object.toBe (tests/integration/api/rules/[id]/route.test.ts:512:24)

  ● PATCH /api/rules/[id] › should create audit log when updating rule

    expect(jest.fn()).toHaveBeenCalledWith(...expected)

    Expected: ObjectContaining {"data": ObjectContaining {"action": "RULE_UPDATED", "entityId": "rule-1", "entityType": "AutomationRule"}}

    Number of calls: 0

      550 |     await PATCH(request, { params: Promise.resolve({ id: 'rule-1' }) });
      551 |
    > 552 |     expect(dbMock.auditLog.create).toHaveBeenCalledWith(
          |                                    ^
      553 |       expect.objectContaining({
      554 |         data: expect.objectContaining({
      555 |           action: 'RULE_UPDATED',

      at Object.toHaveBeenCalledWith (tests/integration/api/rules/[id]/route.test.ts:552:36)

  ● PATCH /api/rules/[id] › should trim whitespace from name when updating

    expect(jest.fn()).toHaveBeenCalledWith(...expected)

    Expected: ObjectContaining {"data": ObjectContaining {"name": "Trimmed Name"}}
    Received: {"data": {"name": "  Trimmed Name  "}, "where": {"id": "rule-1"}}

    Number of calls: 1

      574 |     await PATCH(request, { params: Promise.resolve({ id: 'rule-1' }) });
      575 |
    > 576 |     expect(dbMock.automationRule.update).toHaveBeenCalledWith(
          |                                          ^
      577 |       expect.objectContaining({
      578 |         data: expect.objectContaining({
      579 |           name: 'Trimmed Name',

      at Object.toHaveBeenCalledWith (tests/integration/api/rules/[id]/route.test.ts:576:42)

  ● PATCH /api/rules/[id] › should trim whitespace from description when updating

    expect(jest.fn()).toHaveBeenCalledWith(...expected)

    Expected: ObjectContaining {"data": ObjectContaining {"description": "Trimmed Description"}}
    Received: {"data": {"description": "  Trimmed Description  "}, "where": {"id": "rule-1"}}

    Number of calls: 1

      596 |     await PATCH(request, { params: Promise.resolve({ id: 'rule-1' }) });
      597 |
    > 598 |     expect(dbMock.automationRule.update).toHaveBeenCalledWith(
          |                                          ^
      599 |       expect.objectContaining({
      600 |         data: expect.objectContaining({
      601 |           description: 'Trimmed Description',

      at Object.toHaveBeenCalledWith (tests/integration/api/rules/[id]/route.test.ts:598:42)

  ● DELETE /api/rules/[id] › should return 403 if rule belongs to different family

    expect(received).toBe(expected) // Object.is equality

    Expected: 403
    Received: 404

      683 |     const data = await response.json();
      684 |
    > 685 |     expect(response.status).toBe(403);
          |                             ^
      686 |     expect(data.error).toContain('Forbidden');
      687 |   });
      688 |

      at Object.toBe (tests/integration/api/rules/[id]/route.test.ts:685:29)

  ● DELETE /api/rules/[id] › should create audit log when deleting rule

    expect(jest.fn()).toHaveBeenCalledWith(...expected)

    Expected: ObjectContaining {"data": ObjectContaining {"action": "RULE_DELETED", "entityId": "rule-1", "entityType": "AutomationRule", "result": "SUCCESS"}}

    Number of calls: 0

      714 |     await DELETE(request, { params: Promise.resolve({ id: 'rule-1' }) });
      715 |
    > 716 |     expect(dbMock.auditLog.create).toHaveBeenCalledWith(
          |                                    ^
      717 |       expect.objectContaining({
      718 |         data: expect.objectContaining({
      719 |           action: 'RULE_DELETED',

      at Object.toHaveBeenCalledWith (tests/integration/api/rules/[id]/route.test.ts:716:36)

  ● DELETE /api/rules/[id] › should return 500 on database error

    expect(received).toContain(expected) // indexOf

    Expected substring: "Failed to delete rule"
    Received string:    "Failed to delete automation rule"

      739 |
      740 |     expect(response.status).toBe(500);
    > 741 |     expect(data.error).toContain('Failed to delete rule');
          |                        ^
      742 |   });
      743 |
      744 |   it('should cascade delete rule executions', async () => {

      at Object.toContain (tests/integration/api/rules/[id]/route.test.ts:741:24)

  ● DELETE /api/rules/[id] › should include rule metadata in audit log

    expect(jest.fn()).toHaveBeenCalledWith(...expected)

    Expected: ObjectContaining {"data": ObjectContaining {"metadata": ObjectContaining {"ruleName": "Test Rule", "triggerType": "chore_completed"}}}

    Number of calls: 0

      767 |     await DELETE(request, { params: Promise.resolve({ id: 'rule-1' }) });
      768 |
    > 769 |     expect(dbMock.auditLog.create).toHaveBeenCalledWith(
          |                                    ^
      770 |       expect.objectContaining({
      771 |         data: expect.objectContaining({
      772 |           metadata: expect.objectContaining({

      at Object.toHaveBeenCalledWith (tests/integration/api/rules/[id]/route.test.ts:769:36)

FAIL tests/integration/api/projects/route.test.ts
  ● GET /api/projects › Project Listing › should return all projects for the family

    TypeError: expect(received).toHaveLength(expected)

    Matcher error: received value must have a length property whose value must be a number

    Received has value: undefined

      94 |       expect(response.status).toBe(200);
      95 |       const data = await response.json();
    > 96 |       expect(data.projects).toHaveLength(2);
         |                             ^
      97 |       expect(data.projects[0].name).toBe('Birthday Party');
      98 |       expect(data.projects[1].name).toBe('Vacation Planning');
      99 |       expect(dbMock.project.findMany).toHaveBeenCalledWith({

      at Object.toHaveLength (tests/integration/api/projects/route.test.ts:96:29)

  ● GET /api/projects › Project Listing › should filter projects by status

    expect(jest.fn()).toHaveBeenCalledWith(...expected)

    - Expected
    + Received

    @@ -1,16 +1,20 @@
      Object {
        "include": Object {
    -     "_count": Object {
    +     "creator": Object {
            "select": Object {
    -         "tasks": true,
    +         "avatarUrl": true,
    +         "id": true,
    +         "name": true,
            },
          },
    -     "creator": Object {
    +     "tasks": Object {
            "select": Object {
    +         "dueDate": true,
              "id": true,
              "name": true,
    +         "status": true,
            },
          },
        },
        "orderBy": Object {
          "createdAt": "desc",,

    Number of calls: 1

      138 |
      139 |       expect(response.status).toBe(200);
    > 140 |       expect(dbMock.project.findMany).toHaveBeenCalledWith({
          |                                       ^
      141 |         where: {
      142 |           familyId: 'family-test-123',
      143 |           status: 'ACTIVE',

      at Object.toHaveBeenCalledWith (tests/integration/api/projects/route.test.ts:140:39)

  ● GET /api/projects › Project Listing › should return empty array when no projects exist

    expect(received).toEqual(expected) // deep equality

    Expected: []
    Received: undefined

      168 |       expect(response.status).toBe(200);
      169 |       const data = await response.json();
    > 170 |       expect(data.projects).toEqual([]);
          |                             ^
      171 |     });
      172 |
      173 |     it('should only return projects for the user family', async () => {

      at Object.toEqual (tests/integration/api/projects/route.test.ts:170:29)

  ● POST /api/projects › Authentication › should return 403 if user is a child

    expect(received).toBe(expected) // Object.is equality

    Expected: "Only parents can create projects"
    Received: "Only parents can manage projects"

      234 |       expect(response.status).toBe(403);
      235 |       const data = await response.json();
    > 236 |       expect(data.error).toBe('Only parents can create projects');
          |                          ^
      237 |     });
      238 |   });
      239 |

      at Object.toBe (tests/integration/api/projects/route.test.ts:236:26)

  ● POST /api/projects › Validation › should return 400 if name is missing

    expect(received).toBe(expected) // Object.is equality

    Expected: "Name is required"
    Received: "Project name is required"

      251 |       expect(response.status).toBe(400);
      252 |       const data = await response.json();
    > 253 |       expect(data.error).toBe('Name is required');
          |                          ^
      254 |     });
      255 |
      256 |     it('should return 400 if name is empty string', async () => {

      at Object.toBe (tests/integration/api/projects/route.test.ts:253:26)

  ● POST /api/projects › Validation › should return 400 if name is empty string

    expect(received).toBe(expected) // Object.is equality

    Expected: "Name is required"
    Received: "Project name is required"

      266 |       expect(response.status).toBe(400);
      267 |       const data = await response.json();
    > 268 |       expect(data.error).toBe('Name is required');
          |                          ^
      269 |     });
      270 |
      271 |     it('should return 400 if status is invalid', async () => {

      at Object.toBe (tests/integration/api/projects/route.test.ts:268:26)

  ● POST /api/projects › Validation › should return 400 if status is invalid

    expect(received).toBe(expected) // Object.is equality

    Expected: 400
    Received: 500

      280 |       const response = await POST(request);
      281 |
    > 282 |       expect(response.status).toBe(400);
          |                               ^
      283 |       const data = await response.json();
      284 |       expect(data.error).toContain('Invalid status');
      285 |     });

      at Object.toBe (tests/integration/api/projects/route.test.ts:282:31)

  ● POST /api/projects › Validation › should return 400 if budget is negative

    expect(received).toBe(expected) // Object.is equality

    Expected: 400
    Received: 500

      296 |       const response = await POST(request);
      297 |
    > 298 |       expect(response.status).toBe(400);
          |                               ^
      299 |       const data = await response.json();
      300 |       expect(data.error).toBe('Budget must be a positive number');
      301 |     });

      at Object.toBe (tests/integration/api/projects/route.test.ts:298:31)

  ● POST /api/projects › Validation › should return 400 if dueDate is before startDate

    expect(received).toBe(expected) // Object.is equality

    Expected: 400
    Received: 500

      313 |       const response = await POST(request);
      314 |
    > 315 |       expect(response.status).toBe(400);
          |                               ^
      316 |       const data = await response.json();
      317 |       expect(data.error).toBe('Due date must be after start date');
      318 |     });

      at Object.toBe (tests/integration/api/projects/route.test.ts:315:31)

  ● POST /api/projects › Project Creation › should create a project with minimal data

    expect(received).toBe(expected) // Object.is equality

    Expected: 201
    Received: 200

      348 |       const response = await POST(request);
      349 |
    > 350 |       expect(response.status).toBe(201);
          |                               ^
      351 |       const data = await response.json();
      352 |       expect(data.project.name).toBe('Test Project');
      353 |       expect(data.project.status).toBe('ACTIVE');

      at Object.toBe (tests/integration/api/projects/route.test.ts:350:31)

  ● POST /api/projects › Project Creation › should create a project with all fields

    expect(received).toBe(expected) // Object.is equality

    Expected: 201
    Received: 200

      403 |       const response = await POST(request);
      404 |
    > 405 |       expect(response.status).toBe(201);
          |                               ^
      406 |       const data = await response.json();
      407 |       expect(data.project.name).toBe('Birthday Party');
      408 |       expect(data.project.budget).toBe(500);

      at Object.toBe (tests/integration/api/projects/route.test.ts:405:31)

  ● POST /api/projects › Project Creation › should default status to ACTIVE if not provided

    expect(jest.fn()).toHaveBeenCalledWith(...expected)

    Expected: ObjectContaining {"data": ObjectContaining {"status": "ACTIVE"}}
    Received: {"data": {"budget": null, "createdById": "parent-test-123", "description": null, "dueDate": null, "familyId": "family-test-123", "name": "Test Project", "startDate": null}}

    Number of calls: 1

      464 |       await POST(request);
      465 |
    > 466 |       expect(dbMock.project.create).toHaveBeenCalledWith(
          |                                     ^
      467 |         expect.objectContaining({
      468 |           data: expect.objectContaining({
      469 |             status: 'ACTIVE',

      at Object.toHaveBeenCalledWith (tests/integration/api/projects/route.test.ts:466:37)

  ● POST /api/projects › Audit Logging › should create an audit log entry on successful project creation

    expect(jest.fn()).toHaveBeenCalledWith(...expected)

    - Expected
    + Received

      Object {
        "data": Object {
          "action": "PROJECT_CREATED",
    +     "entityId": "project-1",
    +     "entityType": "PROJECT",
          "familyId": "family-test-123",
          "memberId": "parent-test-123",
          "metadata": Object {
            "name": "Test Project",
    -       "projectId": "project-1",
    -       "status": "ACTIVE",
          },
          "result": "SUCCESS",
        },
      },

    Number of calls: 1

      498 |       await POST(request);
      499 |
    > 500 |       expect(dbMock.auditLog.create).toHaveBeenCalledWith({
          |                                      ^
      501 |         data: {
      502 |           familyId: 'family-test-123',
      503 |           memberId: 'parent-test-123',

      at Object.toHaveBeenCalledWith (tests/integration/api/projects/route.test.ts:500:38)

FAIL tests/integration/api/calendar/google/callback/route.test.ts
  ● /api/calendar/google/callback › GET › should return error if state parameter is missing

    expect(received).toContain(expected) // indexOf

    Expected substring: "error=missing_state"
    Received string:    "http://localhost:3001/dashboard/settings/calendars?error=invalid_callback"

      153 |       expect(response.status).toBe(302);
      154 |       expect(response.headers.get('location')).toContain('/dashboard/settings/calendars');
    > 155 |       expect(response.headers.get('location')).toContain('error=missing_state');
          |                                                ^
      156 |     });
      157 |
      158 |     it('should return error if code parameter is missing', async () => {

      at Object.toContain (tests/integration/api/calendar/google/callback/route.test.ts:155:48)

  ● /api/calendar/google/callback › GET › should return error if code parameter is missing

    expect(received).toContain(expected) // indexOf

    Expected substring: "error=missing_code"
    Received string:    "http://localhost:3001/dashboard/settings/calendars?error=invalid_callback"

      168 |       expect(response.status).toBe(302);
      169 |       expect(response.headers.get('location')).toContain('/dashboard/settings/calendars');
    > 170 |       expect(response.headers.get('location')).toContain('error=missing_code');
          |                                                ^
      171 |     });
      172 |
      173 |     it('should return error if state cookie is missing', async () => {

      at Object.toContain (tests/integration/api/calendar/google/callback/route.test.ts:170:48)

  ● /api/calendar/google/callback › GET › should exchange code for tokens and create new connection

    expect(jest.fn()).toHaveBeenCalledWith(...expected)

    Expected: "auth-code-123"

    Number of calls: 0

      225 |       const response = await GET(request);
      226 |
    > 227 |       expect(mockGetTokensFromCode).toHaveBeenCalledWith('auth-code-123');
          |                                     ^
      228 |       expect(encryptToken).toHaveBeenCalledWith('access-token-123');
      229 |       expect(encryptToken).toHaveBeenCalledWith('refresh-token-456');
      230 |

      at Object.toHaveBeenCalledWith (tests/integration/api/calendar/google/callback/route.test.ts:227:37)

  ● /api/calendar/google/callback › GET › should update existing connection if already exists

    expect(jest.fn()).toHaveBeenCalledWith(...expected)

    Expected: {"data": {"accessToken": "encrypted:access-token-123", "googleEmail": "user@example.com", "nextSyncAt": Any<Date>, "refreshToken": "encrypted:refresh-token-456", "syncEnabled": true, "syncError": null, "syncStatus": "ACTIVE", "tokenExpiresAt": 2026-01-05T00:00:00.000Z}, "where": {"id": "connection-existing"}}

    Number of calls: 0

      286 |       const response = await GET(request);
      287 |
    > 288 |       expect(dbMock.calendarConnection.update).toHaveBeenCalledWith({
          |                                                ^
      289 |         where: { id: 'connection-existing' },
      290 |         data: {
      291 |           accessToken: 'encrypted:access-token-123',

      at Object.toHaveBeenCalledWith (tests/integration/api/calendar/google/callback/route.test.ts:288:48)

  ● /api/calendar/google/callback › GET › should handle token exchange errors

    expect(received).toContain(expected) // indexOf

    Expected substring: "error=token_exchange_failed"
    Received string:    "http://localhost:3001/dashboard/settings/calendars?success=calendar_connected"

      323 |       expect(response.status).toBe(302);
      324 |       expect(response.headers.get('location')).toContain('/dashboard/settings/calendars');
    > 325 |       expect(response.headers.get('location')).toContain('error=token_exchange_failed');
          |                                                ^
      326 |     });
      327 |
      328 |     it('should handle missing refresh token error', async () => {

      at Object.toContain (tests/integration/api/calendar/google/callback/route.test.ts:325:48)

  ● /api/calendar/google/callback › GET › should handle missing refresh token error

    expect(received).toContain(expected) // indexOf

    Expected substring: "error=token_exchange_failed"
    Received string:    "http://localhost:3001/dashboard/settings/calendars?success=calendar_connected"

      344 |
      345 |       expect(response.status).toBe(302);
    > 346 |       expect(response.headers.get('location')).toContain('error=token_exchange_failed');
          |                                                ^
      347 |     });
      348 |
      349 |     it('should get user email after token exchange', async () => {

      at Object.toContain (tests/integration/api/calendar/google/callback/route.test.ts:346:48)

  ● /api/calendar/google/callback › GET › should get user email after token exchange

    expect(jest.fn()).toHaveBeenCalled()

    Expected number of calls: >= 1
    Received number of calls:    0

      375 |       const response = await GET(request);
      376 |
    > 377 |       expect(mockGetUserEmail).toHaveBeenCalled();
          |                                ^
      378 |       expect(response.status).toBe(302);
      379 |     });
      380 |

      at Object.toHaveBeenCalled (tests/integration/api/calendar/google/callback/route.test.ts:377:32)

  ● /api/calendar/google/callback › GET › should allow child users to connect calendar

    expect(received).toContain(expected) // indexOf

    Expected substring: "success=true"
    Received string:    "http://localhost:3001/dashboard/settings/calendars?success=calendar_connected"

      400 |
      401 |       expect(response.status).toBe(302);
    > 402 |       expect(response.headers.get('location')).toContain('success=true');
          |                                                ^
      403 |     });
      404 |
      405 |     it('should clear state cookie after successful connection', async () => {

      at Object.toContain (tests/integration/api/calendar/google/callback/route.test.ts:402:48)

  ● /api/calendar/google/callback › GET › should clear state cookie after successful connection

    expect(jest.fn()).toHaveBeenCalledWith(...expected)

    Expected: "google_oauth_state", "", ObjectContaining {"maxAge": 0}

    Number of calls: 0

      431 |
      432 |       // Verify the response clears the cookie (mock environment may not set actual header)
    > 433 |       expect(response.cookies.set).toHaveBeenCalledWith(
          |                                    ^
      434 |         'google_oauth_state',
      435 |         '',
      436 |         expect.objectContaining({

      at Object.toHaveBeenCalledWith (tests/integration/api/calendar/google/callback/route.test.ts:433:36)

  ● /api/calendar/google/callback › GET › should set nextSyncAt to current time for immediate first sync

    TypeError: Cannot read properties of undefined (reading '0')

      471 |
      472 |       // Second create call is the final connection (first is temp)
    > 473 |       const createCall = dbMock.calendarConnection.create.mock.calls[1][0];
          |                                                                        ^
      474 |       const nextSyncAt = createCall.data.nextSyncAt;
      475 |
      476 |       expect(nextSyncAt).toBeDefined();

      at Object.<anonymous> (tests/integration/api/calendar/google/callback/route.test.ts:473:72)

FAIL tests/integration/api/calendar/events/route.test.ts
  ● /api/calendar/events › GET › should return events for authenticated user

    expect(received).toBe(expected) // Object.is equality

    Expected: 200
    Received: 400

      55 |       const data = await response.json()
      56 |
    > 57 |       expect(response.status).toBe(200)
         |                               ^
      58 |       expect(data.events).toEqual(mockEvents)
      59 |       expect(dbMock.calendarEvent.findMany).toHaveBeenCalledWith({
      60 |         where: { familyId: session.user.familyId },

      at Object.toBe (tests/integration/api/calendar/events/route.test.ts:57:31)

  ● /api/calendar/events › GET › should filter by date range if provided

    expect(jest.fn()).toHaveBeenCalledWith(...expected)

    - Expected
    + Received

      Object {
    -   "include": Any<Object>,
    -   "orderBy": Object {
    -     "startTime": "asc",
    -   },
    -   "where": Object {
    -     "OR": Array [
    -       Object {
    -         "startTime": Object {
    -           "gte": 2025-01-01T00:00:00.000Z,
    -           "lte": 2025-01-31T00:00:00.000Z,
    +   "include": Object {
    +     "assignments": Object {
    +       "select": Object {
    +         "avatarUrl)": true,
    +         "id": true,
    +         "member:familyMembers(id": true,
    +         "name": true,
            },
          },
    -       Object {
    -         "endTime": Object {
    -           "gte": 2025-01-01T00:00:00.000Z,
    -           "lte": 2025-01-31T00:00:00.000Z,
    +     "creator": Object {
    +       "select": Object {
    +         "avatarUrl": true,
    +         "id": true,
    +         "name": true,
            },
          },
    -       Object {
    -         "AND": Array [
    -           Object {
    -             "startTime": Object {
    -               "lte": 2025-01-01T00:00:00.000Z,
        },
    +   "orderBy": Object {
    +     "startTime": "asc",
        },
    -           Object {
    +   "where": Object {
          "endTime": Object {
    -               "gte": 2025-01-31T00:00:00.000Z,
    +       "gte": "2025-01-01",
          },
    -           },
    -         ],
    +     "familyId": "family-test-123",
    +     "startTime": Object {
    +       "lte": "2025-01-31",
          },
    -     ],
    -     "familyId": "family-test-123",
        },
      },

    Number of calls: 1

      77 |       await GET(request)
      78 |
    > 79 |       expect(dbMock.calendarEvent.findMany).toHaveBeenCalledWith({
         |                                             ^
      80 |         where: {
      81 |           familyId: session.user.familyId,
      82 |           OR: [

      at Object.toHaveBeenCalledWith (tests/integration/api/calendar/events/route.test.ts:79:45)

  ● /api/calendar/events › POST › should return 404 if family not found

    expect(received).toBe(expected) // Object.is equality

    Expected: 404
    Received: 500

      146 |       const data = await response.json()
      147 |
    > 148 |       expect(response.status).toBe(404)
          |                               ^
      149 |       expect(data.error).toBe('Family not found')
      150 |     })
      151 |

      at Object.toBe (tests/integration/api/calendar/events/route.test.ts:148:31)

  ● /api/calendar/events › POST › should return 400 if title is missing

    expect(received).toBe(expected) // Object.is equality

    Expected: "Title and start time are required"
    Received: "Title, start time, and end time are required"

      167 |
      168 |       expect(response.status).toBe(400)
    > 169 |       expect(data.error).toBe('Title and start time are required')
          |                          ^
      170 |     })
      171 |
      172 |     it('should return 400 if startTime is missing', async () => {

      at Object.toBe (tests/integration/api/calendar/events/route.test.ts:169:26)

  ● /api/calendar/events › POST › should return 400 if startTime is missing

    expect(received).toBe(expected) // Object.is equality

    Expected: "Title and start time are required"
    Received: "Title, start time, and end time are required"

      187 |
      188 |       expect(response.status).toBe(400)
    > 189 |       expect(data.error).toBe('Title and start time are required')
          |                          ^
      190 |     })
      191 |
      192 |     it('should create event successfully', async () => {

      at Object.toBe (tests/integration/api/calendar/events/route.test.ts:189:26)

  ● /api/calendar/events › POST › should create event successfully

    expect(received).toBe(expected) // Object.is equality

    Expected: 200
    Received: 500

      223 |       const data = await response.json()
      224 |
    > 225 |       expect(response.status).toBe(200)
          |                               ^
      226 |       expect(data.message).toBe('Event created successfully')
      227 |       expect(data.event).toBeDefined()
      228 |       expect(dbMock.$transaction).toHaveBeenCalled()

      at Object.toBe (tests/integration/api/calendar/events/route.test.ts:225:31)

  ● /api/calendar/events › POST › should use startTime as endTime if endTime not provided

    TypeError: Cannot read properties of undefined (reading '0')

      258 |       await POST(request)
      259 |
    > 260 |       const txCallback = (dbMock.$transaction as jest.Mock).mock.calls[0][0]
          |                                                                          ^
      261 |       const mockTx = {
      262 |         calendarEvent: {
      263 |           create: jest.fn(),

      at Object.<anonymous> (tests/integration/api/calendar/events/route.test.ts:260:74)

  ● /api/calendar/events › POST › should create assignments if provided

    TypeError: Cannot read properties of undefined (reading '0')

      300 |       await POST(request)
      301 |
    > 302 |       const txCallback = (dbMock.$transaction as jest.Mock).mock.calls[0][0]
          |                                                                          ^
      303 |       const mockTx = {
      304 |         calendarEvent: {
      305 |           create: jest.fn().mockResolvedValue({ id: 'event-1' }),

      at Object.<anonymous> (tests/integration/api/calendar/events/route.test.ts:302:74)

FAIL tests/integration/api/dashboard/layout.test.ts
  ● /api/dashboard/layout › GET › should return default layout when user has no saved layout

    expect(received).toBeGreaterThan(expected)

    Expected: > 0
    Received:   0

      70 |       expect(data.layout).toBeDefined();
      71 |       expect(data.layout.widgets).toBeInstanceOf(Array);
    > 72 |       expect(data.layout.widgets.length).toBeGreaterThan(0);
         |                                          ^
      73 |       expect(data.availableWidgets).toBeInstanceOf(Array);
      74 |
      75 |       // Verify default widgets are enabled and ordered

      at Object.toBeGreaterThan (tests/integration/api/dashboard/layout.test.ts:72:42)

  ● /api/dashboard/layout › GET › should return saved layout when user has preferences

    expect(received).toBeGreaterThanOrEqual(expected)

    Expected: >= 3
    Received:    0

      138 |       expect(response.status).toBe(200);
      139 |       // Should have the 3 saved widgets plus weather (which has no module requirement)
    > 140 |       expect(data.layout.widgets.length).toBeGreaterThanOrEqual(3);
          |                                          ^
      141 |       expect(data.layout.widgets[0].id).toBe('calendar');
      142 |       expect(data.layout.widgets[1].id).toBe('chores');
      143 |       expect(data.layout.widgets[2].id).toBe('todos');

      at Object.toBeGreaterThanOrEqual (tests/integration/api/dashboard/layout.test.ts:140:42)

  ● /api/dashboard/layout › GET › should filter out widgets for disabled modules

    expect(received).toBe(expected) // Object.is equality

    Expected: true
    Received: false

      184 |       // Shopping widget should be filtered out
      185 |       expect(data.layout.widgets.some((w: any) => w.id === 'shopping')).toBe(false);
    > 186 |       expect(data.layout.widgets.some((w: any) => w.id === 'chores')).toBe(true);
          |                                                                       ^
      187 |     });
      188 |   });
      189 |

      at Object.toBe (tests/integration/api/dashboard/layout.test.ts:186:71)

  ● /api/dashboard/layout › PUT › should create new layout for user

    expect(jest.fn()).toHaveBeenCalledWith(...expected)

    Expected: {"data": {"layout": {"widgets": [{"enabled": true, "id": "chores", "order": 0, "size": "default"}, {"enabled": true, "id": "screentime", "order": 1, "size": "default"}]}, "memberId": "child-1"}}

    Number of calls: 0

      244 |       expect(response.status).toBe(200);
      245 |       expect(data.success).toBe(true);
    > 246 |       expect(dbMock.dashboardLayout.create).toHaveBeenCalledWith({
          |                                             ^
      247 |         data: {
      248 |           memberId: 'child-1',
      249 |           layout: newLayout,

      at Object.toHaveBeenCalledWith (tests/integration/api/dashboard/layout.test.ts:246:45)

  ● /api/dashboard/layout › PUT › should update existing layout for user

    expect(jest.fn()).toHaveBeenCalledWith(...expected)

    Expected: {"data": {"layout": {"widgets": [{"enabled": true, "id": "calendar", "order": 0, "size": "default"}, {"enabled": true, "id": "chores", "order": 1, "size": "default"}]}}, "where": {"memberId": "parent-1"}}

    Number of calls: 0

      301 |       expect(response.status).toBe(200);
      302 |       expect(data.success).toBe(true);
    > 303 |       expect(dbMock.dashboardLayout.update).toHaveBeenCalledWith({
          |                                             ^
      304 |         where: { memberId: 'parent-1' },
      305 |         data: { layout: updatedLayout },
      306 |       });

      at Object.toHaveBeenCalledWith (tests/integration/api/dashboard/layout.test.ts:303:45)

  ● /api/dashboard/layout › PUT › should reject invalid widget IDs

    expect(received).toBe(expected) // Object.is equality

    Expected: 400
    Received: 200

      336 |       const data = await response.json();
      337 |
    > 338 |       expect(response.status).toBe(400);
          |                               ^
      339 |       expect(data.error).toContain('Invalid');
      340 |     });
      341 |

      at Object.toBe (tests/integration/api/dashboard/layout.test.ts:338:31)

  ● /api/dashboard/layout › PUT › should reject widgets for disabled modules

    expect(received).toBe(expected) // Object.is equality

    Expected: 400
    Received: 200

      371 |       const data = await response.json();
      372 |
    > 373 |       expect(response.status).toBe(400);
          |                               ^
      374 |       expect(data.error).toContain('not available');
      375 |     });
      376 |   });

      at Object.toBe (tests/integration/api/dashboard/layout.test.ts:373:31)

  ● /api/dashboard/layout › POST /reset › should delete user layout and return default

    TypeError: Cannot read properties of null (reading 'widgets')

      423 |       expect(data.success).toBe(true);
      424 |       expect(data.layout).toBeDefined();
    > 425 |       expect(data.layout.widgets).toBeInstanceOf(Array);
          |                          ^
      426 |       expect(dbMock.dashboardLayout.delete).toHaveBeenCalledWith({
      427 |         where: { memberId: 'child-1' },
      428 |       });

      at Object.widgets (tests/integration/api/dashboard/layout.test.ts:425:26)

FAIL tests/components/dashboard/DashboardNav.test.tsx
  ● DashboardNav › should render navigation links

    useActiveFamily must be used within an ActiveFamilyProvider

      55 |   const context = useContext(ActiveFamilyContext);
      56 |   if (context === undefined) {
    > 57 |     throw new Error('useActiveFamily must be used within an ActiveFamilyProvider');
         |           ^
      58 |   }
      59 |   return context;
      60 | }

      at useActiveFamily (src/contexts/ActiveFamilyContext.tsx:57:11)
      at FamilySwitcher (src/components/FamilySwitcher.tsx:15:64)
      at Object.react_stack_bottom_frame (node_modules/react-dom/cjs/react-dom-client.development.js:25904:20)
      at renderWithHooks (node_modules/react-dom/cjs/react-dom-client.development.js:7662:22)
      at updateFunctionComponent (node_modules/react-dom/cjs/react-dom-client.development.js:10166:19)
      at beginWork (node_modules/react-dom/cjs/react-dom-client.development.js:11778:18)
      at runWithFiberInDEV (node_modules/react-dom/cjs/react-dom-client.development.js:874:13)
      at performUnitOfWork (node_modules/react-dom/cjs/react-dom-client.development.js:17641:22)
      at workLoopSync (node_modules/react-dom/cjs/react-dom-client.development.js:17469:41)
      at renderRootSync (node_modules/react-dom/cjs/react-dom-client.development.js:17450:11)
      at performWorkOnRoot (node_modules/react-dom/cjs/react-dom-client.development.js:16583:35)
      at performWorkOnRootViaSchedulerTask (node_modules/react-dom/cjs/react-dom-client.development.js:18957:7)
      at flushActQueue (node_modules/react/cjs/react.development.js:590:34)
      at process.env.NODE_ENV.exports.act (node_modules/react/cjs/react.development.js:884:10)
      at node_modules/@testing-library/react/dist/act-compat.js:46:25
      at renderRoot (node_modules/@testing-library/react/dist/pure.js:189:26)
      at render (node_modules/@testing-library/react/dist/pure.js:291:10)
      at Object.<anonymous> (tests/components/dashboard/DashboardNav.test.tsx:51:11)

  ● DashboardNav › should highlight active route

    useActiveFamily must be used within an ActiveFamilyProvider

      55 |   const context = useContext(ActiveFamilyContext);
      56 |   if (context === undefined) {
    > 57 |     throw new Error('useActiveFamily must be used within an ActiveFamilyProvider');
         |           ^
      58 |   }
      59 |   return context;
      60 | }

      at useActiveFamily (src/contexts/ActiveFamilyContext.tsx:57:11)
      at FamilySwitcher (src/components/FamilySwitcher.tsx:15:64)
      at Object.react_stack_bottom_frame (node_modules/react-dom/cjs/react-dom-client.development.js:25904:20)
      at renderWithHooks (node_modules/react-dom/cjs/react-dom-client.development.js:7662:22)
      at updateFunctionComponent (node_modules/react-dom/cjs/react-dom-client.development.js:10166:19)
      at beginWork (node_modules/react-dom/cjs/react-dom-client.development.js:11778:18)
      at runWithFiberInDEV (node_modules/react-dom/cjs/react-dom-client.development.js:874:13)
      at performUnitOfWork (node_modules/react-dom/cjs/react-dom-client.development.js:17641:22)
      at workLoopSync (node_modules/react-dom/cjs/react-dom-client.development.js:17469:41)
      at renderRootSync (node_modules/react-dom/cjs/react-dom-client.development.js:17450:11)
      at performWorkOnRoot (node_modules/react-dom/cjs/react-dom-client.development.js:16583:35)
      at performWorkOnRootViaSchedulerTask (node_modules/react-dom/cjs/react-dom-client.development.js:18957:7)
      at flushActQueue (node_modules/react/cjs/react.development.js:590:34)
      at process.env.NODE_ENV.exports.act (node_modules/react/cjs/react.development.js:884:10)
      at node_modules/@testing-library/react/dist/act-compat.js:46:25
      at renderRoot (node_modules/@testing-library/react/dist/pure.js:189:26)
      at render (node_modules/@testing-library/react/dist/pure.js:291:10)
      at Object.<anonymous> (tests/components/dashboard/DashboardNav.test.tsx:63:11)

  ● DashboardNav › should show parent-only navigation items for parents

    useActiveFamily must be used within an ActiveFamilyProvider

      55 |   const context = useContext(ActiveFamilyContext);
      56 |   if (context === undefined) {
    > 57 |     throw new Error('useActiveFamily must be used within an ActiveFamilyProvider');
         |           ^
      58 |   }
      59 |   return context;
      60 | }

      at useActiveFamily (src/contexts/ActiveFamilyContext.tsx:57:11)
      at FamilySwitcher (src/components/FamilySwitcher.tsx:15:64)
      at Object.react_stack_bottom_frame (node_modules/react-dom/cjs/react-dom-client.development.js:25904:20)
      at renderWithHooks (node_modules/react-dom/cjs/react-dom-client.development.js:7662:22)
      at updateFunctionComponent (node_modules/react-dom/cjs/react-dom-client.development.js:10166:19)
      at beginWork (node_modules/react-dom/cjs/react-dom-client.development.js:11778:18)
      at runWithFiberInDEV (node_modules/react-dom/cjs/react-dom-client.development.js:874:13)
      at performUnitOfWork (node_modules/react-dom/cjs/react-dom-client.development.js:17641:22)
      at workLoopSync (node_modules/react-dom/cjs/react-dom-client.development.js:17469:41)
      at renderRootSync (node_modules/react-dom/cjs/react-dom-client.development.js:17450:11)
      at performWorkOnRoot (node_modules/react-dom/cjs/react-dom-client.development.js:16583:35)
      at performWorkOnRootViaSchedulerTask (node_modules/react-dom/cjs/react-dom-client.development.js:18957:7)
      at flushActQueue (node_modules/react/cjs/react.development.js:590:34)
      at process.env.NODE_ENV.exports.act (node_modules/react/cjs/react.development.js:884:10)
      at node_modules/@testing-library/react/dist/act-compat.js:46:25
      at renderRoot (node_modules/@testing-library/react/dist/pure.js:189:26)
      at render (node_modules/@testing-library/react/dist/pure.js:291:10)
      at Object.<anonymous> (tests/components/dashboard/DashboardNav.test.tsx:81:11)

  ● DashboardNav › should not show parent-only items for children

    useActiveFamily must be used within an ActiveFamilyProvider

      55 |   const context = useContext(ActiveFamilyContext);
      56 |   if (context === undefined) {
    > 57 |     throw new Error('useActiveFamily must be used within an ActiveFamilyProvider');
         |           ^
      58 |   }
      59 |   return context;
      60 | }

      at useActiveFamily (src/contexts/ActiveFamilyContext.tsx:57:11)
      at FamilySwitcher (src/components/FamilySwitcher.tsx:15:64)
      at Object.react_stack_bottom_frame (node_modules/react-dom/cjs/react-dom-client.development.js:25904:20)
      at renderWithHooks (node_modules/react-dom/cjs/react-dom-client.development.js:7662:22)
      at updateFunctionComponent (node_modules/react-dom/cjs/react-dom-client.development.js:10166:19)
      at beginWork (node_modules/react-dom/cjs/react-dom-client.development.js:11778:18)
      at runWithFiberInDEV (node_modules/react-dom/cjs/react-dom-client.development.js:874:13)
      at performUnitOfWork (node_modules/react-dom/cjs/react-dom-client.development.js:17641:22)
      at workLoopSync (node_modules/react-dom/cjs/react-dom-client.development.js:17469:41)
      at renderRootSync (node_modules/react-dom/cjs/react-dom-client.development.js:17450:11)
      at performWorkOnRoot (node_modules/react-dom/cjs/react-dom-client.development.js:16583:35)
      at performWorkOnRootViaSchedulerTask (node_modules/react-dom/cjs/react-dom-client.development.js:18957:7)
      at flushActQueue (node_modules/react/cjs/react.development.js:590:34)
      at process.env.NODE_ENV.exports.act (node_modules/react/cjs/react.development.js:884:10)
      at node_modules/@testing-library/react/dist/act-compat.js:46:25
      at renderRoot (node_modules/@testing-library/react/dist/pure.js:189:26)
      at render (node_modules/@testing-library/react/dist/pure.js:291:10)
      at Object.<anonymous> (tests/components/dashboard/DashboardNav.test.tsx:90:11)

  ● DashboardNav › should navigate when nav item is clicked

    useActiveFamily must be used within an ActiveFamilyProvider

      55 |   const context = useContext(ActiveFamilyContext);
      56 |   if (context === undefined) {
    > 57 |     throw new Error('useActiveFamily must be used within an ActiveFamilyProvider');
         |           ^
      58 |   }
      59 |   return context;
      60 | }

      at useActiveFamily (src/contexts/ActiveFamilyContext.tsx:57:11)
      at FamilySwitcher (src/components/FamilySwitcher.tsx:15:64)
      at Object.react_stack_bottom_frame (node_modules/react-dom/cjs/react-dom-client.development.js:25904:20)
      at renderWithHooks (node_modules/react-dom/cjs/react-dom-client.development.js:7662:22)
      at updateFunctionComponent (node_modules/react-dom/cjs/react-dom-client.development.js:10166:19)
      at beginWork (node_modules/react-dom/cjs/react-dom-client.development.js:11778:18)
      at runWithFiberInDEV (node_modules/react-dom/cjs/react-dom-client.development.js:874:13)
      at performUnitOfWork (node_modules/react-dom/cjs/react-dom-client.development.js:17641:22)
      at workLoopSync (node_modules/react-dom/cjs/react-dom-client.development.js:17469:41)
      at renderRootSync (node_modules/react-dom/cjs/react-dom-client.development.js:17450:11)
      at performWorkOnRoot (node_modules/react-dom/cjs/react-dom-client.development.js:16583:35)
      at performWorkOnRootViaSchedulerTask (node_modules/react-dom/cjs/react-dom-client.development.js:18957:7)
      at flushActQueue (node_modules/react/cjs/react.development.js:590:34)
      at process.env.NODE_ENV.exports.act (node_modules/react/cjs/react.development.js:884:10)
      at node_modules/@testing-library/react/dist/act-compat.js:46:25
      at renderRoot (node_modules/@testing-library/react/dist/pure.js:189:26)
      at render (node_modules/@testing-library/react/dist/pure.js:291:10)
      at Object.<anonymous> (tests/components/dashboard/DashboardNav.test.tsx:99:11)

  ● DashboardNav › should call signOut when sign out button is clicked

    useActiveFamily must be used within an ActiveFamilyProvider

      55 |   const context = useContext(ActiveFamilyContext);
      56 |   if (context === undefined) {
    > 57 |     throw new Error('useActiveFamily must be used within an ActiveFamilyProvider');
         |           ^
      58 |   }
      59 |   return context;
      60 | }

      at useActiveFamily (src/contexts/ActiveFamilyContext.tsx:57:11)
      at FamilySwitcher (src/components/FamilySwitcher.tsx:15:64)
      at Object.react_stack_bottom_frame (node_modules/react-dom/cjs/react-dom-client.development.js:25904:20)
      at renderWithHooks (node_modules/react-dom/cjs/react-dom-client.development.js:7662:22)
      at updateFunctionComponent (node_modules/react-dom/cjs/react-dom-client.development.js:10166:19)
      at beginWork (node_modules/react-dom/cjs/react-dom-client.development.js:11778:18)
      at runWithFiberInDEV (node_modules/react-dom/cjs/react-dom-client.development.js:874:13)
      at performUnitOfWork (node_modules/react-dom/cjs/react-dom-client.development.js:17641:22)
      at workLoopSync (node_modules/react-dom/cjs/react-dom-client.development.js:17469:41)
      at renderRootSync (node_modules/react-dom/cjs/react-dom-client.development.js:17450:11)
      at performWorkOnRoot (node_modules/react-dom/cjs/react-dom-client.development.js:16583:35)
      at performWorkOnRootViaSchedulerTask (node_modules/react-dom/cjs/react-dom-client.development.js:18957:7)
      at flushActQueue (node_modules/react/cjs/react.development.js:590:34)
      at process.env.NODE_ENV.exports.act (node_modules/react/cjs/react.development.js:884:10)
      at node_modules/@testing-library/react/dist/act-compat.js:46:25
      at renderRoot (node_modules/@testing-library/react/dist/pure.js:189:26)
      at render (node_modules/@testing-library/react/dist/pure.js:291:10)
      at Object.<anonymous> (tests/components/dashboard/DashboardNav.test.tsx:110:11)

  ● DashboardNav › should display user name and role

    useActiveFamily must be used within an ActiveFamilyProvider

      55 |   const context = useContext(ActiveFamilyContext);
      56 |   if (context === undefined) {
    > 57 |     throw new Error('useActiveFamily must be used within an ActiveFamilyProvider');
         |           ^
      58 |   }
      59 |   return context;
      60 | }

      at useActiveFamily (src/contexts/ActiveFamilyContext.tsx:57:11)
      at FamilySwitcher (src/components/FamilySwitcher.tsx:15:64)
      at Object.react_stack_bottom_frame (node_modules/react-dom/cjs/react-dom-client.development.js:25904:20)
      at renderWithHooks (node_modules/react-dom/cjs/react-dom-client.development.js:7662:22)
      at updateFunctionComponent (node_modules/react-dom/cjs/react-dom-client.development.js:10166:19)
      at beginWork (node_modules/react-dom/cjs/react-dom-client.development.js:11778:18)
      at runWithFiberInDEV (node_modules/react-dom/cjs/react-dom-client.development.js:874:13)
      at performUnitOfWork (node_modules/react-dom/cjs/react-dom-client.development.js:17641:22)
      at workLoopSync (node_modules/react-dom/cjs/react-dom-client.development.js:17469:41)
      at renderRootSync (node_modules/react-dom/cjs/react-dom-client.development.js:17450:11)
      at performWorkOnRoot (node_modules/react-dom/cjs/react-dom-client.development.js:16583:35)
      at performWorkOnRootViaSchedulerTask (node_modules/react-dom/cjs/react-dom-client.development.js:18957:7)
      at flushActQueue (node_modules/react/cjs/react.development.js:590:34)
      at process.env.NODE_ENV.exports.act (node_modules/react/cjs/react.development.js:884:10)
      at node_modules/@testing-library/react/dist/act-compat.js:46:25
      at renderRoot (node_modules/@testing-library/react/dist/pure.js:189:26)
      at render (node_modules/@testing-library/react/dist/pure.js:291:10)
      at Object.<anonymous> (tests/components/dashboard/DashboardNav.test.tsx:121:11)

  ● DashboardNav › should navigate to dashboard when logo is clicked

    useActiveFamily must be used within an ActiveFamilyProvider

      55 |   const context = useContext(ActiveFamilyContext);
      56 |   if (context === undefined) {
    > 57 |     throw new Error('useActiveFamily must be used within an ActiveFamilyProvider');
         |           ^
      58 |   }
      59 |   return context;
      60 | }

      at useActiveFamily (src/contexts/ActiveFamilyContext.tsx:57:11)
      at FamilySwitcher (src/components/FamilySwitcher.tsx:15:64)
      at Object.react_stack_bottom_frame (node_modules/react-dom/cjs/react-dom-client.development.js:25904:20)
      at renderWithHooks (node_modules/react-dom/cjs/react-dom-client.development.js:7662:22)
      at updateFunctionComponent (node_modules/react-dom/cjs/react-dom-client.development.js:10166:19)
      at beginWork (node_modules/react-dom/cjs/react-dom-client.development.js:11778:18)
      at runWithFiberInDEV (node_modules/react-dom/cjs/react-dom-client.development.js:874:13)
      at performUnitOfWork (node_modules/react-dom/cjs/react-dom-client.development.js:17641:22)
      at workLoopSync (node_modules/react-dom/cjs/react-dom-client.development.js:17469:41)
      at renderRootSync (node_modules/react-dom/cjs/react-dom-client.development.js:17450:11)
      at performWorkOnRoot (node_modules/react-dom/cjs/react-dom-client.development.js:16583:35)
      at performWorkOnRootViaSchedulerTask (node_modules/react-dom/cjs/react-dom-client.development.js:18957:7)
      at flushActQueue (node_modules/react/cjs/react.development.js:590:34)
      at process.env.NODE_ENV.exports.act (node_modules/react/cjs/react.development.js:884:10)
      at node_modules/@testing-library/react/dist/act-compat.js:46:25
      at renderRoot (node_modules/@testing-library/react/dist/pure.js:189:26)
      at render (node_modules/@testing-library/react/dist/pure.js:291:10)
      at Object.<anonymous> (tests/components/dashboard/DashboardNav.test.tsx:130:11)

FAIL tests/integration/api/health/events/route.test.ts
  ● /api/health/events › GET › should return all health events for family

    expect(jest.fn()).toHaveBeenCalledWith(...expected)

    - Expected
    + Received

      Object {
        "include": Object {
    -     "medications": Object {
    -       "orderBy": Object {
    -         "givenAt": "desc",
    -       },
    -     },
          "member": Object {
            "select": Object {
    +         "familyId": true,
              "id": true,
              "name": true,
    -       },
    -     },
    -     "symptoms": Object {
    -       "orderBy": Object {
    -         "recordedAt": "desc",
            },
          },
        },
        "orderBy": Object {
          "startedAt": "desc",
    -   },
    -   "where": Object {
    -     "member": Object {
    -       "familyId": "family-test-123",
    -     },
        },
      },

    Number of calls: 1

       95 |       expect(data.events[0].severity).toBe(5);
       96 |
    >  97 |       expect(dbMock.healthEvent.findMany).toHaveBeenCalledWith({
          |                                           ^
       98 |         where: {
       99 |           member: {
      100 |             familyId: 'family-test-123',

      at Object.toHaveBeenCalledWith (tests/integration/api/health/events/route.test.ts:97:43)

  ● /api/health/events › GET › should filter health events by memberId

    expect(jest.fn()).toHaveBeenCalledWith(...expected)

    - Expected
    + Received

      Object {
    -   "include": Any<Object>,
    +   "include": Object {
    +     "member": Object {
    +       "select": Object {
    +         "familyId": true,
    +         "id": true,
    +         "name": true,
    +       },
    +     },
    +   },
        "orderBy": Object {
          "startedAt": "desc",
        },
        "where": Object {
    -     "member": Object {
    -       "familyId": "family-test-123",
    -     },
          "memberId": "child-test-123",
        },
      },

    Number of calls: 1

      142 |       expect(data.events).toHaveLength(1);
      143 |
    > 144 |       expect(dbMock.healthEvent.findMany).toHaveBeenCalledWith({
          |                                           ^
      145 |         where: {
      146 |           memberId: 'child-test-123',
      147 |           member: {

      at Object.toHaveBeenCalledWith (tests/integration/api/health/events/route.test.ts:144:43)

  ● /api/health/events › GET › should filter health events by eventType

    expect(jest.fn()).toHaveBeenCalledWith(...expected)

    - Expected
    + Received

      Object {
    -   "include": Any<Object>,
    +   "include": Object {
    +     "member": Object {
    +       "select": Object {
    +         "familyId": true,
    +         "id": true,
    +         "name": true,
    +       },
    +     },
    +   },
        "orderBy": Object {
          "startedAt": "desc",
        },
        "where": Object {
          "eventType": "ILLNESS",
    -     "member": Object {
    -       "familyId": "family-test-123",
    -     },
        },
      },

    Number of calls: 1

      168 |       expect(data.events).toHaveLength(1);
      169 |
    > 170 |       expect(dbMock.healthEvent.findMany).toHaveBeenCalledWith({
          |                                           ^
      171 |         where: {
      172 |           eventType: 'ILLNESS',
      173 |           member: {

      at Object.toHaveBeenCalledWith (tests/integration/api/health/events/route.test.ts:170:43)

  ● /api/health/events › GET › should filter to show only active events

    expect(jest.fn()).toHaveBeenCalledWith(...expected)

    - Expected
    + Received

      Object {
    -   "include": Any<Object>,
    +   "include": Object {
    +     "member": Object {
    +       "select": Object {
    +         "familyId": true,
    +         "id": true,
    +         "name": true,
    +       },
    +     },
    +   },
        "orderBy": Object {
          "startedAt": "desc",
        },
        "where": Object {
          "endedAt": null,
    -     "member": Object {
    -       "familyId": "family-test-123",
    -     },
        },
      },

    Number of calls: 1

      194 |       expect(data.events).toHaveLength(1);
      195 |
    > 196 |       expect(dbMock.healthEvent.findMany).toHaveBeenCalledWith({
          |                                           ^
      197 |         where: {
      198 |           endedAt: null,
      199 |           member: {

      at Object.toHaveBeenCalledWith (tests/integration/api/health/events/route.test.ts:196:43)

  ● /api/health/events › POST › should return 403 if child tries to create health event for another member

    expect(received).toBe(expected) // Object.is equality

    Expected: 403
    Received: 400

      262 |       const response = await POST(request);
      263 |
    > 264 |       expect(response.status).toBe(403);
          |                               ^
      265 |       const data = await response.json();
      266 |       expect(data.error).toBe('Children can only create health events for themselves');
      267 |     });

      at Object.toBe (tests/integration/api/health/events/route.test.ts:264:31)

  ● /api/health/events › POST › should allow parents to create health events for any family member

    expect(received).toBe(expected) // Object.is equality

    Expected: 201
    Received: 400

      286 |       const response = await POST(request);
      287 |
    > 288 |       expect(response.status).toBe(201);
          |                               ^
      289 |       const data = await response.json();
      290 |       expect(data.event.eventType).toBe('ILLNESS');
      291 |

      at Object.toBe (tests/integration/api/health/events/route.test.ts:288:31)

  ● /api/health/events › POST › should allow children to create health events for themselves

    expect(received).toBe(expected) // Object.is equality

    Expected: 201
    Received: 400

      329 |       const response = await POST(request);
      330 |
    > 331 |       expect(response.status).toBe(201);
          |                               ^
      332 |       const data = await response.json();
      333 |       expect(data.event.eventType).toBe('ILLNESS');
      334 |     });

      at Object.toBe (tests/integration/api/health/events/route.test.ts:331:31)

  ● /api/health/events › POST › should return 400 if eventType is missing

    expect(received).toBe(expected) // Object.is equality

    Expected: "Event type is required"
    Received: "Event type must be one of: ILLNESS, INJURY, DOCTOR_VISIT, WELLNESS_CHECK, VACCINATION, OTHER"

      361 |       expect(response.status).toBe(400);
      362 |       const data = await response.json();
    > 363 |       expect(data.error).toBe('Event type is required');
          |                          ^
      364 |     });
      365 |
      366 |     it('should return 400 if eventType is invalid', async () => {

      at Object.toBe (tests/integration/api/health/events/route.test.ts:363:26)

  ● /api/health/events › POST › should return 400 if eventType is invalid

    expect(received).toBe(expected) // Object.is equality

    Expected: "Invalid event type"
    Received: "Event type must be one of: ILLNESS, INJURY, DOCTOR_VISIT, WELLNESS_CHECK, VACCINATION, OTHER"

      377 |       expect(response.status).toBe(400);
      378 |       const data = await response.json();
    > 379 |       expect(data.error).toBe('Invalid event type');
          |                          ^
      380 |     });
      381 |
      382 |     it('should return 404 if member not found', async () => {

      at Object.toBe (tests/integration/api/health/events/route.test.ts:379:26)

  ● /api/health/events › POST › should return 404 if member not found

    expect(received).toBe(expected) // Object.is equality

    Expected: 404
    Received: 400

      393 |       const response = await POST(request);
      394 |
    > 395 |       expect(response.status).toBe(404);
          |                               ^
      396 |       const data = await response.json();
      397 |       expect(data.error).toBe('Member not found');
      398 |     });

      at Object.toBe (tests/integration/api/health/events/route.test.ts:395:31)

  ● /api/health/events › POST › should return 404 if member belongs to different family

    expect(received).toBe(expected) // Object.is equality

    Expected: 404
    Received: 400

      415 |       const response = await POST(request);
      416 |
    > 417 |       expect(response.status).toBe(404);
          |                               ^
      418 |       const data = await response.json();
      419 |       expect(data.error).toBe('Member not found');
      420 |     });

      at Object.toBe (tests/integration/api/health/events/route.test.ts:417:31)

  ● /api/health/events › POST › should accept optional severity within valid range (1-10)

    expect(received).toBe(expected) // Object.is equality

    Expected: 201
    Received: 400

      438 |       const response = await POST(request);
      439 |
    > 440 |       expect(response.status).toBe(201);
          |                               ^
      441 |     });
      442 |
      443 |     it('should return 400 if severity is below 1', async () => {

      at Object.toBe (tests/integration/api/health/events/route.test.ts:440:31)

  ● /api/health/events › POST › should return 400 if severity is below 1

    expect(received).toBe(expected) // Object.is equality

    Expected: "Severity must be between 1 and 10"
    Received: "Title is required"

      454 |       expect(response.status).toBe(400);
      455 |       const data = await response.json();
    > 456 |       expect(data.error).toBe('Severity must be between 1 and 10');
          |                          ^
      457 |     });
      458 |
      459 |     it('should return 400 if severity is above 10', async () => {

      at Object.toBe (tests/integration/api/health/events/route.test.ts:456:26)

  ● /api/health/events › POST › should return 400 if severity is above 10

    expect(received).toBe(expected) // Object.is equality

    Expected: "Severity must be between 1 and 10"
    Received: "Title is required"

      470 |       expect(response.status).toBe(400);
      471 |       const data = await response.json();
    > 472 |       expect(data.error).toBe('Severity must be between 1 and 10');
          |                          ^
      473 |     });
      474 |
      475 |     it('should accept optional notes', async () => {

      at Object.toBe (tests/integration/api/health/events/route.test.ts:472:26)

  ● /api/health/events › POST › should accept optional notes

    expect(received).toBe(expected) // Object.is equality

    Expected: 201
    Received: 400

      491 |       const response = await POST(request);
      492 |
    > 493 |       expect(response.status).toBe(201);
          |                               ^
      494 |       expect(dbMock.healthEvent.create).toHaveBeenCalledWith({
      495 |         data: {
      496 |           memberId: 'child-test-123',

      at Object.toBe (tests/integration/api/health/events/route.test.ts:493:31)

  ● /api/health/events › POST › should log audit event on successful creation

    expect(received).toBe(expected) // Object.is equality

    Expected: 201
    Received: 400

      520 |       const response = await POST(request);
      521 |
    > 522 |       expect(response.status).toBe(201);
          |                               ^
      523 |       expect(dbMock.auditLog.create).toHaveBeenCalledWith({
      524 |         data: {
      525 |           familyId: 'family-test-123',

      at Object.toBe (tests/integration/api/health/events/route.test.ts:522:31)

FAIL tests/components/dashboard/Sidebar.test.tsx
  ● Sidebar › should render sidebar with navigation groups

    useActiveFamily must be used within an ActiveFamilyProvider

      55 |   const context = useContext(ActiveFamilyContext);
      56 |   if (context === undefined) {
    > 57 |     throw new Error('useActiveFamily must be used within an ActiveFamilyProvider');
         |           ^
      58 |   }
      59 |   return context;
      60 | }

      at useActiveFamily (src/contexts/ActiveFamilyContext.tsx:57:11)
      at FamilySwitcher (src/components/FamilySwitcher.tsx:15:64)
      at Object.react_stack_bottom_frame (node_modules/react-dom/cjs/react-dom-client.development.js:25904:20)
      at renderWithHooks (node_modules/react-dom/cjs/react-dom-client.development.js:7662:22)
      at updateFunctionComponent (node_modules/react-dom/cjs/react-dom-client.development.js:10166:19)
      at beginWork (node_modules/react-dom/cjs/react-dom-client.development.js:11778:18)
      at runWithFiberInDEV (node_modules/react-dom/cjs/react-dom-client.development.js:874:13)
      at performUnitOfWork (node_modules/react-dom/cjs/react-dom-client.development.js:17641:22)
      at workLoopSync (node_modules/react-dom/cjs/react-dom-client.development.js:17469:41)
      at renderRootSync (node_modules/react-dom/cjs/react-dom-client.development.js:17450:11)
      at performWorkOnRoot (node_modules/react-dom/cjs/react-dom-client.development.js:16583:35)
      at performWorkOnRootViaSchedulerTask (node_modules/react-dom/cjs/react-dom-client.development.js:18957:7)
      at flushActQueue (node_modules/react/cjs/react.development.js:590:34)
      at process.env.NODE_ENV.exports.act (node_modules/react/cjs/react.development.js:884:10)
      at node_modules/@testing-library/react/dist/act-compat.js:46:25
      at renderRoot (node_modules/@testing-library/react/dist/pure.js:189:26)
      at render (node_modules/@testing-library/react/dist/pure.js:291:10)
      at Object.<anonymous> (tests/components/dashboard/Sidebar.test.tsx:68:33)

  ● Sidebar › should show parent-only settings group for parents

    useActiveFamily must be used within an ActiveFamilyProvider

      55 |   const context = useContext(ActiveFamilyContext);
      56 |   if (context === undefined) {
    > 57 |     throw new Error('useActiveFamily must be used within an ActiveFamilyProvider');
         |           ^
      58 |   }
      59 |   return context;
      60 | }

      at useActiveFamily (src/contexts/ActiveFamilyContext.tsx:57:11)
      at FamilySwitcher (src/components/FamilySwitcher.tsx:15:64)
      at Object.react_stack_bottom_frame (node_modules/react-dom/cjs/react-dom-client.development.js:25904:20)
      at renderWithHooks (node_modules/react-dom/cjs/react-dom-client.development.js:7662:22)
      at updateFunctionComponent (node_modules/react-dom/cjs/react-dom-client.development.js:10166:19)
      at beginWork (node_modules/react-dom/cjs/react-dom-client.development.js:11778:18)
      at runWithFiberInDEV (node_modules/react-dom/cjs/react-dom-client.development.js:874:13)
      at performUnitOfWork (node_modules/react-dom/cjs/react-dom-client.development.js:17641:22)
      at workLoopSync (node_modules/react-dom/cjs/react-dom-client.development.js:17469:41)
      at renderRootSync (node_modules/react-dom/cjs/react-dom-client.development.js:17450:11)
      at performWorkOnRoot (node_modules/react-dom/cjs/react-dom-client.development.js:16583:35)
      at performWorkOnRootViaSchedulerTask (node_modules/react-dom/cjs/react-dom-client.development.js:18957:7)
      at flushActQueue (node_modules/react/cjs/react.development.js:590:34)
      at process.env.NODE_ENV.exports.act (node_modules/react/cjs/react.development.js:884:10)
      at node_modules/@testing-library/react/dist/act-compat.js:46:25
      at renderRoot (node_modules/@testing-library/react/dist/pure.js:189:26)
      at render (node_modules/@testing-library/react/dist/pure.js:291:10)
      at Object.<anonymous> (tests/components/dashboard/Sidebar.test.tsx:84:11)

  ● Sidebar › should toggle group expansion

    useActiveFamily must be used within an ActiveFamilyProvider

      55 |   const context = useContext(ActiveFamilyContext);
      56 |   if (context === undefined) {
    > 57 |     throw new Error('useActiveFamily must be used within an ActiveFamilyProvider');
         |           ^
      58 |   }
      59 |   return context;
      60 | }

      at useActiveFamily (src/contexts/ActiveFamilyContext.tsx:57:11)
      at FamilySwitcher (src/components/FamilySwitcher.tsx:15:64)
      at Object.react_stack_bottom_frame (node_modules/react-dom/cjs/react-dom-client.development.js:25904:20)
      at renderWithHooks (node_modules/react-dom/cjs/react-dom-client.development.js:7662:22)
      at updateFunctionComponent (node_modules/react-dom/cjs/react-dom-client.development.js:10166:19)
      at beginWork (node_modules/react-dom/cjs/react-dom-client.development.js:11778:18)
      at runWithFiberInDEV (node_modules/react-dom/cjs/react-dom-client.development.js:874:13)
      at performUnitOfWork (node_modules/react-dom/cjs/react-dom-client.development.js:17641:22)
      at workLoopSync (node_modules/react-dom/cjs/react-dom-client.development.js:17469:41)
      at renderRootSync (node_modules/react-dom/cjs/react-dom-client.development.js:17450:11)
      at performWorkOnRoot (node_modules/react-dom/cjs/react-dom-client.development.js:16583:35)
      at performWorkOnRootViaSchedulerTask (node_modules/react-dom/cjs/react-dom-client.development.js:18957:7)
      at flushActQueue (node_modules/react/cjs/react.development.js:590:34)
      at process.env.NODE_ENV.exports.act (node_modules/react/cjs/react.development.js:884:10)
      at node_modules/@testing-library/react/dist/act-compat.js:46:25
      at renderRoot (node_modules/@testing-library/react/dist/pure.js:189:26)
      at render (node_modules/@testing-library/react/dist/pure.js:291:10)
      at Object.<anonymous> (tests/components/dashboard/Sidebar.test.tsx:98:11)

  ● Sidebar › should toggle sidebar open/closed state

    useActiveFamily must be used within an ActiveFamilyProvider

      55 |   const context = useContext(ActiveFamilyContext);
      56 |   if (context === undefined) {
    > 57 |     throw new Error('useActiveFamily must be used within an ActiveFamilyProvider');
         |           ^
      58 |   }
      59 |   return context;
      60 | }

      at useActiveFamily (src/contexts/ActiveFamilyContext.tsx:57:11)
      at FamilySwitcher (src/components/FamilySwitcher.tsx:15:64)
      at Object.react_stack_bottom_frame (node_modules/react-dom/cjs/react-dom-client.development.js:25904:20)
      at renderWithHooks (node_modules/react-dom/cjs/react-dom-client.development.js:7662:22)
      at updateFunctionComponent (node_modules/react-dom/cjs/react-dom-client.development.js:10166:19)
      at beginWork (node_modules/react-dom/cjs/react-dom-client.development.js:11778:18)
      at runWithFiberInDEV (node_modules/react-dom/cjs/react-dom-client.development.js:874:13)
      at performUnitOfWork (node_modules/react-dom/cjs/react-dom-client.development.js:17641:22)
      at workLoopSync (node_modules/react-dom/cjs/react-dom-client.development.js:17469:41)
      at renderRootSync (node_modules/react-dom/cjs/react-dom-client.development.js:17450:11)
      at performWorkOnRoot (node_modules/react-dom/cjs/react-dom-client.development.js:16583:35)
      at performWorkOnRootViaSchedulerTask (node_modules/react-dom/cjs/react-dom-client.development.js:18957:7)
      at flushActQueue (node_modules/react/cjs/react.development.js:590:34)
      at process.env.NODE_ENV.exports.act (node_modules/react/cjs/react.development.js:884:10)
      at node_modules/@testing-library/react/dist/act-compat.js:46:25
      at renderRoot (node_modules/@testing-library/react/dist/pure.js:189:26)
      at render (node_modules/@testing-library/react/dist/pure.js:291:10)
      at Object.<anonymous> (tests/components/dashboard/Sidebar.test.tsx:116:11)

  ● Sidebar › should navigate when nav item is clicked

    useActiveFamily must be used within an ActiveFamilyProvider

      55 |   const context = useContext(ActiveFamilyContext);
      56 |   if (context === undefined) {
    > 57 |     throw new Error('useActiveFamily must be used within an ActiveFamilyProvider');
         |           ^
      58 |   }
      59 |   return context;
      60 | }

      at useActiveFamily (src/contexts/ActiveFamilyContext.tsx:57:11)
      at FamilySwitcher (src/components/FamilySwitcher.tsx:15:64)
      at Object.react_stack_bottom_frame (node_modules/react-dom/cjs/react-dom-client.development.js:25904:20)
      at renderWithHooks (node_modules/react-dom/cjs/react-dom-client.development.js:7662:22)
      at updateFunctionComponent (node_modules/react-dom/cjs/react-dom-client.development.js:10166:19)
      at beginWork (node_modules/react-dom/cjs/react-dom-client.development.js:11778:18)
      at runWithFiberInDEV (node_modules/react-dom/cjs/react-dom-client.development.js:874:13)
      at performUnitOfWork (node_modules/react-dom/cjs/react-dom-client.development.js:17641:22)
      at workLoopSync (node_modules/react-dom/cjs/react-dom-client.development.js:17469:41)
      at renderRootSync (node_modules/react-dom/cjs/react-dom-client.development.js:17450:11)
      at performWorkOnRoot (node_modules/react-dom/cjs/react-dom-client.development.js:16583:35)
      at performWorkOnRootViaSchedulerTask (node_modules/react-dom/cjs/react-dom-client.development.js:18957:7)
      at flushActQueue (node_modules/react/cjs/react.development.js:590:34)
      at process.env.NODE_ENV.exports.act (node_modules/react/cjs/react.development.js:884:10)
      at node_modules/@testing-library/react/dist/act-compat.js:46:25
      at renderRoot (node_modules/@testing-library/react/dist/pure.js:189:26)
      at render (node_modules/@testing-library/react/dist/pure.js:291:10)
      at Object.<anonymous> (tests/components/dashboard/Sidebar.test.tsx:135:11)

  ● Sidebar › should highlight active route

    useActiveFamily must be used within an ActiveFamilyProvider

      55 |   const context = useContext(ActiveFamilyContext);
      56 |   if (context === undefined) {
    > 57 |     throw new Error('useActiveFamily must be used within an ActiveFamilyProvider');
         |           ^
      58 |   }
      59 |   return context;
      60 | }

      at useActiveFamily (src/contexts/ActiveFamilyContext.tsx:57:11)
      at FamilySwitcher (src/components/FamilySwitcher.tsx:15:64)
      at Object.react_stack_bottom_frame (node_modules/react-dom/cjs/react-dom-client.development.js:25904:20)
      at renderWithHooks (node_modules/react-dom/cjs/react-dom-client.development.js:7662:22)
      at updateFunctionComponent (node_modules/react-dom/cjs/react-dom-client.development.js:10166:19)
      at beginWork (node_modules/react-dom/cjs/react-dom-client.development.js:11778:18)
      at runWithFiberInDEV (node_modules/react-dom/cjs/react-dom-client.development.js:874:13)
      at performUnitOfWork (node_modules/react-dom/cjs/react-dom-client.development.js:17641:22)
      at workLoopSync (node_modules/react-dom/cjs/react-dom-client.development.js:17469:41)
      at renderRootSync (node_modules/react-dom/cjs/react-dom-client.development.js:17450:11)
      at performWorkOnRoot (node_modules/react-dom/cjs/react-dom-client.development.js:16583:35)
      at performWorkOnRootViaSchedulerTask (node_modules/react-dom/cjs/react-dom-client.development.js:18957:7)
      at flushActQueue (node_modules/react/cjs/react.development.js:590:34)
      at process.env.NODE_ENV.exports.act (node_modules/react/cjs/react.development.js:884:10)
      at node_modules/@testing-library/react/dist/act-compat.js:46:25
      at renderRoot (node_modules/@testing-library/react/dist/pure.js:189:26)
      at render (node_modules/@testing-library/react/dist/pure.js:291:10)
      at Object.<anonymous> (tests/components/dashboard/Sidebar.test.tsx:151:11)

  ● Sidebar › should display user info in footer

    useActiveFamily must be used within an ActiveFamilyProvider

      55 |   const context = useContext(ActiveFamilyContext);
      56 |   if (context === undefined) {
    > 57 |     throw new Error('useActiveFamily must be used within an ActiveFamilyProvider');
         |           ^
      58 |   }
      59 |   return context;
      60 | }

      at useActiveFamily (src/contexts/ActiveFamilyContext.tsx:57:11)
      at FamilySwitcher (src/components/FamilySwitcher.tsx:15:64)
      at Object.react_stack_bottom_frame (node_modules/react-dom/cjs/react-dom-client.development.js:25904:20)
      at renderWithHooks (node_modules/react-dom/cjs/react-dom-client.development.js:7662:22)
      at updateFunctionComponent (node_modules/react-dom/cjs/react-dom-client.development.js:10166:19)
      at beginWork (node_modules/react-dom/cjs/react-dom-client.development.js:11778:18)
      at runWithFiberInDEV (node_modules/react-dom/cjs/react-dom-client.development.js:874:13)
      at performUnitOfWork (node_modules/react-dom/cjs/react-dom-client.development.js:17641:22)
      at workLoopSync (node_modules/react-dom/cjs/react-dom-client.development.js:17469:41)
      at renderRootSync (node_modules/react-dom/cjs/react-dom-client.development.js:17450:11)
      at performWorkOnRoot (node_modules/react-dom/cjs/react-dom-client.development.js:16583:35)
      at performWorkOnRootViaSchedulerTask (node_modules/react-dom/cjs/react-dom-client.development.js:18957:7)
      at flushActQueue (node_modules/react/cjs/react.development.js:590:34)
      at process.env.NODE_ENV.exports.act (node_modules/react/cjs/react.development.js:884:10)
      at node_modules/@testing-library/react/dist/act-compat.js:46:25
      at renderRoot (node_modules/@testing-library/react/dist/pure.js:189:26)
      at render (node_modules/@testing-library/react/dist/pure.js:291:10)
      at Object.<anonymous> (tests/components/dashboard/Sidebar.test.tsx:174:11)

  ● Sidebar › should show mobile menu button on mobile

    useActiveFamily must be used within an ActiveFamilyProvider

      55 |   const context = useContext(ActiveFamilyContext);
      56 |   if (context === undefined) {
    > 57 |     throw new Error('useActiveFamily must be used within an ActiveFamilyProvider');
         |           ^
      58 |   }
      59 |   return context;
      60 | }

      at useActiveFamily (src/contexts/ActiveFamilyContext.tsx:57:11)
      at FamilySwitcher (src/components/FamilySwitcher.tsx:15:64)
      at Object.react_stack_bottom_frame (node_modules/react-dom/cjs/react-dom-client.development.js:25904:20)
      at renderWithHooks (node_modules/react-dom/cjs/react-dom-client.development.js:7662:22)
      at updateFunctionComponent (node_modules/react-dom/cjs/react-dom-client.development.js:10166:19)
      at beginWork (node_modules/react-dom/cjs/react-dom-client.development.js:11778:18)
      at runWithFiberInDEV (node_modules/react-dom/cjs/react-dom-client.development.js:874:13)
      at performUnitOfWork (node_modules/react-dom/cjs/react-dom-client.development.js:17641:22)
      at workLoopSync (node_modules/react-dom/cjs/react-dom-client.development.js:17469:41)
      at renderRootSync (node_modules/react-dom/cjs/react-dom-client.development.js:17450:11)
      at performWorkOnRoot (node_modules/react-dom/cjs/react-dom-client.development.js:16583:35)
      at performWorkOnRootViaSchedulerTask (node_modules/react-dom/cjs/react-dom-client.development.js:18957:7)
      at flushActQueue (node_modules/react/cjs/react.development.js:590:34)
      at process.env.NODE_ENV.exports.act (node_modules/react/cjs/react.development.js:884:10)
      at node_modules/@testing-library/react/dist/act-compat.js:46:25
      at renderRoot (node_modules/@testing-library/react/dist/pure.js:189:26)
      at render (node_modules/@testing-library/react/dist/pure.js:291:10)
      at Object.<anonymous> (tests/components/dashboard/Sidebar.test.tsx:187:11)

  ● Sidebar › should close mobile sidebar when overlay is clicked

    useActiveFamily must be used within an ActiveFamilyProvider

      55 |   const context = useContext(ActiveFamilyContext);
      56 |   if (context === undefined) {
    > 57 |     throw new Error('useActiveFamily must be used within an ActiveFamilyProvider');
         |           ^
      58 |   }
      59 |   return context;
      60 | }

      at useActiveFamily (src/contexts/ActiveFamilyContext.tsx:57:11)
      at FamilySwitcher (src/components/FamilySwitcher.tsx:15:64)
      at Object.react_stack_bottom_frame (node_modules/react-dom/cjs/react-dom-client.development.js:25904:20)
      at renderWithHooks (node_modules/react-dom/cjs/react-dom-client.development.js:7662:22)
      at updateFunctionComponent (node_modules/react-dom/cjs/react-dom-client.development.js:10166:19)
      at beginWork (node_modules/react-dom/cjs/react-dom-client.development.js:11778:18)
      at runWithFiberInDEV (node_modules/react-dom/cjs/react-dom-client.development.js:874:13)
      at performUnitOfWork (node_modules/react-dom/cjs/react-dom-client.development.js:17641:22)
      at workLoopSync (node_modules/react-dom/cjs/react-dom-client.development.js:17469:41)
      at renderRootSync (node_modules/react-dom/cjs/react-dom-client.development.js:17450:11)
      at performWorkOnRoot (node_modules/react-dom/cjs/react-dom-client.development.js:16583:35)
      at performWorkOnRootViaSchedulerTask (node_modules/react-dom/cjs/react-dom-client.development.js:18957:7)
      at flushActQueue (node_modules/react/cjs/react.development.js:590:34)
      at process.env.NODE_ENV.exports.act (node_modules/react/cjs/react.development.js:884:10)
      at node_modules/@testing-library/react/dist/act-compat.js:46:25
      at renderRoot (node_modules/@testing-library/react/dist/pure.js:189:26)
      at render (node_modules/@testing-library/react/dist/pure.js:291:10)
      at Object.<anonymous> (tests/components/dashboard/Sidebar.test.tsx:199:11)

FAIL tests/integration/api/communication/[id]/react/route.test.ts
  ● POST /api/communication/[id]/react › should add reaction successfully

    TypeError: Cannot read properties of undefined (reading 'reactions')

      159 |     expect(response.status).toBe(200);
      160 |     const data = await response.json();
    > 161 |     expect(data.post.reactions).toHaveLength(1);
          |                      ^
      162 |     expect(data.post.reactions[0].emoji).toBe('👍');
      163 |   });
      164 |

      at Object.reactions (tests/integration/api/communication/[id]/react/route.test.ts:161:22)

  ● POST /api/communication/[id]/react › should handle duplicate reaction (idempotent)

    TypeError: Cannot read properties of undefined (reading 'reactions')

      212 |     expect(response.status).toBe(200);
      213 |     const data = await response.json();
    > 214 |     expect(data.post.reactions).toHaveLength(1);
          |                      ^
      215 |   });
      216 |
      217 |   it('should allow multiple different emojis from same member', async () => {

      at Object.reactions (tests/integration/api/communication/[id]/react/route.test.ts:214:22)

  ● POST /api/communication/[id]/react › should allow multiple different emojis from same member

    TypeError: Cannot read properties of undefined (reading 'reactions')

      276 |     expect(response.status).toBe(200);
      277 |     const data = await response.json();
    > 278 |     expect(data.post.reactions).toHaveLength(2);
          |                      ^
      279 |   });
      280 |
      281 |   it('should allow child to react to posts', async () => {

      at Object.reactions (tests/integration/api/communication/[id]/react/route.test.ts:278:22)

  ● DELETE /api/communication/[id]/react › should return 400 if emoji is missing

    expect(received).toBe(expected) // Object.is equality

    Expected: 400
    Received: 200

      414 |     const response = await DELETE(request, { params: Promise.resolve({ id: 'post-123' }) });
      415 |
    > 416 |     expect(response.status).toBe(400);
          |                             ^
      417 |     const data = await response.json();
      418 |     expect(data.error).toMatch(/emoji/i);
      419 |   });

      at Object.toBe (tests/integration/api/communication/[id]/react/route.test.ts:416:29)

  ● DELETE /api/communication/[id]/react › should remove own reaction successfully

    TypeError: Cannot read properties of undefined (reading 'reactions')

      462 |     expect(response.status).toBe(200);
      463 |     const data = await response.json();
    > 464 |     expect(data.post.reactions).toHaveLength(0);
          |                      ^
      465 |     expect(dbMock.postReaction.deleteMany).toHaveBeenCalledWith({
      466 |       where: {
      467 |         postId: 'post-123',

      at Object.reactions (tests/integration/api/communication/[id]/react/route.test.ts:464:22)

  ● DELETE /api/communication/[id]/react › should only remove own reactions, not others

    TypeError: Cannot read properties of undefined (reading 'reactions')

      556 |     const data = await response.json();
      557 |     // Other member's reaction should still be there
    > 558 |     expect(data.post.reactions).toHaveLength(1);
          |                      ^
      559 |     // Verify we only tried to delete our own reaction
      560 |     expect(dbMock.postReaction.deleteMany).toHaveBeenCalledWith({
      561 |       where: {

      at Object.reactions (tests/integration/api/communication/[id]/react/route.test.ts:558:22)

FAIL tests/integration/api/chores/[id]/approve.test.ts
  ● /api/chores/[id]/approve › POST › should return 403 if not a parent

    expect(received).toBe(expected) // Object.is equality

    Expected: "Forbidden"
    Received: "Forbidden - Parent access required"

      71 |
      72 |       expect(response.status).toBe(403)
    > 73 |       expect(data.error).toBe('Forbidden')
         |                          ^
      74 |     })
      75 |
      76 |     it('should return 404 if chore instance not found', async () => {

      at Object.toBe (tests/integration/api/chores/[id]/approve.test.ts:73:26)

  ● /api/chores/[id]/approve › POST › should return 404 if chore instance not found

    expect(received).toBe(expected) // Object.is equality

    Expected: 404
    Received: 400

      86 |       const data = await response.json()
      87 |
    > 88 |       expect(response.status).toBe(404)
         |                               ^
      89 |       expect(data.error).toBe('Chore not found')
      90 |     })
      91 |

      at Object.toBe (tests/integration/api/chores/[id]/approve.test.ts:88:31)

  ● /api/chores/[id]/approve › POST › should return 400 if chore is not completed

    expect(received).toBe(expected) // Object.is equality

    Expected: "Chore must be completed before approval"
    Received: "Failed to approve chore"

      106 |
      107 |       expect(response.status).toBe(400)
    > 108 |       expect(data.error).toBe('Chore must be completed before approval')
          |                          ^
      109 |     })
      110 |
      111 |     it('should approve chore and award credits', async () => {

      at Object.toBe (tests/integration/api/chores/[id]/approve.test.ts:108:26)

  ● /api/chores/[id]/approve › POST › should approve chore and award credits

    expect(received).toBe(expected) // Object.is equality

    Expected: 200
    Received: 400

      156 |       const data = await response.json()
      157 |
    > 158 |       expect(response.status).toBe(200)
          |                               ^
      159 |       expect(data.success).toBe(true)
      160 |       expect(data.message).toContain('approved')
      161 |       expect(dbMock.choreInstance.update).toHaveBeenCalledWith({

      at Object.toBe (tests/integration/api/chores/[id]/approve.test.ts:158:31)

  ● /api/chores/[id]/approve › POST › should create credit balance if it does not exist

    expect(jest.fn()).toHaveBeenCalledWith(...expected)

    Expected: {"data": {"currentBalance": 10, "lifetimeEarned": 10, "lifetimeSpent": 0, "memberId": "child-1"}}

    Number of calls: 0

      207 |       await POST(request, { params: Promise.resolve({ id: choreInstanceId }) })
      208 |
    > 209 |       expect(dbMock.creditBalance.create).toHaveBeenCalledWith({
          |                                           ^
      210 |         data: {
      211 |           memberId: 'child-1',
      212 |           currentBalance: 10,

      at Object.toHaveBeenCalledWith (tests/integration/api/chores/[id]/approve.test.ts:209:43)

  ● /api/chores/[id]/approve › POST › should create notification for child

    expect(jest.fn()).toHaveBeenCalledWith(...expected)

    Expected: {"data": ObjectContaining {"message": StringContaining "approved", "title": "Chore approved!", "type": "CHORE_APPROVED", "userId": "child-1"}}

    Number of calls: 0

      290 |       await POST(request, { params: Promise.resolve({ id: choreInstanceId }) })
      291 |
    > 292 |       expect(dbMock.notification.create).toHaveBeenCalledWith({
          |                                          ^
      293 |         data: expect.objectContaining({
      294 |           userId: 'child-1',
      295 |           type: 'CHORE_APPROVED',

      at Object.toHaveBeenCalledWith (tests/integration/api/chores/[id]/approve.test.ts:292:42)

  ● /api/chores/[id]/approve › POST › should check achievements and update streaks

    expect(jest.fn()).toHaveBeenCalledTimes(expected)

    Expected number of calls: 9
    Received number of calls: 0

      337 |       await POST(request, { params: Promise.resolve({ id: choreInstanceId }) })
      338 |
    > 339 |       expect(checkAndAwardAchievement).toHaveBeenCalledTimes(9) // 5 chore achievements + 4 credit achievements
          |                                        ^
      340 |       expect(updateStreak).toHaveBeenCalledWith('child-1', 'DAILY_CHORES', session.user.familyId)
      341 |     })
      342 |

      at Object.toHaveBeenCalledTimes (tests/integration/api/chores/[id]/approve.test.ts:339:40)

  ● /api/chores/[id]/approve › POST › should handle achievement check failures gracefully

    expect(received).toBe(expected) // Object.is equality

    Expected: 200
    Received: 400

      375 |       const data = await response.json()
      376 |
    > 377 |       expect(response.status).toBe(200)
          |                               ^
      378 |       expect(data.success).toBe(true)
      379 |     })
      380 |   })

      at Object.toBe (tests/integration/api/chores/[id]/approve.test.ts:377:31)

FAIL tests/integration/api/notifications/preferences/route.test.ts
  ● /api/notifications/preferences › GET /api/notifications/preferences › should return notification preferences for authenticated user

    expect(received).toMatchObject(expected)

    - Expected  - 7
    + Received  + 9

      Object {
    -   "enabledTypes": Array [
    -     "CHORE_APPROVED",
    -     "REWARD_APPROVED",
    -   ],
    -   "quietHoursEnabled": true,
    -   "quietHoursEnd": "07:00",
    -   "quietHoursStart": "22:00",
    +   "carpool_reminder_minutes": 30,
    +   "document_expiring_days": 90,
    +   "enabled_types": Array [],
    +   "in_app_enabled": true,
    +   "leftover_expiring_hours": 24,
    +   "push_enabled": true,
    +   "quiet_hours_enabled": false,
    +   "quiet_hours_end": null,
    +   "quiet_hours_start": null,
      }

      60 |
      61 |       expect(response.status).toBe(200)
    > 62 |       expect(data.preferences).toMatchObject({
         |                                ^
      63 |         enabledTypes: ['CHORE_APPROVED', 'REWARD_APPROVED'],
      64 |         quietHoursEnabled: true,
      65 |         quietHoursStart: '22:00',

      at Object.toMatchObject (tests/integration/api/notifications/preferences/route.test.ts:62:32)

  ● /api/notifications/preferences › GET /api/notifications/preferences › should return default preferences if none exist

    expect(received).toMatchObject(expected)

    - Expected  - 7
    + Received  + 9

      Object {
    -   "carpoolReminderMinutes": 30,
    -   "documentExpiringDays": 90,
    -   "enabledTypes": Array [],
    -   "inAppEnabled": true,
    -   "leftoverExpiringHours": 24,
    -   "pushEnabled": true,
    -   "quietHoursEnabled": false,
    +   "carpool_reminder_minutes": 30,
    +   "document_expiring_days": 90,
    +   "enabled_types": Array [],
    +   "in_app_enabled": true,
    +   "leftover_expiring_hours": 24,
    +   "push_enabled": true,
    +   "quiet_hours_enabled": false,
    +   "quiet_hours_end": null,
    +   "quiet_hours_start": null,
      }

      81 |
      82 |       expect(response.status).toBe(200)
    > 83 |       expect(data.preferences).toMatchObject({
         |                                ^
      84 |         enabledTypes: [],
      85 |         quietHoursEnabled: false,
      86 |         pushEnabled: true,

      at Object.toMatchObject (tests/integration/api/notifications/preferences/route.test.ts:83:32)

  ● /api/notifications/preferences › GET /api/notifications/preferences › should handle database errors gracefully

    expect(received).toBe(expected) // Object.is equality

    Expected: 500
    Received: 200

      101 |       const data = await response.json()
      102 |
    > 103 |       expect(response.status).toBe(500)
          |                               ^
      104 |       expect(data.error).toBe('Failed to fetch preferences')
      105 |     })
      106 |   })

      at Object.toBe (tests/integration/api/notifications/preferences/route.test.ts:103:31)

  ● /api/notifications/preferences › PATCH /api/notifications/preferences › should update notification preferences for authenticated user

    expect(received).toMatchObject(expected)

    Matcher error: received value must be a non-null object

    Received has value: null

      153 |
      154 |       expect(response.status).toBe(200)
    > 155 |       expect(data.preferences).toMatchObject(updates)
          |                                ^
      156 |       expect(dbMock.notificationPreference.upsert).toHaveBeenCalledWith({
      157 |         where: { userId: 'child-1' },
      158 |         update: updates,

      at Object.toMatchObject (tests/integration/api/notifications/preferences/route.test.ts:155:32)

  ● /api/notifications/preferences › PATCH /api/notifications/preferences › should update enabled notification types

    TypeError: Cannot read properties of null (reading 'enabledTypes')

      197 |
      198 |       expect(response.status).toBe(200)
    > 199 |       expect(data.preferences.enabledTypes).toEqual(updates.enabledTypes)
          |                               ^
      200 |     })
      201 |
      202 |     it('should update specific notification timing preferences', async () => {

      at Object.enabledTypes (tests/integration/api/notifications/preferences/route.test.ts:199:31)

  ● /api/notifications/preferences › PATCH /api/notifications/preferences › should update specific notification timing preferences

    expect(received).toMatchObject(expected)

    Matcher error: received value must be a non-null object

    Received has value: null

      233 |
      234 |       expect(response.status).toBe(200)
    > 235 |       expect(data.preferences).toMatchObject(updates)
          |                                ^
      236 |     })
      237 |
      238 |     it('should validate quiet hours format', async () => {

      at Object.toMatchObject (tests/integration/api/notifications/preferences/route.test.ts:235:32)

  ● /api/notifications/preferences › PATCH /api/notifications/preferences › should validate quiet hours format

    expect(received).toBe(expected) // Object.is equality

    Expected: 400
    Received: 200

      251 |       const data = await response.json()
      252 |
    > 253 |       expect(response.status).toBe(400)
          |                               ^
      254 |       expect(data.error).toContain('Invalid quiet hours format')
      255 |     })
      256 |

      at Object.toBe (tests/integration/api/notifications/preferences/route.test.ts:253:31)

  ● /api/notifications/preferences › PATCH /api/notifications/preferences › should validate quiet hours end format

    expect(received).toBe(expected) // Object.is equality

    Expected: 400
    Received: 200

      270 |       const data = await response.json()
      271 |
    > 272 |       expect(response.status).toBe(400)
          |                               ^
      273 |       expect(data.error).toContain('Invalid quiet hours format')
      274 |     })
      275 |

      at Object.toBe (tests/integration/api/notifications/preferences/route.test.ts:272:31)

  ● /api/notifications/preferences › PATCH /api/notifications/preferences › should validate numeric preference values

    expect(received).toBe(expected) // Object.is equality

    Expected: 400
    Received: 200

      288 |       const data = await response.json()
      289 |
    > 290 |       expect(response.status).toBe(400)
          |                               ^
      291 |       expect(data.error).toContain('must be positive')
      292 |     })
      293 |

      at Object.toBe (tests/integration/api/notifications/preferences/route.test.ts:290:31)

  ● /api/notifications/preferences › PATCH /api/notifications/preferences › should handle database errors gracefully

    expect(received).toBe(expected) // Object.is equality

    Expected: 500
    Received: 200

      304 |       const data = await response.json()
      305 |
    > 306 |       expect(response.status).toBe(500)
          |                               ^
      307 |       expect(data.error).toBe('Failed to update preferences')
      308 |     })
      309 |

      at Object.toBe (tests/integration/api/notifications/preferences/route.test.ts:306:31)

  ● /api/notifications/preferences › PATCH /api/notifications/preferences › should create preferences if they do not exist (upsert behavior)

    expect(received).toMatchObject(expected)

    Matcher error: received value must be a non-null object

    Received has value: null

      341 |
      342 |       expect(response.status).toBe(200)
    > 343 |       expect(data.preferences).toMatchObject(updates)
          |                                ^
      344 |       expect(dbMock.notificationPreference.upsert).toHaveBeenCalledWith({
      345 |         where: { userId: 'parent-1' },
      346 |         update: updates,

      at Object.toMatchObject (tests/integration/api/notifications/preferences/route.test.ts:343:32)

FAIL tests/integration/api/notifications/route.test.ts
  ● /api/notifications › GET › should return notifications for authenticated user

    expect(jest.fn()).toHaveBeenCalledWith(...expected)

    - Expected
    + Received

    @@ -3,8 +3,8 @@
          "createdAt": "desc",
        },
        "skip": 0,
        "take": 50,
        "where": Object {
    -     "userId": "child-1",
    +     "userId": "child-test-123",
        },
      },

    Number of calls: 1

      63 |       expect(data.unreadCount).toBe(1)
      64 |       expect(data.hasMore).toBe(false)
    > 65 |       expect(dbMock.notification.findMany).toHaveBeenCalledWith({
         |                                            ^
      66 |         where: { userId: 'child-1' },
      67 |         orderBy: { createdAt: 'desc' },
      68 |         take: 50,

      at Object.toHaveBeenCalledWith (tests/integration/api/notifications/route.test.ts:65:44)

  ● /api/notifications › GET › should filter unread notifications when unreadOnly=true

    expect(jest.fn()).toHaveBeenCalledWith(...expected)

    - Expected
    + Received

    @@ -4,8 +4,8 @@
        },
        "skip": 0,
        "take": 50,
        "where": Object {
          "isRead": false,
    -     "userId": "child-1",
    +     "userId": "child-test-123",
        },
      },

    Number of calls: 1

      84 |       await GET(request)
      85 |
    > 86 |       expect(dbMock.notification.findMany).toHaveBeenCalledWith({
         |                                            ^
      87 |         where: {
      88 |           userId: 'child-1',
      89 |           isRead: false,

      at Object.toHaveBeenCalledWith (tests/integration/api/notifications/route.test.ts:86:44)

  ● /api/notifications › GET › should support pagination

    expect(jest.fn()).toHaveBeenCalledWith(...expected)

    - Expected
    + Received

    @@ -3,8 +3,8 @@
          "createdAt": "desc",
        },
        "skip": 40,
        "take": 20,
        "where": Object {
    -     "userId": "child-1",
    +     "userId": "child-test-123",
        },
      },

    Number of calls: 1

      112 |       expect(data.pagination).toBeUndefined() // Response doesn't include pagination object
      113 |       expect(data.hasMore).toBe(true)
    > 114 |       expect(dbMock.notification.findMany).toHaveBeenCalledWith({
          |                                            ^
      115 |         where: { userId: 'child-1' },
      116 |         orderBy: { createdAt: 'desc' },
      117 |         take: 20,

      at Object.toHaveBeenCalledWith (tests/integration/api/notifications/route.test.ts:114:44)

  ● /api/notifications › GET › should use default pagination values

    expect(jest.fn()).toHaveBeenCalledWith(...expected)

    - Expected
    + Received

    @@ -3,8 +3,8 @@
          "createdAt": "desc",
        },
        "skip": 0,
        "take": 50,
        "where": Object {
    -     "userId": "child-1",
    +     "userId": "child-test-123",
        },
      },

    Number of calls: 1

      134 |       expect(response.status).toBe(200)
      135 |       expect(data.hasMore).toBe(false)
    > 136 |       expect(dbMock.notification.findMany).toHaveBeenCalledWith({
          |                                            ^
      137 |         where: { userId: 'child-1' },
      138 |         orderBy: { createdAt: 'desc' },
      139 |         take: 50,

      at Object.toHaveBeenCalledWith (tests/integration/api/notifications/route.test.ts:136:44)

  ● /api/notifications › GET › should return unread count separately

    expect(jest.fn()).toHaveBeenCalledWith(...expected)

    Expected: {"where": {"isRead": false, "userId": "child-1"}}
    Received
           1
              Object {
                "where": Object {
            -     "isRead": false,
            -     "userId": "child-1",
            +     "userId": "child-test-123",
                },
              },
           2
              Object {
                "where": Object {
                  "isRead": false,
            -     "userId": "child-1",
            +     "userId": "child-test-123",
                },
              },

    Number of calls: 2

      156 |       expect(response.status).toBe(200)
      157 |       expect(data.unreadCount).toBe(5)
    > 158 |       expect(dbMock.notification.count).toHaveBeenCalledWith({
          |                                         ^
      159 |         where: { userId: 'child-1', isRead: false },
      160 |       })
      161 |     })

      at Object.toHaveBeenCalledWith (tests/integration/api/notifications/route.test.ts:158:41)

FAIL tests/integration/api/documents/[id]/route.test.ts
  ● /api/documents/[id] › GET › should return document and log access

    expect(jest.fn()).toHaveBeenCalledWith(...expected)

    Expected: {"data": {"accessedBy": "parent-test-123", "documentId": "doc-1", "ipAddress": "unknown"}}

    Number of calls: 0

       98 |
       99 |       // Verify access was logged
    > 100 |       expect(dbMock.documentAccessLog.create).toHaveBeenCalledWith({
          |                                               ^
      101 |         data: {
      102 |           documentId: 'doc-1',
      103 |           accessedBy: 'parent-test-123',

      at Object.toHaveBeenCalledWith (tests/integration/api/documents/[id]/route.test.ts:100:47)

  ● /api/documents/[id] › PATCH › should return 403 if not a parent

    expect(received).toBe(expected) // Object.is equality

    Expected: 403
    Received: 404

      139 |       const response = await PATCH(request, { params: Promise.resolve({ id: 'doc-1' }) });
      140 |
    > 141 |       expect(response.status).toBe(403);
          |                               ^
      142 |     });
      143 |
      144 |     it('should return 404 if document not found', async () => {

      at Object.toBe (tests/integration/api/documents/[id]/route.test.ts:141:31)

  ● /api/documents/[id] › PATCH › should return 403 if document belongs to different family

    expect(received).toBe(expected) // Object.is equality

    Expected: 403
    Received: 404

      166 |       const response = await PATCH(request, { params: Promise.resolve({ id: 'doc-1' }) });
      167 |
    > 168 |       expect(response.status).toBe(403);
          |                               ^
      169 |     });
      170 |
      171 |     it('should return 400 for invalid category', async () => {

      at Object.toBe (tests/integration/api/documents/[id]/route.test.ts:168:31)

  ● /api/documents/[id] › PATCH › should return 400 for invalid category

    expect(received).toBe(expected) // Object.is equality

    Expected: 400
    Received: 200

      178 |       const response = await PATCH(request, { params: Promise.resolve({ id: 'doc-1' }) });
      179 |
    > 180 |       expect(response.status).toBe(400);
          |                               ^
      181 |     });
      182 |
      183 |     it('should update document successfully', async () => {

      at Object.toBe (tests/integration/api/documents/[id]/route.test.ts:180:31)

  ● /api/documents/[id] › PATCH › should update document successfully

    expect(jest.fn()).toHaveBeenCalledWith(...expected)

    Expected: {"data": {"action": "DOCUMENT_UPDATED", "familyId": "family-test-123", "memberId": "parent-test-123", "metadata": {"documentId": "doc-1", "documentName": "Updated Passport.pdf"}, "result": "SUCCESS"}}

    Number of calls: 0

      204 |       expect(data.message).toBe('Document updated successfully');
      205 |
    > 206 |       expect(dbMock.auditLog.create).toHaveBeenCalledWith({
          |                                      ^
      207 |         data: {
      208 |           familyId: 'family-test-123',
      209 |           memberId: 'parent-test-123',

      at Object.toHaveBeenCalledWith (tests/integration/api/documents/[id]/route.test.ts:206:38)

  ● /api/documents/[id] › PATCH › should handle partial updates

    expect(jest.fn()).toHaveBeenCalledWith(...expected)

    - Expected
    + Received

      Object {
    -   "data": ObjectContaining {
    +   "data": Object {
          "tags": Array [
            "passport",
            "international",
            "travel",
          ],
    -   },
    -   "include": Object {
    -     "uploader": Object {
    -       "select": Object {
    -         "id": true,
    -         "name": true,
    -       },
    -     },
        },
        "where": Object {
          "id": "doc-1",
        },
      },

    Number of calls: 1

      230 |
      231 |       expect(response.status).toBe(200);
    > 232 |       expect(dbMock.document.update).toHaveBeenCalledWith({
          |                                      ^
      233 |         where: { id: 'doc-1' },
      234 |         data: expect.objectContaining({
      235 |           tags: ['passport', 'international', 'travel'],

      at Object.toHaveBeenCalledWith (tests/integration/api/documents/[id]/route.test.ts:232:38)

  ● /api/documents/[id] › DELETE › should return 403 if not a parent

    expect(received).toBe(expected) // Object.is equality

    Expected: 403
    Received: 404

      258 |       const response = await DELETE(request, { params: Promise.resolve({ id: 'doc-1' }) });
      259 |
    > 260 |       expect(response.status).toBe(403);
          |                               ^
      261 |     });
      262 |
      263 |     it('should return 404 if document not found', async () => {

      at Object.toBe (tests/integration/api/documents/[id]/route.test.ts:260:31)

  ● /api/documents/[id] › DELETE › should return 403 if document belongs to different family

    expect(received).toBe(expected) // Object.is equality

    Expected: 403
    Received: 404

      283 |       const response = await DELETE(request, { params: Promise.resolve({ id: 'doc-1' }) });
      284 |
    > 285 |       expect(response.status).toBe(403);
          |                               ^
      286 |     });
      287 |
      288 |     it('should delete document successfully', async () => {

      at Object.toBe (tests/integration/api/documents/[id]/route.test.ts:285:31)

  ● /api/documents/[id] › DELETE › should delete document successfully

    expect(jest.fn()).toHaveBeenCalledWith(...expected)

    Expected: {"data": {"action": "DOCUMENT_DELETED", "familyId": "family-test-123", "memberId": "parent-test-123", "metadata": {"documentId": "doc-1", "documentName": "Passport.pdf"}, "result": "SUCCESS"}}

    Number of calls: 0

      304 |       });
      305 |
    > 306 |       expect(dbMock.auditLog.create).toHaveBeenCalledWith({
          |                                      ^
      307 |         data: {
      308 |           familyId: 'family-test-123',
      309 |           memberId: 'parent-test-123',

      at Object.toHaveBeenCalledWith (tests/integration/api/documents/[id]/route.test.ts:306:38)

FAIL tests/integration/api/health/profile/[memberId]/route.test.ts
  ● /api/health/profile/[memberId] › GET › should return medical profile for member

    expect(received).toBe(expected) // Object.is equality

    Expected: 200
    Received: 404

      62 |       const response = await GET(request, { params: Promise.resolve({ memberId: 'child-test-123' }) });
      63 |
    > 64 |       expect(response.status).toBe(200);
         |                               ^
      65 |       const data = await response.json();
      66 |       expect(data.profile.bloodType).toBe('A+');
      67 |       expect(data.profile.allergies).toEqual(['Peanuts', 'Penicillin']);

      at Object.toBe (tests/integration/api/health/profile/[memberId]/route.test.ts:64:31)

  ● /api/health/profile/[memberId] › GET › should allow children to view profiles

    expect(received).toBe(expected) // Object.is equality

    Expected: 200
    Received: 404

      141 |       const response = await GET(request, { params: Promise.resolve({ memberId: 'child-test-123' }) });
      142 |
    > 143 |       expect(response.status).toBe(200);
          |                               ^
      144 |       const data = await response.json();
      145 |       expect(data.profile.bloodType).toBe('A+');
      146 |     });

      at Object.toBe (tests/integration/api/health/profile/[memberId]/route.test.ts:143:31)

  ● /api/health/profile/[memberId] › PUT › should return 403 if child tries to update profile

    expect(received).toBe(expected) // Object.is equality

    Expected: 403
    Received: 404

      169 |       const response = await PUT(request, { params: Promise.resolve({ memberId: 'child-test-123' }) });
      170 |
    > 171 |       expect(response.status).toBe(403);
          |                               ^
      172 |       const data = await response.json();
      173 |       expect(data.error).toBe('Only parents can update medical profiles');
      174 |     });

      at Object.toBe (tests/integration/api/health/profile/[memberId]/route.test.ts:171:31)

  ● /api/health/profile/[memberId] › PUT › should allow parents to update medical profile

    expect(received).toBe(expected) // Object.is equality

    Expected: 200
    Received: 500

      195 |       const response = await PUT(request, { params: Promise.resolve({ memberId: 'child-test-123' }) });
      196 |
    > 197 |       expect(response.status).toBe(200);
          |                               ^
      198 |       const data = await response.json();
      199 |       expect(data.profile.bloodType).toBe('A+');
      200 |

      at Object.toBe (tests/integration/api/health/profile/[memberId]/route.test.ts:197:31)

  ● /api/health/profile/[memberId] › PUT › should create profile if it does not exist

    expect(received).toBe(expected) // Object.is equality

    Expected: 200
    Received: 500

      245 |       const response = await PUT(request, { params: Promise.resolve({ memberId: 'child-test-123' }) });
      246 |
    > 247 |       expect(response.status).toBe(200);
          |                               ^
      248 |       const data = await response.json();
      249 |       expect(data.profile).toBeTruthy();
      250 |     });

      at Object.toBe (tests/integration/api/health/profile/[memberId]/route.test.ts:247:31)

  ● /api/health/profile/[memberId] › PUT › should accept partial updates

    expect(received).toBe(expected) // Object.is equality

    Expected: 200
    Received: 500

      302 |       const response = await PUT(request, { params: Promise.resolve({ memberId: 'child-test-123' }) });
      303 |
    > 304 |       expect(response.status).toBe(200);
          |                               ^
      305 |       expect(dbMock.medicalProfile.upsert).toHaveBeenCalledWith({
      306 |         where: { memberId: 'child-test-123' },
      307 |         create: {

      at Object.toBe (tests/integration/api/health/profile/[memberId]/route.test.ts:304:31)

  ● /api/health/profile/[memberId] › PUT › should accept empty arrays for allergies, conditions, and medications

    expect(received).toBe(expected) // Object.is equality

    Expected: 200
    Received: 500

      339 |       const response = await PUT(request, { params: Promise.resolve({ memberId: 'child-test-123' }) });
      340 |
    > 341 |       expect(response.status).toBe(200);
          |                               ^
      342 |       const data = await response.json();
      343 |       expect(data.profile.allergies).toEqual([]);
      344 |     });

      at Object.toBe (tests/integration/api/health/profile/[memberId]/route.test.ts:341:31)

  ● /api/health/profile/[memberId] › PUT › should return 400 if weight is negative

    expect(received).toBe(expected) // Object.is equality

    Expected: 400
    Received: 500

      359 |       const response = await PUT(request, { params: Promise.resolve({ memberId: 'child-test-123' }) });
      360 |
    > 361 |       expect(response.status).toBe(400);
          |                               ^
      362 |       const data = await response.json();
      363 |       expect(data.error).toBe('Weight must be a positive number');
      364 |     });

      at Object.toBe (tests/integration/api/health/profile/[memberId]/route.test.ts:361:31)

  ● /api/health/profile/[memberId] › PUT › should return 400 if weightUnit is invalid

    expect(received).toBe(expected) // Object.is equality

    Expected: 400
    Received: 500

      380 |       const response = await PUT(request, { params: Promise.resolve({ memberId: 'child-test-123' }) });
      381 |
    > 382 |       expect(response.status).toBe(400);
          |                               ^
      383 |       const data = await response.json();
      384 |       expect(data.error).toBe('Weight unit must be either "lbs" or "kg"');
      385 |     });

      at Object.toBe (tests/integration/api/health/profile/[memberId]/route.test.ts:382:31)

  ● /api/health/profile/[memberId] › PUT › should accept both lbs and kg as weight units

    expect(received).toBe(expected) // Object.is equality

    Expected: 200
    Received: 500

      405 |         const response = await PUT(request, { params: Promise.resolve({ memberId: 'child-test-123' }) });
      406 |
    > 407 |         expect(response.status).toBe(200);
          |                                 ^
      408 |       }
      409 |     });
      410 |

      at Object.toBe (tests/integration/api/health/profile/[memberId]/route.test.ts:407:33)

  ● /api/health/profile/[memberId] › PUT › should log audit event on successful update

    expect(received).toBe(expected) // Object.is equality

    Expected: 200
    Received: 500

      425 |       const response = await PUT(request, { params: Promise.resolve({ memberId: 'child-test-123' }) });
      426 |
    > 427 |       expect(response.status).toBe(200);
          |                               ^
      428 |       expect(dbMock.auditLog.create).toHaveBeenCalledWith({
      429 |         data: {
      430 |           familyId: 'family-test-123',

      at Object.toBe (tests/integration/api/health/profile/[memberId]/route.test.ts:427:31)

FAIL tests/unit/lib/achievements.test.ts
  ● lib/achievements.ts › checkAndAwardAchievement › should create user achievement if not exists

    expect(jest.fn()).toHaveBeenCalledWith(...expected)

    - Expected
    + Received

    @@ -1,9 +1,9 @@
      Object {
        "data": Object {
          "achievementId": "ach-1",
    -     "completedAt": Any<Date>,
    +     "completedAt": "2026-01-21T13:14:02.668Z",
          "isCompleted": true,
          "progress": 1,
          "userId": "user-1",
        },
        "include": Object {,

    Number of calls: 1

      47 |
      48 |       expect(result).toBeDefined()
    > 49 |       expect(dbMock.userAchievement.create).toHaveBeenCalledWith({
         |                                             ^
      50 |         data: {
      51 |           userId,
      52 |           achievementId: 'ach-1',

      at Object.toHaveBeenCalledWith (tests/unit/lib/achievements.test.ts:49:45)

FAIL tests/integration/api/routines/route.test.ts
  ● GET /api/routines › should filter routines by type

    expect(jest.fn()).toHaveBeenCalledWith(...expected)

    Expected: ObjectContaining {"where": ObjectContaining {"type": "MORNING"}}
    Received: {"include": {"items": true}, "orderBy": {"name": "asc"}, "where": {"familyId": "family-test-123", "isActive": true}}

    Number of calls: 1

      144 |     const data = await response.json();
      145 |     expect(data.routines).toHaveLength(1);
    > 146 |     expect(dbMock.routine.findMany).toHaveBeenCalledWith(
          |                                     ^
      147 |       expect.objectContaining({
      148 |         where: expect.objectContaining({
      149 |           type: 'MORNING',

      at Object.toHaveBeenCalledWith (tests/integration/api/routines/route.test.ts:146:37)

  ● GET /api/routines › should apply OR filter for children (assigned or unassigned)

    expect(jest.fn()).toHaveBeenCalledWith(...expected)

    Expected: ObjectContaining {"where": ObjectContaining {"OR": [{"assignedTo": "child-test-123"}, {"assignedTo": null}]}}
    Received: {"include": {"items": true}, "orderBy": {"name": "asc"}, "where": {"familyId": "family-test-123", "isActive": true}}

    Number of calls: 1

      200 |     await GET(request);
      201 |
    > 202 |     expect(dbMock.routine.findMany).toHaveBeenCalledWith(
          |                                     ^
      203 |       expect.objectContaining({
      204 |         where: expect.objectContaining({
      205 |           OR: [

      at Object.toHaveBeenCalledWith (tests/integration/api/routines/route.test.ts:202:37)

  ● POST /api/routines › should return 403 if child attempts to create routine

    expect(received).toBe(expected) // Object.is equality

    Expected: 403
    Received: 400

      249 |     const response = await POST(request);
      250 |
    > 251 |     expect(response.status).toBe(403);
          |                             ^
      252 |     const data = await response.json();
      253 |     expect(data.error).toContain('Only parents can create routines');
      254 |   });

      at Object.toBe (tests/integration/api/routines/route.test.ts:251:29)

  ● POST /api/routines › should create routine with basic fields

    expect(received).toBe(expected) // Object.is equality

    Expected: 201
    Received: 400

      285 |     const response = await POST(request);
      286 |
    > 287 |     expect(response.status).toBe(201);
          |                             ^
      288 |     const data = await response.json();
      289 |     expect(data.routine.name).toBe('Morning Routine');
      290 |     expect(data.routine.type).toBe('MORNING');

      at Object.toBe (tests/integration/api/routines/route.test.ts:287:29)

  ● POST /api/routines › should create routine with steps

    expect(received).toBe(expected) // Object.is equality

    Expected: 201
    Received: 400

      344 |     const response = await POST(request);
      345 |
    > 346 |     expect(response.status).toBe(201);
          |                             ^
      347 |     const data = await response.json();
      348 |     expect(data.routine.steps).toHaveLength(2);
      349 |     expect(data.routine.steps[0].sortOrder).toBe(0);

      at Object.toBe (tests/integration/api/routines/route.test.ts:346:29)

  ● POST /api/routines › should create routine assigned to specific child

    expect(received).toBe(expected) // Object.is equality

    Expected: 201
    Received: 400

      395 |     const response = await POST(request);
      396 |
    > 397 |     expect(response.status).toBe(201);
          |                             ^
      398 |     const data = await response.json();
      399 |     expect(data.routine.assignedTo).toBe('child-123');
      400 |   });

      at Object.toBe (tests/integration/api/routines/route.test.ts:397:29)

  ● POST /api/routines › should create routine with weekday/weekend flags

    expect(received).toBe(expected) // Object.is equality

    Expected: 201
    Received: 400

      433 |     const response = await POST(request);
      434 |
    > 435 |     expect(response.status).toBe(201);
          |                             ^
      436 |     const data = await response.json();
      437 |     expect(data.routine.isWeekday).toBe(true);
      438 |     expect(data.routine.isWeekend).toBe(false);

      at Object.toBe (tests/integration/api/routines/route.test.ts:435:29)

  ● POST /api/routines › should return 400 if name is missing

    expect(received).toContain(expected) // indexOf

    Expected substring: "name"
    Received string:    "Name and time of day are required"

      454 |     expect(response.status).toBe(400);
      455 |     const data = await response.json();
    > 456 |     expect(data.error).toContain('name');
          |                        ^
      457 |   });
      458 |
      459 |   it('should return 400 if type is invalid', async () => {

      at Object.toContain (tests/integration/api/routines/route.test.ts:456:24)

  ● POST /api/routines › should return 400 if type is invalid

    expect(received).toContain(expected) // indexOf

    Expected substring: "type"
    Received string:    "Name and time of day are required"

      473 |     expect(response.status).toBe(400);
      474 |     const data = await response.json();
    > 475 |     expect(data.error).toContain('type');
          |                        ^
      476 |   });
      477 |
      478 |   it('should return 400 if assignedTo is not a family member', async () => {

      at Object.toContain (tests/integration/api/routines/route.test.ts:475:24)

  ● POST /api/routines › should return 400 if assignedTo is not a family member

    expect(received).toContain(expected) // indexOf

    Expected substring: "family member"
    Received string:    "Name and time of day are required"

      495 |     expect(response.status).toBe(400);
      496 |     const data = await response.json();
    > 497 |     expect(data.error).toContain('family member');
          |                        ^
      498 |   });
      499 |
      500 |   it('should create audit log on routine creation', async () => {

      at Object.toContain (tests/integration/api/routines/route.test.ts:497:24)

  ● POST /api/routines › should create audit log on routine creation

    expect(jest.fn()).toHaveBeenCalledWith(...expected)

    Expected: ObjectContaining {"data": ObjectContaining {"action": "ROUTINE_CREATED", "familyId": "family-test-123", "memberId": "parent-test-123"}}

    Number of calls: 0

      529 |     await POST(request);
      530 |
    > 531 |     expect(dbMock.auditLog.create).toHaveBeenCalledWith(
          |                                    ^
      532 |       expect.objectContaining({
      533 |         data: expect.objectContaining({
      534 |           familyId: session.user.familyId,

      at Object.toHaveBeenCalledWith (tests/integration/api/routines/route.test.ts:531:36)

FAIL tests/integration/api/screentime/types/route.test.ts
  ● /api/screentime/types › GET › should return all active types for family

    expect(jest.fn()).toHaveBeenCalledWith(...expected)

    - Expected
    + Received

      Object {
    -   "orderBy": Array [
    -     Object {
    -       "isActive": "desc",
    -     },
    -     Object {
    +   "orderBy": Object {
          "name": "asc",
        },
    -   ],
        "where": Object {
          "familyId": "family-test-123",
    -     "isArchived": false,
    +     "isActive": true,
        },
      },

    Number of calls: 1

      74 |       expect(data.types).toHaveLength(2);
      75 |       expect(data.types[0].name).toBe('Educational');
    > 76 |       expect(dbMock.screenTimeType.findMany).toHaveBeenCalledWith({
         |                                              ^
      77 |         where: {
      78 |           familyId: session.user.familyId,
      79 |           isArchived: false,

      at Object.toHaveBeenCalledWith (tests/integration/api/screentime/types/route.test.ts:76:46)

  ● /api/screentime/types › GET › should exclude archived types

    expect(jest.fn()).toHaveBeenCalledWith(...expected)

    Expected: ObjectContaining {"where": ObjectContaining {"isArchived": false}}
    Received: {"orderBy": {"name": "asc"}, "where": {"familyId": "family-test-123", "isActive": true}}

    Number of calls: 1

      94 |       await GET(request);
      95 |
    > 96 |       expect(dbMock.screenTimeType.findMany).toHaveBeenCalledWith(
         |                                              ^
      97 |         expect.objectContaining({
      98 |           where: expect.objectContaining({
      99 |             isArchived: false,

      at Object.toHaveBeenCalledWith (tests/integration/api/screentime/types/route.test.ts:96:46)

  ● /api/screentime/types › POST › should return 403 if user is not a parent

    expect(received).toBe(expected) // Object.is equality

    Expected: 403
    Received: 500

      130 |       const data = await response.json();
      131 |
    > 132 |       expect(response.status).toBe(403);
          |                               ^
      133 |       expect(data.error).toBe('Only parents can create screen time types');
      134 |     });
      135 |

      at Object.toBe (tests/integration/api/screentime/types/route.test.ts:132:31)

  ● /api/screentime/types › POST › should return 400 if type with same name already exists

    expect(received).toBe(expected) // Object.is equality

    Expected: 400
    Received: 500

      180 |       const data = await response.json();
      181 |
    > 182 |       expect(response.status).toBe(400);
          |                               ^
      183 |       expect(data.error).toBe('A screen time type with this name already exists');
      184 |     });
      185 |

      at Object.toBe (tests/integration/api/screentime/types/route.test.ts:182:31)

  ● /api/screentime/types › POST › should create a new screen time type

    expect(received).toBe(expected) // Object.is equality

    Expected: 201
    Received: 200

      213 |       const data = await response.json();
      214 |
    > 215 |       expect(response.status).toBe(201);
          |                               ^
      216 |       expect(data.type.name).toBe('Gaming');
      217 |       expect(data.message).toContain('created successfully');
      218 |       expect(dbMock.screenTimeType.create).toHaveBeenCalledWith({

      at Object.toBe (tests/integration/api/screentime/types/route.test.ts:215:31)

FAIL tests/unit/lib/screentime-grace.test.ts
  ● screentime-grace › checkGraceEligibility › should return eligible when balance is low and under limits

    expect(received).toBe(expected) // Object.is equality

    Expected: 1
    Received: NaN

      46 |
      47 |       expect(result.eligible).toBe(true);
    > 48 |       expect(result.remainingDaily).toBe(1);
         |                                     ^
      49 |       expect(result.remainingWeekly).toBe(3);
      50 |       expect(result.reason).toBeUndefined();
      51 |     });

      at Object.toBe (tests/unit/lib/screentime-grace.test.ts:48:37)

  ● screentime-grace › checkGraceEligibility › should return ineligible when balance is sufficient

    expect(received).toBe(expected) // Object.is equality

    Expected: false
    Received: true

      65 |       const result = await checkGraceEligibility('member-1', mockSettings);
      66 |
    > 67 |       expect(result.eligible).toBe(false);
         |                               ^
      68 |       expect(result.reason).toBe('Balance is not low enough');
      69 |       expect(result.remainingDaily).toBe(1);
      70 |       expect(result.remainingWeekly).toBe(3);

      at Object.toBe (tests/unit/lib/screentime-grace.test.ts:67:31)

  ● screentime-grace › checkGraceEligibility › should return ineligible when daily limit exceeded

    expect(received).toBe(expected) // Object.is equality

    Expected: false
    Received: true

      88 |       const result = await checkGraceEligibility('member-1', mockSettings);
      89 |
    > 90 |       expect(result.eligible).toBe(false);
         |                               ^
      91 |       expect(result.reason).toBe('Daily grace limit exceeded');
      92 |       expect(result.remainingDaily).toBe(0);
      93 |       expect(result.remainingWeekly).toBe(2);

      at Object.toBe (tests/unit/lib/screentime-grace.test.ts:90:31)

  ● screentime-grace › checkGraceEligibility › should return ineligible when weekly limit exceeded

    expect(received).toBe(expected) // Object.is equality

    Expected: false
    Received: true

      111 |       const result = await checkGraceEligibility('member-1', mockSettings);
      112 |
    > 113 |       expect(result.eligible).toBe(false);
          |                               ^
      114 |       expect(result.reason).toBe('Weekly grace limit exceeded');
      115 |       expect(result.remainingDaily).toBe(1);
      116 |       expect(result.remainingWeekly).toBe(0);

      at Object.toBe (tests/unit/lib/screentime-grace.test.ts:113:31)

  ● screentime-grace › checkGraceEligibility › should count remaining daily and weekly requests correctly

    expect(received).toBe(expected) // Object.is equality

    Expected: 1
    Received: NaN

      134 |       const result = await checkGraceEligibility('member-1', mockSettings);
      135 |
    > 136 |       expect(result.remainingDaily).toBe(1); // 1 - 0 = 1
          |                                     ^
      137 |       expect(result.remainingWeekly).toBe(1); // 3 - 2 = 1
      138 |     });
      139 |

      at Object.toBe (tests/unit/lib/screentime-grace.test.ts:136:37)

  ● screentime-grace › countGraceUses › should count grace logs for date range

    expect(jest.fn()).toHaveBeenCalledWith(...expected)

    - Expected
    + Received

      Object {
        "where": Object {
          "memberId": "member-1",
          "repaymentStatus": "PENDING",
          "requestedAt": Object {
    -       "gte": 2025-01-01T00:00:00.000Z,
    -       "lte": 2025-01-02T00:00:00.000Z,
    +       "gte": "2025-01-01T00:00:00.000Z",
    +       "lte": "2025-01-02T00:00:00.000Z",
          },
        },
      },

    Number of calls: 1

      158 |
      159 |       expect(count).toBe(3);
    > 160 |       expect(dbMock.gracePeriodLog.count).toHaveBeenCalledWith({
          |                                           ^
      161 |         where: {
      162 |           memberId: 'member-1',
      163 |           requestedAt: {

      at Object.toHaveBeenCalledWith (tests/unit/lib/screentime-grace.test.ts:160:43)

  ● screentime-grace › countGraceUses › should filter by status (PENDING, DEDUCTED, etc.)

    expect(jest.fn()).toHaveBeenCalledWith(...expected)

    - Expected
    + Received

      Object {
        "where": Object {
          "memberId": "member-1",
          "repaymentStatus": "DEDUCTED",
          "requestedAt": Object {
    -       "gte": 2025-01-01T00:00:00.000Z,
    -       "lte": 2025-01-02T00:00:00.000Z,
    +       "gte": "2025-01-01T00:00:00.000Z",
    +       "lte": "2025-01-02T00:00:00.000Z",
          },
        },
      },

    Number of calls: 1

      184 |
      185 |       expect(count).toBe(2);
    > 186 |       expect(dbMock.gracePeriodLog.count).toHaveBeenCalledWith({
          |                                           ^
      187 |         where: {
      188 |           memberId: 'member-1',
      189 |           requestedAt: {

      at Object.toHaveBeenCalledWith (tests/unit/lib/screentime-grace.test.ts:186:43)

  ● screentime-grace › processGraceRepayment › should deduct from next week allocation (DEDUCT_NEXT_WEEK mode)

    expect(received).toBe(expected) // Object.is equality

    Expected: 25
    Received: 0

      288 |       const result = await processGraceRepayment('member-1');
      289 |
    > 290 |       expect(result.totalRepaid).toBe(25); // 15 + 10
          |                                  ^
      291 |       expect(result.logsProcessed).toBe(2);
      292 |
      293 |       // Verify transaction created

      at Object.toBe (tests/unit/lib/screentime-grace.test.ts:290:34)

  ● screentime-grace › processGraceRepayment › should handle FORGIVE mode correctly

    expect(received).toBe(expected) // Object.is equality

    Expected: 1
    Received: 0

      345 |
      346 |       expect(result.totalRepaid).toBe(0); // Nothing deducted
    > 347 |       expect(result.logsProcessed).toBe(1);
          |                                    ^
      348 |
      349 |       // Verify logs marked as FORGIVEN
      350 |       expect(dbMock.gracePeriodLog.update).toHaveBeenCalledWith({

      at Object.toBe (tests/unit/lib/screentime-grace.test.ts:347:36)

  ● screentime-grace › processGraceRepayment › should update grace log repayment status

    expect(jest.fn()).toHaveBeenCalledWith(...expected)

    Expected: {"data": {"relatedTransactionId": "transaction-1", "repaidAt": Any<Date>, "repaymentStatus": "DEDUCTED"}, "where": {"id": "log-1"}}

    Number of calls: 0

      430 |       await processGraceRepayment('member-1');
      431 |
    > 432 |       expect(dbMock.gracePeriodLog.update).toHaveBeenCalledWith({
          |                                            ^
      433 |         where: { id: 'log-1' },
      434 |         data: {
      435 |           repaymentStatus: RepaymentStatus.DEDUCTED,

      at Object.toHaveBeenCalledWith (tests/unit/lib/screentime-grace.test.ts:432:44)

  ● screentime-grace › getOrCreateGraceSettings › should return existing settings if found

    expect(received).toEqual(expected) // deep equality

    Expected: {"createdAt": 2026-01-21T13:14:03.305Z, "gracePeriodMinutes": 20, "graceRepaymentMode": "EARN_BACK", "id": "settings-1", "lowBalanceWarningMinutes": 15, "maxGracePerDay": 2, "maxGracePerWeek": 5, "memberId": "member-1", "requiresApproval": true, "updatedAt": 2026-01-21T13:14:03.305Z}
    Received: null

      471 |       const result = await getOrCreateGraceSettings('member-1');
      472 |
    > 473 |       expect(result).toEqual(existingSettings);
          |                      ^
      474 |       expect(dbMock.screenTimeGraceSettings.create).not.toHaveBeenCalled();
      475 |     });
      476 |

      at Object.toEqual (tests/unit/lib/screentime-grace.test.ts:473:22)

  ● screentime-grace › getOrCreateGraceSettings › should create default settings if not found

    expect(received).toEqual(expected) // deep equality

    Expected: {"createdAt": 2026-01-21T13:14:03.309Z, "gracePeriodMinutes": 15, "graceRepaymentMode": "DEDUCT_NEXT_WEEK", "id": "new-settings-1", "lowBalanceWarningMinutes": 10, "maxGracePerDay": 1, "maxGracePerWeek": 3, "memberId": "member-1", "requiresApproval": false, "updatedAt": 2026-01-21T13:14:03.309Z}
    Received: null

      497 |       const result = await getOrCreateGraceSettings('member-1');
      498 |
    > 499 |       expect(result).toEqual(defaultSettings);
          |                      ^
      500 |       expect(dbMock.screenTimeGraceSettings.create).toHaveBeenCalledWith({
      501 |         data: {
      502 |           memberId: 'member-1',

      at Object.toEqual (tests/unit/lib/screentime-grace.test.ts:499:22)

  ● screentime-grace › getOrCreateGraceSettings › should use correct default values

    expect(jest.fn()).toHaveBeenCalledWith(...expected)

    Expected: {"data": {"gracePeriodMinutes": 15, "graceRepaymentMode": "DEDUCT_NEXT_WEEK", "lowBalanceWarningMinutes": 10, "maxGracePerDay": 1, "maxGracePerWeek": 3, "memberId": "member-1", "requiresApproval": false}}

    Number of calls: 0

      530 |       await getOrCreateGraceSettings('member-1');
      531 |
    > 532 |       expect(dbMock.screenTimeGraceSettings.create).toHaveBeenCalledWith({
          |                                                     ^
      533 |         data: {
      534 |           memberId: 'member-1',
      535 |           gracePeriodMinutes: 15, // Default

      at Object.toHaveBeenCalledWith (tests/unit/lib/screentime-grace.test.ts:532:53)

FAIL tests/integration/api/screentime/log.test.ts
  ● /api/screentime/log › POST › should return 400 if minutes is missing

    expect(received).toBe(expected) // Object.is equality

    Expected: "Minutes must be a positive integer"
    Received: "Valid minutes value is required"

      147 |
      148 |       expect(response.status).toBe(400)
    > 149 |       expect(data.error).toBe('Minutes must be a positive integer')
          |                          ^
      150 |     })
      151 |
      152 |     it('should return 400 if screenTimeTypeId is missing', async () => {

      at Object.toBe (tests/integration/api/screentime/log.test.ts:149:26)

  ● /api/screentime/log › POST › should return 400 if screenTimeTypeId is missing

    expect(received).toBe(expected) // Object.is equality

    Expected: "Screen time type is required"
    Received: "Screen time type ID is required"

      162 |
      163 |       expect(response.status).toBe(400)
    > 164 |       expect(data.error).toBe('Screen time type is required')
          |                          ^
      165 |     })
      166 |
      167 |     it('should return 400 if minutes is zero or negative', async () => {

      at Object.toBe (tests/integration/api/screentime/log.test.ts:164:26)

  ● /api/screentime/log › POST › should return 400 if minutes is zero or negative

    expect(received).toBe(expected) // Object.is equality

    Expected: "Minutes must be a positive integer"
    Received: "Valid minutes value is required"

      177 |
      178 |       expect(response.status).toBe(400)
    > 179 |       expect(data.error).toBe('Minutes must be a positive integer')
          |                          ^
      180 |     })
      181 |
      182 |     it('should return 400 if screen time type not found', async () => {

      at Object.toBe (tests/integration/api/screentime/log.test.ts:179:26)

  ● /api/screentime/log › POST › should return 400 if screen time type not found

    expect(received).toBe(expected) // Object.is equality

    Expected: 400
    Received: 200

      193 |       const data = await response.json()
      194 |
    > 195 |       expect(response.status).toBe(400)
          |                               ^
      196 |       expect(data.error).toBe('Screen time type not found or is archived')
      197 |     })
      198 |

      at Object.toBe (tests/integration/api/screentime/log.test.ts:195:31)

  ● /api/screentime/log › POST › should return 400 if allowance not configured

    expect(received).toBe(expected) // Object.is equality

    Expected: 400
    Received: 200

      216 |       const data = await response.json()
      217 |
    > 218 |       expect(response.status).toBe(400)
          |                               ^
      219 |       expect(data.error).toBe('No allowance configured for this screen time type')
      220 |     })
      221 |

      at Object.toBe (tests/integration/api/screentime/log.test.ts:218:31)

  ● /api/screentime/log › POST › should log screen time and deduct from balance

    expect(received).toBe(expected) // Object.is equality

    Expected: 30
    Received: undefined

      299 |       expect(response.status).toBe(200)
      300 |       expect(data.success).toBe(true)
    > 301 |       expect(data.balance).toBe(30)
          |                            ^
      302 |       // remainingMinutes is calculated as: remaining.remainingMinutes - minutes = 60 - 30 = 30
      303 |       expect(data.remainingMinutes).toBe(30)
      304 |       expect(data.message).toContain('30 minutes')

      at Object.toBe (tests/integration/api/screentime/log.test.ts:301:28)

  ● /api/screentime/log › POST › should prevent negative balance

    expect(received).toBe(expected) // Object.is equality

    Expected: 0
    Received: undefined

      367 |
      368 |       expect(response.status).toBe(200)
    > 369 |       expect(data.balance).toBe(0) // Should be 0, not negative
          |                            ^
      370 |     })
      371 |
      372 |     it('should use default deviceType if not provided', async () => {

      at Object.toBe (tests/integration/api/screentime/log.test.ts:369:28)

  ● /api/screentime/log › POST › should use default deviceType if not provided

    expect(jest.fn()).toHaveBeenCalled()

    Expected number of calls: >= 1
    Received number of calls:    0

      423 |
      424 |       // Transaction is called, and screenTimeTransaction.create is called inside it
    > 425 |       expect(dbMock.$transaction).toHaveBeenCalled()
          |                                   ^
      426 |       // The transaction.create happens inside the transaction callback
      427 |     })
      428 |

      at Object.toHaveBeenCalled (tests/integration/api/screentime/log.test.ts:425:35)

  ● /api/screentime/log › POST › should create audit log

    expect(jest.fn()).toHaveBeenCalled()

    Expected number of calls: >= 1
    Received number of calls:    0

      485 |
      486 |       // Audit log is created inside transaction, so check that transaction was called
    > 487 |       expect(dbMock.$transaction).toHaveBeenCalled()
          |                                   ^
      488 |       // The audit log creation happens inside the transaction callback
      489 |     })
      490 |

      at Object.toHaveBeenCalled (tests/integration/api/screentime/log.test.ts:487:35)

  ● /api/screentime/log › POST › should handle invalid JSON gracefully

    expect(received).toContain(expected) // indexOf

    Expected value: "Valid minutes value is required"
    Received array: ["Invalid JSON format", "Minutes must be a positive integer"]

      503 |       expect(response.status).toBe(400)
      504 |       // The error should indicate either a JSON format issue or missing field
    > 505 |       expect(['Invalid JSON format', 'Minutes must be a positive integer']).toContain(data.error)
          |                                                                             ^
      506 |     })
      507 |
      508 |     it('should return 403 if child tries to exceed allowance without override', async () => {

      at Object.toContain (tests/integration/api/screentime/log.test.ts:505:77)

  ● /api/screentime/log › POST › should return 403 if child tries to exceed allowance without override

    expect(received).toBe(expected) // Object.is equality

    Expected: 403
    Received: 200

      544 |       const data = await response.json()
      545 |
    > 546 |       expect(response.status).toBe(403)
          |                               ^
      547 |       expect(data.wouldExceed).toBe(true)
      548 |       expect(data.error).toContain('exceed your allowance')
      549 |       expect(data.remainingBefore).toBe(10)

      at Object.toBe (tests/integration/api/screentime/log.test.ts:546:31)

  ● /api/screentime/log › POST › should allow parent override when exceeding allowance

    expect(jest.fn()).toHaveBeenCalled()

    Expected number of calls: >= 1
    Received number of calls:    0

      627 |       expect(data.success).toBe(true)
      628 |       // Transaction is called inside $transaction, so check via the transaction mock
    > 629 |       expect(dbMock.$transaction).toHaveBeenCalled()
          |                                   ^
      630 |     })
      631 |
      632 |     it('should return 400 if override is true but overrideReason is missing', async () => {

      at Object.toHaveBeenCalled (tests/integration/api/screentime/log.test.ts:629:35)

  ● /api/screentime/log › POST › should return 400 if override is true but overrideReason is missing

    expect(received).toBe(expected) // Object.is equality

    Expected: 400
    Received: 200

      670 |       const data = await response.json()
      671 |
    > 672 |       expect(response.status).toBe(400)
          |                               ^
      673 |       expect(data.error).toBe('Override reason is required when exceeding allowance')
      674 |     })
      675 |

      at Object.toBe (tests/integration/api/screentime/log.test.ts:672:31)

  ● /api/screentime/log › POST › should return 403 if child tries to override

    expect(received).toBe(expected) // Object.is equality

    Expected: 403
    Received: 200

      702 |       const data = await response.json()
      703 |
    > 704 |       expect(response.status).toBe(403)
          |                               ^
      705 |       expect(data.error).toBe('Only parents can override screen time limits')
      706 |     })
      707 |

      at Object.toBe (tests/integration/api/screentime/log.test.ts:704:31)

  ● /api/screentime/log › POST › should create balance if it does not exist

    expect(jest.fn()).toHaveBeenCalled()

    Expected number of calls: >= 1
    Received number of calls:    0

      781 |
      782 |       expect(response.status).toBe(200)
    > 783 |       expect(dbMock.screenTimeBalance.create).toHaveBeenCalled()
          |                                               ^
      784 |     })
      785 |   })
      786 | })

      at Object.toHaveBeenCalled (tests/integration/api/screentime/log.test.ts:783:47)

FAIL tests/integration/api/rules/route.test.ts
  ● GET /api/rules › should filter by isEnabled=false

    expect(jest.fn()).toHaveBeenCalledWith(...expected)

    Expected: ObjectContaining {"where": ObjectContaining {"isEnabled": false}}
    Received: {"include": {"createdByMember": {"select": {"id": true, "name": true}}}, "orderBy": {"createdAt": "desc"}, "where": {"familyId": "family-test-123"}}

    Number of calls: 1

      180 |     await GET(request);
      181 |
    > 182 |     expect(dbMock.automationRule.findMany).toHaveBeenCalledWith(
          |                                            ^
      183 |       expect.objectContaining({
      184 |         where: expect.objectContaining({
      185 |           isEnabled: false,

      at Object.toHaveBeenCalledWith (tests/integration/api/rules/route.test.ts:182:44)

  ● GET /api/rules › should support pagination with limit

    expect(jest.fn()).toHaveBeenCalledWith(...expected)

    Expected: ObjectContaining {"take": 10}
    Received: {"include": {"createdByMember": {"select": {"id": true, "name": true}}}, "orderBy": {"createdAt": "desc"}, "where": {"familyId": "family-test-123"}}

    Number of calls: 1

      205 |     await GET(request);
      206 |
    > 207 |     expect(dbMock.automationRule.findMany).toHaveBeenCalledWith(
          |                                            ^
      208 |       expect.objectContaining({
      209 |         take: 10,
      210 |       })

      at Object.toHaveBeenCalledWith (tests/integration/api/rules/route.test.ts:207:44)

  ● GET /api/rules › should support pagination with offset

    expect(jest.fn()).toHaveBeenCalledWith(...expected)

    Expected: ObjectContaining {"skip": 20}
    Received: {"include": {"createdByMember": {"select": {"id": true, "name": true}}}, "orderBy": {"createdAt": "desc"}, "where": {"familyId": "family-test-123"}}

    Number of calls: 1

      224 |     await GET(request);
      225 |
    > 226 |     expect(dbMock.automationRule.findMany).toHaveBeenCalledWith(
          |                                            ^
      227 |       expect.objectContaining({
      228 |         skip: 20,
      229 |       })

      at Object.toHaveBeenCalledWith (tests/integration/api/rules/route.test.ts:226:44)

  ● GET /api/rules › should cap limit at maximum value

    expect(jest.fn()).toHaveBeenCalledWith(...expected)

    Expected: ObjectContaining {"take": Any<Number>}
    Received: {"include": {"createdByMember": {"select": {"id": true, "name": true}}}, "orderBy": {"createdAt": "desc"}, "where": {"familyId": "family-test-123"}}

    Number of calls: 1

      243 |     await GET(request);
      244 |
    > 245 |     expect(dbMock.automationRule.findMany).toHaveBeenCalledWith(
          |                                            ^
      246 |       expect.objectContaining({
      247 |         take: expect.any(Number),
      248 |       })

      at Object.toHaveBeenCalledWith (tests/integration/api/rules/route.test.ts:245:44)

  ● GET /api/rules › should include execution count in response

    expect(jest.fn()).toHaveBeenCalledWith(...expected)

    Expected: ObjectContaining {"include": ObjectContaining {"_count": ObjectContaining {"select": {"executions": true}}}}
    Received: {"include": {"createdByMember": {"select": {"id": true, "name": true}}}, "orderBy": {"createdAt": "desc"}, "where": {"familyId": "family-test-123"}}

    Number of calls: 1

      288 |     await GET(request);
      289 |
    > 290 |     expect(dbMock.automationRule.findMany).toHaveBeenCalledWith(
          |                                            ^
      291 |       expect.objectContaining({
      292 |         include: expect.objectContaining({
      293 |           _count: expect.objectContaining({

      at Object.toHaveBeenCalledWith (tests/integration/api/rules/route.test.ts:290:44)

  ● POST /api/rules › should return 400 if trigger is not an object

    expect(received).toBe(expected) // Object.is equality

    Expected: 400
    Received: 500

      459 |
      460 |     const response = await POST(request);
    > 461 |     expect(response.status).toBe(400);
          |                             ^
      462 |   });
      463 |
      464 |   // ============================================

      at Object.toBe (tests/integration/api/rules/route.test.ts:461:29)

  ● POST /api/rules › should return 400 if actions is missing

    expect(received).toContain(expected) // indexOf

    Expected substring: "Actions"
    Received string:    "At least one action is required"

      482 |
      483 |     const data = await response.json();
    > 484 |     expect(data.error).toContain('Actions');
          |                        ^
      485 |   });
      486 |
      487 |   it('should return 400 if actions is not an array', async () => {

      at Object.toContain (tests/integration/api/rules/route.test.ts:484:24)

  ● POST /api/rules › should return 400 if rule configuration is invalid

    expect(received).toBe(expected) // Object.is equality

    Expected: "Invalid trigger configuration"
    Received: "Invalid rule configuration"

      545 |
      546 |     const data = await response.json();
    > 547 |     expect(data.error).toBe('Invalid trigger configuration');
          |                        ^
      548 |   });
      549 |
      550 |   // ============================================

      at Object.toBe (tests/integration/api/rules/route.test.ts:547:24)

  ● POST /api/rules › should create audit log for RULE_CREATED

    expect(jest.fn()).toHaveBeenCalledWith(...expected)

    Expected: ObjectContaining {"data": ObjectContaining {"action": "RULE_CREATED", "entityId": "rule-1", "entityType": "AutomationRule", "result": "SUCCESS"}}
    Received: {"data": {"action": "RULE_CREATED", "entityId": "rule-1", "entityType": "AUTOMATION_RULE", "familyId": "family-test-123", "memberId": "parent-test-123", "metadata": {"name": "Test Rule", "triggerType": "chore_completed"}, "result": "SUCCESS"}}

    Number of calls: 1

      770 |     await POST(request);
      771 |
    > 772 |     expect(dbMock.auditLog.create).toHaveBeenCalledWith(
          |                                    ^
      773 |       expect.objectContaining({
      774 |         data: expect.objectContaining({
      775 |           action: 'RULE_CREATED',

      at Object.toHaveBeenCalledWith (tests/integration/api/rules/route.test.ts:772:36)

FAIL tests/integration/api/shopping/items/route.test.ts
  ● /api/shopping/items › POST › should create audit log

    expect(jest.fn()).toHaveBeenCalledWith(...expected)

    - Expected
    + Received

    @@ -1,12 +1,13 @@
      Object {
    -   "data": ObjectContaining {
    +   "data": Object {
          "action": "SHOPPING_ITEM_ADDED",
    -     "entityType": "ShoppingItem",
    +     "entityId": "item-1",
    +     "entityType": "SHOPPING_ITEM",
          "familyId": "family-test-123",
          "memberId": "child-test-123",
    -     "metadata": ObjectContaining {
    +     "metadata": Object {
            "category": "DAIRY",
            "itemName": "Milk",
            "priority": "NORMAL",
          },
          "result": "SUCCESS",,

    Number of calls: 1

      264 |       await POST(request)
      265 |
    > 266 |       expect(dbMock.auditLog.create).toHaveBeenCalledWith({
          |                                      ^
      267 |         data: expect.objectContaining({
      268 |           familyId: session.user.familyId,
      269 |           memberId: session.user.id,

      at Object.toHaveBeenCalledWith (tests/integration/api/shopping/items/route.test.ts:266:38)

FAIL tests/integration/api/health/temperature/route.test.ts
  ● /api/health/temperature › POST › should allow parents to log temperature for any family member

    expect(jest.fn()).toHaveBeenCalledWith(...expected)

    - Expected
    + Received

    @@ -1,10 +1,11 @@
      Object {
        "data": Object {
          "memberId": "child-test-123",
          "method": "ORAL",
          "notes": "Child has fever",
    +     "recordedAt": "2026-01-21T13:14:04.123Z",
          "temperature": 101.5,
        },
        "include": Object {
          "member": Object {
            "select": Object {,

    Number of calls: 1

      101 |       expect(data.log.method).toBe('ORAL');
      102 |
    > 103 |       expect(dbMock.temperatureLog.create).toHaveBeenCalledWith({
          |                                            ^
      104 |         data: {
      105 |           memberId: 'child-test-123',
      106 |           temperature: 101.5,

      at Object.toHaveBeenCalledWith (tests/integration/api/health/temperature/route.test.ts:103:44)

  ● /api/health/temperature › POST › should return 400 if memberId is missing

    expect(received).toBe(expected) // Object.is equality

    Expected: 400
    Received: 404

      155 |       const response = await POST(request);
      156 |
    > 157 |       expect(response.status).toBe(400);
          |                               ^
      158 |       const data = await response.json();
      159 |       expect(data.error).toBe('Member ID is required');
      160 |     });

      at Object.toBe (tests/integration/api/health/temperature/route.test.ts:157:31)

  ● /api/health/temperature › POST › should accept optional notes

    expect(jest.fn()).toHaveBeenCalledWith(...expected)

    - Expected
    + Received

      Object {
        "data": Object {
          "memberId": "child-test-123",
          "method": "ORAL",
          "notes": "Child is feeling hot",
    +     "recordedAt": "2026-01-21T13:14:04.155Z",
          "temperature": 101.5,
        },
    -   "include": Any<Object>,
    +   "include": Object {
    +     "member": Object {
    +       "select": Object {
    +         "id": true,
    +         "name": true,
    +       },
    +     },
    +   },
      },

    Number of calls: 1

      329 |
      330 |       expect(response.status).toBe(201);
    > 331 |       expect(dbMock.temperatureLog.create).toHaveBeenCalledWith({
          |                                            ^
      332 |         data: {
      333 |           memberId: 'child-test-123',
      334 |           temperature: 101.5,

      at Object.toHaveBeenCalledWith (tests/integration/api/health/temperature/route.test.ts:331:44)

  ● /api/health/temperature › POST › should log audit event on successful creation

    expect(jest.fn()).toHaveBeenCalledWith(...expected)

    - Expected
    + Received

      Object {
        "data": Object {
          "action": "TEMPERATURE_LOGGED",
          "entityId": "temp-log-1",
    -     "entityType": "TemperatureLog",
    +     "entityType": "TEMPERATURE_LOG",
          "familyId": "family-test-123",
          "memberId": "parent-test-123",
          "result": "SUCCESS",
        },
      },

    Number of calls: 1

      359 |
      360 |       expect(response.status).toBe(201);
    > 361 |       expect(dbMock.auditLog.create).toHaveBeenCalledWith({
          |                                      ^
      362 |         data: {
      363 |           familyId: 'family-test-123',
      364 |           memberId: 'parent-test-123',

      at Object.toHaveBeenCalledWith (tests/integration/api/health/temperature/route.test.ts:361:38)

  ● /api/health/temperature › POST › Sick Mode Auto-Trigger › should auto-trigger sick mode when temperature exceeds threshold

    expect(received).toBe(expected) // Object.is equality

    Expected: true
    Received: undefined

      415 |       expect(response.status).toBe(201);
      416 |       const data = await response.json();
    > 417 |       expect(data.sickModeTriggered).toBe(true);
          |                                      ^
      418 |       expect(dbMock.sickModeInstance.create).toHaveBeenCalled();
      419 |     });
      420 |

      at Object.toBe (tests/integration/api/health/temperature/route.test.ts:417:38)

  ● /api/health/temperature › POST › Sick Mode Auto-Trigger › should not auto-trigger if temperature is below threshold

    expect(received).toBe(expected) // Object.is equality

    Expected: false
    Received: undefined

      450 |       expect(response.status).toBe(201);
      451 |       const data = await response.json();
    > 452 |       expect(data.sickModeTriggered).toBe(false);
          |                                      ^
      453 |       expect(dbMock.sickModeInstance.create).not.toHaveBeenCalled();
      454 |     });
      455 |

      at Object.toBe (tests/integration/api/health/temperature/route.test.ts:452:38)

  ● /api/health/temperature › POST › Sick Mode Auto-Trigger › should not auto-trigger if setting is disabled

    expect(received).toBe(expected) // Object.is equality

    Expected: false
    Received: undefined

      485 |       expect(response.status).toBe(201);
      486 |       const data = await response.json();
    > 487 |       expect(data.sickModeTriggered).toBe(false);
          |                                      ^
      488 |       expect(dbMock.sickModeInstance.create).not.toHaveBeenCalled();
      489 |     });
      490 |

      at Object.toBe (tests/integration/api/health/temperature/route.test.ts:487:38)

  ● /api/health/temperature › POST › Sick Mode Auto-Trigger › should not auto-trigger if sick mode already active

    expect(received).toBe(expected) // Object.is equality

    Expected: false
    Received: undefined

      524 |       expect(response.status).toBe(201);
      525 |       const data = await response.json();
    > 526 |       expect(data.sickModeTriggered).toBe(false);
          |                                      ^
      527 |       expect(dbMock.sickModeInstance.create).not.toHaveBeenCalled();
      528 |     });
      529 |   });

      at Object.toBe (tests/integration/api/health/temperature/route.test.ts:526:38)

FAIL tests/integration/api/screentime/grace/approve.test.ts
  ● POST /api/screentime/grace/approve › should return 404 if grace log not found

    expect(received).toBe(expected) // Object.is equality

    Expected: 404
    Received: 500

      60 |     const response = await POST(request as NextRequest);
      61 |
    > 62 |     expect(response.status).toBe(404);
         |                             ^
      63 |     const data = await response.json();
      64 |     expect(data.error).toContain('not found');
      65 |   });

      at Object.toBe (tests/integration/api/screentime/grace/approve.test.ts:62:29)

  ● POST /api/screentime/grace/approve › should return 400 if already processed

    expect(received).toBe(expected) // Object.is equality

    Expected: 400
    Received: 500

      105 |     const response = await POST(request as NextRequest);
      106 |
    > 107 |     expect(response.status).toBe(400);
          |                             ^
      108 |     const data = await response.json();
      109 |     expect(data.error).toContain('already');
      110 |   });

      at Object.toBe (tests/integration/api/screentime/grace/approve.test.ts:107:29)

  ● POST /api/screentime/grace/approve › should approve and grant grace successfully

    expect(received).toBe(expected) // Object.is equality

    Expected: 200
    Received: 500

      219 |     const data = await response.json();
      220 |
    > 221 |     expect(response.status).toBe(200);
          |                             ^
      222 |     expect(data.success).toBe(true);
      223 |     expect(data.approved).toBe(true);
      224 |

      at Object.toBe (tests/integration/api/screentime/grace/approve.test.ts:221:29)

  ● POST /api/screentime/grace/approve › should deny request and update status

    expect(received).toBe(expected) // Object.is equality

    Expected: 200
    Received: 500

      296 |     const data = await response.json();
      297 |
    > 298 |     expect(response.status).toBe(200);
          |                             ^
      299 |     expect(data.success).toBe(true);
      300 |     expect(data.approved).toBe(false);
      301 |

      at Object.toBe (tests/integration/api/screentime/grace/approve.test.ts:298:29)

  ● POST /api/screentime/grace/approve › should verify family ownership

    expect(received).toBe(expected) // Object.is equality

    Expected: 403
    Received: 500

      366 |     const response = await POST(request as NextRequest);
      367 |
    > 368 |     expect(response.status).toBe(403);
          |                             ^
      369 |     const data = await response.json();
      370 |     expect(data.error).toBe('Cannot approve grace requests from other families');
      371 |   });

      at Object.toBe (tests/integration/api/screentime/grace/approve.test.ts:368:29)

FAIL tests/integration/api/projects/[id]/route.test.ts
  ● GET /api/projects/[id] › Project Retrieval › should return project with all details

    expect(jest.fn()).toHaveBeenCalledWith(...expected)

    - Expected
    + Received

      Object {
        "include": Object {
          "creator": Object {
            "select": Object {
    -         "id": true,
    -         "name": true,
    -       },
    -     },
    -     "tasks": Object {
    -       "include": Object {
    -         "_count": Object {
    -           "select": Object {
    -             "dependencies": true,
    -             "dependents": true,
    -           },
    -         },
    -         "assignee": Object {
    -           "select": Object {
    +         "avatarUrl": true,
              "id": true,
              "name": true,
            },
          },
    -       },
    -       "orderBy": Object {
    -         "sortOrder": "asc",
    -       },
    -     },
    +     "tasks": true,
        },
        "where": Object {
          "id": "project-1",
        },
      },

    Number of calls: 1

      88 |       expect(data.project.name).toBe('Birthday Party');
      89 |       expect(data.project.tasks).toHaveLength(2);
    > 90 |       expect(dbMock.project.findUnique).toHaveBeenCalledWith({
         |                                         ^
      91 |         where: { id: 'project-1' },
      92 |         include: {
      93 |           creator: {

      at Object.toHaveBeenCalledWith (tests/integration/api/projects/[id]/route.test.ts:90:41)

  ● PATCH /api/projects/[id] › Authentication › should return 403 if user is a child

    expect(received).toBe(expected) // Object.is equality

    Expected: "Only parents can update projects"
    Received: "Only parents can manage projects"

      202 |       expect(response.status).toBe(403);
      203 |       const data = await response.json();
    > 204 |       expect(data.error).toBe('Only parents can update projects');
          |                          ^
      205 |     });
      206 |   });
      207 |

      at Object.toBe (tests/integration/api/projects/[id]/route.test.ts:204:26)

  ● PATCH /api/projects/[id] › Validation › should return 403 if project belongs to different family

    expect(received).toBe(expected) // Object.is equality

    Expected: 403
    Received: 404

      240 |       );
      241 |
    > 242 |       expect(response.status).toBe(403);
          |                               ^
      243 |       const data = await response.json();
      244 |       expect(data.error).toBe('Access denied');
      245 |     });

      at Object.toBe (tests/integration/api/projects/[id]/route.test.ts:242:31)

  ● PATCH /api/projects/[id] › Validation › should return 400 if name is empty string

    expect(received).toBe(expected) // Object.is equality

    Expected: 400
    Received: 200

      262 |       );
      263 |
    > 264 |       expect(response.status).toBe(400);
          |                               ^
      265 |       const data = await response.json();
      266 |       expect(data.error).toBe('Name cannot be empty');
      267 |     });

      at Object.toBe (tests/integration/api/projects/[id]/route.test.ts:264:31)

  ● PATCH /api/projects/[id] › Validation › should return 400 if status is invalid

    expect(received).toBe(expected) // Object.is equality

    Expected: 400
    Received: 200

      284 |       );
      285 |
    > 286 |       expect(response.status).toBe(400);
          |                               ^
      287 |       const data = await response.json();
      288 |       expect(data.error).toContain('Invalid status');
      289 |     });

      at Object.toBe (tests/integration/api/projects/[id]/route.test.ts:286:31)

  ● PATCH /api/projects/[id] › Validation › should return 400 if budget is negative

    expect(received).toBe(expected) // Object.is equality

    Expected: 400
    Received: 200

      306 |       );
      307 |
    > 308 |       expect(response.status).toBe(400);
          |                               ^
      309 |       const data = await response.json();
      310 |       expect(data.error).toBe('Budget must be a positive number');
      311 |     });

      at Object.toBe (tests/integration/api/projects/[id]/route.test.ts:308:31)

  ● PATCH /api/projects/[id] › Validation › should return 400 if dueDate is before startDate

    expect(received).toBe(expected) // Object.is equality

    Expected: 400
    Received: 200

      329 |       );
      330 |
    > 331 |       expect(response.status).toBe(400);
          |                               ^
      332 |       const data = await response.json();
      333 |       expect(data.error).toBe('Due date must be after start date');
      334 |     });

      at Object.toBe (tests/integration/api/projects/[id]/route.test.ts:331:31)

  ● PATCH /api/projects/[id] › Project Update › should update all fields

    expect(jest.fn()).toHaveBeenCalledWith(...expected)

    - Expected
    + Received

    @@ -1,13 +1,13 @@
      Object {
        "data": Object {
          "budget": 1000,
          "description": "Updated description",
    -     "dueDate": 2026-03-15T00:00:00.000Z,
    +     "dueDate": "2026-03-15",
          "name": "Updated Name",
          "notes": "Updated notes",
    -     "startDate": 2026-03-01T00:00:00.000Z,
    +     "startDate": "2026-03-01",
          "status": "ON_HOLD",
        },
        "where": Object {
          "id": "project-1",
        },,

    Number of calls: 1

      396 |
      397 |       expect(response.status).toBe(200);
    > 398 |       expect(dbMock.project.update).toHaveBeenCalledWith({
          |                                     ^
      399 |         where: { id: 'project-1' },
      400 |         data: {
      401 |           name: 'Updated Name',

      at Object.toHaveBeenCalledWith (tests/integration/api/projects/[id]/route.test.ts:398:37)

  ● PATCH /api/projects/[id] › Project Update › should trim whitespace from name

    expect(jest.fn()).toHaveBeenCalledWith(...expected)

    Expected: ObjectContaining {"data": ObjectContaining {"name": "Updated Name"}}
    Received: {"data": {"name": "  Updated Name  "}, "where": {"id": "project-1"}}

    Number of calls: 1

      429 |       );
      430 |
    > 431 |       expect(dbMock.project.update).toHaveBeenCalledWith(
          |                                     ^
      432 |         expect.objectContaining({
      433 |           data: expect.objectContaining({
      434 |             name: 'Updated Name',

      at Object.toHaveBeenCalledWith (tests/integration/api/projects/[id]/route.test.ts:431:37)

  ● PATCH /api/projects/[id] › Audit Logging › should create audit log on successful update

    expect(jest.fn()).toHaveBeenCalledWith(...expected)

    Expected: {"data": {"action": "PROJECT_UPDATED", "familyId": "family-test-123", "memberId": "parent-test-123", "metadata": {"projectId": "project-1", "updates": {"status": "COMPLETED"}}, "result": "SUCCESS"}}

    Number of calls: 0

      460 |       );
      461 |
    > 462 |       expect(dbMock.auditLog.create).toHaveBeenCalledWith({
          |                                      ^
      463 |         data: {
      464 |           familyId: 'family-test-123',
      465 |           memberId: 'parent-test-123',

      at Object.toHaveBeenCalledWith (tests/integration/api/projects/[id]/route.test.ts:462:38)

  ● DELETE /api/projects/[id] › Authentication › should return 403 if user is a child

    expect(received).toBe(expected) // Object.is equality

    Expected: "Only parents can delete projects"
    Received: "Only parents can manage projects"

      532 |       expect(response.status).toBe(403);
      533 |       const data = await response.json();
    > 534 |       expect(data.error).toBe('Only parents can delete projects');
          |                          ^
      535 |     });
      536 |   });
      537 |

      at Object.toBe (tests/integration/api/projects/[id]/route.test.ts:534:26)

  ● DELETE /api/projects/[id] › Project Deletion › should return 403 if project belongs to different family

    expect(received).toBe(expected) // Object.is equality

    Expected: 403
    Received: 404

      595 |       );
      596 |
    > 597 |       expect(response.status).toBe(403);
          |                               ^
      598 |       const data = await response.json();
      599 |       expect(data.error).toBe('Access denied');
      600 |     });

      at Object.toBe (tests/integration/api/projects/[id]/route.test.ts:597:31)

  ● DELETE /api/projects/[id] › Audit Logging › should create audit log on successful deletion

    expect(jest.fn()).toHaveBeenCalledWith(...expected)

    Expected: {"data": {"action": "PROJECT_DELETED", "familyId": "family-test-123", "memberId": "parent-test-123", "metadata": {"name": "Test Project", "projectId": "project-1"}, "result": "SUCCESS"}}

    Number of calls: 0

      621 |       );
      622 |
    > 623 |       expect(dbMock.auditLog.create).toHaveBeenCalledWith({
          |                                      ^
      624 |         data: {
      625 |           familyId: 'family-test-123',
      626 |           memberId: 'parent-test-123',

      at Object.toHaveBeenCalledWith (tests/integration/api/projects/[id]/route.test.ts:623:38)

FAIL tests/integration/api/projects/[id]/tasks/route.test.ts
  ● GET /api/projects/[id]/tasks › Task Listing › should return 403 if project belongs to different family

    expect(received).toBe(expected) // Object.is equality

    Expected: 403
    Received: 404

      137 |       );
      138 |
    > 139 |       expect(response.status).toBe(403);
          |                               ^
      140 |       const data = await response.json();
      141 |       expect(data.error).toBe('Access denied');
      142 |     });

      at Object.toBe (tests/integration/api/projects/[id]/tasks/route.test.ts:139:31)

  ● GET /api/projects/[id]/tasks › Error Handling › should return 500 if database query fails

    expect(received).toBe(expected) // Object.is equality

    Expected: "Failed to fetch tasks"
    Received: "Failed to get tasks"

      181 |       expect(response.status).toBe(500);
      182 |       const data = await response.json();
    > 183 |       expect(data.error).toBe('Failed to fetch tasks');
          |                          ^
      184 |     });
      185 |   });
      186 | });

      at Object.toBe (tests/integration/api/projects/[id]/tasks/route.test.ts:183:26)

  ● POST /api/projects/[id]/tasks › Authentication › should return 403 if user is a child

    expect(received).toBe(expected) // Object.is equality

    Expected: "Only parents can manage tasks"
    Received: "Only parents can manage projects"

      219 |       expect(response.status).toBe(403);
      220 |       const data = await response.json();
    > 221 |       expect(data.error).toBe('Only parents can manage tasks');
          |                          ^
      222 |     });
      223 |   });
      224 |

      at Object.toBe (tests/integration/api/projects/[id]/tasks/route.test.ts:221:26)

  ● POST /api/projects/[id]/tasks › Validation › should return 403 if project belongs to different family

    expect(received).toBe(expected) // Object.is equality

    Expected: 403
    Received: 404

      257 |       );
      258 |
    > 259 |       expect(response.status).toBe(403);
          |                               ^
      260 |       const data = await response.json();
      261 |       expect(data.error).toBe('Access denied');
      262 |     });

      at Object.toBe (tests/integration/api/projects/[id]/tasks/route.test.ts:259:31)

  ● POST /api/projects/[id]/tasks › Validation › should return 400 if name is missing

    expect(received).toBe(expected) // Object.is equality

    Expected: 400
    Received: 200

      279 |       );
      280 |
    > 281 |       expect(response.status).toBe(400);
          |                               ^
      282 |       const data = await response.json();
      283 |       expect(data.error).toBe('Task name is required');
      284 |     });

      at Object.toBe (tests/integration/api/projects/[id]/tasks/route.test.ts:281:31)

  ● POST /api/projects/[id]/tasks › Validation › should return 400 if name is empty string

    expect(received).toBe(expected) // Object.is equality

    Expected: 400
    Received: 200

      301 |       );
      302 |
    > 303 |       expect(response.status).toBe(400);
          |                               ^
      304 |       const data = await response.json();
      305 |       expect(data.error).toBe('Task name is required');
      306 |     });

      at Object.toBe (tests/integration/api/projects/[id]/tasks/route.test.ts:303:31)

  ● POST /api/projects/[id]/tasks › Validation › should return 400 if status is invalid

    expect(received).toBe(expected) // Object.is equality

    Expected: 400
    Received: 200

      326 |       );
      327 |
    > 328 |       expect(response.status).toBe(400);
          |                               ^
      329 |       const data = await response.json();
      330 |       expect(data.error).toContain('Invalid status');
      331 |     });

      at Object.toBe (tests/integration/api/projects/[id]/tasks/route.test.ts:328:31)

  ● POST /api/projects/[id]/tasks › Validation › should return 400 if estimatedHours is negative

    expect(received).toBe(expected) // Object.is equality

    Expected: 400
    Received: 200

      351 |       );
      352 |
    > 353 |       expect(response.status).toBe(400);
          |                               ^
      354 |       const data = await response.json();
      355 |       expect(data.error).toBe('Estimated hours must be a positive number');
      356 |     });

      at Object.toBe (tests/integration/api/projects/[id]/tasks/route.test.ts:353:31)

  ● POST /api/projects/[id]/tasks › Validation › should return 400 if actualHours is negative

    expect(received).toBe(expected) // Object.is equality

    Expected: 400
    Received: 200

      376 |       );
      377 |
    > 378 |       expect(response.status).toBe(400);
          |                               ^
      379 |       const data = await response.json();
      380 |       expect(data.error).toBe('Actual hours must be a positive number');
      381 |     });

      at Object.toBe (tests/integration/api/projects/[id]/tasks/route.test.ts:378:31)

  ● POST /api/projects/[id]/tasks › Task Creation › should create a task with minimal data

    expect(received).toBe(expected) // Object.is equality

    Expected: 201
    Received: 200

      418 |       );
      419 |
    > 420 |       expect(response.status).toBe(201);
          |                               ^
      421 |       const data = await response.json();
      422 |       expect(data.task.name).toBe('New Task');
      423 |       expect(data.task.status).toBe('PENDING');

      at Object.toBe (tests/integration/api/projects/[id]/tasks/route.test.ts:420:31)

  ● POST /api/projects/[id]/tasks › Task Creation › should create a task with all fields

    expect(received).toBe(expected) // Object.is equality

    Expected: 201
    Received: 200

      453 |       );
      454 |
    > 455 |       expect(response.status).toBe(201);
          |                               ^
      456 |       expect(dbMock.projectTask.create).toHaveBeenCalledWith({
      457 |         data: {
      458 |           projectId: 'project-1',

      at Object.toBe (tests/integration/api/projects/[id]/tasks/route.test.ts:455:31)

  ● POST /api/projects/[id]/tasks › Task Creation › should auto-increment sortOrder

    expect(jest.fn()).toHaveBeenCalledWith(...expected)

    Expected: ObjectContaining {"data": ObjectContaining {"sortOrder": 5}}
    Received: {"data": {"name": "New Task", "projectId": "project-1"}}

    Number of calls: 1

      489 |       );
      490 |
    > 491 |       expect(dbMock.projectTask.create).toHaveBeenCalledWith(
          |                                         ^
      492 |         expect.objectContaining({
      493 |           data: expect.objectContaining({
      494 |             sortOrder: 5,

      at Object.toHaveBeenCalledWith (tests/integration/api/projects/[id]/tasks/route.test.ts:491:41)

  ● POST /api/projects/[id]/tasks › Task Creation › should trim whitespace from name

    expect(jest.fn()).toHaveBeenCalledWith(...expected)

    Expected: ObjectContaining {"data": ObjectContaining {"name": "New Task"}}
    Received: {"data": {"name": "  New Task  ", "projectId": "project-1"}}

    Number of calls: 1

      518 |       );
      519 |
    > 520 |       expect(dbMock.projectTask.create).toHaveBeenCalledWith(
          |                                         ^
      521 |         expect.objectContaining({
      522 |           data: expect.objectContaining({
      523 |             name: 'New Task',

      at Object.toHaveBeenCalledWith (tests/integration/api/projects/[id]/tasks/route.test.ts:520:41)

  ● POST /api/projects/[id]/tasks › Task Creation › should default status to PENDING

    expect(jest.fn()).toHaveBeenCalledWith(...expected)

    Expected: ObjectContaining {"data": ObjectContaining {"status": "PENDING"}}
    Received: {"data": {"name": "New Task", "projectId": "project-1"}}

    Number of calls: 1

      547 |       );
      548 |
    > 549 |       expect(dbMock.projectTask.create).toHaveBeenCalledWith(
          |                                         ^
      550 |         expect.objectContaining({
      551 |           data: expect.objectContaining({
      552 |             status: 'PENDING',

      at Object.toHaveBeenCalledWith (tests/integration/api/projects/[id]/tasks/route.test.ts:549:41)

  ● POST /api/projects/[id]/tasks › Audit Logging › should create audit log on successful task creation

    expect(jest.fn()).toHaveBeenCalledWith(...expected)

    Expected: {"data": {"action": "PROJECT_TASK_CREATED", "familyId": "family-test-123", "memberId": "parent-test-123", "metadata": {"name": "New Task", "projectId": "project-1", "taskId": "task-1"}, "result": "SUCCESS"}}

    Number of calls: 0

      583 |       );
      584 |
    > 585 |       expect(dbMock.auditLog.create).toHaveBeenCalledWith({
          |                                      ^
      586 |         data: {
      587 |           familyId: 'family-test-123',
      588 |           memberId: 'parent-test-123',

      at Object.toHaveBeenCalledWith (tests/integration/api/projects/[id]/tasks/route.test.ts:585:38)

FAIL tests/integration/api/dashboard/route.test.ts
  ● /api/dashboard › GET › should return 401 if not authenticated

    expect(received).toBe(expected) // Object.is equality

    Expected: 401
    Received: 500

      44 |       const data = await response.json()
      45 |
    > 46 |       expect(response.status).toBe(401)
         |                               ^
      47 |       expect(data.error).toBe('Unauthorized')
      48 |     })
      49 |

      at Object.toBe (tests/integration/api/dashboard/route.test.ts:46:31)

  ● /api/dashboard › GET › should return dashboard data for child

    expect(received).toEqual(expected) // deep equality

    Expected: {"current": 100, "lifetimeEarned": 200, "lifetimeSpent": 100}
    Received: null

      191 |         ]),
      192 |       })
    > 193 |       expect(data.credits).toEqual({
          |                            ^
      194 |         current: 100,
      195 |         lifetimeEarned: 200,
      196 |         lifetimeSpent: 100,

      at Object.toEqual (tests/integration/api/dashboard/route.test.ts:193:28)

FAIL tests/integration/api/approvals/bulk-actions.test.ts
  ● Bulk Approval APIs › POST /api/approvals/bulk-approve › should validate itemIds is a non-empty array

    expect(received).toBe(expected) // Object.is equality

    Expected: "itemIds must be a non-empty array"
    Received: "Items array is required"

      57 |
      58 |       expect(response.status).toBe(400);
    > 59 |       expect(data.error).toBe('itemIds must be a non-empty array');
         |                          ^
      60 |     });
      61 |
      62 |     it('should approve a chore completion and award credits', async () => {

      at Object.toBe (tests/integration/api/approvals/bulk-actions.test.ts:59:26)

  ● Bulk Approval APIs › POST /api/approvals/bulk-approve › should approve a chore completion and award credits

    expect(received).toBe(expected) // Object.is equality

    Expected: 200
    Received: 400

      103 |       const data = await response.json();
      104 |
    > 105 |       expect(response.status).toBe(200);
          |                               ^
      106 |       expect(data.success).toEqual(['chore-chore-123']);
      107 |       expect(data.failed).toEqual([]);
      108 |       expect(data.total).toBe(1);

      at Object.toBe (tests/integration/api/approvals/bulk-actions.test.ts:105:31)

  ● Bulk Approval APIs › POST /api/approvals/bulk-approve › should approve a reward redemption

    expect(received).toBe(expected) // Object.is equality

    Expected: 200
    Received: 400

      148 |       const data = await response.json();
      149 |
    > 150 |       expect(response.status).toBe(200);
          |                               ^
      151 |       expect(data.success).toEqual(['reward-redemption-1']);
      152 |       expect(data.failed).toEqual([]);
      153 |       expect(data.total).toBe(1);

      at Object.toBe (tests/integration/api/approvals/bulk-actions.test.ts:150:31)

  ● Bulk Approval APIs › POST /api/approvals/bulk-approve › should handle mixed success and failures

    expect(received).toBe(expected) // Object.is equality

    Expected: 200
    Received: 400

      198 |       const data = await response.json();
      199 |
    > 200 |       expect(response.status).toBe(200);
          |                               ^
      201 |       expect(data.success).toEqual(['chore-chore-123']);
      202 |       expect(data.failed).toHaveLength(1);
      203 |       expect(data.failed[0]).toEqual({

      at Object.toBe (tests/integration/api/approvals/bulk-actions.test.ts:200:31)

  ● Bulk Approval APIs › POST /api/approvals/bulk-approve › should enforce family isolation for chores

    expect(received).toBe(expected) // Object.is equality

    Expected: 200
    Received: 400

      236 |       const data = await response.json();
      237 |
    > 238 |       expect(response.status).toBe(200);
          |                               ^
      239 |       expect(data.success).toEqual([]);
      240 |       expect(data.failed).toHaveLength(1);
      241 |       expect(data.failed[0].reason).toBe('Not authorized to approve this chore');

      at Object.toBe (tests/integration/api/approvals/bulk-actions.test.ts:238:31)

  ● Bulk Approval APIs › POST /api/approvals/bulk-approve › should not approve already processed chores

    expect(received).toBe(expected) // Object.is equality

    Expected: 200
    Received: 400

      270 |       const data = await response.json();
      271 |
    > 272 |       expect(response.status).toBe(200);
          |                               ^
      273 |       expect(data.failed).toHaveLength(1);
      274 |       expect(data.failed[0].reason).toBe('Chore is APPROVED, not awaiting approval');
      275 |     });

      at Object.toBe (tests/integration/api/approvals/bulk-actions.test.ts:272:31)

  ● Bulk Approval APIs › POST /api/approvals/bulk-deny › should deny a chore completion without awarding credits

    expect(received).toBe(expected) // Object.is equality

    Expected: 200
    Received: 400

      342 |       const data = await response.json();
      343 |
    > 344 |       expect(response.status).toBe(200);
          |                               ^
      345 |       expect(data.success).toEqual(['chore-chore-123']);
      346 |       expect(data.failed).toEqual([]);
      347 |

      at Object.toBe (tests/integration/api/approvals/bulk-actions.test.ts:344:31)

  ● Bulk Approval APIs › POST /api/approvals/bulk-deny › should deny a reward redemption and refund credits

    expect(received).toBe(expected) // Object.is equality

    Expected: 200
    Received: 400

      387 |       const data = await response.json();
      388 |
    > 389 |       expect(response.status).toBe(200);
          |                               ^
      390 |       expect(data.success).toEqual(['reward-redemption-1']);
      391 |       expect(data.failed).toEqual([]);
      392 |

      at Object.toBe (tests/integration/api/approvals/bulk-actions.test.ts:389:31)

  ● Bulk Approval APIs › POST /api/approvals/bulk-deny › should enforce family isolation for rewards

    expect(received).toBe(expected) // Object.is equality

    Expected: 200
    Received: 400

      417 |       const data = await response.json();
      418 |
    > 419 |       expect(response.status).toBe(200);
          |                               ^
      420 |       expect(data.failed).toHaveLength(1);
      421 |       expect(data.failed[0].reason).toBe('Not authorized to deny this redemption');
      422 |     });

      at Object.toBe (tests/integration/api/approvals/bulk-actions.test.ts:419:31)

  ● Bulk Approval APIs › POST /api/approvals/bulk-deny › should handle invalid item type

    expect(received).toBe(expected) // Object.is equality

    Expected: 200
    Received: 400

      433 |       const data = await response.json();
      434 |
    > 435 |       expect(response.status).toBe(200);
          |                               ^
      436 |       expect(data.failed).toHaveLength(1);
      437 |       expect(data.failed[0].reason).toBe('Invalid item type');
      438 |     });

      at Object.toBe (tests/integration/api/approvals/bulk-actions.test.ts:435:31)

FAIL tests/integration/api/screentime/types/[id]/route.test.ts
  ● /api/screentime/types/[id] › GET › should return type with counts

    expect(received).toBe(expected) // Object.is equality

    Expected: 200
    Received: 404

      78 |       const data = await response.json();
      79 |
    > 80 |       expect(response.status).toBe(200);
         |                               ^
      81 |       expect(data.type.name).toBe('Educational');
      82 |       expect(data.type._count.transactions).toBe(5);
      83 |       expect(data.type._count.allowances).toBe(2);

      at Object.toBe (tests/integration/api/screentime/types/[id]/route.test.ts:80:31)

  ● /api/screentime/types/[id] › PATCH › should return 403 if user is not a parent

    expect(received).toBe(expected) // Object.is equality

    Expected: 403
    Received: 404

      111 |       const data = await response.json();
      112 |
    > 113 |       expect(response.status).toBe(403);
          |                               ^
      114 |       expect(data.error).toBe('Only parents can update screen time types');
      115 |     });
      116 |

      at Object.toBe (tests/integration/api/screentime/types/[id]/route.test.ts:113:31)

  ● /api/screentime/types/[id] › PATCH › should update type name

    expect(received).toBe(expected) // Object.is equality

    Expected: 200
    Received: 404

      150 |       const data = await response.json();
      151 |
    > 152 |       expect(response.status).toBe(200);
          |                               ^
      153 |       expect(data.type.name).toBe('Updated Name');
      154 |       expect(dbMock.screenTimeType.update).toHaveBeenCalledWith({
      155 |         where: { id: 'type-1' },

      at Object.toBe (tests/integration/api/screentime/types/[id]/route.test.ts:152:31)

  ● /api/screentime/types/[id] › PATCH › should check for duplicate names when updating

    expect(received).toBe(expected) // Object.is equality

    Expected: 400
    Received: 404

      173 |       const data = await response.json();
      174 |
    > 175 |       expect(response.status).toBe(400);
          |                               ^
      176 |       expect(data.error).toBe('A screen time type with this name already exists');
      177 |     });
      178 |

      at Object.toBe (tests/integration/api/screentime/types/[id]/route.test.ts:175:31)

  ● /api/screentime/types/[id] › PATCH › should update isActive status

    expect(received).toBe(expected) // Object.is equality

    Expected: 200
    Received: 404

      195 |       const data = await response.json();
      196 |
    > 197 |       expect(response.status).toBe(200);
          |                               ^
      198 |       expect(data.type.isActive).toBe(false);
      199 |     });
      200 |   });

      at Object.toBe (tests/integration/api/screentime/types/[id]/route.test.ts:197:31)

  ● /api/screentime/types/[id] › DELETE › should return 403 if user is not a parent

    expect(received).toBe(expected) // Object.is equality

    Expected: 403
    Received: 404

      224 |       const data = await response.json();
      225 |
    > 226 |       expect(response.status).toBe(403);
          |                               ^
      227 |       expect(data.error).toBe('Only parents can archive screen time types');
      228 |     });
      229 |

      at Object.toBe (tests/integration/api/screentime/types/[id]/route.test.ts:226:31)

  ● /api/screentime/types/[id] › DELETE › should archive type if it has transactions

    expect(received).toBe(expected) // Object.is equality

    Expected: 200
    Received: 404

      253 |       const data = await response.json();
      254 |
    > 255 |       expect(response.status).toBe(200);
          |                               ^
      256 |       expect(data.type.isArchived).toBe(true);
      257 |       expect(data.type.isActive).toBe(false);
      258 |       expect(data.message).toContain('archived');

      at Object.toBe (tests/integration/api/screentime/types/[id]/route.test.ts:255:31)

  ● /api/screentime/types/[id] › DELETE › should delete type if it has no transactions

    expect(received).toBe(expected) // Object.is equality

    Expected: 200
    Received: 404

      287 |       const data = await response.json();
      288 |
    > 289 |       expect(response.status).toBe(200);
          |                               ^
      290 |       expect(data.message).toContain('deleted successfully');
      291 |       expect(dbMock.screenTimeType.delete).toHaveBeenCalledWith({
      292 |         where: { id: 'type-1' },

      at Object.toBe (tests/integration/api/screentime/types/[id]/route.test.ts:289:31)

FAIL tests/integration/api/family/sick-mode/settings/route.test.ts
  ● /api/family/sick-mode/settings › GET › should create default settings if none exist

    expect(jest.fn()).toHaveBeenCalledWith(...expected)

    Expected: {"data": {"familyId": "family-test-123"}}

    Number of calls: 0

      89 |       expect(data.settings).toBeDefined();
      90 |
    > 91 |       expect(dbMock.sickModeSettings.create).toHaveBeenCalledWith({
         |                                              ^
      92 |         data: {
      93 |           familyId: 'family-test-123',
      94 |         },

      at Object.toHaveBeenCalledWith (tests/integration/api/family/sick-mode/settings/route.test.ts:91:46)

  ● /api/family/sick-mode/settings › PUT › should return 403 if child tries to update settings

    expect(received).toBe(expected) // Object.is equality

    Expected: "Only parents can update sick mode settings"
    Received: "Parent access required"

      134 |       expect(response.status).toBe(403);
      135 |       const data = await response.json();
    > 136 |       expect(data.error).toBe('Only parents can update sick mode settings');
          |                          ^
      137 |     });
      138 |
      139 |     it('should allow parents to update settings', async () => {

      at Object.toBe (tests/integration/api/family/sick-mode/settings/route.test.ts:136:26)

  ● /api/family/sick-mode/settings › PUT › should allow parents to update settings

    TypeError: Cannot read properties of null (reading 'pauseChores')

      156 |       expect(response.status).toBe(200);
      157 |       const data = await response.json();
    > 158 |       expect(data.settings.pauseChores).toBe(false);
          |                            ^
      159 |       expect(data.settings.screenTimeBonus).toBe(60);
      160 |
      161 |       expect(dbMock.sickModeSettings.update).toHaveBeenCalledWith({

      at Object.pauseChores (tests/integration/api/family/sick-mode/settings/route.test.ts:158:28)

  ● /api/family/sick-mode/settings › PUT › should create settings if none exist during update

    expect(jest.fn()).toHaveBeenCalledWith(...expected)

    Expected: {"data": {"familyId": "family-test-123", "pauseChores": false}}

    Number of calls: 0

      184 |
      185 |       expect(response.status).toBe(200);
    > 186 |       expect(dbMock.sickModeSettings.create).toHaveBeenCalledWith({
          |                                              ^
      187 |         data: {
      188 |           familyId: 'family-test-123',
      189 |           pauseChores: false,

      at Object.toHaveBeenCalledWith (tests/integration/api/family/sick-mode/settings/route.test.ts:186:46)

  ● /api/family/sick-mode/settings › PUT › should validate temperatureThreshold is a positive number

    expect(received).toBe(expected) // Object.is equality

    Expected: 400
    Received: 200

      201 |       const response = await PUT(request);
      202 |
    > 203 |       expect(response.status).toBe(400);
          |                               ^
      204 |       const data = await response.json();
      205 |       expect(data.error).toBe('Temperature threshold must be a positive number');
      206 |     });

      at Object.toBe (tests/integration/api/family/sick-mode/settings/route.test.ts:203:31)

  ● /api/family/sick-mode/settings › PUT › should validate screenTimeBonus is non-negative

    expect(received).toBe(expected) // Object.is equality

    Expected: 400
    Received: 200

      215 |       const response = await PUT(request);
      216 |
    > 217 |       expect(response.status).toBe(400);
          |                               ^
      218 |       const data = await response.json();
      219 |       expect(data.error).toBe('Screen time bonus must be non-negative');
      220 |     });

      at Object.toBe (tests/integration/api/family/sick-mode/settings/route.test.ts:217:31)

  ● /api/family/sick-mode/settings › PUT › should log audit event on successful update

    expect(jest.fn()).toHaveBeenCalledWith(...expected)

    Expected: {"data": {"action": "SICK_MODE_SETTINGS_UPDATED", "entityId": "settings-1", "entityType": "SickModeSettings", "familyId": "family-test-123", "memberId": "parent-test-123", "newValue": ObjectContaining {"pauseChores": false}, "previousValue": {"autoDisableAfter24Hours": false, "autoEnableOnTemperature": true, "createdAt": 2026-01-21T13:14:05.594Z, "familyId": "family-test-123", "id": "settings-1", "muteNonEssentialNotifs": true, "pauseChores": true, "pauseScreenTimeTracking": true, "screenTimeBonus": 120, "skipBedtimeRoutine": false, "skipMorningRoutine": true, "temperatureThreshold": 100.4, "updatedAt": 2026-01-21T13:14:05.594Z}, "result": "SUCCESS"}}

    Number of calls: 0

      236 |
      237 |       expect(response.status).toBe(200);
    > 238 |       expect(dbMock.auditLog.create).toHaveBeenCalledWith({
          |                                      ^
      239 |         data: {
      240 |           familyId: 'family-test-123',
      241 |           memberId: 'parent-test-123',

      at Object.toHaveBeenCalledWith (tests/integration/api/family/sick-mode/settings/route.test.ts:238:38)

FAIL tests/integration/api/health/events/[id]/route.test.ts
  ● /api/health/events/[id] › GET › should return health event details

    expect(received).toBe(expected) // Object.is equality

    Expected: 200
    Received: 404

      89 |       const response = await GET(request, { params: Promise.resolve({ id: 'event-1' }) });
      90 |
    > 91 |       expect(response.status).toBe(200);
         |                               ^
      92 |       const data = await response.json();
      93 |       expect(data.event.id).toBe('event-1');
      94 |       expect(data.event.eventType).toBe('ILLNESS');

      at Object.toBe (tests/integration/api/health/events/[id]/route.test.ts:91:31)

  ● /api/health/events/[id] › GET › should allow children to view health events

    expect(received).toBe(expected) // Object.is equality

    Expected: 200
    Received: 404

      160 |       const response = await GET(request, { params: Promise.resolve({ id: 'event-1' }) });
      161 |
    > 162 |       expect(response.status).toBe(200);
          |                               ^
      163 |       const data = await response.json();
      164 |       expect(data.event.id).toBe('event-1');
      165 |     });

      at Object.toBe (tests/integration/api/health/events/[id]/route.test.ts:162:31)

  ● /api/health/events/[id] › PATCH › should return 403 if child tries to update another member's event

    expect(received).toBe(expected) // Object.is equality

    Expected: 403
    Received: 404

      198 |       const response = await PATCH(request, { params: Promise.resolve({ id: 'event-1' }) });
      199 |
    > 200 |       expect(response.status).toBe(403);
          |                               ^
      201 |       const data = await response.json();
      202 |       expect(data.error).toBe('Children can only update their own health events');
      203 |     });

      at Object.toBe (tests/integration/api/health/events/[id]/route.test.ts:200:31)

  ● /api/health/events/[id] › PATCH › should allow parents to update any health event

    expect(received).toBe(expected) // Object.is equality

    Expected: 200
    Received: 404

      220 |       const response = await PATCH(request, { params: Promise.resolve({ id: 'event-1' }) });
      221 |
    > 222 |       expect(response.status).toBe(200);
          |                               ^
      223 |       const data = await response.json();
      224 |       expect(data.event.severity).toBe(6);
      225 |

      at Object.toBe (tests/integration/api/health/events/[id]/route.test.ts:222:31)

  ● /api/health/events/[id] › PATCH › should allow children to update their own health events

    expect(received).toBe(expected) // Object.is equality

    Expected: 200
    Received: 404

      266 |       const response = await PATCH(request, { params: Promise.resolve({ id: 'event-1' }) });
      267 |
    > 268 |       expect(response.status).toBe(200);
          |                               ^
      269 |       const data = await response.json();
      270 |       expect(data.event.notes).toBe('Feeling a bit better');
      271 |     });

      at Object.toBe (tests/integration/api/health/events/[id]/route.test.ts:268:31)

  ● /api/health/events/[id] › PATCH › should allow ending a health event by setting endedAt

    expect(received).toBe(expected) // Object.is equality

    Expected: 200
    Received: 404

      325 |       const response = await PATCH(request, { params: Promise.resolve({ id: 'event-1' }) });
      326 |
    > 327 |       expect(response.status).toBe(200);
          |                               ^
      328 |       const data = await response.json();
      329 |       expect(data.event.endedAt).toBeTruthy();
      330 |

      at Object.toBe (tests/integration/api/health/events/[id]/route.test.ts:327:31)

  ● /api/health/events/[id] › PATCH › should return 400 if severity is below 1

    expect(received).toBe(expected) // Object.is equality

    Expected: 400
    Received: 404

      349 |       const response = await PATCH(request, { params: Promise.resolve({ id: 'event-1' }) });
      350 |
    > 351 |       expect(response.status).toBe(400);
          |                               ^
      352 |       const data = await response.json();
      353 |       expect(data.error).toBe('Severity must be between 1 and 10');
      354 |     });

      at Object.toBe (tests/integration/api/health/events/[id]/route.test.ts:351:31)

  ● /api/health/events/[id] › PATCH › should return 400 if severity is above 10

    expect(received).toBe(expected) // Object.is equality

    Expected: 400
    Received: 404

      365 |       const response = await PATCH(request, { params: Promise.resolve({ id: 'event-1' }) });
      366 |
    > 367 |       expect(response.status).toBe(400);
          |                               ^
      368 |       const data = await response.json();
      369 |       expect(data.error).toBe('Severity must be between 1 and 10');
      370 |     });

      at Object.toBe (tests/integration/api/health/events/[id]/route.test.ts:367:31)

  ● /api/health/events/[id] › PATCH › should log audit event on successful update

    expect(received).toBe(expected) // Object.is equality

    Expected: 200
    Received: 404

      385 |       const response = await PATCH(request, { params: Promise.resolve({ id: 'event-1' }) });
      386 |
    > 387 |       expect(response.status).toBe(200);
          |                               ^
      388 |       expect(dbMock.auditLog.create).toHaveBeenCalledWith({
      389 |         data: {
      390 |           familyId: 'family-test-123',

      at Object.toBe (tests/integration/api/health/events/[id]/route.test.ts:387:31)

  ● /api/health/events/[id] › PATCH › should log audit event when ending a health event

    expect(received).toBe(expected) // Object.is equality

    Expected: 200
    Received: 404

      414 |       const response = await PATCH(request, { params: Promise.resolve({ id: 'event-1' }) });
      415 |
    > 416 |       expect(response.status).toBe(200);
          |                               ^
      417 |       expect(dbMock.auditLog.create).toHaveBeenCalledWith({
      418 |         data: {
      419 |           familyId: 'family-test-123',

      at Object.toBe (tests/integration/api/health/events/[id]/route.test.ts:416:31)

FAIL tests/integration/api/allowance/route.test.ts
  ● /api/allowance › POST › should return 403 if user is not a parent

    expect(received).toBe(expected) // Object.is equality

    Expected: "Forbidden"
    Received: "Forbidden - Parent access required"

      138 |
      139 |       expect(response.status).toBe(403)
    > 140 |       expect(data.error).toBe('Forbidden')
          |                          ^
      141 |     })
      142 |
      143 |     it('should validate required fields', async () => {

      at Object.toBe (tests/integration/api/allowance/route.test.ts:140:26)

  ● /api/allowance › POST › should create weekly allowance schedule successfully

    expect(jest.fn()).toHaveBeenCalledWith(...expected)

    - Expected
    + Received

    @@ -6,11 +6,11 @@
          "endDate": null,
          "frequency": "WEEKLY",
          "isActive": true,
          "isPaused": false,
          "memberId": "child-1",
    -     "startDate": Any<Date>,
    +     "startDate": "2026-01-21T13:14:06.034Z",
        },
        "include": Object {
          "member": Object {
            "select": Object {
              "email": true,,

    Number of calls: 1

      318 |       expect(data.success).toBe(true)
      319 |       expect(data.schedule).toEqual(mockSchedule)
    > 320 |       expect(dbMock.allowanceSchedule.create).toHaveBeenCalledWith({
          |                                               ^
      321 |         data: {
      322 |           memberId: 'child-1',
      323 |           amount: 500,

      at Object.toHaveBeenCalledWith (tests/integration/api/allowance/route.test.ts:320:47)

  ● /api/allowance › POST › should handle optional startDate and endDate

    expect(jest.fn()).toHaveBeenCalledWith(...expected)

    Expected: ObjectContaining {"data": ObjectContaining {"endDate": 2025-12-31T00:00:00.000Z, "startDate": 2025-02-01T00:00:00.000Z}}
    Received: {"data": {"amount": 500, "dayOfMonth": null, "dayOfWeek": 0, "endDate": "2025-12-31T00:00:00.000Z", "frequency": "WEEKLY", "isActive": true, "isPaused": false, "memberId": "child-1", "startDate": "2025-02-01T00:00:00.000Z"}, "include": {"member": {"select": {"email": true, "id": true, "name": true}}}}

    Number of calls: 1

      419 |       await POST(request)
      420 |
    > 421 |       expect(dbMock.allowanceSchedule.create).toHaveBeenCalledWith(
          |                                               ^
      422 |         expect.objectContaining({
      423 |           data: expect.objectContaining({
      424 |             startDate: new Date(startDate),

      at Object.toHaveBeenCalledWith (tests/integration/api/allowance/route.test.ts:421:47)

FAIL tests/integration/api/family/members/[id]/route.test.ts
  ● /api/family/members/[id] › PATCH › should return 403 if not a parent

    expect(received).toBe(expected) // Object.is equality

    Expected: 403
    Received: 404

      54 |       const data = await response.json()
      55 |
    > 56 |       expect(response.status).toBe(403)
         |                               ^
      57 |       expect(data.error).toBe('Unauthorized - Parent access required')
      58 |     })
      59 |

      at Object.toBe (tests/integration/api/family/members/[id]/route.test.ts:56:31)

  ● /api/family/members/[id] › PATCH › should return 404 if member not found

    expect(received).toBe(expected) // Object.is equality

    Expected: "Family member not found"
    Received: "Member not found"

      72 |
      73 |       expect(response.status).toBe(404)
    > 74 |       expect(data.error).toBe('Family member not found')
         |                          ^
      75 |     })
      76 |
      77 |     it('should return 404 if member belongs to different family', async () => {

      at Object.toBe (tests/integration/api/family/members/[id]/route.test.ts:74:26)

  ● /api/family/members/[id] › PATCH › should return 404 if member belongs to different family

    expect(received).toBe(expected) // Object.is equality

    Expected: "Family member not found"
    Received: "Member not found"

      92 |
      93 |       expect(response.status).toBe(404)
    > 94 |       expect(data.error).toBe('Family member not found')
         |                          ^
      95 |     })
      96 |
      97 |     it('should return 400 if trying to deactivate self', async () => {

      at Object.toBe (tests/integration/api/family/members/[id]/route.test.ts:94:26)

  ● /api/family/members/[id] › PATCH › should return 400 if trying to deactivate self

    expect(received).toBe(expected) // Object.is equality

    Expected: 400
    Received: 200

      117 |       const data = await response.json()
      118 |
    > 119 |       expect(response.status).toBe(400)
          |                               ^
      120 |       expect(data.error).toBe('Cannot deactivate your own account')
      121 |     })
      122 |

      at Object.toBe (tests/integration/api/family/members/[id]/route.test.ts:119:31)

  ● /api/family/members/[id] › PATCH › should return 400 if email already in use by another member

    expect(received).toBe(expected) // Object.is equality

    Expected: 400
    Received: 200

      143 |       const data = await response.json()
      144 |
    > 145 |       expect(response.status).toBe(400)
          |                               ^
      146 |       expect(data.error).toBe('Email already in use')
      147 |     })
      148 |

      at Object.toBe (tests/integration/api/family/members/[id]/route.test.ts:145:31)

  ● /api/family/members/[id] › PATCH › should update member name

    expect(jest.fn()).toHaveBeenCalledWith(...expected)

    - Expected
    + Received

      Object {
        "data": Object {
    +     "avatarUrl": undefined,
    +     "birthDate": undefined,
          "name": "Updated Name",
    +     "pin": undefined,
    +     "updatedAt": "2026-01-21T13:14:06.238Z",
        },
    -   "select": Any<Object>,
        "where": Object {
          "id": "member-1",
        },
      },

    Number of calls: 1

      169 |       expect(response.status).toBe(200)
      170 |       expect(data.member.name).toBe('Updated Name')
    > 171 |       expect(dbMock.familyMember.update).toHaveBeenCalledWith({
          |                                          ^
      172 |         where: { id: memberId },
      173 |         data: { name: 'Updated Name' },
      174 |         select: expect.any(Object),

      at Object.toHaveBeenCalledWith (tests/integration/api/family/members/[id]/route.test.ts:171:42)

  ● /api/family/members/[id] › PATCH › should update parent password with hashing

    expect(jest.fn()).toHaveBeenCalledWith(...expected)

    Expected: "newpassword123", 12

    Number of calls: 0

      202 |
      203 |       expect(response.status).toBe(200)
    > 204 |       expect(hash).toHaveBeenCalledWith('newpassword123', BCRYPT_ROUNDS)
          |                    ^
      205 |       expect(dbMock.familyMember.update).toHaveBeenCalledWith({
      206 |         where: { id: memberId },
      207 |         data: { passwordHash: 'new-hashed-password' },

      at Object.toHaveBeenCalledWith (tests/integration/api/family/members/[id]/route.test.ts:204:20)

  ● /api/family/members/[id] › PATCH › should update child PIN with hashing

    expect(jest.fn()).toHaveBeenCalledWith(...expected)

    Expected: "5678", 12
    Received: "5678", 10

    Number of calls: 1

      233 |
      234 |       expect(response.status).toBe(200)
    > 235 |       expect(hash).toHaveBeenCalledWith('5678', BCRYPT_ROUNDS)
          |                    ^
      236 |       expect(dbMock.familyMember.update).toHaveBeenCalledWith({
      237 |         where: { id: memberId },
      238 |         data: { pin: 'new-hashed-pin' },

      at Object.toHaveBeenCalledWith (tests/integration/api/family/members/[id]/route.test.ts:235:20)

  ● /api/family/members/[id] › PATCH › should handle invalid JSON gracefully

    expect(received).toBe(expected) // Object.is equality

    Expected: 500
    Received: 404

      253 |
      254 |       // Next.js Request.json() throws SyntaxError which is caught by try-catch, returning 500
    > 255 |       expect(response.status).toBe(500)
          |                               ^
      256 |       expect(data.error).toBe('Failed to update family member')
      257 |     })
      258 |   })

      at Object.toBe (tests/integration/api/family/members/[id]/route.test.ts:255:31)

  ● /api/family/members/[id] › DELETE › should return 403 if not a parent

    expect(received).toBe(expected) // Object.is equality

    Expected: 403
    Received: 404

      278 |       const data = await response.json()
      279 |
    > 280 |       expect(response.status).toBe(403)
          |                               ^
      281 |       expect(data.error).toBe('Unauthorized - Parent access required')
      282 |     })
      283 |

      at Object.toBe (tests/integration/api/family/members/[id]/route.test.ts:280:31)

  ● /api/family/members/[id] › DELETE › should return 404 if member not found

    expect(received).toBe(expected) // Object.is equality

    Expected: "Family member not found"
    Received: "Member not found"

      295 |
      296 |       expect(response.status).toBe(404)
    > 297 |       expect(data.error).toBe('Family member not found')
          |                          ^
      298 |     })
      299 |
      300 |     it('should return 400 if trying to delete self', async () => {

      at Object.toBe (tests/integration/api/family/members/[id]/route.test.ts:297:26)

  ● /api/family/members/[id] › DELETE › should return 400 if trying to delete self

    expect(received).toBe(expected) // Object.is equality

    Expected: 400
    Received: 200

      319 |       const data = await response.json()
      320 |
    > 321 |       expect(response.status).toBe(400)
          |                               ^
      322 |       expect(data.error).toBe('Cannot delete your own account')
      323 |     })
      324 |

      at Object.toBe (tests/integration/api/family/members/[id]/route.test.ts:321:31)

  ● /api/family/members/[id] › DELETE › should return 400 if trying to delete last parent

    expect(received).toBe(expected) // Object.is equality

    Expected: 400
    Received: 200

      342 |       const data = await response.json()
      343 |
    > 344 |       expect(response.status).toBe(400)
          |                               ^
      345 |       expect(data.error).toBe('Cannot delete the last parent account')
      346 |     })
      347 |

      at Object.toBe (tests/integration/api/family/members/[id]/route.test.ts:344:31)

  ● /api/family/members/[id] › DELETE › should deactivate child member

    expect(received).toBe(expected) // Object.is equality

    Expected: "Family member deactivated successfully"
    Received: "Family member deleted successfully"

      366 |
      367 |       expect(response.status).toBe(200)
    > 368 |       expect(data.message).toBe('Family member deactivated successfully')
          |                            ^
      369 |       expect(dbMock.familyMember.update).toHaveBeenCalledWith({
      370 |         where: { id: memberId },
      371 |         data: { isActive: false },

      at Object.toBe (tests/integration/api/family/members/[id]/route.test.ts:368:28)

  ● /api/family/members/[id] › DELETE › should deactivate parent if not last parent

    expect(received).toBe(expected) // Object.is equality

    Expected: "Family member deactivated successfully"
    Received: "Family member deleted successfully"

      397 |
      398 |       expect(response.status).toBe(200)
    > 399 |       expect(data.message).toBe('Family member deactivated successfully')
          |                            ^
      400 |     })
      401 |   })
      402 | })

      at Object.toBe (tests/integration/api/family/members/[id]/route.test.ts:399:28)

FAIL tests/integration/api/calendar/connections/route.test.ts
  ● /api/calendar/connections › GET › should return error if family member not found

    expect(received).toBe(expected) // Object.is equality

    Expected: 404
    Received: 200

      183 |       const response = await GET(request);
      184 |
    > 185 |       expect(response.status).toBe(404);
          |                               ^
      186 |       const json = await response.json();
      187 |       expect(json.error).toBe('Family member not found');
      188 |     });

      at Object.toBe (tests/integration/api/calendar/connections/route.test.ts:185:31)

  ● /api/calendar/connections › GET › should filter connections to only the current user

    expect(jest.fn()).toHaveBeenCalledWith(...expected)

    - Expected
    + Received

      Object {
        "orderBy": Object {
          "createdAt": "desc",
        },
    -   "select": ObjectContaining {
    -     "accessToken": false,
    -     "googleEmail": true,
    -     "id": true,
    -     "provider": true,
    -     "refreshToken": false,
    -     "syncStatus": true,
    -   },
        "where": Object {
          "memberId": "parent-test-123",
        },
      },

    Number of calls: 1

      230 |       await GET(request);
      231 |
    > 232 |       expect(dbMock.calendarConnection.findMany).toHaveBeenCalledWith({
          |                                                  ^
      233 |         where: {
      234 |           memberId: session.user.id,
      235 |         },

      at Object.toHaveBeenCalledWith (tests/integration/api/calendar/connections/route.test.ts:232:50)

FAIL tests/integration/api/communication/[id]/route.test.ts
  ● PATCH /api/communication/[id] › should return 403 if child tries to pin post

    expect(received).toBe(expected) // Object.is equality

    Expected: 403
    Received: 200

      215 |     const response = await PATCH(request, { params: Promise.resolve({ id: 'post-123' }) });
      216 |
    > 217 |     expect(response.status).toBe(403);
          |                             ^
      218 |     const data = await response.json();
      219 |     expect(data.error).toContain('Only parents can pin');
      220 |   });

      at Object.toBe (tests/integration/api/communication/[id]/route.test.ts:217:29)

  ● PATCH /api/communication/[id] › should create audit log on update

    expect(jest.fn()).toHaveBeenCalledWith(...expected)

    Expected: ObjectContaining {"data": ObjectContaining {"action": "POST_UPDATED"}}

    Number of calls: 0

      249 |     await PATCH(request, { params: Promise.resolve({ id: 'post-123' }) });
      250 |
    > 251 |     expect(dbMock.auditLog.create).toHaveBeenCalledWith(
          |                                    ^
      252 |       expect.objectContaining({
      253 |         data: expect.objectContaining({
      254 |           action: 'POST_UPDATED',

      at Object.toHaveBeenCalledWith (tests/integration/api/communication/[id]/route.test.ts:251:36)

  ● PATCH /api/communication/[id] › should create pin audit log when pinning

    expect(jest.fn()).toHaveBeenCalledWith(...expected)

    Expected: ObjectContaining {"data": ObjectContaining {"action": "POST_PINNED"}}

    Number of calls: 0

      287 |     await PATCH(request, { params: Promise.resolve({ id: 'post-123' }) });
      288 |
    > 289 |     expect(dbMock.auditLog.create).toHaveBeenCalledWith(
          |                                    ^
      290 |       expect.objectContaining({
      291 |         data: expect.objectContaining({
      292 |           action: 'POST_PINNED',

      at Object.toHaveBeenCalledWith (tests/integration/api/communication/[id]/route.test.ts:289:36)

  ● DELETE /api/communication/[id] › should allow parent to delete any post

    expect(received).toBe(expected) // Object.is equality

    Expected: 200
    Received: 403

      416 |     const response = await DELETE(request, { params: Promise.resolve({ id: 'post-123' }) });
      417 |
    > 418 |     expect(response.status).toBe(200);
          |                             ^
      419 |   });
      420 |
      421 |   it('should return 403 if child tries to delete others post', async () => {

      at Object.toBe (tests/integration/api/communication/[id]/route.test.ts:418:29)

  ● DELETE /api/communication/[id] › should return 403 if child tries to delete others post

    expect(received).toContain(expected) // indexOf

    Expected substring: "permission"
    Received string:    "Only the author can delete this post"

      446 |     expect(response.status).toBe(403);
      447 |     const data = await response.json();
    > 448 |     expect(data.error).toContain('permission');
          |                        ^
      449 |   });
      450 |
      451 |   it('should create audit log on deletion', async () => {

      at Object.toContain (tests/integration/api/communication/[id]/route.test.ts:448:24)

  ● DELETE /api/communication/[id] › should create audit log on deletion

    expect(jest.fn()).toHaveBeenCalledWith(...expected)

    Expected: ObjectContaining {"data": ObjectContaining {"action": "POST_DELETED"}}

    Number of calls: 0

      476 |     await DELETE(request, { params: Promise.resolve({ id: 'post-123' }) });
      477 |
    > 478 |     expect(dbMock.auditLog.create).toHaveBeenCalledWith(
          |                                    ^
      479 |       expect.objectContaining({
      480 |         data: expect.objectContaining({
      481 |           action: 'POST_DELETED',

      at Object.toHaveBeenCalledWith (tests/integration/api/communication/[id]/route.test.ts:478:36)

FAIL tests/integration/api/projects/tasks/[taskId]/dependencies/route.test.ts
  ● POST /api/projects/tasks/[taskId]/dependencies › Validation › should return 400 if blockingTaskId is missing

    expect(received).toBe(expected) // Object.is equality

    Expected: "Blocking task ID is required"
    Received: "blockingTaskId is required"

      56 |       expect(response.status).toBe(400);
      57 |       const data = await response.json();
    > 58 |       expect(data.error).toBe('Blocking task ID is required');
         |                          ^
      59 |     });
      60 |
      61 |     it('should return 400 if task tries to depend on itself', async () => {

      at Object.toBe (tests/integration/api/projects/tasks/[taskId]/dependencies/route.test.ts:58:26)

  ● POST /api/projects/tasks/[taskId]/dependencies › Validation › should return 400 if task tries to depend on itself

    expect(received).toBe(expected) // Object.is equality

    Expected: 400
    Received: 200

      67 |       const response = await POST(request, { params: Promise.resolve({ taskId: 'task-1' }) });
      68 |
    > 69 |       expect(response.status).toBe(400);
         |                               ^
      70 |       const data = await response.json();
      71 |       expect(data.error).toBe('A task cannot depend on itself');
      72 |     });

      at Object.toBe (tests/integration/api/projects/tasks/[taskId]/dependencies/route.test.ts:69:31)

  ● POST /api/projects/tasks/[taskId]/dependencies › Validation › should return 404 if dependent task does not exist

    expect(received).toBe(expected) // Object.is equality

    Expected: 404
    Received: 200

      81 |       const response = await POST(request, { params: Promise.resolve({ taskId: 'task-1' }) });
      82 |
    > 83 |       expect(response.status).toBe(404);
         |                               ^
      84 |       const data = await response.json();
      85 |       expect(data.error).toBe('Dependent task not found');
      86 |     });

      at Object.toBe (tests/integration/api/projects/tasks/[taskId]/dependencies/route.test.ts:83:31)

  ● POST /api/projects/tasks/[taskId]/dependencies › Validation › should return 403 if dependent task belongs to different family

    expect(received).toBe(expected) // Object.is equality

    Expected: 403
    Received: 200

      102 |       const response = await POST(request, { params: Promise.resolve({ taskId: 'task-1' }) });
      103 |
    > 104 |       expect(response.status).toBe(403);
          |                               ^
      105 |       const data = await response.json();
      106 |       expect(data.error).toBe('Access denied');
      107 |     });

      at Object.toBe (tests/integration/api/projects/tasks/[taskId]/dependencies/route.test.ts:104:31)

  ● POST /api/projects/tasks/[taskId]/dependencies › Validation › should return 404 if blocking task does not exist

    expect(received).toBe(expected) // Object.is equality

    Expected: 404
    Received: 200

      125 |       const response = await POST(request, { params: Promise.resolve({ taskId: 'task-1' }) });
      126 |
    > 127 |       expect(response.status).toBe(404);
          |                               ^
      128 |       const data = await response.json();
      129 |       expect(data.error).toBe('Blocking task not found');
      130 |     });

      at Object.toBe (tests/integration/api/projects/tasks/[taskId]/dependencies/route.test.ts:127:31)

  ● POST /api/projects/tasks/[taskId]/dependencies › Validation › should return 400 if tasks belong to different projects

    expect(received).toBe(expected) // Object.is equality

    Expected: 400
    Received: 200

      154 |       const response = await POST(request, { params: Promise.resolve({ taskId: 'task-1' }) });
      155 |
    > 156 |       expect(response.status).toBe(400);
          |                               ^
      157 |       const data = await response.json();
      158 |       expect(data.error).toBe('Tasks must belong to the same project');
      159 |     });

      at Object.toBe (tests/integration/api/projects/tasks/[taskId]/dependencies/route.test.ts:156:31)

  ● POST /api/projects/tasks/[taskId]/dependencies › Validation › should return 400 if dependency already exists

    expect(received).toBe(expected) // Object.is equality

    Expected: 400
    Received: 200

      190 |       const response = await POST(request, { params: Promise.resolve({ taskId: 'task-1' }) });
      191 |
    > 192 |       expect(response.status).toBe(400);
          |                               ^
      193 |       const data = await response.json();
      194 |       expect(data.error).toBe('Dependency already exists');
      195 |     });

      at Object.toBe (tests/integration/api/projects/tasks/[taskId]/dependencies/route.test.ts:192:31)

  ● POST /api/projects/tasks/[taskId]/dependencies › Validation › should return 400 if circular dependency is detected (direct)

    expect(received).toBe(expected) // Object.is equality

    Expected: 400
    Received: 200

      229 |       const response = await POST(request, { params: Promise.resolve({ taskId: 'task-1' }) });
      230 |
    > 231 |       expect(response.status).toBe(400);
          |                               ^
      232 |       const data = await response.json();
      233 |       expect(data.error).toBe('Circular dependency detected');
      234 |     });

      at Object.toBe (tests/integration/api/projects/tasks/[taskId]/dependencies/route.test.ts:231:31)

  ● POST /api/projects/tasks/[taskId]/dependencies › Validation › should return 400 if circular dependency is detected (indirect)

    expect(received).toBe(expected) // Object.is equality

    Expected: 400
    Received: 200

      278 |       const response = await POST(request, { params: Promise.resolve({ taskId: 'task-1' }) });
      279 |
    > 280 |       expect(response.status).toBe(400);
          |                               ^
      281 |       const data = await response.json();
      282 |       expect(data.error).toBe('Circular dependency detected');
      283 |     });

      at Object.toBe (tests/integration/api/projects/tasks/[taskId]/dependencies/route.test.ts:280:31)

  ● POST /api/projects/tasks/[taskId]/dependencies › Dependency Creation › should create a task dependency successfully

    expect(received).toBe(expected) // Object.is equality

    Expected: 201
    Received: 200

      323 |       const response = await POST(request, { params: Promise.resolve({ taskId: 'task-1' }) });
      324 |
    > 325 |       expect(response.status).toBe(201);
          |                               ^
      326 |       const data = await response.json();
      327 |       expect(data.dependency.dependentTaskId).toBe('task-1');
      328 |       expect(data.dependency.blockingTaskId).toBe('task-2');

      at Object.toBe (tests/integration/api/projects/tasks/[taskId]/dependencies/route.test.ts:325:31)

  ● POST /api/projects/tasks/[taskId]/dependencies › Dependency Creation › should create dependency with custom type

    expect(jest.fn()).toHaveBeenCalledWith(...expected)

    Expected: ObjectContaining {"data": ObjectContaining {"dependencyType": "START_TO_START"}}
    Received: {"data": {"dependsOnTaskId": "task-2", "taskId": "task-1"}}

    Number of calls: 1

      361 |       await POST(request, { params: Promise.resolve({ taskId: 'task-1' }) });
      362 |
    > 363 |       expect(dbMock.taskDependency.create).toHaveBeenCalledWith(
          |                                            ^
      364 |         expect.objectContaining({
      365 |           data: expect.objectContaining({
      366 |             dependencyType: 'START_TO_START',

      at Object.toHaveBeenCalledWith (tests/integration/api/projects/tasks/[taskId]/dependencies/route.test.ts:363:44)

  ● POST /api/projects/tasks/[taskId]/dependencies › Dependency Creation › should default to FINISH_TO_START if type not specified

    expect(jest.fn()).toHaveBeenCalledWith(...expected)

    Expected: ObjectContaining {"data": ObjectContaining {"dependencyType": "FINISH_TO_START"}}
    Received: {"data": {"dependsOnTaskId": "task-2", "taskId": "task-1"}}

    Number of calls: 1

      398 |       await POST(request, { params: Promise.resolve({ taskId: 'task-1' }) });
      399 |
    > 400 |       expect(dbMock.taskDependency.create).toHaveBeenCalledWith(
          |                                            ^
      401 |         expect.objectContaining({
      402 |           data: expect.objectContaining({
      403 |             dependencyType: 'FINISH_TO_START',

      at Object.toHaveBeenCalledWith (tests/integration/api/projects/tasks/[taskId]/dependencies/route.test.ts:400:44)

  ● POST /api/projects/tasks/[taskId]/dependencies › Audit Logging › should create an audit log entry on successful dependency creation

    expect(jest.fn()).toHaveBeenCalledWith(...expected)

    Expected: {"data": {"action": "PROJECT_DEPENDENCY_ADDED", "familyId": "family-test-123", "memberId": "parent-test-123", "metadata": {"blockingTaskId": "task-2", "dependencyId": "dep-1", "dependentTaskId": "task-1", "projectId": "project-1"}, "result": "SUCCESS"}}

    Number of calls: 0

      443 |       await POST(request, { params: Promise.resolve({ taskId: 'task-1' }) });
      444 |
    > 445 |       expect(dbMock.auditLog.create).toHaveBeenCalledWith({
          |                                      ^
      446 |         data: {
      447 |           familyId: 'family-test-123',
      448 |           memberId: 'parent-test-123',

      at Object.toHaveBeenCalledWith (tests/integration/api/projects/tasks/[taskId]/dependencies/route.test.ts:445:38)

  ● POST /api/projects/tasks/[taskId]/dependencies › Error Handling › should return 500 if database operation fails

    expect(received).toBe(expected) // Object.is equality

    Expected: "Failed to create dependency"
    Received: "Failed to add dependency"

      490 |       expect(response.status).toBe(500);
      491 |       const data = await response.json();
    > 492 |       expect(data.error).toBe('Failed to create dependency');
          |                          ^
      493 |     });
      494 |   });
      495 | });

      at Object.toBe (tests/integration/api/projects/tasks/[taskId]/dependencies/route.test.ts:492:26)

  ● DELETE /api/projects/tasks/[taskId]/dependencies/[dependencyId] › Dependency Deletion › should return 404 if dependency does not exist

    expect(received).toBe(expected) // Object.is equality

    Expected: 404
    Received: 500

      544 |       });
      545 |
    > 546 |       expect(response.status).toBe(404);
          |                               ^
      547 |       const data = await response.json();
      548 |       expect(data.error).toBe('Dependency not found');
      549 |     });

      at Object.toBe (tests/integration/api/projects/tasks/[taskId]/dependencies/route.test.ts:546:31)

  ● DELETE /api/projects/tasks/[taskId]/dependencies/[dependencyId] › Dependency Deletion › should return 403 if dependency belongs to different family

    expect(received).toBe(expected) // Object.is equality

    Expected: 403
    Received: 500

      570 |       });
      571 |
    > 572 |       expect(response.status).toBe(403);
          |                               ^
      573 |       const data = await response.json();
      574 |       expect(data.error).toBe('Access denied');
      575 |     });

      at Object.toBe (tests/integration/api/projects/tasks/[taskId]/dependencies/route.test.ts:572:31)

  ● DELETE /api/projects/tasks/[taskId]/dependencies/[dependencyId] › Dependency Deletion › should delete dependency successfully

    expect(received).toBe(expected) // Object.is equality

    Expected: 200
    Received: 500

      599 |       });
      600 |
    > 601 |       expect(response.status).toBe(200);
          |                               ^
      602 |       const data = await response.json();
      603 |       expect(data.message).toBe('Dependency deleted successfully');
      604 |       expect(dbMock.taskDependency.delete).toHaveBeenCalledWith({

      at Object.toBe (tests/integration/api/projects/tasks/[taskId]/dependencies/route.test.ts:601:31)

  ● DELETE /api/projects/tasks/[taskId]/dependencies/[dependencyId] › Audit Logging › should create an audit log entry on successful deletion

    expect(jest.fn()).toHaveBeenCalledWith(...expected)

    Expected: {"data": {"action": "PROJECT_DEPENDENCY_REMOVED", "familyId": "family-test-123", "memberId": "parent-test-123", "metadata": {"blockingTaskId": "task-2", "dependencyId": "dep-1", "dependentTaskId": "task-1", "projectId": "project-1"}, "result": "SUCCESS"}}

    Number of calls: 0

      633 |       });
      634 |
    > 635 |       expect(dbMock.auditLog.create).toHaveBeenCalledWith({
          |                                      ^
      636 |         data: {
      637 |           familyId: 'family-test-123',
      638 |           memberId: 'parent-test-123',

      at Object.toHaveBeenCalledWith (tests/integration/api/projects/tasks/[taskId]/dependencies/route.test.ts:635:38)

  ● DELETE /api/projects/tasks/[taskId]/dependencies/[dependencyId] › Error Handling › should return 500 if database operation fails

    expect(received).toBe(expected) // Object.is equality

    Expected: "Failed to delete dependency"
    Received: "Failed to remove dependency"

      675 |       expect(response.status).toBe(500);
      676 |       const data = await response.json();
    > 677 |       expect(data.error).toBe('Failed to delete dependency');
          |                          ^
      678 |     });
      679 |   });
      680 | });

      at Object.toBe (tests/integration/api/projects/tasks/[taskId]/dependencies/route.test.ts:677:26)

FAIL tests/integration/api/projects/tasks/[taskId]/route.test.ts
  ● GET /api/projects/tasks/[taskId] › Task Retrieval › should return task details with dependencies

    expect(received).toBe(expected) // Object.is equality

    Expected: 200
    Received: 404

      72 |       const response = await GET(request, { params: Promise.resolve({ taskId: 'task-1' }) });
      73 |
    > 74 |       expect(response.status).toBe(200);
         |                               ^
      75 |       const data = await response.json();
      76 |       expect(data.task.id).toBe('task-1');
      77 |       expect(data.task.name).toBe('Design wireframes');

      at Object.toBe (tests/integration/api/projects/tasks/[taskId]/route.test.ts:74:31)

  ● GET /api/projects/tasks/[taskId] › Task Retrieval › should return 403 if task belongs to different family

    expect(received).toBe(expected) // Object.is equality

    Expected: 403
    Received: 404

      107 |       const response = await GET(request, { params: Promise.resolve({ taskId: 'task-1' }) });
      108 |
    > 109 |       expect(response.status).toBe(403);
          |                               ^
      110 |       const data = await response.json();
      111 |       expect(data.error).toBe('Access denied');
      112 |     });

      at Object.toBe (tests/integration/api/projects/tasks/[taskId]/route.test.ts:109:31)

  ● GET /api/projects/tasks/[taskId] › Error Handling › should return 500 if database query fails

    expect(received).toBe(expected) // Object.is equality

    Expected: "Failed to fetch task"
    Received: "Failed to get task"

      122 |       expect(response.status).toBe(500);
      123 |       const data = await response.json();
    > 124 |       expect(data.error).toBe('Failed to fetch task');
          |                          ^
      125 |     });
      126 |   });
      127 | });

      at Object.toBe (tests/integration/api/projects/tasks/[taskId]/route.test.ts:124:26)

  ● PATCH /api/projects/tasks/[taskId] › Validation › should return 400 if name is empty string

    expect(received).toBe(expected) // Object.is equality

    Expected: 400
    Received: 404

      177 |       const response = await PATCH(request, { params: Promise.resolve({ taskId: 'task-1' }) });
      178 |
    > 179 |       expect(response.status).toBe(400);
          |                               ^
      180 |       const data = await response.json();
      181 |       expect(data.error).toBe('Name cannot be empty');
      182 |     });

      at Object.toBe (tests/integration/api/projects/tasks/[taskId]/route.test.ts:179:31)

  ● PATCH /api/projects/tasks/[taskId] › Validation › should return 400 if status is invalid

    expect(received).toBe(expected) // Object.is equality

    Expected: 400
    Received: 404

      198 |       const response = await PATCH(request, { params: Promise.resolve({ taskId: 'task-1' }) });
      199 |
    > 200 |       expect(response.status).toBe(400);
          |                               ^
      201 |       const data = await response.json();
      202 |       expect(data.error).toContain('Invalid status');
      203 |     });

      at Object.toBe (tests/integration/api/projects/tasks/[taskId]/route.test.ts:200:31)

  ● PATCH /api/projects/tasks/[taskId] › Validation › should return 400 if estimatedHours is negative

    expect(received).toBe(expected) // Object.is equality

    Expected: 400
    Received: 404

      219 |       const response = await PATCH(request, { params: Promise.resolve({ taskId: 'task-1' }) });
      220 |
    > 221 |       expect(response.status).toBe(400);
          |                               ^
      222 |       const data = await response.json();
      223 |       expect(data.error).toBe('Estimated hours must be a positive number');
      224 |     });

      at Object.toBe (tests/integration/api/projects/tasks/[taskId]/route.test.ts:221:31)

  ● PATCH /api/projects/tasks/[taskId] › Validation › should return 400 if actualHours is negative

    expect(received).toBe(expected) // Object.is equality

    Expected: 400
    Received: 404

      240 |       const response = await PATCH(request, { params: Promise.resolve({ taskId: 'task-1' }) });
      241 |
    > 242 |       expect(response.status).toBe(400);
          |                               ^
      243 |       const data = await response.json();
      244 |       expect(data.error).toBe('Actual hours must be a positive number');
      245 |     });

      at Object.toBe (tests/integration/api/projects/tasks/[taskId]/route.test.ts:242:31)

  ● PATCH /api/projects/tasks/[taskId] › Task Updates › should return 403 if task belongs to different family

    expect(received).toBe(expected) // Object.is equality

    Expected: 403
    Received: 404

      277 |       const response = await PATCH(request, { params: Promise.resolve({ taskId: 'task-1' }) });
      278 |
    > 279 |       expect(response.status).toBe(403);
          |                               ^
      280 |       const data = await response.json();
      281 |       expect(data.error).toBe('Access denied');
      282 |     });

      at Object.toBe (tests/integration/api/projects/tasks/[taskId]/route.test.ts:279:31)

  ● PATCH /api/projects/tasks/[taskId] › Task Updates › should update task name

    expect(received).toBe(expected) // Object.is equality

    Expected: 200
    Received: 404

      306 |       const response = await PATCH(request, { params: Promise.resolve({ taskId: 'task-1' }) });
      307 |
    > 308 |       expect(response.status).toBe(200);
          |                               ^
      309 |       const data = await response.json();
      310 |       expect(data.task.name).toBe('Updated Task Name');
      311 |       expect(data.message).toBe('Task updated successfully');

      at Object.toBe (tests/integration/api/projects/tasks/[taskId]/route.test.ts:308:31)

  ● PATCH /api/projects/tasks/[taskId] › Task Updates › should update task status

    expect(received).toBe(expected) // Object.is equality

    Expected: 200
    Received: 404

      336 |       const response = await PATCH(request, { params: Promise.resolve({ taskId: 'task-1' }) });
      337 |
    > 338 |       expect(response.status).toBe(200);
          |                               ^
      339 |       const data = await response.json();
      340 |       expect(data.task.status).toBe('IN_PROGRESS');
      341 |     });

      at Object.toBe (tests/integration/api/projects/tasks/[taskId]/route.test.ts:338:31)

  ● PATCH /api/projects/tasks/[taskId] › Task Updates › should update multiple fields at once

    expect(received).toBe(expected) // Object.is equality

    Expected: 200
    Received: 404

      373 |       const response = await PATCH(request, { params: Promise.resolve({ taskId: 'task-1' }) });
      374 |
    > 375 |       expect(response.status).toBe(200);
          |                               ^
      376 |       const data = await response.json();
      377 |       expect(data.task.name).toBe('New Name');
      378 |       expect(data.task.status).toBe('IN_PROGRESS');

      at Object.toBe (tests/integration/api/projects/tasks/[taskId]/route.test.ts:375:31)

  ● PATCH /api/projects/tasks/[taskId] › Task Updates › should trim whitespace from name

    expect(jest.fn()).toHaveBeenCalledWith(...expected)

    Expected: ObjectContaining {"data": ObjectContaining {"name": "Trimmed Name"}}

    Number of calls: 0

      398 |       await PATCH(request, { params: Promise.resolve({ taskId: 'task-1' }) });
      399 |
    > 400 |       expect(dbMock.projectTask.update).toHaveBeenCalledWith(
          |                                         ^
      401 |         expect.objectContaining({
      402 |           data: expect.objectContaining({
      403 |             name: 'Trimmed Name',

      at Object.toHaveBeenCalledWith (tests/integration/api/projects/tasks/[taskId]/route.test.ts:400:41)

  ● PATCH /api/projects/tasks/[taskId] › Task Updates › should update assigneeId

    expect(received).toBe(expected) // Object.is equality

    Expected: 200
    Received: 404

      431 |       const response = await PATCH(request, { params: Promise.resolve({ taskId: 'task-1' }) });
      432 |
    > 433 |       expect(response.status).toBe(200);
          |                               ^
      434 |       const data = await response.json();
      435 |       expect(data.task.assigneeId).toBe('child-test-123');
      436 |     });

      at Object.toBe (tests/integration/api/projects/tasks/[taskId]/route.test.ts:433:31)

  ● PATCH /api/projects/tasks/[taskId] › Task Updates › should update sortOrder

    expect(received).toBe(expected) // Object.is equality

    Expected: 200
    Received: 404

      460 |       const response = await PATCH(request, { params: Promise.resolve({ taskId: 'task-1' }) });
      461 |
    > 462 |       expect(response.status).toBe(200);
          |                               ^
      463 |       const data = await response.json();
      464 |       expect(data.task.sortOrder).toBe(5);
      465 |     });

      at Object.toBe (tests/integration/api/projects/tasks/[taskId]/route.test.ts:462:31)

  ● PATCH /api/projects/tasks/[taskId] › Audit Logging › should create an audit log entry on successful update

    expect(jest.fn()).toHaveBeenCalledWith(...expected)

    Expected: {"data": {"action": "PROJECT_TASK_UPDATED", "familyId": "family-test-123", "memberId": "parent-test-123", "metadata": {"projectId": "project-1", "taskId": "task-1", "updates": {"name": "New Name"}}, "result": "SUCCESS"}}

    Number of calls: 0

      486 |       await PATCH(request, { params: Promise.resolve({ taskId: 'task-1' }) });
      487 |
    > 488 |       expect(dbMock.auditLog.create).toHaveBeenCalledWith({
          |                                      ^
      489 |         data: {
      490 |           familyId: 'family-test-123',
      491 |           memberId: 'parent-test-123',

      at Object.toHaveBeenCalledWith (tests/integration/api/projects/tasks/[taskId]/route.test.ts:488:38)

  ● PATCH /api/projects/tasks/[taskId] › Error Handling › should return 500 if database operation fails

    expect(received).toBe(expected) // Object.is equality

    Expected: 500
    Received: 404

      520 |       const response = await PATCH(request, { params: Promise.resolve({ taskId: 'task-1' }) });
      521 |
    > 522 |       expect(response.status).toBe(500);
          |                               ^
      523 |       const data = await response.json();
      524 |       expect(data.error).toBe('Failed to update task');
      525 |     });

      at Object.toBe (tests/integration/api/projects/tasks/[taskId]/route.test.ts:522:31)

  ● DELETE /api/projects/tasks/[taskId] › Task Deletion › should return 403 if task belongs to different family

    expect(received).toBe(expected) // Object.is equality

    Expected: 403
    Received: 404

      588 |       const response = await DELETE(request, { params: Promise.resolve({ taskId: 'task-1' }) });
      589 |
    > 590 |       expect(response.status).toBe(403);
          |                               ^
      591 |       const data = await response.json();
      592 |       expect(data.error).toBe('Access denied');
      593 |     });

      at Object.toBe (tests/integration/api/projects/tasks/[taskId]/route.test.ts:590:31)

  ● DELETE /api/projects/tasks/[taskId] › Task Deletion › should delete task successfully

    expect(received).toBe(expected) // Object.is equality

    Expected: 200
    Received: 404

      611 |       const response = await DELETE(request, { params: Promise.resolve({ taskId: 'task-1' }) });
      612 |
    > 613 |       expect(response.status).toBe(200);
          |                               ^
      614 |       const data = await response.json();
      615 |       expect(data.message).toBe('Task deleted successfully');
      616 |       expect(dbMock.projectTask.delete).toHaveBeenCalledWith({

      at Object.toBe (tests/integration/api/projects/tasks/[taskId]/route.test.ts:613:31)

  ● DELETE /api/projects/tasks/[taskId] › Audit Logging › should create an audit log entry on successful deletion

    expect(jest.fn()).toHaveBeenCalledWith(...expected)

    Expected: {"data": {"action": "PROJECT_TASK_DELETED", "familyId": "family-test-123", "memberId": "parent-test-123", "metadata": {"name": "Test Task", "projectId": "project-1", "taskId": "task-1"}, "result": "SUCCESS"}}

    Number of calls: 0

      639 |       await DELETE(request, { params: Promise.resolve({ taskId: 'task-1' }) });
      640 |
    > 641 |       expect(dbMock.auditLog.create).toHaveBeenCalledWith({
          |                                      ^
      642 |         data: {
      643 |           familyId: 'family-test-123',
      644 |           memberId: 'parent-test-123',

      at Object.toHaveBeenCalledWith (tests/integration/api/projects/tasks/[taskId]/route.test.ts:641:38)

  ● DELETE /api/projects/tasks/[taskId] › Error Handling › should return 500 if database operation fails

    expect(received).toBe(expected) // Object.is equality

    Expected: 500
    Received: 404

      673 |       const response = await DELETE(request, { params: Promise.resolve({ taskId: 'task-1' }) });
      674 |
    > 675 |       expect(response.status).toBe(500);
          |                               ^
      676 |       const data = await response.json();
      677 |       expect(data.error).toBe('Failed to delete task');
      678 |     });

      at Object.toBe (tests/integration/api/projects/tasks/[taskId]/route.test.ts:675:31)

FAIL tests/integration/api/notifications/[id]/route.test.ts
  ● /api/notifications/[id] › PATCH › should mark notification as read

    expect(received).toBe(expected) // Object.is equality

    Expected: 200
    Received: 403

       99 |       const data = await response.json()
      100 |
    > 101 |       expect(response.status).toBe(200)
          |                               ^
      102 |       expect(data.notification).toEqual(mockUpdatedNotification)
      103 |
      104 |       expect(dbMock.notification.update).toHaveBeenCalledWith({

      at Object.toBe (tests/integration/api/notifications/[id]/route.test.ts:101:31)

  ● /api/notifications/[id] › PATCH › should return 500 on error

    expect(received).toBe(expected) // Object.is equality

    Expected: 500
    Received: 403

      124 |       const data = await response.json()
      125 |
    > 126 |       expect(response.status).toBe(500)
          |                               ^
      127 |       expect(data.error).toBe('Failed to mark notification as read')
      128 |     })
      129 |   })

      at Object.toBe (tests/integration/api/notifications/[id]/route.test.ts:126:31)

  ● /api/notifications/[id] › DELETE › should delete notification successfully

    expect(received).toBe(expected) // Object.is equality

    Expected: 200
    Received: 403

      197 |       const data = await response.json()
      198 |
    > 199 |       expect(response.status).toBe(200)
          |                               ^
      200 |       expect(data.success).toBe(true)
      201 |
      202 |       expect(dbMock.notification.delete).toHaveBeenCalledWith({

      at Object.toBe (tests/integration/api/notifications/[id]/route.test.ts:199:31)

  ● /api/notifications/[id] › DELETE › should return 500 on error

    expect(received).toBe(expected) // Object.is equality

    Expected: 500
    Received: 403

      218 |       const data = await response.json()
      219 |
    > 220 |       expect(response.status).toBe(500)
          |                               ^
      221 |       expect(data.error).toBe('Failed to delete notification')
      222 |     })
      223 |   })

      at Object.toBe (tests/integration/api/notifications/[id]/route.test.ts:220:31)

FAIL tests/integration/api/rewards/[id]/redeem.test.ts
  ● /api/rewards/[id]/redeem › POST › should return 404 if reward not found

    expect(received).toBe(expected) // Object.is equality

    Expected: 404
    Received: 400

      77 |       const data = await response.json()
      78 |
    > 79 |       expect(response.status).toBe(404)
         |                               ^
      80 |       expect(data.error).toBe('Reward not found')
      81 |     })
      82 |

      at Object.toBe (tests/integration/api/rewards/[id]/redeem.test.ts:79:31)

  ● /api/rewards/[id]/redeem › POST › should return 403 if reward belongs to different family

    expect(received).toBe(expected) // Object.is equality

    Expected: 403
    Received: 400

       97 |       const data = await response.json()
       98 |
    >  99 |       expect(response.status).toBe(403)
          |                               ^
      100 |       expect(data.error).toBe('Forbidden')
      101 |     })
      102 |

      at Object.toBe (tests/integration/api/rewards/[id]/redeem.test.ts:99:31)

  ● /api/rewards/[id]/redeem › POST › should return 400 if reward is not active

    expect(received).toBe(expected) // Object.is equality

    Expected: "This reward is not currently available"
    Received: "Failed to redeem reward"

      119 |
      120 |       expect(response.status).toBe(400)
    > 121 |       expect(data.error).toBe('This reward is not currently available')
          |                          ^
      122 |     })
      123 |
      124 |     it('should return 400 if insufficient credits', async () => {

      at Object.toBe (tests/integration/api/rewards/[id]/redeem.test.ts:121:26)

  ● /api/rewards/[id]/redeem › POST › should return 400 if insufficient credits

    expect(received).toContain(expected) // indexOf

    Expected substring: "Insufficient credits"
    Received string:    "Failed to redeem reward"

      143 |
      144 |       expect(response.status).toBe(400)
    > 145 |       expect(data.error).toContain('Insufficient credits')
          |                          ^
      146 |     })
      147 |
      148 |     it('should return 400 if reward is out of stock', async () => {

      at Object.toContain (tests/integration/api/rewards/[id]/redeem.test.ts:145:26)

  ● /api/rewards/[id]/redeem › POST › should return 400 if reward is out of stock

    expect(received).toBe(expected) // Object.is equality

    Expected: "This reward is out of stock"
    Received: "Failed to redeem reward"

      166 |
      167 |       expect(response.status).toBe(400)
    > 168 |       expect(data.error).toBe('This reward is out of stock')
          |                          ^
      169 |     })
      170 |
      171 |     it('should successfully redeem reward with sufficient credits', async () => {

      at Object.toBe (tests/integration/api/rewards/[id]/redeem.test.ts:168:26)

  ● /api/rewards/[id]/redeem › POST › should successfully redeem reward with sufficient credits

    expect(received).toBe(expected) // Object.is equality

    Expected: 200
    Received: 400

      234 |       const data = await response.json()
      235 |
    > 236 |       expect(response.status).toBe(200)
          |                               ^
      237 |       expect(data.success).toBe(true)
      238 |       expect(data.newBalance).toBe(50)
      239 |       expect(dbMock.$transaction).toHaveBeenCalled()

      at Object.toBe (tests/integration/api/rewards/[id]/redeem.test.ts:236:31)

  ● /api/rewards/[id]/redeem › POST › should handle budget warnings

    expect(received).toBe(expected) // Object.is equality

    Expected: 200
    Received: 400

      301 |       const data = await response.json()
      302 |
    > 303 |       expect(response.status).toBe(200)
          |                               ^
      304 |       expect(data.budgetWarning).toBeDefined()
      305 |       expect(data.budgetWarning.message).toContain('budget')
      306 |     })

      at Object.toBe (tests/integration/api/rewards/[id]/redeem.test.ts:303:31)

  ● /api/rewards/[id]/redeem › POST › should handle notification creation failures gracefully

    expect(received).toBe(expected) // Object.is equality

    Expected: 200
    Received: 400

      347 |       const data = await response.json()
      348 |
    > 349 |       expect(response.status).toBe(200)
          |                               ^
      350 |       expect(data.success).toBe(true)
      351 |     })
      352 |

      at Object.toBe (tests/integration/api/rewards/[id]/redeem.test.ts:349:31)

  ● /api/rewards/[id]/redeem › POST › should update reward quantity when redeemed

    expect(jest.fn()).toHaveBeenCalledWith(...expected)

    Expected: {"data": {"quantity": {"decrement": 1}, "status": "ACTIVE"}, "where": {"id": "reward-1"}}

    Number of calls: 0

      408 |       await POST(request, { params: Promise.resolve({ id: rewardId }) })
      409 |
    > 410 |       expect(mockTransaction.rewardItem.update).toHaveBeenCalledWith({
          |                                                 ^
      411 |         where: { id: rewardId },
      412 |         data: {
      413 |           quantity: { decrement: 1 },

      at Object.toHaveBeenCalledWith (tests/integration/api/rewards/[id]/redeem.test.ts:410:49)

  ● /api/rewards/[id]/redeem › POST › should mark reward as out of stock when quantity reaches zero

    expect(jest.fn()).toHaveBeenCalledWith(...expected)

    Expected: {"data": {"quantity": {"decrement": 1}, "status": "OUT_OF_STOCK"}, "where": {"id": "reward-1"}}

    Number of calls: 0

      462 |       await POST(request, { params: Promise.resolve({ id: rewardId }) })
      463 |
    > 464 |       expect(mockTransaction.rewardItem.update).toHaveBeenCalledWith({
          |                                                 ^
      465 |         where: { id: rewardId },
      466 |         data: {
      467 |           quantity: { decrement: 1 },

      at Object.toHaveBeenCalledWith (tests/integration/api/rewards/[id]/redeem.test.ts:464:49)

FAIL tests/integration/api/screentime/history.test.ts
  ● /api/screentime/history › GET › should return own history for child

    expect(jest.fn()).toHaveBeenCalledWith(...expected)

    - Expected
    + Received

    @@ -17,8 +17,8 @@
          "createdAt": "desc",
        },
        "skip": 0,
        "take": 50,
        "where": Object {
    -     "memberId": "child-1",
    +     "memberId": "child-test-123",
        },
      },

    Number of calls: 1

      59 |       expect(data.transactions).toEqual(mockTransactions)
      60 |       expect(data.pagination.total).toBe(1)
    > 61 |       expect(dbMock.screenTimeTransaction.findMany).toHaveBeenCalledWith({
         |                                                     ^
      62 |         where: { memberId: 'child-1' },
      63 |         include: {
      64 |           createdBy: {

      at Object.toHaveBeenCalledWith (tests/integration/api/screentime/history.test.ts:61:53)

  ● /api/screentime/history › GET › should support pagination

    expect(jest.fn()).toHaveBeenCalledWith(...expected)

    - Expected
    + Received

      Object {
    -   "include": Any<Object>,
    +   "include": Object {
    +     "createdBy": Object {
    +       "select": Object {
    +         "id": true,
    +         "name": true,
    +       },
    +     },
    +     "screenTimeType": Object {
    +       "select": Object {
    +         "id": true,
    +         "name": true,
    +       },
    +     },
    +   },
        "orderBy": Object {
          "createdAt": "desc",
        },
        "skip": 40,
        "take": 20,
        "where": Object {
    -     "memberId": "child-1",
    +     "memberId": "child-test-123",
        },
      },

    Number of calls: 1

      207 |       expect(data.pagination.total).toBe(100)
      208 |       expect(data.pagination.hasMore).toBe(true)
    > 209 |       expect(dbMock.screenTimeTransaction.findMany).toHaveBeenCalledWith({
          |                                                     ^
      210 |         where: { memberId: 'child-1' },
      211 |         include: expect.any(Object),
      212 |         orderBy: { createdAt: 'desc' },

      at Object.toHaveBeenCalledWith (tests/integration/api/screentime/history.test.ts:209:53)

FAIL tests/integration/api/shopping/items/[id]/route.test.ts
  ● /api/shopping/items/[id] › PATCH › should update item successfully

    expect(jest.fn()).toHaveBeenCalledWith(...expected)

    - Expected
    + Received

    @@ -1,9 +1,7 @@
      Object {
        "data": Object {
    -     "purchasedAt": null,
    -     "purchasedById": null,
          "status": "IN_CART",
        },
        "where": Object {
          "id": "item-1",
        },,

    Number of calls: 1

      108 |       expect(data.success).toBe(true)
      109 |       expect(data.item.status).toBe('IN_CART')
    > 110 |       expect(dbMock.shoppingItem.update).toHaveBeenCalledWith({
          |                                          ^
      111 |         where: { id: itemId },
      112 |         data: {
      113 |           status: 'IN_CART',

      at Object.toHaveBeenCalledWith (tests/integration/api/shopping/items/[id]/route.test.ts:110:42)

  ● /api/shopping/items/[id] › PATCH › should set purchasedAt and purchasedById when status is PURCHASED

    expect(jest.fn()).toHaveBeenCalledWith(...expected)

    - Expected
    + Received

    @@ -1,8 +1,8 @@
      Object {
        "data": Object {
    -     "purchasedAt": Any<Date>,
    +     "purchasedAt": "2026-01-21T13:14:07.921Z",
          "purchasedById": "user-1",
          "status": "PURCHASED",
        },
        "where": Object {
          "id": "item-1",,

    Number of calls: 1

      136 |       await PATCH(request, { params: Promise.resolve({ id: itemId }) })
      137 |
    > 138 |       expect(dbMock.shoppingItem.update).toHaveBeenCalledWith({
          |                                          ^
      139 |         where: { id: itemId },
      140 |         data: {
      141 |           status: 'PURCHASED',

      at Object.toHaveBeenCalledWith (tests/integration/api/shopping/items/[id]/route.test.ts:138:42)

  ● /api/shopping/items/[id] › PATCH › should create audit log when status changes

    expect(jest.fn()).toHaveBeenCalledWith(...expected)

    - Expected
    + Received

    @@ -1,14 +1,13 @@
      Object {
    -   "data": ObjectContaining {
    +   "data": Object {
          "action": "SHOPPING_ITEM_UPDATED",
          "entityId": "item-1",
    -     "entityType": "ShoppingItem",
    +     "entityType": "SHOPPING_ITEM",
          "familyId": "family-1",
          "memberId": "user-1",
    -     "metadata": ObjectContaining {
    -       "itemName": "Milk",
    +     "metadata": Object {
            "newStatus": "IN_CART",
            "oldStatus": "PENDING",
          },
          "result": "SUCCESS",
        },,

    Number of calls: 1

      164 |       await PATCH(request, { params: Promise.resolve({ id: itemId }) })
      165 |
    > 166 |       expect(dbMock.auditLog.create).toHaveBeenCalledWith({
          |                                      ^
      167 |         data: expect.objectContaining({
      168 |           familyId: 'family-1',
      169 |           memberId: 'user-1',

      at Object.toHaveBeenCalledWith (tests/integration/api/shopping/items/[id]/route.test.ts:166:38)

  ● /api/shopping/items/[id] › DELETE › should delete item successfully

    expect(received).toBe(expected) // Object.is equality

    Expected: "Item removed from shopping list"
    Received: "Item deleted successfully"

      275 |       expect(response.status).toBe(200)
      276 |       expect(data.success).toBe(true)
    > 277 |       expect(data.message).toBe('Item removed from shopping list')
          |                            ^
      278 |       expect(dbMock.shoppingItem.delete).toHaveBeenCalledWith({
      279 |         where: { id: itemId },
      280 |       })

      at Object.toBe (tests/integration/api/shopping/items/[id]/route.test.ts:277:28)

  ● /api/shopping/items/[id] › DELETE › should create audit log on delete

    expect(jest.fn()).toHaveBeenCalledWith(...expected)

    Expected: {"data": ObjectContaining {"action": "SHOPPING_ITEM_DELETED", "entityId": "item-1", "entityType": "ShoppingItem", "familyId": "family-1", "memberId": "user-1", "metadata": ObjectContaining {"itemName": "Milk"}, "result": "SUCCESS"}}

    Number of calls: 0

      294 |       await DELETE(request, { params: Promise.resolve({ id: itemId }) })
      295 |
    > 296 |       expect(dbMock.auditLog.create).toHaveBeenCalledWith({
          |                                      ^
      297 |         data: expect.objectContaining({
      298 |           familyId: 'family-1',
      299 |           memberId: 'user-1',

      at Object.toHaveBeenCalledWith (tests/integration/api/shopping/items/[id]/route.test.ts:296:38)

FAIL tests/integration/api/rules/executions/route.test.ts
  ● GET /api/rules/executions › should return all executions for family

    expect(received).toBe(expected) // Object.is equality

    Expected: 2
    Received: undefined

      86 |     expect(response.status).toBe(200);
      87 |     expect(data.executions).toHaveLength(2);
    > 88 |     expect(data.total).toBe(2);
         |                        ^
      89 |     expect(dbMock.ruleExecution.findMany).toHaveBeenCalledWith(
      90 |       expect.objectContaining({
      91 |         where: expect.objectContaining({

      at Object.toBe (tests/integration/api/rules/executions/route.test.ts:88:24)

  ● GET /api/rules/executions › should support pagination

    expect(received).toBe(expected) // Object.is equality

    Expected: 1
    Received: undefined

      105 |
      106 |     expect(response.status).toBe(200);
    > 107 |     expect(data.limit).toBe(1);
          |                        ^
      108 |     expect(data.offset).toBe(1);
      109 |     expect(dbMock.ruleExecution.findMany).toHaveBeenCalledWith(
      110 |       expect.objectContaining({

      at Object.toBe (tests/integration/api/rules/executions/route.test.ts:107:24)

  ● GET /api/rules/executions › should filter by success status

    expect(jest.fn()).toHaveBeenCalledWith(...expected)

    Expected: ObjectContaining {"where": ObjectContaining {"success": true}}
    Received: {"include": {"rule": {"select": {"familyId": true, "id": true, "name": true}}}, "orderBy": {"executedAt": "desc"}, "take": 50, "where": {"rule": {"familyId": "family-test-123"}}}

    Number of calls: 1

      142 |
      143 |     expect(response.status).toBe(200);
    > 144 |     expect(dbMock.ruleExecution.findMany).toHaveBeenCalledWith(
          |                                           ^
      145 |       expect.objectContaining({
      146 |         where: expect.objectContaining({
      147 |           success: true,

      at Object.toHaveBeenCalledWith (tests/integration/api/rules/executions/route.test.ts:144:43)

  ● GET /api/rules/executions › should filter by date range

    expect(jest.fn()).toHaveBeenCalledWith(...expected)

    Expected: ObjectContaining {"where": ObjectContaining {"executedAt": ObjectContaining {"gte": Any<Date>, "lte": Any<Date>}}}
    Received: {"include": {"rule": {"select": {"familyId": true, "id": true, "name": true}}}, "orderBy": {"executedAt": "desc"}, "take": 50, "where": {"rule": {"familyId": "family-test-123"}}}

    Number of calls: 1

      162 |
      163 |     expect(response.status).toBe(200);
    > 164 |     expect(dbMock.ruleExecution.findMany).toHaveBeenCalledWith(
          |                                           ^
      165 |       expect.objectContaining({
      166 |         where: expect.objectContaining({
      167 |           executedAt: expect.objectContaining({

      at Object.toHaveBeenCalledWith (tests/integration/api/rules/executions/route.test.ts:164:43)

  ● GET /api/rules/executions › should enforce maximum limit of 100

    expect(received).toBe(expected) // Object.is equality

    Expected: 100
    Received: undefined

      220 |
      221 |     expect(response.status).toBe(200);
    > 222 |     expect(data.limit).toBe(100);
          |                        ^
      223 |     expect(dbMock.ruleExecution.findMany).toHaveBeenCalledWith(
      224 |       expect.objectContaining({
      225 |         take: 100,

      at Object.toBe (tests/integration/api/rules/executions/route.test.ts:222:24)

  ● GET /api/rules/executions › should enforce minimum limit of 1

    expect(received).toBe(expected) // Object.is equality

    Expected: 1
    Received: undefined

      237 |
      238 |     expect(response.status).toBe(200);
    > 239 |     expect(data.limit).toBe(1);
          |                        ^
      240 |     expect(dbMock.ruleExecution.findMany).toHaveBeenCalledWith(
      241 |       expect.objectContaining({
      242 |         take: 1,

      at Object.toBe (tests/integration/api/rules/executions/route.test.ts:239:24)

  ● GET /api/rules/executions › should combine multiple filters

    expect(jest.fn()).toHaveBeenCalledWith(...expected)

    Expected: ObjectContaining {"skip": 0, "take": 10, "where": ObjectContaining {"ruleId": "rule-1", "success": true}}
    Received: {"include": {"rule": {"select": {"familyId": true, "id": true, "name": true}}}, "orderBy": {"executedAt": "desc"}, "take": 10, "where": {"rule": {"familyId": "family-test-123"}, "ruleId": "rule-1"}}

    Number of calls: 1

      255 |
      256 |     expect(response.status).toBe(200);
    > 257 |     expect(dbMock.ruleExecution.findMany).toHaveBeenCalledWith(
          |                                           ^
      258 |       expect.objectContaining({
      259 |         where: expect.objectContaining({
      260 |           ruleId: 'rule-1',

      at Object.toHaveBeenCalledWith (tests/integration/api/rules/executions/route.test.ts:257:43)

FAIL tests/integration/api/routines/[id]/route.test.ts
  ● PUT /api/routines/[id] › should return 403 if child attempts to update routine

    expect(received).toBe(expected) // Object.is equality

    Expected: 403
    Received: 404

      152 |     const response = await PATCH(request, { params: Promise.resolve({ id: 'routine-123' }) });
      153 |
    > 154 |     expect(response.status).toBe(403);
          |                             ^
      155 |   });
      156 |
      157 |   it('should update routine name', async () => {

      at Object.toBe (tests/integration/api/routines/[id]/route.test.ts:154:29)

  ● PUT /api/routines/[id] › should update routine steps

    expect(jest.fn()).toHaveBeenCalledWith(...expected)

    Expected: {"where": {"routineId": "routine-123"}}

    Number of calls: 0

      253 |     const data = await response.json();
      254 |     expect(data.routine.steps).toHaveLength(2);
    > 255 |     expect(dbMock.routineStep.deleteMany).toHaveBeenCalledWith({
          |                                           ^
      256 |       where: { routineId: 'routine-123' },
      257 |     });
      258 |   });

      at Object.toHaveBeenCalledWith (tests/integration/api/routines/[id]/route.test.ts:255:43)

  ● PUT /api/routines/[id] › should create audit log on update

    expect(jest.fn()).toHaveBeenCalledWith(...expected)

    Expected: ObjectContaining {"data": ObjectContaining {"action": "ROUTINE_UPDATED", "familyId": "family-test-123", "memberId": "parent-test-123"}}

    Number of calls: 0

      402 |     await PATCH(request, { params: Promise.resolve({ id: 'routine-123' }) });
      403 |
    > 404 |     expect(dbMock.auditLog.create).toHaveBeenCalledWith(
          |                                    ^
      405 |       expect.objectContaining({
      406 |         data: expect.objectContaining({
      407 |           familyId: session.user.familyId,

      at Object.toHaveBeenCalledWith (tests/integration/api/routines/[id]/route.test.ts:404:36)

  ● DELETE /api/routines/[id] › should return 403 if child attempts to delete routine

    expect(received).toBe(expected) // Object.is equality

    Expected: 403
    Received: 404

      440 |     const response = await DELETE(request, { params: Promise.resolve({ id: 'routine-123' }) });
      441 |
    > 442 |     expect(response.status).toBe(403);
          |                             ^
      443 |   });
      444 |
      445 |   it('should delete routine and related steps', async () => {

      at Object.toBe (tests/integration/api/routines/[id]/route.test.ts:442:29)

  ● DELETE /api/routines/[id] › should delete routine and related steps

    expect(jest.fn()).toHaveBeenCalledWith(...expected)

    Expected: {"where": {"id": "routine-123"}}

    Number of calls: 0

      472 |     expect(data.message).toContain('deleted');
      473 |
    > 474 |     expect(dbMock.routine.delete).toHaveBeenCalledWith({
          |                                   ^
      475 |       where: { id: 'routine-123' },
      476 |     });
      477 |   });

      at Object.toHaveBeenCalledWith (tests/integration/api/routines/[id]/route.test.ts:474:35)

  ● DELETE /api/routines/[id] › should create audit log on deletion

    expect(jest.fn()).toHaveBeenCalledWith(...expected)

    Expected: ObjectContaining {"data": ObjectContaining {"action": "ROUTINE_DELETED", "familyId": "family-test-123", "memberId": "parent-test-123"}}

    Number of calls: 0

      516 |     await DELETE(request, { params: Promise.resolve({ id: 'routine-123' }) });
      517 |
    > 518 |     expect(dbMock.auditLog.create).toHaveBeenCalledWith(
          |                                    ^
      519 |       expect.objectContaining({
      520 |         data: expect.objectContaining({
      521 |           familyId: session.user.familyId,

      at Object.toHaveBeenCalledWith (tests/integration/api/routines/[id]/route.test.ts:518:36)

FAIL tests/integration/api/meals/recipes/search/route.test.ts
  ● GET /api/meals/recipes/search › Query Parameter Validation › should return 400 if query parameter is missing

    expect(received).toBe(expected) // Object.is equality

    Expected: "Search query is required"
    Received: "Search query (q) is required"

      50 |       expect(response.status).toBe(400);
      51 |       const data = await response.json();
    > 52 |       expect(data.error).toBe('Search query is required');
         |                          ^
      53 |     });
      54 |
      55 |     it('should return 400 if query is too short (less than 2 characters)', async () => {

      at Object.toBe (tests/integration/api/meals/recipes/search/route.test.ts:52:26)

  ● GET /api/meals/recipes/search › Query Parameter Validation › should return 400 if query is too short (less than 2 characters)

    expect(received).toBe(expected) // Object.is equality

    Expected: 400
    Received: 200

      57 |       const response = await GET(request);
      58 |
    > 59 |       expect(response.status).toBe(400);
         |                               ^
      60 |       const data = await response.json();
      61 |       expect(data.error).toBe('Search query must be at least 2 characters');
      62 |     });

      at Object.toBe (tests/integration/api/meals/recipes/search/route.test.ts:59:31)

  ● GET /api/meals/recipes/search › Search Functionality › should search recipes by title with highest priority

    expect(received).toBe(expected) // Object.is equality

    Expected: 200
    Received: 500

      91 |       const response = await GET(request);
      92 |
    > 93 |       expect(response.status).toBe(200);
         |                               ^
      94 |       const data = await response.json();
      95 |       
      96 |       expect(data.recipes).toHaveLength(2);

      at Object.toBe (tests/integration/api/meals/recipes/search/route.test.ts:93:31)

  ● GET /api/meals/recipes/search › Search Functionality › should search recipes by dietary tags

    expect(received).toBe(expected) // Object.is equality

    Expected: 200
    Received: 500

      133 |       const response = await GET(request);
      134 |
    > 135 |       expect(response.status).toBe(200);
          |                               ^
      136 |       const data = await response.json();
      137 |       
      138 |       expect(data.recipes).toHaveLength(1);

      at Object.toBe (tests/integration/api/meals/recipes/search/route.test.ts:135:31)

  ● GET /api/meals/recipes/search › Search Functionality › should search recipes by ingredient names

    expect(received).toBe(expected) // Object.is equality

    Expected: 200
    Received: 500

      163 |       const response = await GET(request);
      164 |
    > 165 |       expect(response.status).toBe(200);
          |                               ^
      166 |       const data = await response.json();
      167 |       
      168 |       expect(data.recipes).toHaveLength(1);

      at Object.toBe (tests/integration/api/meals/recipes/search/route.test.ts:165:31)

  ● GET /api/meals/recipes/search › Search Functionality › should return weighted scores (title > tags > ingredients)

    expect(received).toBe(expected) // Object.is equality

    Expected: 200
    Received: 500

      197 |       const response = await GET(request);
      198 |
    > 199 |       expect(response.status).toBe(200);
          |                               ^
      200 |       const data = await response.json();
      201 |       
      202 |       expect(data.recipes).toHaveLength(2);

      at Object.toBe (tests/integration/api/meals/recipes/search/route.test.ts:199:31)

  ● GET /api/meals/recipes/search › Search Functionality › should limit results to 5 recipes

    expect(received).toBe(expected) // Object.is equality

    Expected: 200
    Received: 500

      224 |       const response = await GET(request);
      225 |
    > 226 |       expect(response.status).toBe(200);
          |                               ^
      227 |       const data = await response.json();
      228 |       
      229 |       expect(data.recipes).toHaveLength(5);

      at Object.toBe (tests/integration/api/meals/recipes/search/route.test.ts:226:31)

  ● GET /api/meals/recipes/search › Search Functionality › should return empty array if no matches found

    expect(received).toEqual(expected) // deep equality

    Expected: []
    Received: undefined

      239 |       const data = await response.json();
      240 |       
    > 241 |       expect(data.recipes).toEqual([]);
          |                            ^
      242 |     });
      243 |
      244 |     it('should be case-insensitive', async () => {

      at Object.toEqual (tests/integration/api/meals/recipes/search/route.test.ts:241:28)

  ● GET /api/meals/recipes/search › Search Functionality › should be case-insensitive

    expect(received).toBe(expected) // Object.is equality

    Expected: 200
    Received: 500

      260 |       const response = await GET(request);
      261 |
    > 262 |       expect(response.status).toBe(200);
          |                               ^
      263 |       const data = await response.json();
      264 |       
      265 |       expect(data.recipes).toHaveLength(1);

      at Object.toBe (tests/integration/api/meals/recipes/search/route.test.ts:262:31)

  ● GET /api/meals/recipes/search › Search Functionality › should include recipe metadata in response

    expect(received).toBe(expected) // Object.is equality

    Expected: 200
    Received: 500

      285 |       const response = await GET(request);
      286 |
    > 287 |       expect(response.status).toBe(200);
          |                               ^
      288 |       const data = await response.json();
      289 |       
      290 |       expect(data.recipes[0]).toEqual({

      at Object.toBe (tests/integration/api/meals/recipes/search/route.test.ts:287:31)

FAIL tests/integration/api/family/sick-mode/start/route.test.ts
  ● /api/family/sick-mode/start › POST › should return 403 if child tries to start sick mode for another member

    expect(received).toBe(expected) // Object.is equality

    Expected: "Children can only start sick mode for themselves"
    Received: "Parent access required"

      91 |       expect(response.status).toBe(403);
      92 |       const data = await response.json();
    > 93 |       expect(data.error).toBe('Children can only start sick mode for themselves');
         |                          ^
      94 |     });
      95 |
      96 |     it('should allow parents to start sick mode for any family member', async () => {

      at Object.toBe (tests/integration/api/family/sick-mode/start/route.test.ts:93:26)

  ● /api/family/sick-mode/start › POST › should allow parents to start sick mode for any family member

    expect(received).toBe(expected) // Object.is equality

    Expected: 201
    Received: 200

      113 |       const response = await POST(request);
      114 |
    > 115 |       expect(response.status).toBe(201);
          |                               ^
      116 |       const data = await response.json();
      117 |       expect(data.instance.memberId).toBe('child-test-123');
      118 |       expect(data.instance.isActive).toBe(true);

      at Object.toBe (tests/integration/api/family/sick-mode/start/route.test.ts:115:31)

  ● /api/family/sick-mode/start › POST › should allow children to start sick mode for themselves

    expect(received).toBe(expected) // Object.is equality

    Expected: 201
    Received: 403

      156 |       const response = await POST(request);
      157 |
    > 158 |       expect(response.status).toBe(201);
          |                               ^
      159 |       const data = await response.json();
      160 |       expect(data.instance.memberId).toBe('child-test-123');
      161 |     });

      at Object.toBe (tests/integration/api/family/sick-mode/start/route.test.ts:158:31)

  ● /api/family/sick-mode/start › POST › should return 404 if member not found

    expect(received).toBe(expected) // Object.is equality

    Expected: 404
    Received: 500

      184 |       const response = await POST(request);
      185 |
    > 186 |       expect(response.status).toBe(404);
          |                               ^
      187 |       const data = await response.json();
      188 |       expect(data.error).toBe('Member not found');
      189 |     });

      at Object.toBe (tests/integration/api/family/sick-mode/start/route.test.ts:186:31)

  ● /api/family/sick-mode/start › POST › should return 404 if member belongs to different family

    expect(received).toBe(expected) // Object.is equality

    Expected: 404
    Received: 200

      204 |       const response = await POST(request);
      205 |
    > 206 |       expect(response.status).toBe(404);
          |                               ^
      207 |       const data = await response.json();
      208 |       expect(data.error).toBe('Member not found');
      209 |     });

      at Object.toBe (tests/integration/api/family/sick-mode/start/route.test.ts:206:31)

  ● /api/family/sick-mode/start › POST › should return 409 if sick mode already active for member

    expect(received).toBe(expected) // Object.is equality

    Expected: 409
    Received: 200

      225 |       const response = await POST(request);
      226 |
    > 227 |       expect(response.status).toBe(409);
          |                               ^
      228 |       const data = await response.json();
      229 |       expect(data.error).toBe('Sick mode is already active for this member');
      230 |     });

      at Object.toBe (tests/integration/api/family/sick-mode/start/route.test.ts:227:31)

  ● /api/family/sick-mode/start › POST › should accept optional healthEventId when auto-triggered

    expect(received).toBe(expected) // Object.is equality

    Expected: 201
    Received: 200

      257 |       const response = await POST(request);
      258 |
    > 259 |       expect(response.status).toBe(201);
          |                               ^
      260 |       expect(dbMock.sickModeInstance.create).toHaveBeenCalledWith({
      261 |         data: {
      262 |           familyId: 'family-test-123',

      at Object.toBe (tests/integration/api/family/sick-mode/start/route.test.ts:259:31)

  ● /api/family/sick-mode/start › POST › should return settings along with instance

    expect(received).toBe(expected) // Object.is equality

    Expected: 201
    Received: 200

      288 |       const response = await POST(request);
      289 |
    > 290 |       expect(response.status).toBe(201);
          |                               ^
      291 |       const data = await response.json();
      292 |       expect(data.settings).toBeDefined();
      293 |       expect(data.settings.pauseChores).toBe(true);

      at Object.toBe (tests/integration/api/family/sick-mode/start/route.test.ts:290:31)

  ● /api/family/sick-mode/start › POST › should log audit event on successful start

    expect(received).toBe(expected) // Object.is equality

    Expected: 201
    Received: 200

      313 |       const response = await POST(request);
      314 |
    > 315 |       expect(response.status).toBe(201);
          |                               ^
      316 |       expect(dbMock.auditLog.create).toHaveBeenCalledWith({
      317 |         data: {
      318 |           familyId: 'family-test-123',

      at Object.toBe (tests/integration/api/family/sick-mode/start/route.test.ts:315:31)

  ● /api/family/sick-mode/start › POST › should create default settings if they do not exist

    expect(received).toBe(expected) // Object.is equality

    Expected: 201
    Received: 200

      349 |       const response = await POST(request);
      350 |
    > 351 |       expect(response.status).toBe(201);
          |                               ^
      352 |       expect(dbMock.sickModeSettings.create).toHaveBeenCalledWith({
      353 |         data: {
      354 |           familyId: 'family-test-123',

      at Object.toBe (tests/integration/api/family/sick-mode/start/route.test.ts:351:31)

FAIL tests/integration/api/family/members/route.test.ts
  ● /api/family/members › POST › should return 401 if not authenticated

    expect(received).toBe(expected) // Object.is equality

    Expected: 403
    Received: 401

      47 |       const data = await response.json()
      48 |
    > 49 |       expect(response.status).toBe(403)
         |                               ^
      50 |       expect(data.error).toBe('Unauthorized - Parent access required')
      51 |     })
      52 |

      at Object.toBe (tests/integration/api/family/members/route.test.ts:49:31)

  ● /api/family/members › POST › should return 403 if not a parent

    expect(received).toBe(expected) // Object.is equality

    Expected: 403
    Received: 500

      66 |       const data = await response.json()
      67 |
    > 68 |       expect(response.status).toBe(403)
         |                               ^
      69 |       expect(data.error).toBe('Unauthorized - Parent access required')
      70 |     })
      71 |

      at Object.toBe (tests/integration/api/family/members/route.test.ts:68:31)

  ● /api/family/members › POST › should return 400 if parent created without password

    expect(received).toBe(expected) // Object.is equality

    Expected: 400
    Received: 500

      120 |       const data = await response.json()
      121 |
    > 122 |       expect(response.status).toBe(400)
          |                               ^
      123 |       expect(data.error).toBe('Password is required for parent accounts')
      124 |     })
      125 |

      at Object.toBe (tests/integration/api/family/members/route.test.ts:122:31)

  ● /api/family/members › POST › should create parent with hashed password

    expect(jest.fn()).toHaveBeenCalledWith(...expected)

    Expected: "password123", 12

    Number of calls: 0

      176 |       expect(response.status).toBe(200)
      177 |       expect(data.member).toBeDefined()
    > 178 |       expect(hash).toHaveBeenCalledWith('password123', BCRYPT_ROUNDS)
          |                    ^
      179 |       expect(dbMock.familyMember.create).toHaveBeenCalledWith({
      180 |         data: expect.objectContaining({
      181 |           name: 'New Parent',

      at Object.toHaveBeenCalledWith (tests/integration/api/family/members/route.test.ts:178:20)

  ● /api/family/members › POST › should create child with hashed PIN

    expect(received).toBe(expected) // Object.is equality

    Expected: "Family member added successfully"
    Received: "Family member created successfully"

      225 |       expect(response.status).toBe(200)
      226 |       expect(data.member).toBeDefined()
    > 227 |       expect(data.message).toBe('Family member added successfully')
          |                            ^
      228 |       expect(hash).toHaveBeenCalledWith('1234', BCRYPT_ROUNDS)
      229 |       expect(dbMock.familyMember.create).toHaveBeenCalledWith({
      230 |         data: expect.objectContaining({

      at Object.toBe (tests/integration/api/family/members/route.test.ts:227:28)

  ● /api/family/members › POST › should return 400 if email already in use

    expect(received).toBe(expected) // Object.is equality

    Expected: 400
    Received: 500

      263 |       const data = await response.json()
      264 |
    > 265 |       expect(response.status).toBe(400)
          |                               ^
      266 |       expect(data.error).toBe('Email already in use')
      267 |     })
      268 |

      at Object.toBe (tests/integration/api/family/members/route.test.ts:265:31)

FAIL tests/integration/api/chores/[id]/route.test.ts
  ● /api/chores/[id] › GET › should return chore details for parent

    expect(jest.fn()).toHaveBeenCalledWith(...expected)

    - Expected
    + Received

      Object {
    -   "include": Object {
    -     "schedules": Object {
    -       "include": Object {
    -         "_count": Object {
    -           "select": Object {
    -             "instances": true,
    -           },
    -         },
    -         "assignments": Object {
    -           "include": Object {
    -             "member": Object {
    -               "select": Object {
    -                 "avatarUrl": true,
    -                 "id": true,
    -                 "name": true,
    -               },
    -             },
    -           },
    -           "orderBy": Object {
    -             "rotationOrder": "asc",
    -           },
    -           "where": Object {
    -             "isActive": true,
    -           },
    -         },
    -       },
    -       "where": Object {
    -         "isActive": true,
    -       },
    -     },
    -   },
        "where": Object {
          "id": "chore-1",
        },
      },

    Number of calls: 1

      107 |       expect(data.chore).toEqual(mockChoreWithFamily)
      108 |
    > 109 |       expect(dbMock.choreDefinition.findUnique).toHaveBeenCalledWith({
          |                                                 ^
      110 |         where: { id: choreId },
      111 |         include: {
      112 |           schedules: {

      at Object.toHaveBeenCalledWith (tests/integration/api/chores/[id]/route.test.ts:109:49)

  ● /api/chores/[id] › DELETE › should soft delete chore and schedules

    expect(jest.fn()).toHaveBeenCalled()

    Expected number of calls: >= 1
    Received number of calls:    0

      476 |       expect(data.message).toBe('Chore deactivated successfully')
      477 |
    > 478 |       expect(dbMock.$transaction).toHaveBeenCalled()
          |                                   ^
      479 |     })
      480 |
      481 |     it('should return 500 on error', async () => {

      at Object.toHaveBeenCalled (tests/integration/api/chores/[id]/route.test.ts:478:35)

  ● /api/chores/[id] › DELETE › should return 500 on error

    expect(received).toBe(expected) // Object.is equality

    Expected: 500
    Received: 200

      496 |       const data = await response.json()
      497 |
    > 498 |       expect(response.status).toBe(500)
          |                               ^
      499 |       expect(data.error).toBe('Failed to delete chore')
      500 |     })
      501 |   })

      at Object.toBe (tests/integration/api/chores/[id]/route.test.ts:498:31)

FAIL tests/integration/api/chores/route.test.ts
  ● /api/chores › GET › should return chores for authenticated parent

    expect(received).toEqual(expected) // deep equality

    Expected: [{"familyId": "family-test-123", "id": "chore-1", "name": "Test Chore", "schedules": [{"_count": {"instances": 5}, "assignments": [{"id": "assignment-1", "member": {"id": "child-1", "name": "Child 1"}, "memberId": "child-1"}], "frequency": "WEEKLY", "id": "schedule-1"}]}]
    Received: undefined

      68 |
      69 |       expect(response.status).toBe(200)
    > 70 |       expect(data.chores).toEqual(mockChores)
         |                           ^
      71 |       expect(dbMock.choreDefinition.findMany).toHaveBeenCalledWith({
      72 |         where: { familyId: session.user.familyId },
      73 |         include: expect.objectContaining({

      at Object.toEqual (tests/integration/api/chores/route.test.ts:70:27)

  ● /api/chores › POST › should create chore successfully

    expect(received).toBe(expected) // Object.is equality

    Expected: 200
    Received: 500

      398 |       const data = await response.json()
      399 |
    > 400 |       expect(response.status).toBe(200)
          |                               ^
      401 |       expect(data.success).toBe(true)
      402 |       expect(data.chore).toBeDefined()
      403 |       expect(dbMock.$transaction).toHaveBeenCalled()

      at Object.toBe (tests/integration/api/chores/route.test.ts:400:31)

  ● /api/chores › POST › should trim name and description

    expect(jest.fn()).toHaveBeenCalled()

    Expected number of calls: >= 1
    Received number of calls:    0

      434 |       await POST(request)
      435 |
    > 436 |       expect(dbMock.$transaction).toHaveBeenCalled()
          |                                   ^
      437 |       const txCallback = (dbMock.$transaction as jest.Mock).mock.calls[0][0]
      438 |       const mockTx = {
      439 |         choreDefinition: {

      at Object.toHaveBeenCalled (tests/integration/api/chores/route.test.ts:436:35)

FAIL tests/integration/api/meals/recipes/[id]/rate/route.test.ts
  ● /api/meals/recipes/[id]/rate › POST /api/meals/recipes/[id]/rate › should create new rating

    TypeError: Cannot read properties of null (reading 'rating')

      127 |       expect(response.status).toBe(200);
      128 |       const data = await response.json();
    > 129 |       expect(data.rating.rating).toBe(5);
          |                          ^
      130 |       expect(data.rating.notes).toBe('Delicious!');
      131 |       expect(data.message).toBe('Rating saved successfully');
      132 |

      at Object.rating (tests/integration/api/meals/recipes/[id]/rate/route.test.ts:129:26)

  ● /api/meals/recipes/[id]/rate › POST /api/meals/recipes/[id]/rate › should update existing rating

    TypeError: Cannot read properties of null (reading 'rating')

      186 |       expect(response.status).toBe(200);
      187 |       const data = await response.json();
    > 188 |       expect(data.rating.rating).toBe(3);
          |                          ^
      189 |       expect(data.rating.notes).toBe('Pretty good');
      190 |     });
      191 |

      at Object.rating (tests/integration/api/meals/recipes/[id]/rate/route.test.ts:188:26)

  ● /api/meals/recipes/[id]/rate › POST /api/meals/recipes/[id]/rate › should create rating without notes

    expect(jest.fn()).toHaveBeenCalledWith(...expected)

    Expected: {"create": {"memberId": "parent-test-123", "notes": null, "rating": 4, "recipeId": "recipe-1"}, "update": {"notes": null, "rating": 4}, "where": {"recipeId_memberId": {"memberId": "parent-test-123", "recipeId": "recipe-1"}}}

    Number of calls: 0

      210 |       expect(response.status).toBe(200);
      211 |
    > 212 |       expect(dbMock.recipeRating.upsert).toHaveBeenCalledWith({
          |                                          ^
      213 |         where: {
      214 |           recipeId_memberId: {
      215 |             recipeId: 'recipe-1',

      at Object.toHaveBeenCalledWith (tests/integration/api/meals/recipes/[id]/rate/route.test.ts:212:42)

  ● /api/meals/recipes/[id]/rate › POST /api/meals/recipes/[id]/rate › should allow children to rate recipes

    expect(jest.fn()).toHaveBeenCalledWith(...expected)

    Expected: ObjectContaining {"where": {"recipeId_memberId": {"memberId": "child-test-123", "recipeId": "recipe-1"}}}

    Number of calls: 0

      247 |
      248 |       expect(response.status).toBe(200);
    > 249 |       expect(dbMock.recipeRating.upsert).toHaveBeenCalledWith(
          |                                          ^
      250 |         expect.objectContaining({
      251 |           where: {
      252 |             recipeId_memberId: {

      at Object.toHaveBeenCalledWith (tests/integration/api/meals/recipes/[id]/rate/route.test.ts:249:42)

  ● /api/meals/recipes/[id]/rate › POST /api/meals/recipes/[id]/rate › should handle database errors gracefully

    expect(received).toBe(expected) // Object.is equality

    Expected: 500
    Received: 200

      269 |       const response = await POST(request, { params: Promise.resolve({ id: 'recipe-1' }) });
      270 |
    > 271 |       expect(response.status).toBe(500);
          |                               ^
      272 |       const data = await response.json();
      273 |       expect(data.error).toBe('Failed to save rating');
      274 |     });

      at Object.toBe (tests/integration/api/meals/recipes/[id]/rate/route.test.ts:271:31)

FAIL tests/integration/api/meals/recipes/import/route.test.ts
  ● POST /api/meals/recipes/import › should return 400 if URL is missing

    expect(received).toBe(expected) // Object.is equality

    Expected: "URL is required"
    Received: "URL is required and must be a string"

      85 |
      86 |     expect(response.status).toBe(400);
    > 87 |     expect(data.error).toBe('URL is required');
         |                        ^
      88 |   });
      89 |
      90 |   // Test 3: URL validation - invalid type

      at Object.toBe (tests/integration/api/meals/recipes/import/route.test.ts:87:24)

  ● POST /api/meals/recipes/import › should return 400 if URL is not a string

    expect(received).toBe(expected) // Object.is equality

    Expected: "URL is required"
    Received: "URL is required and must be a string"

      100 |
      101 |     expect(response.status).toBe(400);
    > 102 |     expect(data.error).toBe('URL is required');
          |                        ^
      103 |   });
      104 |
      105 |   // Test 4: URL must be valid HTTP/HTTPS

      at Object.toBe (tests/integration/api/meals/recipes/import/route.test.ts:102:24)

  ● POST /api/meals/recipes/import › should return 400 if URL protocol is not HTTP or HTTPS

    expect(received).toBe(expected) // Object.is equality

    Expected: 400
    Received: 200

      114 |     const data = await response.json();
      115 |
    > 116 |     expect(response.status).toBe(400);
          |                             ^
      117 |     expect(data.error).toBe('URL must be HTTP or HTTPS');
      118 |   });
      119 |

      at Object.toBe (tests/integration/api/meals/recipes/import/route.test.ts:116:29)

  ● POST /api/meals/recipes/import › should return 400 if URL format is invalid

    expect(received).toBe(expected) // Object.is equality

    Expected: 400
    Received: 200

      129 |     const data = await response.json();
      130 |
    > 131 |     expect(response.status).toBe(400);
          |                             ^
      132 |     expect(data.error).toBe('Invalid URL format');
      133 |   });
      134 |

      at Object.toBe (tests/integration/api/meals/recipes/import/route.test.ts:131:29)

  ● POST /api/meals/recipes/import › should return 404 if no recipe data found at URL

    expect(received).toBe(expected) // Object.is equality

    Expected: 404
    Received: 500

      162 |     const data = await response.json();
      163 |
    > 164 |     expect(response.status).toBe(404);
          |                             ^
      165 |     expect(data.error).toBe('No recipe data found at URL');
      166 |   });
      167 |

      at Object.toBe (tests/integration/api/meals/recipes/import/route.test.ts:164:29)

  ● POST /api/meals/recipes/import › should return 500 if extraction fails

    expect(received).toBe(expected) // Object.is equality

    Expected: "Failed to extract recipe"
    Received: "Network error"

      179 |
      180 |     expect(response.status).toBe(500);
    > 181 |     expect(data.error).toBe('Failed to extract recipe');
          |                        ^
      182 |   });
      183 |
      184 |   // Test 9: Extracts name (required field)

      at Object.toBe (tests/integration/api/meals/recipes/import/route.test.ts:181:24)

FAIL tests/integration/api/financial/savings-goals/route.test.ts
  ● /api/financial/savings-goals › GET › should return goals for child (own goals only)

    expect(jest.fn()).toHaveBeenCalledWith(...expected)

    - Expected
    + Received

      Object {
        "include": Object {
          "member": Object {
            "select": Object {
    +         "familyId": true,
              "id": true,
              "name": true,
    +         "role": true,
            },
          },
        },
        "orderBy": Object {
          "createdAt": "desc",
        },
        "where": Object {
          "member": Object {
            "familyId": "family-test-123",
          },
    -     "memberId": "child-test-123",
        },
      },

    Number of calls: 1

      63 |       expect(data.goals).toEqual(mockGoals)
      64 |
    > 65 |       expect(dbMock.savingsGoal.findMany).toHaveBeenCalledWith({
         |                                           ^
      66 |         where: {
      67 |           member: {
      68 |             familyId: session.user.familyId,

      at Object.toHaveBeenCalledWith (tests/integration/api/financial/savings-goals/route.test.ts:65:43)

  ● /api/financial/savings-goals › GET › should return goals for parent (all family goals)

    expect(jest.fn()).toHaveBeenCalledWith(...expected)

    - Expected
    + Received

    @@ -1,11 +1,13 @@
      Object {
        "include": Object {
          "member": Object {
            "select": Object {
    +         "familyId": true,
              "id": true,
              "name": true,
    +         "role": true,
            },
          },
        },
        "orderBy": Object {
          "createdAt": "desc",,

    Number of calls: 1

       95 |       expect(data.goals).toEqual(mockGoals)
       96 |
    >  97 |       expect(dbMock.savingsGoal.findMany).toHaveBeenCalledWith({
          |                                           ^
       98 |         where: {
       99 |           member: {
      100 |             familyId: session.user.familyId,

      at Object.toHaveBeenCalledWith (tests/integration/api/financial/savings-goals/route.test.ts:97:43)

  ● /api/financial/savings-goals › GET › should return 500 on error

    expect(received).toBe(expected) // Object.is equality

    Expected: "Failed to fetch savings goals"
    Received: "Failed to get savings goals"

      124 |
      125 |       expect(response.status).toBe(500)
    > 126 |       expect(data.error).toBe('Failed to fetch savings goals')
          |                          ^
      127 |     })
      128 |   })
      129 |

      at Object.toBe (tests/integration/api/financial/savings-goals/route.test.ts:126:26)

  ● /api/financial/savings-goals › POST › should return 400 if name is missing

    expect(received).toBe(expected) // Object.is equality

    Expected: 400
    Received: 500

      177 |       const data = await response.json()
      178 |
    > 179 |       expect(response.status).toBe(400)
          |                               ^
      180 |       expect(data.error).toBe('Name is required')
      181 |     })
      182 |

      at Object.toBe (tests/integration/api/financial/savings-goals/route.test.ts:179:31)

  ● /api/financial/savings-goals › POST › should return 400 if name is empty

    expect(received).toBe(expected) // Object.is equality

    Expected: 400
    Received: 500

      196 |       const data = await response.json()
      197 |
    > 198 |       expect(response.status).toBe(400)
          |                               ^
      199 |       expect(data.error).toBe('Name is required')
      200 |     })
      201 |

      at Object.toBe (tests/integration/api/financial/savings-goals/route.test.ts:198:31)

  ● /api/financial/savings-goals › POST › should return 400 if targetAmount is invalid

    expect(received).toBe(expected) // Object.is equality

    Expected: 400
    Received: 500

      215 |       const data = await response.json()
      216 |
    > 217 |       expect(response.status).toBe(400)
          |                               ^
      218 |       expect(data.error).toBe('Target amount must be positive')
      219 |     })
      220 |

      at Object.toBe (tests/integration/api/financial/savings-goals/route.test.ts:217:31)

  ● /api/financial/savings-goals › POST › should return 400 if targetAmount is zero

    expect(received).toBe(expected) // Object.is equality

    Expected: 400
    Received: 500

      234 |       const data = await response.json()
      235 |
    > 236 |       expect(response.status).toBe(400)
          |                               ^
      237 |       expect(data.error).toBe('Target amount must be positive')
      238 |     })
      239 |

      at Object.toBe (tests/integration/api/financial/savings-goals/route.test.ts:236:31)

  ● /api/financial/savings-goals › POST › should return 400 if memberId is missing for parent

    expect(received).toBe(expected) // Object.is equality

    Expected: 400
    Received: 500

      252 |       const data = await response.json()
      253 |
    > 254 |       expect(response.status).toBe(400)
          |                               ^
      255 |       expect(data.error).toBe('Member ID is required')
      256 |     })
      257 |

      at Object.toBe (tests/integration/api/financial/savings-goals/route.test.ts:254:31)

  ● /api/financial/savings-goals › POST › should create goal for child (using own ID)

    expect(received).toBe(expected) // Object.is equality

    Expected: 201
    Received: 200

      281 |       const data = await response.json()
      282 |
    > 283 |       expect(response.status).toBe(201)
          |                               ^
      284 |       expect(data.success).toBe(true)
      285 |       expect(data.goal).toEqual(mockGoal)
      286 |       expect(data.message).toBe('Savings goal created successfully')

      at Object.toBe (tests/integration/api/financial/savings-goals/route.test.ts:283:31)

  ● /api/financial/savings-goals › POST › should create goal for parent (specified memberId)

    expect(received).toBe(expected) // Object.is equality

    Expected: 201
    Received: 200

      329 |       const data = await response.json()
      330 |
    > 331 |       expect(response.status).toBe(201)
          |                               ^
      332 |       expect(data.success).toBe(true)
      333 |
      334 |       expect(dbMock.familyMember.findUnique).toHaveBeenCalledWith({

      at Object.toBe (tests/integration/api/financial/savings-goals/route.test.ts:331:31)

  ● /api/financial/savings-goals › POST › should return 404 if member not found

    expect(received).toBe(expected) // Object.is equality

    Expected: 404
    Received: 500

      375 |       const data = await response.json()
      376 |
    > 377 |       expect(response.status).toBe(404)
          |                               ^
      378 |       expect(data.error).toBe('Family member not found')
      379 |     })
      380 |

      at Object.toBe (tests/integration/api/financial/savings-goals/route.test.ts:377:31)

  ● /api/financial/savings-goals › POST › should return 404 if member belongs to different family

    expect(received).toBe(expected) // Object.is equality

    Expected: 404
    Received: 500

      399 |       const data = await response.json()
      400 |
    > 401 |       expect(response.status).toBe(404)
          |                               ^
      402 |       expect(data.error).toBe('Family member not found')
      403 |     })
      404 |

      at Object.toBe (tests/integration/api/financial/savings-goals/route.test.ts:401:31)

FAIL tests/integration/api/chores/pending-approval/route.test.ts
  ● /api/chores/pending-approval › GET › should return 403 if user is not a parent

    expect(received).toBe(expected) // Object.is equality

    Expected: "Forbidden"
    Received: "Forbidden - Parent access required"

      68 |
      69 |       expect(response.status).toBe(403)
    > 70 |       expect(data.error).toBe('Forbidden')
         |                          ^
      71 |     })
      72 |
      73 |     it('should return pending chores for parent', async () => {

      at Object.toBe (tests/integration/api/chores/pending-approval/route.test.ts:70:26)

  ● /api/chores/pending-approval › GET › should return pending chores for parent

    expect(received).toHaveLength(expected)

    Expected length: 1
    Received length: 0
    Received array:  []

      80 |
      81 |       expect(response.status).toBe(200)
    > 82 |       expect(data.chores).toHaveLength(1)
         |                           ^
      83 |       expect(data.chores[0]).toEqual({
      84 |         id: 'chore-instance-1',
      85 |         name: 'Test Chore',

      at Object.toHaveLength (tests/integration/api/chores/pending-approval/route.test.ts:82:27)

  ● /api/chores/pending-approval › GET › should return 500 on error

    expect(received).toBe(expected) // Object.is equality

    Expected: 500
    Received: 200

      156 |       const data = await response.json()
      157 |
    > 158 |       expect(response.status).toBe(500)
          |                               ^
      159 |       expect(data.error).toBe('Failed to fetch pending approvals')
      160 |     })
      161 |   })

      at Object.toBe (tests/integration/api/chores/pending-approval/route.test.ts:158:31)

FAIL tests/integration/api/onboarding.test.ts
  ● GET /api/onboarding/check › should return onboarding complete when set to true

    expect(received).toEqual(expected) // deep equality

    - Expected  - 1
    + Received  + 1

      Object {
        "onboardingComplete": true,
    -   "setupCompletedAt": "2025-01-01T00:00:00.000Z",
    +   "setupCompletedAt": 2025-01-01T00:00:00.000Z,
        "setupRequired": false,
      }

      74 |
      75 |     expect(response.status).toBe(200);
    > 76 |     expect(data).toEqual({
         |                  ^
      77 |       onboardingComplete: true,
      78 |       setupRequired: false,
      79 |       setupCompletedAt: setupDate.toISOString(),

      at Object.toEqual (tests/integration/api/onboarding.test.ts:76:18)

  ● POST /api/onboarding/setup › should successfully complete onboarding

    expect(received).toBe(expected) // Object.is equality

    Expected: 200
    Received: 500

      275 |     const data = await response.json();
      276 |
    > 277 |     expect(response.status).toBe(200);
          |                             ^
      278 |     expect(data.success).toBe(true);
      279 |     expect(data.family).toEqual({
      280 |       id: mockFamily.id,

      at Object.toBe (tests/integration/api/onboarding.test.ts:277:29)

  ● POST /api/onboarding/setup › should handle duplicate email errors

    expect(received).toBe(expected) // Object.is equality

    Expected: 400
    Received: 500

      370 |     const data = await response.json();
      371 |
    > 372 |     expect(response.status).toBe(400);
          |                             ^
      373 |     expect(data.error).toContain('email');
      374 |     expect(data.error).toContain('already exists');
      375 |   });

      at Object.toBe (tests/integration/api/onboarding.test.ts:372:29)

  ● POST /api/onboarding/setup › should use default timezone if not provided

    expect(received).toBe(expected) // Object.is equality

    Expected: 200
    Received: 500

      447 |     const data = await response.json();
      448 |
    > 449 |     expect(response.status).toBe(200);
          |                             ^
      450 |     expect(data.family.timezone).toBe('America/New_York');
      451 |   });
      452 |

      at Object.toBe (tests/integration/api/onboarding.test.ts:449:29)

  ● POST /api/onboarding/setup › should create module configurations for selected modules

    expect(received).toBe(expected) // Object.is equality

    Expected: 200
    Received: 500

      527 |     const data = await response.json();
      528 |
    > 529 |     expect(response.status).toBe(200);
          |                             ^
      530 |     expect(data.success).toBe(true);
      531 |     expect(data.modules.enabled).toEqual(selectedModules);
      532 |     expect(data.modules.count).toBe(3);

      at Object.toBe (tests/integration/api/onboarding.test.ts:529:29)

  ● POST /api/onboarding/setup › should accept generateSampleData flag (sample data generation tested separately)

    expect(received).toBe(expected) // Object.is equality

    Expected: 200
    Received: 500

      639 |     const data = await response.json();
      640 |
    > 641 |     expect(response.status).toBe(200);
          |                             ^
      642 |     expect(data.success).toBe(true);
      643 |     expect(data.sampleData).toBeDefined();
      644 |     expect(typeof data.sampleData.generated).toBe('boolean');

      at Object.toBe (tests/integration/api/onboarding.test.ts:641:29)

  ● POST /api/onboarding/setup › should work with no modules selected

    expect(received).toBe(expected) // Object.is equality

    Expected: 200
    Received: 500

      708 |     const data = await response.json();
      709 |
    > 710 |     expect(response.status).toBe(200);
          |                             ^
      711 |     expect(data.success).toBe(true);
      712 |     expect(data.modules.enabled).toEqual([]);
      713 |     expect(data.modules.count).toBe(0);

      at Object.toBe (tests/integration/api/onboarding.test.ts:710:29)

FAIL tests/integration/api/financial/budgets/route.test.ts
  ● /api/financial/budgets › GET › should return budgets for authenticated user

    expect(jest.fn()).toHaveBeenCalledWith(...expected)

    - Expected
    + Received

      Object {
        "include": Object {
          "member": Object {
            "select": Object {
    +         "familyId": true,
              "id": true,
              "name": true,
    +         "role": true,
            },
          },
          "periods": Object {
            "orderBy": Object {
              "periodStart": "desc",
            },
    -       "take": 1,
    +       "select": Object {
    +         "createdAt": true,
    +         "id": true,
    +         "periodEnd": true,
    +         "periodKey": true,
    +         "periodStart": true,
    +         "spent": true,
            },
          },
    +   },
        "orderBy": Object {
          "createdAt": "desc",
        },
        "where": Object {
          "isActive": true,
          "member": Object {
            "familyId": "family-test-123",
          },
    -     "memberId": "child-test-123",
        },
      },

    Number of calls: 1

      62 |       expect(response.status).toBe(200)
      63 |       expect(data.budgets).toEqual(mockBudgets)
    > 64 |       expect(dbMock.budget.findMany).toHaveBeenCalledWith({
         |                                      ^
      65 |         where: {
      66 |           member: {
      67 |             familyId: session.user.familyId,

      at Object.toHaveBeenCalledWith (tests/integration/api/financial/budgets/route.test.ts:64:38)

  ● /api/financial/budgets › POST › should return 400 if category is missing

    expect(received).toBe(expected) // Object.is equality

    Expected: 400
    Received: 500

      124 |       const data = await response.json()
      125 |
    > 126 |       expect(response.status).toBe(400)
          |                               ^
      127 |       expect(data.error).toBe('Category is required')
      128 |     })
      129 |

      at Object.toBe (tests/integration/api/financial/budgets/route.test.ts:126:31)

  ● /api/financial/budgets › POST › should return 400 if limitAmount is missing

    expect(received).toBe(expected) // Object.is equality

    Expected: 400
    Received: 500

      143 |       const data = await response.json()
      144 |
    > 145 |       expect(response.status).toBe(400)
          |                               ^
      146 |       expect(data.error).toBe('Limit amount must be positive')
      147 |     })
      148 |

      at Object.toBe (tests/integration/api/financial/budgets/route.test.ts:145:31)

  ● /api/financial/budgets › POST › should return 400 if limitAmount is negative

    expect(received).toBe(expected) // Object.is equality

    Expected: 400
    Received: 500

      163 |       const data = await response.json()
      164 |
    > 165 |       expect(response.status).toBe(400)
          |                               ^
      166 |       expect(data.error).toBe('Limit amount must be positive')
      167 |     })
      168 |

      at Object.toBe (tests/integration/api/financial/budgets/route.test.ts:165:31)

  ● /api/financial/budgets › POST › should return 400 if period is missing

    expect(received).toBe(expected) // Object.is equality

    Expected: 400
    Received: 500

      182 |       const data = await response.json()
      183 |
    > 184 |       expect(response.status).toBe(400)
          |                               ^
      185 |       expect(data.error).toBe('Period must be "weekly" or "monthly"')
      186 |     })
      187 |

      at Object.toBe (tests/integration/api/financial/budgets/route.test.ts:184:31)

  ● /api/financial/budgets › POST › should return 400 if budget already exists for category and period

    expect(received).toBe(expected) // Object.is equality

    Expected: 409
    Received: 200

      213 |       const data = await response.json()
      214 |
    > 215 |       expect(response.status).toBe(409)
          |                               ^
      216 |       expect(data.error).toContain('already exists')
      217 |     })
      218 |

      at Object.toBe (tests/integration/api/financial/budgets/route.test.ts:215:31)

  ● /api/financial/budgets › POST › should create budget successfully

    expect(received).toBe(expected) // Object.is equality

    Expected: 201
    Received: 200

      254 |       const data = await response.json()
      255 |
    > 256 |       expect(response.status).toBe(201)
          |                               ^
      257 |       expect(data.budget).toBeDefined()
      258 |       expect(dbMock.budget.create).toHaveBeenCalledWith({
      259 |         data: {

      at Object.toBe (tests/integration/api/financial/budgets/route.test.ts:256:31)

FAIL tests/integration/api/routines/[id]/complete.test.ts
  ● POST /api/routines/[id]/complete › should return 403 if routine is assigned to different child

    expect(received).toBe(expected) // Object.is equality

    Expected: 403
    Received: 500

       95 |     const response = await POST(request, { params: Promise.resolve({ id: 'routine-123' }) });
       96 |
    >  97 |     expect(response.status).toBe(403);
          |                             ^
       98 |     const data = await response.json();
       99 |     expect(data.error).toContain('not assigned');
      100 |   });

      at Object.toBe (tests/integration/api/routines/[id]/complete.test.ts:97:29)

  ● POST /api/routines/[id]/complete › should complete routine for child when assigned to them

    expect(received).toBe(expected) // Object.is equality

    Expected: 201
    Received: 500

      136 |     const response = await POST(request, { params: Promise.resolve({ id: 'routine-123' }) });
      137 |
    > 138 |     expect(response.status).toBe(201);
          |                             ^
      139 |     const data = await response.json();
      140 |     expect(data.completion.routineId).toBe('routine-123');
      141 |     expect(data.completion.memberId).toBe(session.user.id);

      at Object.toBe (tests/integration/api/routines/[id]/complete.test.ts:138:29)

  ● POST /api/routines/[id]/complete › should complete unassigned routine for any child

    expect(received).toBe(expected) // Object.is equality

    Expected: 201
    Received: 500

      179 |     const response = await POST(request, { params: Promise.resolve({ id: 'routine-123' }) });
      180 |
    > 181 |     expect(response.status).toBe(201);
          |                             ^
      182 |   });
      183 |
      184 |   it('should allow parent to complete routine on behalf of child', async () => {

      at Object.toBe (tests/integration/api/routines/[id]/complete.test.ts:181:29)

  ● POST /api/routines/[id]/complete › should allow parent to complete routine on behalf of child

    expect(received).toBe(expected) // Object.is equality

    Expected: 201
    Received: 200

      228 |     const response = await POST(request, { params: Promise.resolve({ id: 'routine-123' }) });
      229 |
    > 230 |     expect(response.status).toBe(201);
          |                             ^
      231 |     const data = await response.json();
      232 |     expect(data.completion.memberId).toBe('child-123');
      233 |   });

      at Object.toBe (tests/integration/api/routines/[id]/complete.test.ts:230:29)

  ● POST /api/routines/[id]/complete › should return 400 if parent specifies non-existent member

    expect(received).toBe(expected) // Object.is equality

    Expected: 400
    Received: 200

      259 |     const response = await POST(request, { params: Promise.resolve({ id: 'routine-123' }) });
      260 |
    > 261 |     expect(response.status).toBe(400);
          |                             ^
      262 |     const data = await response.json();
      263 |     expect(data.error).toContain('family member');
      264 |   });

      at Object.toBe (tests/integration/api/routines/[id]/complete.test.ts:261:29)

  ● POST /api/routines/[id]/complete › should handle duplicate completion gracefully

    expect(received).toBe(expected) // Object.is equality

    Expected: 400
    Received: 500

      292 |     const response = await POST(request, { params: Promise.resolve({ id: 'routine-123' }) });
      293 |
    > 294 |     expect(response.status).toBe(400);
          |                             ^
      295 |     const data = await response.json();
      296 |     expect(data.error).toContain('already completed');
      297 |   });

      at Object.toBe (tests/integration/api/routines/[id]/complete.test.ts:294:29)

  ● POST /api/routines/[id]/complete › should create audit log on completion

    expect(jest.fn()).toHaveBeenCalledWith(...expected)

    Expected: ObjectContaining {"data": ObjectContaining {"action": "ROUTINE_COMPLETED", "familyId": "family-test-123"}}

    Number of calls: 0

      333 |     await POST(request, { params: Promise.resolve({ id: 'routine-123' }) });
      334 |
    > 335 |     expect(dbMock.auditLog.create).toHaveBeenCalledWith(
          |                                    ^
      336 |       expect.objectContaining({
      337 |         data: expect.objectContaining({
      338 |           familyId: session.user.familyId,

      at Object.toHaveBeenCalledWith (tests/integration/api/routines/[id]/complete.test.ts:335:36)

FAIL tests/integration/api/notifications/subscribe/route.test.ts
  ● /api/notifications/subscribe › POST /api/notifications/subscribe › should create push subscription for authenticated user

    expect(received).toMatchObject(expected)

    Matcher error: received value must be a non-null object

    Received has value: null

      72 |
      73 |       expect(response.status).toBe(200)
    > 74 |       expect(data.subscription).toMatchObject({
         |                                 ^
      75 |         endpoint: validSubscription.endpoint,
      76 |         userId: 'child-1',
      77 |       })

      at Object.toMatchObject (tests/integration/api/notifications/subscribe/route.test.ts:74:33)

  ● /api/notifications/subscribe › POST /api/notifications/subscribe › should handle database errors gracefully

    expect(received).toBe(expected) // Object.is equality

    Expected: 500
    Received: 200

      216 |       const data = await response.json()
      217 |
    > 218 |       expect(response.status).toBe(500)
          |                               ^
      219 |       expect(data.error).toBe('Failed to save subscription')
      220 |     })
      221 |   })

      at Object.toBe (tests/integration/api/notifications/subscribe/route.test.ts:218:31)

  ● /api/notifications/subscribe › DELETE /api/notifications/subscribe › should delete push subscription for authenticated user

    expect(received).toBe(expected) // Object.is equality

    Expected: "Subscription removed"
    Received: "Push subscription deleted successfully"

      250 |
      251 |       expect(response.status).toBe(200)
    > 252 |       expect(data.message).toBe('Subscription removed')
          |                            ^
      253 |       expect(dbMock.pushSubscription.deleteMany).toHaveBeenCalledWith({
      254 |         where: {
      255 |           userId: 'child-1',

      at Object.toBe (tests/integration/api/notifications/subscribe/route.test.ts:252:28)

  ● /api/notifications/subscribe › DELETE /api/notifications/subscribe › should only delete subscriptions owned by the authenticated user

    expect(received).toBe(expected) // Object.is equality

    Expected: "Subscription removed"
    Received: "Push subscription deleted successfully"

      272 |
      273 |       expect(response.status).toBe(200)
    > 274 |       expect(data.message).toBe('Subscription removed')
          |                            ^
      275 |       expect(dbMock.pushSubscription.deleteMany).toHaveBeenCalledWith({
      276 |         where: {
      277 |           userId: 'parent-1',

      at Object.toBe (tests/integration/api/notifications/subscribe/route.test.ts:274:28)

  ● /api/notifications/subscribe › DELETE /api/notifications/subscribe › should return 400 if endpoint is missing

    expect(received).toBe(expected) // Object.is equality

    Expected: "Endpoint required"
    Received: "Endpoint is required"

      292 |
      293 |       expect(response.status).toBe(400)
    > 294 |       expect(data.error).toBe('Endpoint required')
          |                          ^
      295 |     })
      296 |
      297 |     it('should handle database errors gracefully', async () => {

      at Object.toBe (tests/integration/api/notifications/subscribe/route.test.ts:294:26)

  ● /api/notifications/subscribe › DELETE /api/notifications/subscribe › should handle database errors gracefully

    expect(received).toBe(expected) // Object.is equality

    Expected: "Failed to remove subscription"
    Received: "Failed to delete subscription"

      308 |
      309 |       expect(response.status).toBe(500)
    > 310 |       expect(data.error).toBe('Failed to remove subscription')
          |                          ^
      311 |     })
      312 |   })
      313 | })

      at Object.toBe (tests/integration/api/notifications/subscribe/route.test.ts:310:26)

FAIL tests/integration/family-isolation.test.ts
  ● Family Isolation Tests - Data Security › Chores Isolation › should only return chores for user's family

    expect(received).toEqual(expected) // deep equality

    Expected: [{"familyId": "family-test-123", "id": "chore-1", "name": "Family 1 Chore"}, {"familyId": "family-test-123", "id": "chore-2", "name": "Family 1 Chore 2"}]
    Received: undefined

      43 |
      44 |       expect(response.status).toBe(200)
    > 45 |       expect(data.chores).toEqual(family1Chores)
         |                           ^
      46 |
      47 |       // Verify query filters by familyId
      48 |       expect(dbMock.choreDefinition.findMany).toHaveBeenCalledWith(

      at Object.toEqual (tests/integration/family-isolation.test.ts:45:27)

  ● Family Isolation Tests - Data Security › Rewards Isolation › should only return rewards for user's family

    expect(received).toEqual(expected) // deep equality

    Expected: [{"familyId": "family-1", "id": "reward-1", "name": "Family 1 Reward", "status": "ACTIVE"}]
    Received: undefined

      104 |
      105 |       expect(response.status).toBe(200)
    > 106 |       expect(data.rewards).toEqual(family1Rewards)
          |                            ^
      107 |
      108 |       // Verify query filters by familyId
      109 |       expect(dbMock.rewardItem.findMany).toHaveBeenCalledWith({

      at Object.toEqual (tests/integration/family-isolation.test.ts:106:28)

  ● Family Isolation Tests - Data Security › Rewards Isolation › should prevent accessing rewards from different family

    expect(jest.fn()).toHaveBeenCalledWith(...expected)

    Expected: ObjectContaining {"where": ObjectContaining {"familyId": "family-1"}}
    Received: {"orderBy": {"costCredits": "asc"}, "where": {"familyId": "family-test-123", "status": "ACTIVE"}}

    Number of calls: 1

      133 |
      134 |       // Verify query filters by familyId
    > 135 |       expect(dbMock.rewardItem.findMany).toHaveBeenCalledWith(
          |                                          ^
      136 |         expect.objectContaining({
      137 |           where: expect.objectContaining({
      138 |             familyId: 'family-1',

      at Object.toHaveBeenCalledWith (tests/integration/family-isolation.test.ts:135:42)

  ● Family Isolation Tests - Data Security › Financial Transactions Isolation › should only return transactions for user's family

    expect(jest.fn()).toHaveBeenCalledWith(...expected)

    Expected: ObjectContaining {"where": ObjectContaining {"member": ObjectContaining {"familyId": "family-1"}}}
    Received: {"orderBy": {"createdAt": "desc"}, "skip": 0, "take": 50, "where": {"memberId": "child-1"}}

    Number of calls: 1

      165 |
      166 |       // Verify query filters by familyId through member relation
    > 167 |       expect(dbMock.creditTransaction.findMany).toHaveBeenCalledWith(
          |                                                 ^
      168 |         expect.objectContaining({
      169 |           where: expect.objectContaining({
      170 |             member: expect.objectContaining({

      at Object.toHaveBeenCalledWith (tests/integration/family-isolation.test.ts:167:49)

  ● Family Isolation Tests - Data Security › Financial Transactions Isolation › should prevent accessing transactions from different family

    expect(jest.fn()).toHaveBeenCalledWith(...expected)

    Expected: ObjectContaining {"where": ObjectContaining {"member": ObjectContaining {"familyId": "family-1"}}}
    Received: {"orderBy": {"createdAt": "desc"}, "skip": 0, "take": 50, "where": {"memberId": "child-1"}}

    Number of calls: 1

      186 |
      187 |       // Verify query enforces family isolation
    > 188 |       expect(dbMock.creditTransaction.findMany).toHaveBeenCalledWith(
          |                                                 ^
      189 |         expect.objectContaining({
      190 |           where: expect.objectContaining({
      191 |             member: expect.objectContaining({

      at Object.toHaveBeenCalledWith (tests/integration/family-isolation.test.ts:188:49)

  ● Family Isolation Tests - Data Security › Financial Transactions Isolation › should allow parents to see all family transactions but not other families

    expect(jest.fn()).toHaveBeenCalledWith(...expected)

    Expected: ObjectContaining {"where": ObjectContaining {"member": ObjectContaining {"familyId": "family-1"}}}
    Received: {"orderBy": {"createdAt": "desc"}, "skip": 0, "take": 50}

    Number of calls: 1

      221 |
      222 |       // Parents can see all family transactions, but still filtered by familyId
    > 223 |       expect(dbMock.creditTransaction.findMany).toHaveBeenCalledWith(
          |                                                 ^
      224 |         expect.objectContaining({
      225 |           where: expect.objectContaining({
      226 |             member: expect.objectContaining({

      at Object.toHaveBeenCalledWith (tests/integration/family-isolation.test.ts:223:49)

  ● Family Isolation Tests - Data Security › Savings Goals Isolation › should only return savings goals for user's family

    expect(received).toEqual(expected) // deep equality

    - Expected  -  1
    + Received  + 12

      Array [
        Object {
    +     "color": undefined,
    +     "completedAt": undefined,
    +     "createdAt": undefined,
    +     "currentAmount": undefined,
    +     "deadline": undefined,
    +     "description": undefined,
    +     "iconName": undefined,
          "id": "goal-1",
    +     "isCompleted": undefined,
          "member": Object {
    -       "familyId": "family-test-123",
            "id": "child-test-123",
    +       "name": undefined,
    +       "role": undefined,
          },
          "memberId": "child-test-123",
          "name": "Family Goal",
    +     "targetAmount": undefined,
    +     "updatedAt": undefined,
        },
      ]

      253 |
      254 |       expect(response.status).toBe(200)
    > 255 |       expect(data.goals).toEqual(family1Goals)
          |                          ^
      256 |
      257 |       // Verify query filters by familyId through member relation
      258 |       const calls = dbMock.savingsGoal.findMany.mock.calls

      at Object.toEqual (tests/integration/family-isolation.test.ts:255:26)

  ● Family Isolation Tests - Data Security › Savings Goals Isolation › should prevent accessing savings goals from different family

    expect(received).toBe(expected) // Object.is equality

    Expected: "child-test-123"
    Received: undefined

      275 |       const query = calls[0][0]
      276 |       expect(query?.where?.member?.familyId).toBe(session.user.familyId)
    > 277 |       expect(query?.where?.memberId).toBe(session.user.id)
          |                                      ^
      278 |     })
      279 |   })
      280 |

      at Object.toBe (tests/integration/family-isolation.test.ts:277:38)

FAIL tests/integration/api/medications/dose/route.test.ts
  ● /api/medications/dose › POST › should return 401 if not authenticated

    expect(received).toBe(expected) // Object.is equality

    Expected: 401
    Received: 500

      51 |       const response = await POST(request);
      52 |
    > 53 |       expect(response.status).toBe(401);
         |                               ^
      54 |     });
      55 |
      56 |     it('should return 400 if missing required fields', async () => {

      at Object.toBe (tests/integration/api/medications/dose/route.test.ts:53:31)

FAIL tests/integration/api/screentime/adjust.test.ts
  ● /api/screentime/adjust › POST › should return 403 if not a parent

    expect(received).toBe(expected) // Object.is equality

    Expected: 403
    Received: 400

      58 |       const data = await response.json()
      59 |
    > 60 |       expect(response.status).toBe(403)
         |                               ^
      61 |       expect(data.error).toBe('Unauthorized - Parent access required')
      62 |     })
      63 |

      at Object.toBe (tests/integration/api/screentime/adjust.test.ts:60:31)

  ● /api/screentime/adjust › POST › should return 400 if screen time not configured

    expect(received).toBe(expected) // Object.is equality

    Expected: 200
    Received: 404

      175 |       const data = await response.json()
      176 |
    > 177 |       expect(response.status).toBe(200)
          |                               ^
      178 |       expect(data.success).toBe(true)
      179 |     })
      180 |

      at Object.toBe (tests/integration/api/screentime/adjust.test.ts:177:31)

  ● /api/screentime/adjust › POST › should return 400 if trying to remove more than available balance

    expect(received).toBe(expected) // Object.is equality

    Expected: 400
    Received: 404

      206 |       const data = await response.json()
      207 |
    > 208 |       expect(response.status).toBe(400)
          |                               ^
      209 |       expect(data.error).toBe('Insufficient balance')
      210 |       expect(data.message).toContain('30 minutes')
      211 |     })

      at Object.toBe (tests/integration/api/screentime/adjust.test.ts:208:31)

  ● /api/screentime/adjust › POST › should successfully add screen time

    expect(received).toBe(expected) // Object.is equality

    Expected: 200
    Received: 404

      251 |       const data = await response.json()
      252 |
    > 253 |       expect(response.status).toBe(200)
          |                               ^
      254 |       expect(data.success).toBe(true)
      255 |       expect(data.balance).toBe(70)
      256 |       expect(dbMock.screenTimeBalance.update).toHaveBeenCalledWith({

      at Object.toBe (tests/integration/api/screentime/adjust.test.ts:253:31)

  ● /api/screentime/adjust › POST › should successfully remove screen time

    expect(received).toBe(expected) // Object.is equality

    Expected: 200
    Received: 404

      300 |       const data = await response.json()
      301 |
    > 302 |       expect(response.status).toBe(200)
          |                               ^
      303 |       expect(data.success).toBe(true)
      304 |       expect(data.balance).toBe(50)
      305 |     })

      at Object.toBe (tests/integration/api/screentime/adjust.test.ts:302:31)

  ● /api/screentime/adjust › POST › should prevent negative balance

    expect(received).toBe(expected) // Object.is equality

    Expected: 400
    Received: 404

      333 |       const data = await response.json()
      334 |
    > 335 |       expect(response.status).toBe(400)
          |                               ^
      336 |       expect(data.error).toBe('Insufficient balance')
      337 |       expect(dbMock.screenTimeBalance.update).not.toHaveBeenCalled()
      338 |     })

      at Object.toBe (tests/integration/api/screentime/adjust.test.ts:335:31)

  ● /api/screentime/adjust › POST › should handle invalid JSON gracefully

    expect(received).toBe(expected) // Object.is equality

    Expected: 400
    Received: 500

      349 |       const data = await response.json()
      350 |
    > 351 |       expect(response.status).toBe(400)
          |                               ^
      352 |       expect(data.error).toBe('Invalid JSON in request body')
      353 |     })
      354 |

      at Object.toBe (tests/integration/api/screentime/adjust.test.ts:351:31)

  ● /api/screentime/adjust › POST › should create notification for child

    expect(jest.fn()).toHaveBeenCalledWith(...expected)

    Expected: {"data": ObjectContaining {"message": StringContaining "added", "title": "Screen time updated", "type": "SCREENTIME_ADJUSTED", "userId": "child-1"}}

    Number of calls: 0

      394 |       await POST(request)
      395 |
    > 396 |       expect(dbMock.notification.create).toHaveBeenCalledWith({
          |                                          ^
      397 |         data: expect.objectContaining({
      398 |           userId: 'child-1',
      399 |           type: 'SCREENTIME_ADJUSTED',

      at Object.toHaveBeenCalledWith (tests/integration/api/screentime/adjust.test.ts:396:42)

  ● /api/screentime/adjust › POST › should create audit log

    expect(jest.fn()).toHaveBeenCalledWith(...expected)

    Expected: {"data": ObjectContaining {"action": "SCREENTIME_ADJUSTED", "entityType": "ScreenTimeTransaction", "familyId": "family-test-123", "metadata": ObjectContaining {"amountMinutes": 10, "newBalance": 70, "targetMemberId": "child-1"}, "result": "SUCCESS"}}

    Number of calls: 0

      441 |       await POST(request)
      442 |
    > 443 |       expect(dbMock.auditLog.create).toHaveBeenCalledWith({
          |                                      ^
      444 |         data: expect.objectContaining({
      445 |           familyId: session.user.familyId,
      446 |           action: 'SCREENTIME_ADJUSTED',

      at Object.toHaveBeenCalledWith (tests/integration/api/screentime/adjust.test.ts:443:38)

FAIL tests/integration/api/chores/[id]/reject.test.ts
  ● /api/chores/[id]/reject › POST › should return 403 if not a parent

    expect(received).toBe(expected) // Object.is equality

    Expected: "Forbidden"
    Received: "Forbidden - Parent access required"

      65 |
      66 |       expect(response.status).toBe(403)
    > 67 |       expect(data.error).toBe('Forbidden')
         |                          ^
      68 |     })
      69 |
      70 |     it('should return 404 if chore instance not found', async () => {

      at Object.toBe (tests/integration/api/chores/[id]/reject.test.ts:67:26)

  ● /api/chores/[id]/reject › POST › should return 404 if chore instance not found

    expect(received).toBe(expected) // Object.is equality

    Expected: 404
    Received: 200

      81 |       const data = await response.json()
      82 |
    > 83 |       expect(response.status).toBe(404)
         |                               ^
      84 |       expect(data.error).toBe('Chore not found')
      85 |     })
      86 |

      at Object.toBe (tests/integration/api/chores/[id]/reject.test.ts:83:31)

  ● /api/chores/[id]/reject › POST › should return 400 if chore is not completed

    expect(received).toBe(expected) // Object.is equality

    Expected: 400
    Received: 200

      101 |       const data = await response.json()
      102 |
    > 103 |       expect(response.status).toBe(400)
          |                               ^
      104 |       expect(data.error).toBe('Chore must be completed before rejection')
      105 |     })
      106 |

      at Object.toBe (tests/integration/api/chores/[id]/reject.test.ts:103:31)

  ● /api/chores/[id]/reject › POST › should reject chore with reason

    expect(jest.fn()).toHaveBeenCalledWith(...expected)

    - Expected
    + Received

    @@ -1,8 +1,8 @@
      Object {
        "data": Object {
    -     "approvedAt": Any<Date>,
    +     "approvedAt": "2026-01-21T13:14:12.063Z",
          "approvedById": "parent-test-123",
          "notes": "Not done well",
          "status": "REJECTED",
        },
        "where": Object {,

    Number of calls: 1

      131 |       expect(data.success).toBe(true)
      132 |       expect(data.message).toContain('rejected')
    > 133 |       expect(dbMock.choreInstance.update).toHaveBeenCalledWith({
          |                                           ^
      134 |         where: { id: choreInstanceId },
      135 |         data: {
      136 |           status: ChoreStatus.REJECTED,

      at Object.toHaveBeenCalledWith (tests/integration/api/chores/[id]/reject.test.ts:133:43)

  ● /api/chores/[id]/reject › POST › should use existing notes if reason not provided

    expect(jest.fn()).toHaveBeenCalledWith(...expected)

    - Expected
    + Received

      Object {
    -   "data": ObjectContaining {
    -     "notes": "Original notes",
    +   "data": Object {
    +     "approvedAt": "2026-01-21T13:14:12.069Z",
    +     "approvedById": "parent-test-123",
    +     "notes": "",
    +     "status": "REJECTED",
        },
        "where": Object {
          "id": "chore-instance-1",
        },
      },

    Number of calls: 1

      161 |       await POST(request, { params: Promise.resolve({ id: choreInstanceId }) })
      162 |
    > 163 |       expect(dbMock.choreInstance.update).toHaveBeenCalledWith({
          |                                           ^
      164 |         where: { id: choreInstanceId },
      165 |         data: expect.objectContaining({
      166 |           notes: 'Original notes',

      at Object.toHaveBeenCalledWith (tests/integration/api/chores/[id]/reject.test.ts:163:43)

  ● /api/chores/[id]/reject › POST › should create notification for child with reason

    expect(jest.fn()).toHaveBeenCalledWith(...expected)

    Expected: {"data": ObjectContaining {"message": StringContaining "Needs more effort", "title": "Chore needs work", "type": "CHORE_REJECTED", "userId": "child-1"}}

    Number of calls: 0

      188 |       await POST(request, { params: Promise.resolve({ id: choreInstanceId }) })
      189 |
    > 190 |       expect(dbMock.notification.create).toHaveBeenCalledWith({
          |                                          ^
      191 |         data: expect.objectContaining({
      192 |           userId: 'child-1',
      193 |           type: 'CHORE_REJECTED',

      at Object.toHaveBeenCalledWith (tests/integration/api/chores/[id]/reject.test.ts:190:42)

  ● /api/chores/[id]/reject › POST › should create audit log

    expect(jest.fn()).toHaveBeenCalledWith(...expected)

    Expected: {"data": ObjectContaining {"action": "CHORE_REJECTED", "entityId": "chore-instance-1", "entityType": "ChoreInstance", "familyId": "family-test-123", "memberId": "parent-test-123", "metadata": ObjectContaining {"choreName": "Test Chore", "reason": "Not good enough"}, "result": "SUCCESS"}}

    Number of calls: 0

      217 |       await POST(request, { params: Promise.resolve({ id: choreInstanceId }) })
      218 |
    > 219 |       expect(dbMock.auditLog.create).toHaveBeenCalledWith({
          |                                      ^
      220 |         data: expect.objectContaining({
      221 |           familyId: session.user.familyId,
      222 |           memberId: session.user.id,

      at Object.toHaveBeenCalledWith (tests/integration/api/chores/[id]/reject.test.ts:219:38)

FAIL tests/integration/api/medications/route.test.ts
  ● /api/medications › GET › should return 401 if not authenticated

    expect(received).toBe(expected) // Object.is equality

    Expected: 401
    Received: 500

      63 |       const response = await GET(request);
      64 |
    > 65 |       expect(response.status).toBe(401);
         |                               ^
      66 |     });
      67 |
      68 |     it('should return all medications for family', async () => {

      at Object.toBe (tests/integration/api/medications/route.test.ts:65:31)

  ● /api/medications › POST › should return 401 if not authenticated

    expect(received).toBe(expected) // Object.is equality

    Expected: 401
    Received: 500

      148 |       const response = await POST(request);
      149 |
    > 150 |       expect(response.status).toBe(401);
          |                               ^
      151 |     });
      152 |
      153 |     it('should return 403 if not a parent', async () => {

      at Object.toBe (tests/integration/api/medications/route.test.ts:150:31)

FAIL tests/integration/api/transport/carpools/route.test.ts
  ● /api/transport/carpools › POST › should return 403 if not a parent

    expect(received).toBe(expected) // Object.is equality

    Expected: 403
    Received: 200

      100 |       const response = await POST(request);
      101 |
    > 102 |       expect(response.status).toBe(403);
          |                               ^
      103 |     });
      104 |
      105 |     it('should return 400 if name is missing', async () => {

      at Object.toBe (tests/integration/api/transport/carpools/route.test.ts:102:31)

  ● /api/transport/carpools › POST › should return 400 if name is missing

    expect(received).toBe(expected) // Object.is equality

    Expected: 400
    Received: 200

      110 |       const response = await POST(request);
      111 |
    > 112 |       expect(response.status).toBe(400);
          |                               ^
      113 |     });
      114 |
      115 |     it('should create carpool without members', async () => {

      at Object.toBe (tests/integration/api/transport/carpools/route.test.ts:112:31)

  ● /api/transport/carpools › POST › should create carpool without members

    expect(received).toBe(expected) // Object.is equality

    Expected: 201
    Received: 200

      134 |       const response = await POST(request);
      135 |
    > 136 |       expect(response.status).toBe(201);
          |                               ^
      137 |       const data = await response.json();
      138 |       expect(data.carpool.name).toBe('Soccer Carpool');
      139 |

      at Object.toBe (tests/integration/api/transport/carpools/route.test.ts:136:31)

  ● /api/transport/carpools › POST › should create carpool with members

    expect(received).toBe(expected) // Object.is equality

    Expected: 201
    Received: 200

      168 |       const response = await POST(request);
      169 |
    > 170 |       expect(response.status).toBe(201);
          |                               ^
      171 |       const data = await response.json();
      172 |       expect(data.carpool.members).toHaveLength(2);
      173 |

      at Object.toBe (tests/integration/api/transport/carpools/route.test.ts:170:31)

  ● /api/transport/carpools › POST › should return 400 if member is missing name

    expect(received).toBe(expected) // Object.is equality

    Expected: 400
    Received: 200

      201 |       const response = await POST(request);
      202 |
    > 203 |       expect(response.status).toBe(400);
          |                               ^
      204 |     });
      205 |   });
      206 | });

      at Object.toBe (tests/integration/api/transport/carpools/route.test.ts:203:31)

FAIL tests/integration/api/screentime/grace/settings.test.ts
  ● /api/screentime/grace/settings › GET › should return settings for current user

    expect(received).toEqual(expected) // deep equality

    Expected: {"createdAt": 2026-01-21T13:14:12.653Z, "gracePeriodMinutes": 15, "graceRepaymentMode": "DEDUCT_NEXT_WEEK", "id": "settings-1", "lowBalanceWarningMinutes": 10, "maxGracePerDay": 1, "maxGracePerWeek": 3, "memberId": "child-test-123", "requiresApproval": false, "updatedAt": 2026-01-21T13:14:12.653Z}
    Received: null

      53 |       expect(response.status).toBe(200);
      54 |       const data = await response.json();
    > 55 |       expect(data.settings).toEqual(settings);
         |                             ^
      56 |     });
      57 |
      58 |     it('should allow parents to view child settings', async () => {

      at Object.toEqual (tests/integration/api/screentime/grace/settings.test.ts:55:29)

  ● /api/screentime/grace/settings › GET › should allow parents to view child settings

    expect(received).toEqual(expected) // deep equality

    Expected: {"createdAt": 2026-01-21T13:14:12.661Z, "gracePeriodMinutes": 20, "graceRepaymentMode": "EARN_BACK", "id": "settings-1", "lowBalanceWarningMinutes": 15, "maxGracePerDay": 2, "maxGracePerWeek": 5, "memberId": "child-1", "requiresApproval": true, "updatedAt": 2026-01-21T13:14:12.661Z}
    Received: null

       99 |       expect(response.status).toBe(200);
      100 |       const data = await response.json();
    > 101 |       expect(data.settings).toEqual(settings);
          |                             ^
      102 |     });
      103 |
      104 |     it('should prevent children from viewing other members settings', async () => {

      at Object.toEqual (tests/integration/api/screentime/grace/settings.test.ts:101:29)

  ● /api/screentime/grace/settings › GET › should create default settings if none exist

    expect(received).toEqual(expected) // deep equality

    Expected: {"createdAt": 2026-01-21T13:14:12.667Z, "gracePeriodMinutes": 15, "graceRepaymentMode": "DEDUCT_NEXT_WEEK", "id": "new-settings-1", "lowBalanceWarningMinutes": 10, "maxGracePerDay": 1, "maxGracePerWeek": 3, "memberId": "child-test-123", "requiresApproval": false, "updatedAt": 2026-01-21T13:14:12.667Z}
    Received: null

      158 |       expect(response.status).toBe(200);
      159 |       const data = await response.json();
    > 160 |       expect(data.settings).toEqual(defaultSettings);
          |                             ^
      161 |       expect(dbMock.screenTimeGraceSettings.create).toHaveBeenCalled();
      162 |     });
      163 |

      at Object.toEqual (tests/integration/api/screentime/grace/settings.test.ts:160:29)

  ● /api/screentime/grace/settings › GET › should verify family ownership when viewing child settings

    expect(received).toBe(expected) // Object.is equality

    Expected: 403
    Received: 404

      189 |       const response = await GET(request as NextRequest);
      190 |
    > 191 |       expect(response.status).toBe(403);
          |                               ^
      192 |       const data = await response.json();
      193 |       expect(data.error).toBe('Cannot view settings from other families');
      194 |     });

      at Object.toBe (tests/integration/api/screentime/grace/settings.test.ts:191:31)

  ● /api/screentime/grace/settings › PUT › should return 403 if not a parent

    expect(received).toContain(expected) // indexOf

    Expected substring: "parent"
    Received string:    "Cannot update other members settings"

      220 |       expect(response.status).toBe(403);
      221 |       const data = await response.json();
    > 222 |       expect(data.error).toContain('parent');
          |                          ^
      223 |     });
      224 |
      225 |     it('should validate positive numbers', async () => {

      at Object.toContain (tests/integration/api/screentime/grace/settings.test.ts:222:26)

  ● /api/screentime/grace/settings › PUT › should validate positive numbers

    expect(received).toBe(expected) // Object.is equality

    Expected: 400
    Received: 200

      256 |       const response = await PATCH(request as NextRequest);
      257 |
    > 258 |       expect(response.status).toBe(400);
          |                               ^
      259 |       const data = await response.json();
      260 |       expect(data.error).toContain('positive');
      261 |     });

      at Object.toBe (tests/integration/api/screentime/grace/settings.test.ts:258:31)

  ● /api/screentime/grace/settings › PUT › should validate enum values

    expect(received).toBe(expected) // Object.is equality

    Expected: 400
    Received: 200

      294 |       const response = await PATCH(request as NextRequest);
      295 |
    > 296 |       expect(response.status).toBe(400);
          |                               ^
      297 |       const data = await response.json();
      298 |       expect(data.error).toContain('repayment mode');
      299 |     });

      at Object.toBe (tests/integration/api/screentime/grace/settings.test.ts:296:31)

  ● /api/screentime/grace/settings › PUT › should update settings successfully

    expect(received).toEqual(expected) // deep equality

    Expected: {"createdAt": 2026-01-21T13:14:12.685Z, "gracePeriodMinutes": 20, "graceRepaymentMode": "FORGIVE", "id": "settings-1", "lowBalanceWarningMinutes": 15, "maxGracePerDay": 2, "maxGracePerWeek": 5, "memberId": "child-1", "requiresApproval": true, "updatedAt": 2026-01-21T13:14:12.685Z}
    Received: null

      349 |       expect(response.status).toBe(200);
      350 |       const data = await response.json();
    > 351 |       expect(data.settings).toEqual(updatedSettings);
          |                             ^
      352 |       expect(dbMock.screenTimeGraceSettings.upsert).toHaveBeenCalled();
      353 |     });
      354 |

      at Object.toEqual (tests/integration/api/screentime/grace/settings.test.ts:351:29)

  ● /api/screentime/grace/settings › PUT › should verify family ownership

    expect(received).toBe(expected) // Object.is equality

    Expected: 403
    Received: 404

      386 |       const response = await PATCH(request as NextRequest);
      387 |
    > 388 |       expect(response.status).toBe(403);
          |                               ^
      389 |       const data = await response.json();
      390 |       expect(data.error).toBe('Cannot update settings for members from other families');
      391 |     });

      at Object.toBe (tests/integration/api/screentime/grace/settings.test.ts:388:31)

FAIL tests/integration/api/chores/[id]/complete.test.ts
  ● /api/chores/[id]/complete › POST › should return 404 if chore instance not found

    expect(received).toBe(expected) // Object.is equality

    Expected: 404
    Received: 400

      67 |       const data = await response.json()
      68 |
    > 69 |       expect(response.status).toBe(404)
         |                               ^
      70 |       expect(data.error).toBe('Chore not found')
      71 |     })
      72 |

      at Object.toBe (tests/integration/api/chores/[id]/complete.test.ts:69:31)

  ● /api/chores/[id]/complete › POST › should return 403 if user is not assigned and not a parent

    expect(received).toBe(expected) // Object.is equality

    Expected: 403
    Received: 400

      87 |       const data = await response.json()
      88 |
    > 89 |       expect(response.status).toBe(403)
         |                               ^
      90 |       expect(data.error).toBe('Forbidden')
      91 |     })
      92 |

      at Object.toBe (tests/integration/api/chores/[id]/complete.test.ts:89:31)

  ● /api/chores/[id]/complete › POST › should allow parent to complete any chore

    expect(received).toBe(expected) // Object.is equality

    Expected: 200
    Received: 400

      129 |       const data = await response.json()
      130 |
    > 131 |       expect(response.status).toBe(200)
          |                               ^
      132 |       expect(data.success).toBe(true)
      133 |       expect(dbMock.choreInstance.update).toHaveBeenCalled()
      134 |     })

      at Object.toBe (tests/integration/api/chores/[id]/complete.test.ts:131:31)

  ● /api/chores/[id]/complete › POST › should complete chore without approval and award credits atomically

    expect(received).toBe(expected) // Object.is equality

    Expected: 200
    Received: 400

      179 |       const data = await response.json()
      180 |
    > 181 |       expect(response.status).toBe(200)
          |                               ^
      182 |       expect(data.success).toBe(true)
      183 |       expect(dbMock.$transaction).toHaveBeenCalled()
      184 |     })

      at Object.toBe (tests/integration/api/chores/[id]/complete.test.ts:181:31)

  ● /api/chores/[id]/complete › POST › should handle chore requiring approval

    expect(received).toBe(expected) // Object.is equality

    Expected: 200
    Received: 400

      223 |       const data = await response.json()
      224 |
    > 225 |       expect(response.status).toBe(200)
          |                               ^
      226 |       expect(data.success).toBe(true)
      227 |       expect(data.message).toContain('Waiting for parent approval')
      228 |       expect(dbMock.notification.createMany).toHaveBeenCalled()

      at Object.toBe (tests/integration/api/chores/[id]/complete.test.ts:225:31)

  ● /api/chores/[id]/complete › POST › should handle notification creation failures gracefully

    expect(received).toBe(expected) // Object.is equality

    Expected: 200
    Received: 400

      293 |       const data = await response.json()
      294 |
    > 295 |       expect(response.status).toBe(200)
          |                               ^
      296 |       expect(data.success).toBe(true)
      297 |     })
      298 |

      at Object.toBe (tests/integration/api/chores/[id]/complete.test.ts:295:31)

  ● /api/chores/[id]/complete › POST › should verify family membership

    expect(received).toContain(expected) // indexOf

    Expected value: 400
    Received array: [403, 404]

      330 |
      331 |       // Should fail either at assignment check or family check
    > 332 |       expect([403, 404]).toContain(response.status)
          |                          ^
      333 |     })
      334 |   })
      335 | })

      at Object.toContain (tests/integration/api/chores/[id]/complete.test.ts:332:26)

FAIL tests/integration/api/calendar/connections/[id]/route.test.ts
  ● /api/calendar/connections/[id] › GET › should return 403 if connection belongs to different user

    expect(received).toBe(expected) // Object.is equality

    Expected: 403
    Received: 404

      115 |       const response = await GET(request, { params: Promise.resolve({ id: 'connection-other' }) });
      116 |
    > 117 |       expect(response.status).toBe(403);
          |                               ^
      118 |       const json = await response.json();
      119 |       expect(json.error).toBe('Forbidden');
      120 |     });

      at Object.toBe (tests/integration/api/calendar/connections/[id]/route.test.ts:117:31)

  ● /api/calendar/connections/[id] › PATCH › should update sync settings

    expect(jest.fn()).toHaveBeenCalledWith(...expected)

    - Expected
    + Received

    @@ -2,10 +2,9 @@
        "data": Object {
          "exportToGoogle": false,
          "importFromGoogle": false,
          "syncEnabled": false,
        },
    -   "select": Any<Object>,
        "where": Object {
          "id": "connection-1",
        },
      },

    Number of calls: 1

      168 |
      169 |       expect(response.status).toBe(200);
    > 170 |       expect(dbMock.calendarConnection.update).toHaveBeenCalledWith({
          |                                                ^
      171 |         where: { id: 'connection-1' },
      172 |         data: {
      173 |           syncEnabled: false,

      at Object.toHaveBeenCalledWith (tests/integration/api/calendar/connections/[id]/route.test.ts:170:48)

  ● /api/calendar/connections/[id] › PATCH › should only update provided fields

    expect(jest.fn()).toHaveBeenCalledWith(...expected)

    - Expected
    + Received

      Object {
        "data": Object {
          "syncEnabled": false,
        },
    -   "select": Any<Object>,
        "where": Object {
          "id": "connection-1",
        },
      },

    Number of calls: 1

      205 |
      206 |       expect(response.status).toBe(200);
    > 207 |       expect(dbMock.calendarConnection.update).toHaveBeenCalledWith({
          |                                                ^
      208 |         where: { id: 'connection-1' },
      209 |         data: { syncEnabled: false },
      210 |         select: expect.any(Object),

      at Object.toHaveBeenCalledWith (tests/integration/api/calendar/connections/[id]/route.test.ts:207:48)

  ● /api/calendar/connections/[id] › PATCH › should return 400 for invalid fields

    expect(received).toBe(expected) // Object.is equality

    Expected: 400
    Received: 200

      232 |       const response = await PATCH(request, { params: Promise.resolve({ id: 'connection-1' }) });
      233 |
    > 234 |       expect(response.status).toBe(400);
          |                               ^
      235 |       const json = await response.json();
      236 |       expect(json.error).toContain('Invalid');
      237 |     });

      at Object.toBe (tests/integration/api/calendar/connections/[id]/route.test.ts:234:31)

  ● /api/calendar/connections/[id] › PATCH › should return 403 if connection belongs to different user

    expect(received).toBe(expected) // Object.is equality

    Expected: 403
    Received: 404

      257 |       const response = await PATCH(request, { params: Promise.resolve({ id: 'connection-other' }) });
      258 |
    > 259 |       expect(response.status).toBe(403);
          |                               ^
      260 |     });
      261 |
      262 |     it('should clear sync error when re-enabling sync', async () => {

      at Object.toBe (tests/integration/api/calendar/connections/[id]/route.test.ts:259:31)

  ● /api/calendar/connections/[id] › PATCH › should clear sync error when re-enabling sync

    expect(jest.fn()).toHaveBeenCalledWith(...expected)

    Expected: ObjectContaining {"data": ObjectContaining {"syncError": null}}
    Received: {"data": {"syncEnabled": true}, "where": {"id": "connection-1"}}

    Number of calls: 1

      288 |
      289 |       expect(response.status).toBe(200);
    > 290 |       expect(dbMock.calendarConnection.update).toHaveBeenCalledWith(
          |                                                ^
      291 |         expect.objectContaining({
      292 |           data: expect.objectContaining({
      293 |             syncError: null,

      at Object.toHaveBeenCalledWith (tests/integration/api/calendar/connections/[id]/route.test.ts:290:48)

  ● /api/calendar/connections/[id] › DELETE › should return 403 if connection belongs to different user

    expect(received).toBe(expected) // Object.is equality

    Expected: 403
    Received: 404

      378 |       const response = await DELETE(request, { params: Promise.resolve({ id: 'connection-other' }) });
      379 |
    > 380 |       expect(response.status).toBe(403);
          |                               ^
      381 |     });
      382 |
      383 |     it('should allow child users to delete their own connections', async () => {

      at Object.toBe (tests/integration/api/calendar/connections/[id]/route.test.ts:380:31)

FAIL tests/integration/api/rules/templates/route.test.ts
  ● GET /api/rules/templates › should return 400 for invalid category

    expect(received).toBe(expected) // Object.is equality

    Expected: 400
    Received: 200

      158 |     const data = await response.json();
      159 |
    > 160 |     expect(response.status).toBe(400);
          |                             ^
      161 |     expect(data.error).toContain('Invalid category');
      162 |   });
      163 |

      at Object.toBe (tests/integration/api/rules/templates/route.test.ts:160:29)

FAIL tests/integration/api/pets/[id]/route.test.ts
  ● /api/pets/[id] › PATCH /api/pets/[id] › should return 403 if pet belongs to different family

    expect(received).toBe(expected) // Object.is equality

    Expected: 403
    Received: 404

      145 |       const response = await PATCH(request, { params: Promise.resolve({ id: 'pet-1' }) });
      146 |
    > 147 |       expect(response.status).toBe(403);
          |                               ^
      148 |     });
      149 |
      150 |     it('should update pet basic fields', async () => {

      at Object.toBe (tests/integration/api/pets/[id]/route.test.ts:147:31)

  ● /api/pets/[id] › PATCH /api/pets/[id] › should update pet basic fields

    expect(jest.fn()).toHaveBeenCalledWith(...expected)

    Expected: {"data": {"action": "PET_UPDATED", "familyId": "family-test-123", "memberId": "parent-test-123", "metadata": {"name": "Maximus", "petId": "pet-1"}, "result": "SUCCESS"}}

    Number of calls: 0

      181 |       });
      182 |
    > 183 |       expect(dbMock.auditLog.create).toHaveBeenCalledWith({
          |                                      ^
      184 |         data: {
      185 |           familyId: 'family-test-123',
      186 |           memberId: 'parent-test-123',

      at Object.toHaveBeenCalledWith (tests/integration/api/pets/[id]/route.test.ts:183:38)

  ● /api/pets/[id] › PATCH /api/pets/[id] › should validate species if provided

    expect(received).toBe(expected) // Object.is equality

    Expected: 400
    Received: 200

      206 |       const response = await PATCH(request, { params: Promise.resolve({ id: 'pet-1' }) });
      207 |
    > 208 |       expect(response.status).toBe(400);
          |                               ^
      209 |       const data = await response.json();
      210 |       expect(data.error).toContain('Invalid species');
      211 |     });

      at Object.toBe (tests/integration/api/pets/[id]/route.test.ts:208:31)

  ● /api/pets/[id] › DELETE /api/pets/[id] › should return 403 if pet belongs to different family

    expect(received).toBe(expected) // Object.is equality

    Expected: 403
    Received: 404

      274 |       const response = await DELETE(request, { params: Promise.resolve({ id: 'pet-1' }) });
      275 |
    > 276 |       expect(response.status).toBe(403);
          |                               ^
      277 |     });
      278 |
      279 |     it('should delete pet successfully', async () => {

      at Object.toBe (tests/integration/api/pets/[id]/route.test.ts:276:31)

  ● /api/pets/[id] › DELETE /api/pets/[id] › should delete pet successfully

    expect(jest.fn()).toHaveBeenCalledWith(...expected)

    Expected: {"data": {"action": "PET_DELETED", "familyId": "family-test-123", "memberId": "parent-test-123", "metadata": {"name": "Max", "petId": "pet-1"}, "result": "SUCCESS"}}

    Number of calls: 0

      295 |       });
      296 |
    > 297 |       expect(dbMock.auditLog.create).toHaveBeenCalledWith({
          |                                      ^
      298 |         data: {
      299 |           familyId: 'family-test-123',
      300 |           memberId: 'parent-test-123',

      at Object.toHaveBeenCalledWith (tests/integration/api/pets/[id]/route.test.ts:297:38)

FAIL tests/integration/api/rewards/redemptions/[id]/reject/route.test.ts
  ● /api/rewards/redemptions/[id]/reject › POST › should return 404 if redemption not found

    expect(received).toBe(expected) // Object.is equality

    Expected: 404
    Received: 500

      105 |       const data = await response.json()
      106 |
    > 107 |       expect(response.status).toBe(404)
          |                               ^
      108 |       expect(data.error).toBe('Redemption not found')
      109 |     })
      110 |

      at Object.toBe (tests/integration/api/rewards/redemptions/[id]/reject/route.test.ts:107:31)

  ● /api/rewards/redemptions/[id]/reject › POST › should return 403 if redemption belongs to different family

    expect(received).toBe(expected) // Object.is equality

    Expected: 403
    Received: 500

      128 |       const data = await response.json()
      129 |
    > 130 |       expect(response.status).toBe(403)
          |                               ^
      131 |       expect(data.error).toBe('Forbidden')
      132 |     })
      133 |

      at Object.toBe (tests/integration/api/rewards/redemptions/[id]/reject/route.test.ts:130:31)

  ● /api/rewards/redemptions/[id]/reject › POST › should return 400 if redemption already processed

    expect(received).toBe(expected) // Object.is equality

    Expected: 400
    Received: 500

      152 |       const data = await response.json()
      153 |
    > 154 |       expect(response.status).toBe(400)
          |                               ^
      155 |       expect(data.error).toBe('This redemption has already been processed')
      156 |     })
      157 |

      at Object.toBe (tests/integration/api/rewards/redemptions/[id]/reject/route.test.ts:154:31)

  ● /api/rewards/redemptions/[id]/reject › POST › should reject redemption and refund credits successfully

    expect(received).toBe(expected) // Object.is equality

    Expected: 200
    Received: 500

      200 |       const data = await response.json()
      201 |
    > 202 |       expect(response.status).toBe(200)
          |                               ^
      203 |       expect(data.success).toBe(true)
      204 |       expect(data.redemption).toEqual(mockRejectedRedemption)
      205 |       expect(data.message).toContain('Rejected')

      at Object.toBe (tests/integration/api/rewards/redemptions/[id]/reject/route.test.ts:202:31)

  ● /api/rewards/redemptions/[id]/reject › POST › should use default reason if not provided

    expect(received).toBe(expected) // Object.is equality

    Expected: 200
    Received: 500

      268 |       const data = await response.json()
      269 |
    > 270 |       expect(response.status).toBe(200)
          |                               ^
      271 |       expect(dbMock.notification.create).toHaveBeenCalledWith(
      272 |         expect.objectContaining({
      273 |           data: expect.objectContaining({

      at Object.toBe (tests/integration/api/rewards/redemptions/[id]/reject/route.test.ts:270:31)

  ● /api/rewards/redemptions/[id]/reject › POST › should restore quantity if reward has quantity

    expect(received).toBe(expected) // Object.is equality

    Expected: 200
    Received: 500

      330 |       const response = await POST(request, { params: Promise.resolve({ id: redemptionId }) })
      331 |
    > 332 |       expect(response.status).toBe(200)
          |                               ^
      333 |     })
      334 |
      335 |     it('should return 500 on error', async () => {

      at Object.toBe (tests/integration/api/rewards/redemptions/[id]/reject/route.test.ts:332:31)

FAIL tests/integration/api/rules/[id]/test/route.test.ts
  ● POST /api/rules/[id]/test › should return 400 if request body is invalid JSON

    expect(received).toBe(expected) // Object.is equality

    Expected: 400
    Received: 500

      89 |     const data = await response.json();
      90 |
    > 91 |     expect(response.status).toBe(400);
         |                             ^
      92 |     expect(data.error).toContain('Invalid JSON');
      93 |   });
      94 |

      at Object.toBe (tests/integration/api/rules/[id]/test/route.test.ts:91:29)

  ● POST /api/rules/[id]/test › should return 400 if context is missing

    expect(received).toBe(expected) // Object.is equality

    Expected: 400
    Received: 200

      102 |     const data = await response.json();
      103 |
    > 104 |     expect(response.status).toBe(400);
          |                             ^
      105 |     expect(data.error).toContain('context');
      106 |   });
      107 |

      at Object.toBe (tests/integration/api/rules/[id]/test/route.test.ts:104:29)

  ● POST /api/rules/[id]/test › should return 404 if rule not found

    expect(received).toBe(expected) // Object.is equality

    Expected: 404
    Received: 200

      116 |     const data = await response.json();
      117 |
    > 118 |     expect(response.status).toBe(404);
          |                             ^
      119 |     expect(data.error).toContain('not found');
      120 |   });
      121 |

      at Object.toBe (tests/integration/api/rules/[id]/test/route.test.ts:118:29)

  ● POST /api/rules/[id]/test › should return 403 if rule belongs to different family

    expect(received).toBe(expected) // Object.is equality

    Expected: 403
    Received: 200

      133 |     const data = await response.json();
      134 |
    > 135 |     expect(response.status).toBe(403);
          |                             ^
      136 |     expect(data.error).toContain('Forbidden');
      137 |   });
      138 |

      at Object.toBe (tests/integration/api/rules/[id]/test/route.test.ts:135:29)

  ● POST /api/rules/[id]/test › should perform dry-run and return results

    expect(received).toEqual(expected) // deep equality

    - Expected  -  6
    + Received  + 26

      Object {
    +   "message": "Rule test not fully implemented yet",
    +   "rule": Object {
          "actions": Array [
            Object {
    -       "simulation": "Would award 10 credits to member",
    +         "config": Object {
    +           "amount": 10,
    +           "reason": "Test bonus",
    +         },
              "type": "award_credits",
    -       "wouldExecute": true,
            },
          ],
    -   "conditionsEvaluated": true,
    -   "errors": Array [],
    -   "triggerEvaluated": true,
    -   "warnings": Array [],
    +     "conditions": null,
    +     "createdAt": 2024-01-01T00:00:00.000Z,
    +     "createdById": "parent-1",
    +     "description": "Test description",
    +     "familyId": "family-test-123",
    +     "id": "rule-1",
    +     "isEnabled": true,
    +     "name": "Test Rule",
    +     "trigger": Object {
    +       "config": Object {
    +         "anyChore": true,
    +       },
    +       "type": "chore_completed",
    +     },
    +     "updatedAt": 2024-01-01T00:00:00.000Z,
    +   },
    +   "testData": Object {
    +     "choreInstanceId": "chore-1",
    +     "memberId": "member-1",
    +   },
        "wouldExecute": true,
      }

      171 |     expect(response.status).toBe(200);
      172 |     expect(data.success).toBe(true);
    > 173 |     expect(data.result).toEqual(dryRunResult);
          |                         ^
      174 |     expect(dryRunRule).toHaveBeenCalledWith('rule-1', {
      175 |       ...testContext,
      176 |       familyId: 'family-test-123',

      at Object.toEqual (tests/integration/api/rules/[id]/test/route.test.ts:173:25)

  ● POST /api/rules/[id]/test › should include familyId in simulated context

    expect(jest.fn()).toHaveBeenCalledWith(...expected)

    Expected: "rule-1", {"familyId": "family-test-123", "memberId": "member-1"}

    Number of calls: 0

      195 |     await POST(request, { params: Promise.resolve({ id: 'rule-1' }) });
      196 |
    > 197 |     expect(dryRunRule).toHaveBeenCalledWith('rule-1', {
          |                        ^
      198 |       memberId: 'member-1',
      199 |       familyId: 'family-test-123',
      200 |     });

      at Object.toHaveBeenCalledWith (tests/integration/api/rules/[id]/test/route.test.ts:197:24)

  ● POST /api/rules/[id]/test › should handle dry-run with no actions executed

    expect(received).toBe(expected) // Object.is equality

    Expected: false
    Received: true

      221 |
      222 |     expect(response.status).toBe(200);
    > 223 |     expect(data.result.wouldExecute).toBe(false);
          |                                      ^
      224 |     expect(data.result.warnings).toContain('Trigger did not match');
      225 |   });
      226 |

      at Object.toBe (tests/integration/api/rules/[id]/test/route.test.ts:223:38)

  ● POST /api/rules/[id]/test › should handle dry-run errors

    expect(received).toContain(expected) // indexOf

    Matcher error: received value must not be null nor undefined

    Received has value: undefined

      245 |
      246 |     expect(response.status).toBe(200);
    > 247 |     expect(data.result.errors).toContain('Invalid trigger configuration');
          |                                ^
      248 |   });
      249 |
      250 |   it('should create audit log for test run', async () => {

      at Object.toContain (tests/integration/api/rules/[id]/test/route.test.ts:247:32)

  ● POST /api/rules/[id]/test › should create audit log for test run

    expect(jest.fn()).toHaveBeenCalledWith(...expected)

    Expected: ObjectContaining {"data": ObjectContaining {"action": "RULE_TEST_RUN", "entityId": "rule-1", "entityType": "AutomationRule", "result": "SUCCESS"}}

    Number of calls: 0

      267 |     await POST(request, { params: Promise.resolve({ id: 'rule-1' }) });
      268 |
    > 269 |     expect(dbMock.auditLog.create).toHaveBeenCalledWith(
          |                                    ^
      270 |       expect.objectContaining({
      271 |         data: expect.objectContaining({
      272 |           action: 'RULE_TEST_RUN',

      at Object.toHaveBeenCalledWith (tests/integration/api/rules/[id]/test/route.test.ts:269:36)

  ● POST /api/rules/[id]/test › should return 500 on dry-run failure

    expect(received).toBe(expected) // Object.is equality

    Expected: 500
    Received: 200

      290 |     const data = await response.json();
      291 |
    > 292 |     expect(response.status).toBe(500);
          |                             ^
      293 |     expect(data.error).toContain('Failed to test rule');
      294 |   });
      295 | });

      at Object.toBe (tests/integration/api/rules/[id]/test/route.test.ts:292:29)

FAIL tests/integration/api/transport/schedules/route.test.ts
  ● /api/transport/schedules › GET /api/transport/schedules › should return all schedules for family

    expect(jest.fn()).toHaveBeenCalledWith(...expected)

    - Expected
    + Received

      Object {
        "include": Object {
    -     "carpool": Object {
    -       "select": Object {
    -         "id": true,
    -         "name": true,
    -       },
    -     },
    -     "driver": Object {
    -       "select": Object {
    -         "id": true,
    -         "name": true,
    -         "phone": true,
    -         "relationship": true,
    -       },
    -     },
    -     "location": Object {
    -       "select": Object {
    -         "address": true,
    -         "id": true,
    -         "name": true,
    -       },
    -     },
          "member": Object {
            "select": Object {
    +         "avatarUrl": true,
              "id": true,
              "name": true,
    -       },
            },
          },
    -   "orderBy": Array [
    -     Object {
    -       "dayOfWeek": "asc",
        },
    -     Object {
    +   "orderBy": Object {
          "time": "asc",
        },
    -   ],
        "where": Object {
          "familyId": "family-test-123",
          "isActive": true,
        },
      },

    Number of calls: 1

      88 |       expect(data.schedules).toHaveLength(1);
      89 |       expect(data.schedules[0].id).toBe('schedule-1');
    > 90 |       expect(dbMock.transportSchedule.findMany).toHaveBeenCalledWith({
         |                                                 ^
      91 |         where: { familyId: 'family-test-123', isActive: true },
      92 |         include: {
      93 |           member: { select: { id: true, name: true } },

      at Object.toHaveBeenCalledWith (tests/integration/api/transport/schedules/route.test.ts:90:49)

  ● /api/transport/schedules › GET /api/transport/schedules › should filter schedules by member ID

    expect(jest.fn()).toHaveBeenCalledWith(...expected)

    - Expected
    + Received

      Object {
    -   "include": Any<Object>,
    -   "orderBy": Any<Object>,
    +   "include": Object {
    +     "member": Object {
    +       "select": Object {
    +         "avatarUrl": true,
    +         "id": true,
    +         "name": true,
    +       },
    +     },
    +   },
    +   "orderBy": Object {
    +     "time": "asc",
    +   },
        "where": Object {
          "familyId": "family-test-123",
          "isActive": true,
    -     "memberId": "child-test-123",
        },
      },

    Number of calls: 1

      109 |
      110 |       expect(response.status).toBe(200);
    > 111 |       expect(dbMock.transportSchedule.findMany).toHaveBeenCalledWith({
          |                                                 ^
      112 |         where: { familyId: 'family-test-123', memberId: 'child-test-123', isActive: true },
      113 |         include: expect.any(Object),
      114 |         orderBy: expect.any(Object),

      at Object.toHaveBeenCalledWith (tests/integration/api/transport/schedules/route.test.ts:111:49)

  ● /api/transport/schedules › GET /api/transport/schedules › should filter schedules by day of week

    expect(jest.fn()).toHaveBeenCalledWith(...expected)

    - Expected
    + Received

      Object {
    -   "include": Any<Object>,
    -   "orderBy": Any<Object>,
    +   "include": Object {
    +     "member": Object {
    +       "select": Object {
    +         "avatarUrl": true,
    +         "id": true,
    +         "name": true,
    +       },
    +     },
    +   },
    +   "orderBy": Object {
    +     "time": "asc",
    +   },
        "where": Object {
    -     "dayOfWeek": 1,
          "familyId": "family-test-123",
          "isActive": true,
        },
      },

    Number of calls: 1

      125 |
      126 |       expect(response.status).toBe(200);
    > 127 |       expect(dbMock.transportSchedule.findMany).toHaveBeenCalledWith({
          |                                                 ^
      128 |         where: { familyId: 'family-test-123', dayOfWeek: 1, isActive: true },
      129 |         include: expect.any(Object),
      130 |         orderBy: expect.any(Object),

      at Object.toHaveBeenCalledWith (tests/integration/api/transport/schedules/route.test.ts:127:49)

  ● /api/transport/schedules › POST /api/transport/schedules › should return 400 if dayOfWeek is invalid

    expect(received).toBe(expected) // Object.is equality

    Expected: "Day of week must be between 0 (Sunday) and 6 (Saturday)"
    Received: "Name, pickup location, dropoff location, days of week, and departure time are required"

      195 |       expect(response.status).toBe(400);
      196 |       const data = await response.json();
    > 197 |       expect(data.error).toBe('Day of week must be between 0 (Sunday) and 6 (Saturday)');
          |                          ^
      198 |     });
      199 |
      200 |     it('should return 400 if time format is invalid', async () => {

      at Object.toBe (tests/integration/api/transport/schedules/route.test.ts:197:26)

  ● /api/transport/schedules › POST /api/transport/schedules › should return 400 if time format is invalid

    expect(received).toBe(expected) // Object.is equality

    Expected: "Time must be in HH:MM format (24-hour)"
    Received: "Name, pickup location, dropoff location, days of week, and departure time are required"

      212 |       expect(response.status).toBe(400);
      213 |       const data = await response.json();
    > 214 |       expect(data.error).toBe('Time must be in HH:MM format (24-hour)');
          |                          ^
      215 |     });
      216 |
      217 |     it('should return 400 if type is invalid', async () => {

      at Object.toBe (tests/integration/api/transport/schedules/route.test.ts:214:26)

  ● /api/transport/schedules › POST /api/transport/schedules › should return 400 if type is invalid

    expect(received).toContain(expected) // indexOf

    Expected substring: "type"
    Received string:    "Name, pickup location, dropoff location, days of week, and departure time are required"

      229 |       expect(response.status).toBe(400);
      230 |       const data = await response.json();
    > 231 |       expect(data.error).toContain('type');
          |                          ^
      232 |     });
      233 |
      234 |     it('should create transport schedule successfully', async () => {

      at Object.toContain (tests/integration/api/transport/schedules/route.test.ts:231:26)

  ● /api/transport/schedules › POST /api/transport/schedules › should create transport schedule successfully

    expect(received).toBe(expected) // Object.is equality

    Expected: 201
    Received: 400

      255 |       const response = await POST(request);
      256 |
    > 257 |       expect(response.status).toBe(201);
          |                               ^
      258 |       const data = await response.json();
      259 |       expect(data.schedule.id).toBe('schedule-1');
      260 |       expect(data.message).toBe('Transport schedule created successfully');

      at Object.toBe (tests/integration/api/transport/schedules/route.test.ts:257:31)

  ● /api/transport/schedules › POST /api/transport/schedules › should return 400 if member does not belong to family

    expect(received).toBe(expected) // Object.is equality

    Expected: "Member does not belong to your family"
    Received: "Name, pickup location, dropoff location, days of week, and departure time are required"

      311 |       expect(response.status).toBe(400);
      312 |       const data = await response.json();
    > 313 |       expect(data.error).toBe('Member does not belong to your family');
          |                          ^
      314 |     });
      315 |
      316 |     it('should create schedule with carpool', async () => {

      at Object.toBe (tests/integration/api/transport/schedules/route.test.ts:313:26)

  ● /api/transport/schedules › POST /api/transport/schedules › should create schedule with carpool

    expect(received).toBe(expected) // Object.is equality

    Expected: 201
    Received: 400

      340 |       const response = await POST(request);
      341 |
    > 342 |       expect(response.status).toBe(201);
          |                               ^
      343 |       expect(dbMock.transportSchedule.create).toHaveBeenCalledWith({
      344 |         data: expect.objectContaining({
      345 |           carpoolId: 'carpool-1',

      at Object.toBe (tests/integration/api/transport/schedules/route.test.ts:342:31)

FAIL tests/integration/api/transport/schedules/[id]/route.test.ts
  ● /api/transport/schedules/[id] › GET /api/transport/schedules/[id] › should return 403 if schedule belongs to different family

    expect(received).toBe(expected) // Object.is equality

    Expected: 403
    Received: 404

      94 |       const response = await GET(request, { params: Promise.resolve({ id: 'schedule-1' }) });
      95 |
    > 96 |       expect(response.status).toBe(403);
         |                               ^
      97 |       const data = await response.json();
      98 |       expect(data.error).toBe('Access denied');
      99 |     });

      at Object.toBe (tests/integration/api/transport/schedules/[id]/route.test.ts:96:31)

  ● /api/transport/schedules/[id] › PATCH /api/transport/schedules/[id] › should return 403 if not a parent

    expect(received).toBe(expected) // Object.is equality

    Expected: 403
    Received: 404

      131 |       const response = await PATCH(request, { params: Promise.resolve({ id: 'schedule-1' }) });
      132 |
    > 133 |       expect(response.status).toBe(403);
          |                               ^
      134 |       const data = await response.json();
      135 |       expect(data.error).toBe('Only parents can update transport schedules');
      136 |     });

      at Object.toBe (tests/integration/api/transport/schedules/[id]/route.test.ts:133:31)

  ● /api/transport/schedules/[id] › PATCH /api/transport/schedules/[id] › should return 403 if schedule belongs to different family

    expect(received).toBe(expected) // Object.is equality

    Expected: 403
    Received: 404

      160 |       const response = await PATCH(request, { params: Promise.resolve({ id: 'schedule-1' }) });
      161 |
    > 162 |       expect(response.status).toBe(403);
          |                               ^
      163 |     });
      164 |
      165 |     it('should update schedule successfully', async () => {

      at Object.toBe (tests/integration/api/transport/schedules/[id]/route.test.ts:162:31)

  ● /api/transport/schedules/[id] › PATCH /api/transport/schedules/[id] › should update schedule successfully

    expect(jest.fn()).toHaveBeenCalledWith(...expected)

    Expected: {"data": {"action": "TRANSPORT_SCHEDULE_UPDATED", "familyId": "family-test-123", "memberId": "parent-test-123", "metadata": {"scheduleId": "schedule-1"}, "result": "SUCCESS"}}

    Number of calls: 0

      181 |       expect(data.message).toBe('Transport schedule updated successfully');
      182 |
    > 183 |       expect(dbMock.auditLog.create).toHaveBeenCalledWith({
          |                                      ^
      184 |         data: {
      185 |           familyId: 'family-test-123',
      186 |           memberId: 'parent-test-123',

      at Object.toHaveBeenCalledWith (tests/integration/api/transport/schedules/[id]/route.test.ts:183:38)

  ● /api/transport/schedules/[id] › PATCH /api/transport/schedules/[id] › should return 400 if trying to update with invalid dayOfWeek

    expect(received).toBe(expected) // Object.is equality

    Expected: 400
    Received: 200

      203 |       const response = await PATCH(request, { params: Promise.resolve({ id: 'schedule-1' }) });
      204 |
    > 205 |       expect(response.status).toBe(400);
          |                               ^
      206 |     });
      207 |
      208 |     it('should return 400 if trying to update with invalid time format', async () => {

      at Object.toBe (tests/integration/api/transport/schedules/[id]/route.test.ts:205:31)

  ● /api/transport/schedules/[id] › PATCH /api/transport/schedules/[id] › should return 400 if trying to update with invalid time format

    expect(received).toBe(expected) // Object.is equality

    Expected: 400
    Received: 200

      215 |       const response = await PATCH(request, { params: Promise.resolve({ id: 'schedule-1' }) });
      216 |
    > 217 |       expect(response.status).toBe(400);
          |                               ^
      218 |     });
      219 |   });
      220 |

      at Object.toBe (tests/integration/api/transport/schedules/[id]/route.test.ts:217:31)

  ● /api/transport/schedules/[id] › DELETE /api/transport/schedules/[id] › should return 403 if not a parent

    expect(received).toBe(expected) // Object.is equality

    Expected: 403
    Received: 404

      235 |       const response = await DELETE(request, { params: Promise.resolve({ id: 'schedule-1' }) });
      236 |
    > 237 |       expect(response.status).toBe(403);
          |                               ^
      238 |     });
      239 |
      240 |     it('should return 404 if schedule not found', async () => {

      at Object.toBe (tests/integration/api/transport/schedules/[id]/route.test.ts:237:31)

  ● /api/transport/schedules/[id] › DELETE /api/transport/schedules/[id] › should delete schedule successfully (soft delete)

    expect(jest.fn()).toHaveBeenCalledWith(...expected)

    Expected: {"data": {"action": "TRANSPORT_SCHEDULE_DELETED", "familyId": "family-test-123", "memberId": "parent-test-123", "metadata": {"scheduleId": "schedule-1"}, "result": "SUCCESS"}}

    Number of calls: 0

      271 |       });
      272 |
    > 273 |       expect(dbMock.auditLog.create).toHaveBeenCalledWith({
          |                                      ^
      274 |         data: {
      275 |           familyId: 'family-test-123',
      276 |           memberId: 'parent-test-123',

      at Object.toHaveBeenCalledWith (tests/integration/api/transport/schedules/[id]/route.test.ts:273:38)

FAIL tests/integration/api/screentime/grace/status.test.ts
  ● GET /api/screentime/grace/status › should return eligibility status for current user

    expect(received).toBe(expected) // Object.is equality

    Expected: true
    Received: undefined

      66 |     expect(response.status).toBe(200);
      67 |     const data = await response.json();
    > 68 |     expect(data.canRequestGrace).toBe(true);
         |                                  ^
      69 |     expect(data.currentBalance).toBe(5);
      70 |     expect(data.lowBalanceWarning).toBe(true);
      71 |     expect(data.remainingDailyRequests).toBe(1);

      at Object.toBe (tests/integration/api/screentime/grace/status.test.ts:68:34)

  ● GET /api/screentime/grace/status › should count remaining daily and weekly uses

    expect(received).toBe(expected) // Object.is equality

    Expected: 1
    Received: undefined

      114 |     expect(response.status).toBe(200);
      115 |     const data = await response.json();
    > 116 |     expect(data.remainingDailyRequests).toBe(1); // 2 - 1 = 1
          |                                         ^
      117 |     expect(data.remainingWeeklyRequests).toBe(2); // 5 - 3 = 2
      118 |   });
      119 |

      at Object.toBe (tests/integration/api/screentime/grace/status.test.ts:116:41)

  ● GET /api/screentime/grace/status › should show low balance warning when balance is low

    expect(received).toBe(expected) // Object.is equality

    Expected: true
    Received: undefined

      155 |     expect(response.status).toBe(200);
      156 |     const data = await response.json();
    > 157 |     expect(data.lowBalanceWarning).toBe(true);
          |                                    ^
      158 |     expect(data.canRequestGrace).toBe(true);
      159 |   });
      160 |

      at Object.toBe (tests/integration/api/screentime/grace/status.test.ts:157:36)

  ● GET /api/screentime/grace/status › should allow parents to check child status

    expect(received).toBe(expected) // Object.is equality

    Expected: true
    Received: undefined

      217 |     expect(response.status).toBe(200);
      218 |     const data = await response.json();
    > 219 |     expect(data.canRequestGrace).toBe(true);
          |                                  ^
      220 |     expect(data.currentBalance).toBe(5);
      221 |   });
      222 |

      at Object.toBe (tests/integration/api/screentime/grace/status.test.ts:219:34)

  ● GET /api/screentime/grace/status › should verify family ownership

    expect(received).toBe(expected) // Object.is equality

    Expected: 403
    Received: 404

      248 |     const response = await GET(request as NextRequest);
      249 |
    > 250 |     expect(response.status).toBe(403);
          |                             ^
      251 |     const data = await response.json();
      252 |     expect(data.error).toBe('Cannot view status from other families');
      253 |   });

      at Object.toBe (tests/integration/api/screentime/grace/status.test.ts:250:29)

FAIL tests/integration/api/screentime/grace/request.test.ts
  ● POST /api/screentime/grace/request › should grant grace when eligible and no approval required

    expect(received).toBe(expected) // Object.is equality

    Expected: 200
    Received: 400

      134 |     const data = await response.json();
      135 |
    > 136 |     expect(response.status).toBe(200);
          |                             ^
      137 |     expect(data.success).toBe(true);
      138 |     expect(data.graceLog.minutesGranted).toBe(15);
      139 |     expect(data.newBalance).toBe(20);

      at Object.toBe (tests/integration/api/screentime/grace/request.test.ts:136:29)

  ● POST /api/screentime/grace/request › should create pending request when approval required

    expect(received).toBe(expected) // Object.is equality

    Expected: 200
    Received: 400

      237 |     const data = await response.json();
      238 |
    > 239 |     expect(response.status).toBe(200);
          |                             ^
      240 |     expect(data.success).toBe(true);
      241 |     expect(data.pendingApproval).toBe(true);
      242 |   });

      at Object.toBe (tests/integration/api/screentime/grace/request.test.ts:239:29)

  ● POST /api/screentime/grace/request › should return 400 when balance not low enough

    expect(received).toContain(expected) // indexOf

    Expected substring: "not low enough"
    Received string:    "Allowance ID is required"

      282 |
      283 |     expect(response.status).toBe(400);
    > 284 |     expect(data.error).toContain('not low enough');
          |                        ^
      285 |   });
      286 |
      287 |   it('should return 400 when daily limit exceeded', async () => {

      at Object.toContain (tests/integration/api/screentime/grace/request.test.ts:284:24)

  ● POST /api/screentime/grace/request › should return 400 when daily limit exceeded

    expect(received).toContain(expected) // indexOf

    Expected substring: "Daily"
    Received string:    "Allowance ID is required"

      327 |
      328 |     expect(response.status).toBe(400);
    > 329 |     expect(data.error).toContain('Daily');
          |                        ^
      330 |   });
      331 |
      332 |   it('should return 400 when weekly limit exceeded', async () => {

      at Object.toContain (tests/integration/api/screentime/grace/request.test.ts:329:24)

  ● POST /api/screentime/grace/request › should return 400 when weekly limit exceeded

    expect(received).toContain(expected) // indexOf

    Expected substring: "Weekly"
    Received string:    "Allowance ID is required"

      372 |
      373 |     expect(response.status).toBe(400);
    > 374 |     expect(data.error).toContain('Weekly');
          |                        ^
      375 |   });
      376 |
      377 |   it('should handle database errors gracefully', async () => {

      at Object.toContain (tests/integration/api/screentime/grace/request.test.ts:374:24)

  ● POST /api/screentime/grace/request › should handle database errors gracefully

    expect(received).toBe(expected) // Object.is equality

    Expected: 500
    Received: 400

      390 |     const data = await response.json();
      391 |
    > 392 |     expect(response.status).toBe(500);
          |                             ^
      393 |     expect(data.error).toBeDefined();
      394 |   });
      395 | });

      at Object.toBe (tests/integration/api/screentime/grace/request.test.ts:392:29)

FAIL tests/integration/api/documents/[id]/share/route.test.ts
  ● /api/documents/[id]/share › GET › should return all share links for document

    expect(jest.fn()).toHaveBeenCalledWith(...expected)

    - Expected
    + Received

    @@ -1,6 +1,14 @@
      Object {
    +   "include": Object {
    +     "creator": Object {
    +       "select": Object {
    +         "id": true,
    +         "name": true,
    +       },
    +     },
    +   },
        "orderBy": Object {
          "createdAt": "desc",
        },
        "where": Object {
          "documentId": "doc-1",,

    Number of calls: 1

      275 |       expect(data.shareLinks[0].token).toBe('token-1');
      276 |
    > 277 |       expect(dbMock.documentShareLink.findMany).toHaveBeenCalledWith({
          |                                                 ^
      278 |         where: { documentId: 'doc-1' },
      279 |         orderBy: { createdAt: 'desc' },
      280 |       });

      at Object.toHaveBeenCalledWith (tests/integration/api/documents/[id]/share/route.test.ts:277:49)

FAIL tests/integration/api/calendar/events/[id]/route.test.ts
  ● /api/calendar/events/[id] › PATCH › should update event successfully

    expect(received).toBe(expected) // Object.is equality

    Expected: 200
    Received: 404

      119 |       const data = await response.json()
      120 |
    > 121 |       expect(response.status).toBe(200)
          |                               ^
      122 |       expect(data.message).toBe('Event updated successfully')
      123 |       expect(data.event).toBeDefined()
      124 |     })

      at Object.toBe (tests/integration/api/calendar/events/[id]/route.test.ts:121:31)

  ● /api/calendar/events/[id] › PATCH › should update assignments if provided

    TypeError: Cannot read properties of undefined (reading '0')

      151 |       await PATCH(request, { params: Promise.resolve({ id: eventId }) })
      152 |
    > 153 |       const txCallback = (dbMock.$transaction as jest.Mock).mock.calls[0][0]
          |                                                                          ^
      154 |       const mockTx = {
      155 |         calendarEvent: {
      156 |           update: jest.fn().mockResolvedValue(mockEvent),

      at Object.<anonymous> (tests/integration/api/calendar/events/[id]/route.test.ts:153:74)

  ● /api/calendar/events/[id] › DELETE › should delete event successfully

    expect(received).toBe(expected) // Object.is equality

    Expected: 200
    Received: 404

      224 |       const data = await response.json()
      225 |
    > 226 |       expect(response.status).toBe(200)
          |                               ^
      227 |       expect(data.message).toBe('Event deleted successfully')
      228 |       expect(dbMock.calendarEvent.delete).toHaveBeenCalledWith({
      229 |         where: { id: eventId },

      at Object.toBe (tests/integration/api/calendar/events/[id]/route.test.ts:226:31)

FAIL tests/integration/api/screentime/family/route.test.ts
  ● /api/screentime/family › GET › should return family screen time overview for parent

    TypeError: expect(received).toHaveLength(expected)

    Matcher error: received value must have a length property whose value must be a number

    Received has value: undefined

      107 |
      108 |       expect(response.status).toBe(200)
    > 109 |       expect(data.members).toHaveLength(2)
          |                            ^
      110 |       expect(data.members[0]).toEqual({
      111 |         id: 'child-1',
      112 |         name: 'Child One',

      at Object.toHaveLength (tests/integration/api/screentime/family/route.test.ts:109:28)

  ● /api/screentime/family › GET › should handle members without balance or settings

    TypeError: Cannot read properties of undefined (reading '0')

      165 |
      166 |       expect(response.status).toBe(200)
    > 167 |       expect(data.members[0]).toEqual({
          |                          ^
      168 |         id: 'child-1',
      169 |         name: 'Child One',
      170 |         avatarUrl: null,

      at Object.<anonymous> (tests/integration/api/screentime/family/route.test.ts:167:26)

  ● /api/screentime/family › GET › should return 500 on error

    expect(received).toBe(expected) // Object.is equality

    Expected: "Failed to fetch family screen time"
    Received: "Failed to get overview"

      186 |
      187 |       expect(response.status).toBe(500)
    > 188 |       expect(data.error).toBe('Failed to fetch family screen time')
          |                          ^
      189 |     })
      190 |   })
      191 | })

      at Object.toBe (tests/integration/api/screentime/family/route.test.ts:188:26)

FAIL tests/integration/api/rewards/route.test.ts
  ● /api/rewards › GET › should return active rewards for authenticated user

    expect(received).toEqual(expected) // deep equality

    Expected: [{"_count": {"redemptions": 2}, "category": "OTHER", "costCredits": 50, "createdBy": {"id": "parent-1", "name": "Parent One"}, "description": "A test reward", "familyId": "family-1", "id": "reward-1", "name": "Test Reward", "quantity": 10, "status": "ACTIVE"}]
    Received: undefined

      63 |
      64 |       expect(response.status).toBe(200)
    > 65 |       expect(data.rewards).toEqual(mockRewards)
         |                            ^
      66 |
      67 |       expect(dbMock.rewardItem.findMany).toHaveBeenCalledWith({
      68 |         where: {

      at Object.toEqual (tests/integration/api/rewards/route.test.ts:65:28)

  ● /api/rewards › POST › should return 403 if user is not a parent

    expect(received).toBe(expected) // Object.is equality

    Expected: "Forbidden"
    Received: "Forbidden - Parent access required"

      158 |
      159 |       expect(response.status).toBe(403)
    > 160 |       expect(data.error).toBe('Forbidden')
          |                          ^
      161 |     })
      162 |
      163 |     it('should return 400 if name is missing', async () => {

      at Object.toBe (tests/integration/api/rewards/route.test.ts:160:26)

  ● /api/rewards › POST › should create reward successfully

    expect(jest.fn()).toHaveBeenCalledWith(...expected)

    - Expected
    + Received

    @@ -8,14 +8,6 @@
          "imageUrl": null,
          "name": "New Reward",
          "quantity": 5,
          "status": "ACTIVE",
        },
    -   "include": Object {
    -     "createdBy": Object {
    -       "select": Object {
    -         "id": true,
    -         "name": true,
    -       },
    -     },
    -   },
      },

    Number of calls: 1

      238 |       expect(data.message).toBe('Reward created successfully')
      239 |
    > 240 |       expect(dbMock.rewardItem.create).toHaveBeenCalledWith({
          |                                        ^
      241 |         data: {
      242 |           familyId: session.user.familyId,
      243 |           name: 'New Reward',

      at Object.toHaveBeenCalledWith (tests/integration/api/rewards/route.test.ts:240:40)

  ● /api/rewards › POST › should use default values for optional fields

    expect(jest.fn()).toHaveBeenCalledWith(...expected)

    - Expected
    + Received

    @@ -8,14 +8,6 @@
          "imageUrl": null,
          "name": "New Reward",
          "quantity": null,
          "status": "ACTIVE",
        },
    -   "include": Object {
    -     "createdBy": Object {
    -       "select": Object {
    -         "id": true,
    -         "name": true,
    -       },
    -     },
    -   },
      },

    Number of calls: 1

      279 |       expect(response.status).toBe(200)
      280 |
    > 281 |       expect(dbMock.rewardItem.create).toHaveBeenCalledWith({
          |                                        ^
      282 |         data: {
      283 |           familyId: session.user.familyId,
      284 |           name: 'New Reward',

      at Object.toHaveBeenCalledWith (tests/integration/api/rewards/route.test.ts:281:40)

FAIL tests/integration/api/projects/templates/route.test.ts
  ● POST /api/projects/templates › Authentication › should return 403 if user is a child

    expect(received).toBe(expected) // Object.is equality

    Expected: "Only parents can create projects"
    Received: "Only parents can manage projects"

      115 |       expect(response.status).toBe(403);
      116 |       const data = await response.json();
    > 117 |       expect(data.error).toBe('Only parents can create projects');
          |                          ^
      118 |     });
      119 |   });
      120 |

      at Object.toBe (tests/integration/api/projects/templates/route.test.ts:117:26)

  ● POST /api/projects/templates › Validation › should return 404 if template does not exist

    expect(received).toBe(expected) // Object.is equality

    Expected: 404
    Received: 500

      141 |       const response = await POST(request);
      142 |
    > 143 |       expect(response.status).toBe(404);
          |                               ^
      144 |       const data = await response.json();
      145 |       expect(data.error).toBe('Template not found');
      146 |     });

      at Object.toBe (tests/integration/api/projects/templates/route.test.ts:143:31)

  ● POST /api/projects/templates › Template Instantiation › should create project from template with default values

    expect(received).toBe(expected) // Object.is equality

    Expected: 201
    Received: 200

      178 |       const response = await POST(request);
      179 |
    > 180 |       expect(response.status).toBe(201);
          |                               ^
      181 |       const data = await response.json();
      182 |       expect(data.project).toBeDefined();
      183 |       expect(data.project.name).toBe('Birthday Party');

      at Object.toBe (tests/integration/api/projects/templates/route.test.ts:180:31)

  ● POST /api/projects/templates › Template Instantiation › should allow customizing project name

    expect(jest.fn()).toHaveBeenCalledWith(...expected)

    Expected: ObjectContaining {"data": ObjectContaining {"name": "Sarah's 10th Birthday"}}
    Received: {"data": {"budget": 500, "createdById": "parent-test-123", "description": "Organize a memorable birthday celebration", "familyId": "family-test-123", "name": undefined, "status": "ACTIVE"}}

    Number of calls: 1

      209 |       await POST(request);
      210 |
    > 211 |       expect(dbMock.project.create).toHaveBeenCalledWith(
          |                                     ^
      212 |         expect.objectContaining({
      213 |           data: expect.objectContaining({
      214 |             name: "Sarah's 10th Birthday",

      at Object.toHaveBeenCalledWith (tests/integration/api/projects/templates/route.test.ts:211:37)

  ● POST /api/projects/templates › Template Instantiation › should allow customizing budget

    expect(jest.fn()).toHaveBeenCalledWith(...expected)

    Expected: ObjectContaining {"data": ObjectContaining {"budget": 1000}}
    Received: {"data": {"budget": 500, "createdById": "parent-test-123", "description": "Organize a memorable birthday celebration", "familyId": "family-test-123", "name": undefined, "status": "ACTIVE"}}

    Number of calls: 1

      235 |       await POST(request);
      236 |
    > 237 |       expect(dbMock.project.create).toHaveBeenCalledWith(
          |                                     ^
      238 |         expect.objectContaining({
      239 |           data: expect.objectContaining({
      240 |             budget: 1000,

      at Object.toHaveBeenCalledWith (tests/integration/api/projects/templates/route.test.ts:237:37)

  ● POST /api/projects/templates › Template Instantiation › should create all tasks from template

    expect(jest.fn()).toHaveBeenCalled()

    Expected number of calls: >= 1
    Received number of calls:    0

      265 |
      266 |       // Should create multiple tasks (birthday party template has several tasks)
    > 267 |       expect(dbMock.projectTask.create).toHaveBeenCalled();
          |                                         ^
      268 |     });
      269 |
      270 |     it('should set dates based on start date if provided', async () => {

      at Object.toHaveBeenCalled (tests/integration/api/projects/templates/route.test.ts:267:41)

  ● POST /api/projects/templates › Template Instantiation › should set dates based on start date if provided

    expect(jest.fn()).toHaveBeenCalledWith(...expected)

    Expected: ObjectContaining {"data": ObjectContaining {"startDate": Any<Date>}}
    Received: {"data": {"budget": 500, "createdById": "parent-test-123", "description": "Organize a memorable birthday celebration", "familyId": "family-test-123", "name": undefined, "status": "ACTIVE"}}

    Number of calls: 1

      285 |       await POST(request);
      286 |
    > 287 |       expect(dbMock.project.create).toHaveBeenCalledWith(
          |                                     ^
      288 |         expect.objectContaining({
      289 |           data: expect.objectContaining({
      290 |             startDate: expect.any(Date),

      at Object.toHaveBeenCalledWith (tests/integration/api/projects/templates/route.test.ts:287:37)

  ● POST /api/projects/templates › Audit Logging › should create an audit log entry on successful instantiation

    expect(jest.fn()).toHaveBeenCalledWith(...expected)

    Expected: {"data": {"action": "PROJECT_CREATED", "familyId": "family-test-123", "memberId": "parent-test-123", "metadata": ObjectContaining {"projectId": "project-1", "templateId": "birthday-party"}, "result": "SUCCESS"}}

    Number of calls: 0

      314 |       await POST(request);
      315 |
    > 316 |       expect(dbMock.auditLog.create).toHaveBeenCalledWith({
          |                                      ^
      317 |         data: {
      318 |           familyId: 'family-test-123',
      319 |           memberId: 'parent-test-123',

      at Object.toHaveBeenCalledWith (tests/integration/api/projects/templates/route.test.ts:316:38)

  ● POST /api/projects/templates › Error Handling › should return 500 if database operation fails

    expect(received).toBe(expected) // Object.is equality

    Expected: "Failed to create project from template"
    Received: "Failed to create project"

      341 |       expect(response.status).toBe(500);
      342 |       const data = await response.json();
    > 343 |       expect(data.error).toBe('Failed to create project from template');
          |                          ^
      344 |     });
      345 |   });
      346 | });

      at Object.toBe (tests/integration/api/projects/templates/route.test.ts:343:26)

FAIL tests/integration/api/weather/route.test.ts
  ● /api/weather › GET /api/weather › should return 401 if not authenticated

    expect(received).toBe(expected) // Object.is equality

    Expected: 401
    Received: 500

       96 |       const data = await response.json();
       97 |
    >  98 |       expect(response.status).toBe(401);
          |                               ^
       99 |       expect(data.error).toBe('Unauthorized');
      100 |     });
      101 |

      at Object.toBe (tests/integration/api/weather/route.test.ts:98:31)

  ● /api/weather › GET /api/weather › should fetch weather data for authenticated user

    expect(received).toBe(expected) // Object.is equality

    Expected: 68
    Received: 67

      125 |       expect(data.current.icon).toBe('01d');
      126 |       expect(data.today).toBeDefined();
    > 127 |       expect(data.today.high).toBe(68); // Rounded from 68.0
          |                               ^
      128 |       expect(data.today.low).toBe(55); // Rounded from 55.4
      129 |       expect(data.forecast).toBeDefined();
      130 |       expect(Array.isArray(data.forecast)).toBe(true);

      at Object.toBe (tests/integration/api/weather/route.test.ts:127:31)

  ● /api/weather › GET /api/weather › should return weather data for child users

    expect(received).toBe(expected) // Object.is equality

    Expected: 200
    Received: 404

      148 |       const response = await GetWeather(request);
      149 |
    > 150 |       expect(response.status).toBe(200);
          |                               ^
      151 |     });
      152 |
      153 |     it('should return 404 if family has no location set', async () => {

      at Object.toBe (tests/integration/api/weather/route.test.ts:150:31)

  ● /api/weather › GET /api/weather › should handle network errors gracefully

    expect(received).toBe(expected) // Object.is equality

    Expected: "Failed to fetch weather data"
    Received: "Failed to fetch weather forecast"

      196 |
      197 |       expect(response.status).toBe(500);
    > 198 |       expect(data.error).toBe('Failed to fetch weather data');
          |                          ^
      199 |     });
      200 |
      201 |     it('should call OpenWeatherMap API with correct parameters', async () => {

      at Object.toBe (tests/integration/api/weather/route.test.ts:198:26)

FAIL tests/integration/api/screentime/grace/pending/route.test.ts
  ● /api/screentime/grace/pending › GET › should return pending grace requests for parent

    expect(jest.fn()).toHaveBeenCalledWith(...expected)

    - Expected
    + Received

    @@ -1,9 +1,10 @@
      Object {
        "include": Object {
          "member": Object {
            "select": Object {
    +         "familyId": true,
              "id": true,
              "name": true,
            },
          },
        },,

    Number of calls: 1

      116 |       })
      117 |
    > 118 |       expect(dbMock.gracePeriodLog.findMany).toHaveBeenCalledWith({
          |                                              ^
      119 |         where: {
      120 |           member: {
      121 |             familyId: session.user.familyId,

      at Object.toHaveBeenCalledWith (tests/integration/api/screentime/grace/pending/route.test.ts:118:46)

FAIL tests/integration/api/documents/shared/[token]/route.test.ts
  ● /api/documents/shared/[token] › GET › should return 410 if share link is expired

    expect(received).toBe(expected) // Object.is equality

    Expected: 410
    Received: 404

      81 |       const response = await GET(request, { params: Promise.resolve({ token: 'expired-token' }) });
      82 |
    > 83 |       expect(response.status).toBe(410);
         |                               ^
      84 |       const data = await response.json();
      85 |       expect(data.error).toBe('Share link has expired');
      86 |     });

      at Object.toBe (tests/integration/api/documents/shared/[token]/route.test.ts:83:31)

  ● /api/documents/shared/[token] › GET › should return 410 if share link is revoked

    expect(received).toBe(expected) // Object.is equality

    Expected: 410
    Received: 404

      100 |       const response = await GET(request, { params: Promise.resolve({ token: 'revoked-token' }) });
      101 |
    > 102 |       expect(response.status).toBe(410);
          |                               ^
      103 |       const data = await response.json();
      104 |       expect(data.error).toBe('Share link has been revoked');
      105 |     });

      at Object.toBe (tests/integration/api/documents/shared/[token]/route.test.ts:102:31)

  ● /api/documents/shared/[token] › GET › should return document and increment access count

    expect(received).toBe(expected) // Object.is equality

    Expected: 200
    Received: 404

      116 |       const response = await GET(request, { params: Promise.resolve({ token: 'valid-token-123' }) });
      117 |
    > 118 |       expect(response.status).toBe(200);
          |                               ^
      119 |       const data = await response.json();
      120 |       expect(data.document.name).toBe('Passport.pdf');
      121 |       expect(data.document.fileUrl).toBe('/uploads/passport.pdf');

      at Object.toBe (tests/integration/api/documents/shared/[token]/route.test.ts:118:31)

  ● /api/documents/shared/[token] › GET › should not expose sensitive document fields

    TypeError: Cannot read properties of undefined (reading 'id')

      175 |
      176 |       // Should include basic document info
    > 177 |       expect(data.document.id).toBeDefined();
          |                            ^
      178 |       expect(data.document.name).toBeDefined();
      179 |       expect(data.document.category).toBeDefined();
      180 |       expect(data.document.fileUrl).toBeDefined();

      at Object.id (tests/integration/api/documents/shared/[token]/route.test.ts:177:28)

  ● /api/documents/shared/[token] › GET › should handle database errors gracefully

    expect(received).toBe(expected) // Object.is equality

    Expected: 500
    Received: 404

      198 |       const response = await GET(request, { params: Promise.resolve({ token: 'valid-token-123' }) });
      199 |
    > 200 |       expect(response.status).toBe(500);
          |                               ^
      201 |       const data = await response.json();
      202 |       expect(data.error).toBe('Failed to access shared document');
      203 |     });

      at Object.toBe (tests/integration/api/documents/shared/[token]/route.test.ts:200:31)

FAIL tests/integration/api/documents/share/[linkId]/revoke/route.test.ts
  ● /api/documents/share/[linkId]/revoke › POST › should revoke share link successfully

    expect(jest.fn()).toHaveBeenCalledWith(...expected)

    - Expected
    + Received

    @@ -1,8 +1,8 @@
      Object {
        "data": Object {
    -     "revokedAt": Any<Date>,
    +     "revokedAt": "2026-01-21T13:14:16.571Z",
          "revokedBy": "parent-test-123",
        },
        "where": Object {
          "id": "share-1",
        },,

    Number of calls: 1

      147 |       expect(data.shareLink.revokedBy).toBe('parent-test-123');
      148 |
    > 149 |       expect(dbMock.documentShareLink.update).toHaveBeenCalledWith({
          |                                               ^
      150 |         where: { id: 'share-1' },
      151 |         data: {
      152 |           revokedAt: expect.any(Date),

      at Object.toHaveBeenCalledWith (tests/integration/api/documents/share/[linkId]/revoke/route.test.ts:149:47)

FAIL tests/integration/api/documents/route.test.ts
  ● /api/documents › POST › should create document successfully

    expect(jest.fn()).toHaveBeenCalledWith(...expected)

    - Expected
    + Received

    @@ -4,15 +4,15 @@
            "parent-test-123",
            "child-test-123",
          ],
          "category": "IDENTITY",
          "documentNumber": "123456789",
    -     "expiresAt": 2030-01-01T00:00:00.000Z,
    +     "expiresAt": "2030-01-01T00:00:00.000Z",
          "familyId": "family-test-123",
          "fileSize": 1024000,
          "fileUrl": "/uploads/passport.pdf",
    -     "issuedDate": 2020-01-01T00:00:00.000Z,
    +     "issuedDate": "2020-01-01T00:00:00.000Z",
          "mimeType": "application/pdf",
          "name": "Passport.pdf",
          "notes": "John's passport",
          "tags": Array [
            "passport",,

    Number of calls: 1

      173 |       expect(data.document.name).toBe('Passport.pdf');
      174 |
    > 175 |       expect(dbMock.document.create).toHaveBeenCalledWith({
          |                                      ^
      176 |         data: {
      177 |           familyId: 'family-test-123',
      178 |           name: 'Passport.pdf',

      at Object.toHaveBeenCalledWith (tests/integration/api/documents/route.test.ts:175:38)

FAIL tests/integration/sick-mode/screentime-bonus.test.ts
  ● Screen Time Bonus - Sick Mode Integration › GET /api/screentime/stats › should include sick mode bonus in balance when active

    expect(received).toBe(expected) // Object.is equality

    Expected: 90
    Received: 30

      103 |       expect(response.status).toBe(200);
      104 |       expect(data.summary.sickModeBonus).toBe(30);
    > 105 |       expect(data.summary.effectiveBalance).toBe(90); // 60 + 30
          |                                             ^
      106 |     });
      107 |
      108 |     it('should not include bonus when sick mode is inactive', async () => {

      at Object.toBe (tests/integration/sick-mode/screentime-bonus.test.ts:105:45)

  ● Screen Time Bonus - Sick Mode Integration › GET /api/screentime/stats › should not include bonus when sick mode is inactive

    expect(received).toBe(expected) // Object.is equality

    Expected: 60
    Received: 0

      145 |       expect(response.status).toBe(200);
      146 |       expect(data.summary.sickModeBonus).toBe(0);
    > 147 |       expect(data.summary.effectiveBalance).toBe(60); // No bonus
          |                                             ^
      148 |     });
      149 |
      150 |     it('should not include bonus when bonus is 0', async () => {

      at Object.toBe (tests/integration/sick-mode/screentime-bonus.test.ts:147:45)

  ● Screen Time Bonus - Sick Mode Integration › GET /api/screentime/stats › should not include bonus when bonus is 0

    expect(received).toBe(expected) // Object.is equality

    Expected: 60
    Received: 0

      217 |       expect(response.status).toBe(200);
      218 |       expect(data.summary.sickModeBonus).toBe(0);
    > 219 |       expect(data.summary.effectiveBalance).toBe(60);
          |                                             ^
      220 |     });
      221 |   });
      222 | });

      at Object.toBe (tests/integration/sick-mode/screentime-bonus.test.ts:219:45)

FAIL tests/integration/sick-mode/auto-disable.test.ts
  ● POST /api/cron/sick-mode-auto-disable › should disable sick mode instances that have exceeded auto-disable duration

    expect(received).toBe(expected) // Object.is equality

    Expected: 1
    Received: 0

      76 |
      77 |     expect(response.status).toBe(200);
    > 78 |     expect(data.disabledCount).toBe(1);
         |                                ^
      79 |     expect(data.disabledInstances).toHaveLength(1);
      80 |     expect(data.disabledInstances[0].memberId).toBe('child-1');
      81 |

      at Object.toBe (tests/integration/sick-mode/auto-disable.test.ts:78:32)

  ● POST /api/cron/sick-mode-auto-disable › should handle multiple families with different auto-disable settings

    expect(received).toBe(expected) // Object.is equality

    Expected: 1
    Received: 0

      267 |
      268 |     expect(response.status).toBe(200);
    > 269 |     expect(data.disabledCount).toBe(1);
          |                                ^
      270 |     expect(data.disabledInstances[0].familyId).toBe('family-1');
      271 |     
      272 |     // Only family-1 instance should be disabled

      at Object.toBe (tests/integration/sick-mode/auto-disable.test.ts:269:32)

FAIL tests/integration/api/family/sick-mode/end/route.test.ts
  ● /api/family/sick-mode/end › POST › should allow parents to end sick mode

    expect(jest.fn()).toHaveBeenCalledWith(...expected)

    - Expected
    + Received

      Object {
        "data": Object {
    -     "endedAt": Any<Date>,
    -     "endedById": "parent-test-123",
    +     "endedAt": "2026-01-21T13:14:17.328Z",
          "isActive": false,
    -   },
    -   "include": Object {
    -     "member": Object {
    -       "select": Object {
    -         "id": true,
    -         "name": true,
    -       },
    -     },
        },
        "where": Object {
          "id": "instance-1",
        },
      },

    Number of calls: 1

      78 |       expect(data.instance.endedById).toBe('parent-test-123');
      79 |
    > 80 |       expect(dbMock.sickModeInstance.update).toHaveBeenCalledWith({
         |                                              ^
      81 |         where: { id: 'instance-1' },
      82 |         data: {
      83 |           endedAt: expect.any(Date),

      at Object.toHaveBeenCalledWith (tests/integration/api/family/sick-mode/end/route.test.ts:80:46)

  ● /api/family/sick-mode/end › POST › should return 404 if instance not found

    expect(received).toBe(expected) // Object.is equality

    Expected: 404
    Received: 200

      119 |       const response = await POST(request);
      120 |
    > 121 |       expect(response.status).toBe(404);
          |                               ^
      122 |       const data = await response.json();
      123 |       expect(data.error).toBe('Sick mode instance not found');
      124 |     });

      at Object.toBe (tests/integration/api/family/sick-mode/end/route.test.ts:121:31)

  ● /api/family/sick-mode/end › POST › should return 404 if instance belongs to different family

    expect(received).toBe(expected) // Object.is equality

    Expected: 404
    Received: 200

      138 |       const response = await POST(request);
      139 |
    > 140 |       expect(response.status).toBe(404);
          |                               ^
      141 |       const data = await response.json();
      142 |       expect(data.error).toBe('Sick mode instance not found');
      143 |     });

      at Object.toBe (tests/integration/api/family/sick-mode/end/route.test.ts:140:31)

  ● /api/family/sick-mode/end › POST › should return 409 if sick mode already ended

    expect(received).toBe(expected) // Object.is equality

    Expected: 409
    Received: 200

      158 |       const response = await POST(request);
      159 |
    > 160 |       expect(response.status).toBe(409);
          |                               ^
      161 |       const data = await response.json();
      162 |       expect(data.error).toBe('Sick mode is already ended');
      163 |     });

      at Object.toBe (tests/integration/api/family/sick-mode/end/route.test.ts:160:31)

  ● /api/family/sick-mode/end › POST › should log audit event on successful end

    expect(jest.fn()).toHaveBeenCalledWith(...expected)

    Expected: {"data": {"action": "SICK_MODE_ENDED", "entityId": "instance-1", "entityType": "SickModeInstance", "familyId": "family-test-123", "memberId": "parent-test-123", "metadata": {"sickMemberId": "child-test-123"}, "result": "SUCCESS"}}

    Number of calls: 0

      181 |
      182 |       expect(response.status).toBe(200);
    > 183 |       expect(dbMock.auditLog.create).toHaveBeenCalledWith({
          |                                      ^
      184 |         data: {
      185 |           familyId: 'family-test-123',
      186 |           memberId: 'parent-test-123',

      at Object.toHaveBeenCalledWith (tests/integration/api/family/sick-mode/end/route.test.ts:183:38)

FAIL tests/integration/api/notifications/mark-all-read/route.test.ts
  ● /api/notifications/mark-all-read › PATCH › should mark all unread notifications as read

    expect(received).toBe(expected) // Object.is equality

    Expected: 5
    Received: 0

      51 |       expect(response.status).toBe(200)
      52 |       expect(data.success).toBe(true)
    > 53 |       expect(data.count).toBe(5)
         |                          ^
      54 |       expect(data.message).toBe('Marked 5 notifications as read')
      55 |
      56 |       expect(dbMock.notification.updateMany).toHaveBeenCalledWith({

      at Object.toBe (tests/integration/api/notifications/mark-all-read/route.test.ts:53:26)

  ● /api/notifications/mark-all-read › PATCH › should handle singular message correctly

    expect(received).toBe(expected) // Object.is equality

    Expected: "Marked 1 notification as read"
    Received: "Marked 0 notifications as read"

      79 |
      80 |       expect(response.status).toBe(200)
    > 81 |       expect(data.message).toBe('Marked 1 notification as read')
         |                            ^
      82 |     })
      83 |
      84 |     it('should handle zero notifications', async () => {

      at Object.toBe (tests/integration/api/notifications/mark-all-read/route.test.ts:81:28)

FAIL tests/integration/api/transport/today/route.test.ts
  ● /api/transport/today › should return 401 if not authenticated

    expect(received).toBe(expected) // Object.is equality

    Expected: 401
    Received: 500

      90 |     const response = await GET(request);
      91 |
    > 92 |     expect(response.status).toBe(401);
         |                             ^
      93 |   });
      94 |
      95 |   it('should return today\'s transport schedules', async () => {

      at Object.toBe (tests/integration/api/transport/today/route.test.ts:92:29)

  ● /api/transport/today › should return today's transport schedules

    expect(jest.fn()).toHaveBeenCalledWith(...expected)

    - Expected
    + Received

      Object {
    -   "include": Object {
    -     "carpool": Object {
    -       "select": Object {
    -         "id": true,
    -         "name": true,
    -       },
    -     },
    -     "driver": Object {
    -       "select": Object {
    -         "id": true,
    -         "name": true,
    -         "phone": true,
    -         "relationship": true,
    -       },
    -     },
    -     "location": Object {
    -       "select": Object {
    -         "address": true,
    -         "id": true,
    -         "name": true,
    -       },
    -     },
    -     "member": Object {
    -       "select": Object {
    -         "id": true,
    -         "name": true,
    -       },
    -     },
    -   },
        "orderBy": Object {
          "time": "asc",
        },
        "where": Object {
          "dayOfWeek": 1,
          "familyId": "family-test-123",
    -     "isActive": true,
        },
      },

    Number of calls: 1

      111 |     expect(data.schedules[1].time).toBe('15:30');
      112 |
    > 113 |     expect(dbMock.transportSchedule.findMany).toHaveBeenCalledWith({
          |                                               ^
      114 |       where: {
      115 |         familyId: 'family-test-123',
      116 |         dayOfWeek: 1, // Monday

      at Object.toHaveBeenCalledWith (tests/integration/api/transport/today/route.test.ts:113:47)

  ● /api/transport/today › should filter by member ID if provided

    TypeError: Date.now is not a function

      35 |       familyName: 'Test Family',
      36 |     },
    > 37 |     expires: new Date(Date.now() + 24 * 60 * 60 * 1000).toISOString(),
         |                            ^
      38 |   } as Session
      39 |
      40 |   if (!overrides) {

      at now (src/lib/test-utils/auth-mock.ts:37:28)
      at Object.<anonymous> (jest.setup.js:144:20)

  ● /api/transport/today › should return empty array if no schedules for today

    TypeError: Date.now is not a function

      35 |       familyName: 'Test Family',
      36 |     },
    > 37 |     expires: new Date(Date.now() + 24 * 60 * 60 * 1000).toISOString(),
         |                            ^
      38 |   } as Session
      39 |
      40 |   if (!overrides) {

      at now (src/lib/test-utils/auth-mock.ts:37:28)
      at Object.<anonymous> (jest.setup.js:144:20)

  ● /api/transport/today › should handle different days of week correctly

    TypeError: Date.now is not a function

      35 |       familyName: 'Test Family',
      36 |     },
    > 37 |     expires: new Date(Date.now() + 24 * 60 * 60 * 1000).toISOString(),
         |                            ^
      38 |   } as Session
      39 |
      40 |   if (!overrides) {

      at now (src/lib/test-utils/auth-mock.ts:37:28)
      at Object.<anonymous> (jest.setup.js:144:20)

FAIL tests/integration/api/routines/completions/route.test.ts
  ● GET /api/routines/completions › should return only own completions for child

    expect(jest.fn()).toHaveBeenCalledWith(...expected)

    Expected: ObjectContaining {"where": ObjectContaining {"memberId": "child-test-123"}}
    Received: {"include": {"member": {"select": {"id": true, "name": true}}, "routine": {"select": {"familyId": true}}}, "orderBy": {"completedAt": "desc"}, "skip": 0, "take": 50, "where": {"routine": {"familyId": "family-test-123"}}}

    Number of calls: 1

      134 |     const data = await response.json();
      135 |     expect(data.completions).toHaveLength(1);
    > 136 |     expect(dbMock.routineCompletion.findMany).toHaveBeenCalledWith(
          |                                               ^
      137 |       expect.objectContaining({
      138 |         where: expect.objectContaining({
      139 |           memberId: session.user.id,

      at Object.toHaveBeenCalledWith (tests/integration/api/routines/completions/route.test.ts:136:47)

  ● GET /api/routines/completions › should filter completions by date range

    expect(jest.fn()).toHaveBeenCalledWith(...expected)

    Expected: ObjectContaining {"where": ObjectContaining {"date": {"gte": Any<Date>, "lte": Any<Date>}}}
    Received: {"include": {"member": {"select": {"id": true, "name": true}}, "routine": {"select": {"familyId": true}}}, "orderBy": {"completedAt": "desc"}, "skip": 0, "take": 50, "where": {"date": {"gte": "2026-01-01", "lte": "2026-01-07"}, "routine": {"familyId": "family-test-123"}}}

    Number of calls: 1

      245 |
      246 |     expect(response.status).toBe(200);
    > 247 |     expect(dbMock.routineCompletion.findMany).toHaveBeenCalledWith(
          |                                               ^
      248 |       expect.objectContaining({
      249 |         where: expect.objectContaining({
      250 |           date: {

      at Object.toHaveBeenCalledWith (tests/integration/api/routines/completions/route.test.ts:247:47)

  ● GET /api/routines/completions › should support pagination with limit and offset

    TypeError: Cannot read properties of undefined (reading 'total')

      274 |     expect(response.status).toBe(200);
      275 |     const data = await response.json();
    > 276 |     expect(data.pagination.total).toBe(50);
          |                            ^
      277 |     expect(data.pagination.limit).toBe(10);
      278 |     expect(data.pagination.offset).toBe(20);
      279 |     expect(dbMock.routineCompletion.findMany).toHaveBeenCalledWith(

      at Object.total (tests/integration/api/routines/completions/route.test.ts:276:28)

FAIL tests/integration/api/rewards/redemptions/[id]/approve/route.test.ts
  ● /api/rewards/redemptions/[id]/approve › POST › should return 403 if user is not a parent

    expect(received).toBe(expected) // Object.is equality

    Expected: "Forbidden"
    Received: "Forbidden - Parent access required"

      74 |
      75 |       expect(response.status).toBe(403)
    > 76 |       expect(data.error).toBe('Forbidden')
         |                          ^
      77 |     })
      78 |
      79 |     it('should return 404 if redemption not found', async () => {

      at Object.toBe (tests/integration/api/rewards/redemptions/[id]/approve/route.test.ts:76:26)

  ● /api/rewards/redemptions/[id]/approve › POST › should approve redemption successfully

    expect(jest.fn()).toHaveBeenCalledWith(...expected)

    - Expected
    + Received

    @@ -1,8 +1,8 @@
      Object {
        "data": Object {
    -     "approvedAt": Any<Date>,
    +     "approvedAt": "2026-01-21T13:14:18.104Z",
          "approvedById": "parent-test-123",
          "status": "APPROVED",
        },
        "include": Object {
          "member": Object {,

    Number of calls: 1

      163 |       expect(data.message).toContain('Approved')
      164 |
    > 165 |       expect(dbMock.rewardRedemption.update).toHaveBeenCalledWith({
          |                                              ^
      166 |         where: { id: redemptionId },
      167 |         data: {
      168 |           status: 'APPROVED',

      at Object.toHaveBeenCalledWith (tests/integration/api/rewards/redemptions/[id]/approve/route.test.ts:165:46)

FAIL tests/integration/api/leaderboard/route.test.ts
  ● /api/leaderboard › GET › should return leaderboard for weekly period

    expect(received).toBe(expected) // Object.is equality

    Expected: "weekly"
    Received: "WEEKLY"

      68 |
      69 |       expect(response.status).toBe(200)
    > 70 |       expect(data.period).toBe('weekly')
         |                           ^
      71 |       expect(data.leaderboard).toHaveLength(2)
      72 |       expect(data.leaderboard[0].rank).toBe(1)
      73 |       expect(data.leaderboard[0].score).toBe(100) // (5 * 10) + 50

      at Object.toBe (tests/integration/api/leaderboard/route.test.ts:70:27)

  ● /api/leaderboard › GET › should return leaderboard for all-time period

    expect(received).toBe(expected) // Object.is equality

    Expected: "all-time"
    Received: "ALL_TIME"

      93 |
      94 |       expect(response.status).toBe(200)
    > 95 |       expect(data.period).toBe('all-time')
         |                           ^
      96 |       expect(data.leaderboard[0].score).toBe(200)
      97 |       expect(data.leaderboard[1].score).toBe(150)
      98 |     })

      at Object.toBe (tests/integration/api/leaderboard/route.test.ts:95:27)

  ● /api/leaderboard › GET › should handle members without streaks

    TypeError: Cannot read properties of undefined (reading 'streak')

      112 |
      113 |       expect(response.status).toBe(200)
    > 114 |       expect(data.leaderboard[0].streak).toBe(0)
          |                                  ^
      115 |     })
      116 |
      117 |     it('should return 500 on error', async () => {

      at Object.streak (tests/integration/api/leaderboard/route.test.ts:114:34)

  ● /api/leaderboard › GET › should return 500 on error

    expect(received).toBe(expected) // Object.is equality

    Expected: 500
    Received: 200

      124 |       const data = await response.json()
      125 |
    > 126 |       expect(response.status).toBe(500)
          |                               ^
      127 |       expect(data.error).toBe('Failed to fetch leaderboard')
      128 |     })
      129 |   })

      at Object.toBe (tests/integration/api/leaderboard/route.test.ts:126:31)

FAIL tests/integration/api/inventory/low-stock/route.test.ts
  ● /api/inventory/low-stock › should return 401 if not authenticated

    expect(received).toBe(expected) // Object.is equality

    Expected: 401
    Received: 500

      23 |     const response = await GET(request);
      24 |
    > 25 |     expect(response.status).toBe(401);
         |                             ^
      26 |   });
      27 |
      28 |   it('should return items where quantity <= threshold', async () => {

      at Object.toBe (tests/integration/api/inventory/low-stock/route.test.ts:25:29)

  ● /api/inventory/low-stock › should return items where quantity <= threshold

    expect(jest.fn()).toHaveBeenCalledWith(...expected)

    - Expected
    + Received

    @@ -2,10 +2,7 @@
        "orderBy": Object {
          "name": "asc",
        },
        "where": Object {
          "familyId": "family-test-123",
    -     "lowStockThreshold": Object {
    -       "not": null,
    -     },
        },
      },

    Number of calls: 1

      74 |
      75 |     // Verify query filters for low stock (quantity <= threshold)
    > 76 |     expect(dbMock.inventoryItem.findMany).toHaveBeenCalledWith({
         |                                           ^
      77 |       where: {
      78 |         familyId: 'family-test-123',
      79 |         lowStockThreshold: {

      at Object.toHaveBeenCalledWith (tests/integration/api/inventory/low-stock/route.test.ts:76:43)

FAIL tests/integration/api/financial/analytics/route.test.ts
  ● /api/financial/analytics › GET › should return 500 on error

    expect(received).toBe(expected) // Object.is equality

    Expected: "Failed to fetch analytics"
    Received: "Failed to get analytics"

      257 |
      258 |       expect(response.status).toBe(500)
    > 259 |       expect(data.error).toBe('Failed to fetch analytics')
          |                          ^
      260 |     })
      261 |   })
      262 | })

      at Object.toBe (tests/integration/api/financial/analytics/route.test.ts:259:26)

FAIL tests/integration/api/family/sick-mode/status/route.test.ts
  ● /api/family/sick-mode/status › GET › should return all active sick mode instances for family

    TypeError: expect(received).toHaveLength(expected)

    Matcher error: received value must have a length property whose value must be a number

    Received has value: undefined

      73 |       expect(response.status).toBe(200);
      74 |       const data = await response.json();
    > 75 |       expect(data.instances).toHaveLength(1);
         |                              ^
      76 |       expect(data.instances[0].isActive).toBe(true);
      77 |
      78 |       expect(dbMock.sickModeInstance.findMany).toHaveBeenCalledWith({

      at Object.toHaveLength (tests/integration/api/family/sick-mode/status/route.test.ts:75:30)

  ● /api/family/sick-mode/status › GET › should allow children to view sick mode status

    TypeError: expect(received).toHaveLength(expected)

    Matcher error: received value must have a length property whose value must be a number

    Received has value: undefined

      105 |       expect(response.status).toBe(200);
      106 |       const data = await response.json();
    > 107 |       expect(data.instances).toHaveLength(1);
          |                              ^
      108 |     });
      109 |
      110 |     it('should filter by memberId if provided', async () => {

      at Object.toHaveLength (tests/integration/api/family/sick-mode/status/route.test.ts:107:30)

  ● /api/family/sick-mode/status › GET › should filter by memberId if provided

    TypeError: expect(received).toHaveLength(expected)

    Matcher error: received value must have a length property whose value must be a number

    Received has value: undefined

      126 |       expect(response.status).toBe(200);
      127 |       const data = await response.json();
    > 128 |       expect(data.instances).toHaveLength(1);
          |                              ^
      129 |
      130 |       expect(dbMock.sickModeInstance.findMany).toHaveBeenCalledWith({
      131 |         where: {

      at Object.toHaveLength (tests/integration/api/family/sick-mode/status/route.test.ts:128:30)

  ● /api/family/sick-mode/status › GET › should return 404 if filtered member not found

    expect(received).toBe(expected) // Object.is equality

    Expected: 404
    Received: 200

      152 |       const response = await GET(request);
      153 |
    > 154 |       expect(response.status).toBe(404);
          |                               ^
      155 |       const data = await response.json();
      156 |       expect(data.error).toBe('Member not found');
      157 |     });

      at Object.toBe (tests/integration/api/family/sick-mode/status/route.test.ts:154:31)

  ● /api/family/sick-mode/status › GET › should return empty array if no active instances

    TypeError: expect(received).toHaveLength(expected)

    Matcher error: received value must have a length property whose value must be a number

    Received has value: undefined

      167 |       expect(response.status).toBe(200);
      168 |       const data = await response.json();
    > 169 |       expect(data.instances).toHaveLength(0);
          |                              ^
      170 |     });
      171 |
      172 |     it('should include all instances if includeEnded=true', async () => {

      at Object.toHaveLength (tests/integration/api/family/sick-mode/status/route.test.ts:169:30)

  ● /api/family/sick-mode/status › GET › should include all instances if includeEnded=true

    TypeError: expect(received).toHaveLength(expected)

    Matcher error: received value must have a length property whose value must be a number

    Received has value: undefined

      192 |       expect(response.status).toBe(200);
      193 |       const data = await response.json();
    > 194 |       expect(data.instances).toHaveLength(2);
          |                              ^
      195 |
      196 |       expect(dbMock.sickModeInstance.findMany).toHaveBeenCalledWith({
      197 |         where: {

      at Object.toHaveLength (tests/integration/api/family/sick-mode/status/route.test.ts:194:30)

FAIL tests/integration/api/allowance/[id]/route.test.ts
  ● /api/allowance/[id] › PUT › should validate amount is positive

    expect(received).toBe(expected) // Object.is equality

    Expected: 400
    Received: 200

      124 |       const data = await response.json()
      125 |
    > 126 |       expect(response.status).toBe(400)
          |                               ^
      127 |       expect(data.error).toContain('positive')
      128 |     })
      129 |   })

      at Object.toBe (tests/integration/api/allowance/[id]/route.test.ts:126:31)

  ● /api/allowance/[id] › DELETE › should deactivate allowance schedule

    expect(jest.fn()).toHaveBeenCalledWith(...expected)

    Expected: {"data": {"isActive": false}, "where": {"id": "schedule-1"}}

    Number of calls: 0

      184 |       expect(response.status).toBe(200)
      185 |       expect(data.success).toBe(true)
    > 186 |       expect(dbMock.allowanceSchedule.update).toHaveBeenCalledWith({
          |                                               ^
      187 |         where: { id: 'schedule-1' },
      188 |         data: { isActive: false },
      189 |       })

      at Object.toHaveBeenCalledWith (tests/integration/api/allowance/[id]/route.test.ts:186:47)

FAIL tests/integration/api/chores/schedules/[scheduleId]/assignments/[assignmentId]/route.test.ts
  ● /api/chores/schedules/[scheduleId]/assignments/[assignmentId] › DELETE › should return 400 if trying to delete last assignment

    expect(received).toBe(expected) // Object.is equality

    Expected: 400
    Received: 500

      88 |       const data = await response.json()
      89 |
    > 90 |       expect(response.status).toBe(400)
         |                               ^
      91 |       expect(data.error).toBe('Cannot remove the last assignment from a schedule')
      92 |     })
      93 |

      at Object.toBe (tests/integration/api/chores/schedules/[scheduleId]/assignments/[assignmentId]/route.test.ts:90:31)

  ● /api/chores/schedules/[scheduleId]/assignments/[assignmentId] › DELETE › should soft delete assignment successfully

    expect(received).toBe(expected) // Object.is equality

    Expected: 200
    Received: 500

      108 |       const data = await response.json()
      109 |
    > 110 |       expect(response.status).toBe(200)
          |                               ^
      111 |       expect(data.success).toBe(true)
      112 |       expect(data.message).toBe('Assignment removed successfully')
      113 |

      at Object.toBe (tests/integration/api/chores/schedules/[scheduleId]/assignments/[assignmentId]/route.test.ts:110:31)

FAIL tests/integration/api/geocoding/route.test.ts
  ● /api/geocoding › City Name Geocoding › should handle API errors gracefully

    expect(received).toContain(expected) // indexOf

    Expected substring: "Failed to geocode location"
    Received string:    "Failed to fetch geocoding data"

      225 |       expect(response.status).toBe(500);
      226 |       const data = await response.json();
    > 227 |       expect(data.error).toContain('Failed to geocode location');
          |                          ^
      228 |     });
      229 |   });
      230 |

      at Object.toContain (tests/integration/api/geocoding/route.test.ts:227:26)

  ● /api/geocoding › Error Handling › should handle network errors

    expect(received).toBe(expected) // Object.is equality

    Expected: "Failed to geocode location"
    Received: "Failed to fetch geocoding data"

      239 |       expect(response.status).toBe(500);
      240 |       const data = await response.json();
    > 241 |       expect(data.error).toBe('Failed to geocode location');
          |                          ^
      242 |     });
      243 |   });
      244 | });

      at Object.toBe (tests/integration/api/geocoding/route.test.ts:241:26)

FAIL tests/integration/api/family/route.test.ts
  ● /api/family › GET › should return family details for authenticated user

    expect(jest.fn()).toHaveBeenCalledWith(...expected)

    - Expected
    + Received

    @@ -16,10 +16,11 @@
              "email": true,
              "id": true,
              "isActive": true,
              "name": true,
              "role": true,
    +         "userId": true,
            },
          },
        },
        "where": Object {
          "id": "family-test-123",,

    Number of calls: 1

      74 |       expect(data.family).toEqual(mockFamily)
      75 |
    > 76 |       expect(dbMock.family.findUnique).toHaveBeenCalledWith({
         |                                        ^
      77 |         where: { id: session.user.familyId },
      78 |         include: {
      79 |           members: {

      at Object.toHaveBeenCalledWith (tests/integration/api/family/route.test.ts:76:40)

  ● /api/family › PATCH › should return 403 if not authenticated

    expect(received).toBe(expected) // Object.is equality

    Expected: 403
    Received: 200

      133 |       const data = await response.json()
      134 |
    > 135 |       expect(response.status).toBe(403)
          |                               ^
      136 |       expect(data.error).toBe('Unauthorized - Parent access required')
      137 |     })
      138 |

      at Object.toBe (tests/integration/api/family/route.test.ts:135:31)

  ● /api/family › PATCH › should return 403 if user is not a parent

    expect(received).toBe(expected) // Object.is equality

    Expected: 403
    Received: 200

      148 |       const data = await response.json()
      149 |
    > 150 |       expect(response.status).toBe(403)
          |                               ^
      151 |       expect(data.error).toBe('Unauthorized - Parent access required')
      152 |     })
      153 |

      at Object.toBe (tests/integration/api/family/route.test.ts:150:31)

  ● /api/family › PATCH › should update family settings successfully

    expect(received).toBe(expected) // Object.is equality

    Expected: "Family settings updated successfully"
    Received: "Family updated successfully"

      178 |       expect(response.status).toBe(200)
      179 |       expect(data.family).toEqual(mockUpdatedFamily)
    > 180 |       expect(data.message).toBe('Family settings updated successfully')
          |                            ^
      181 |
      182 |       expect(dbMock.family.update).toHaveBeenCalledWith({
      183 |         where: { id: session.user.familyId },

      at Object.toBe (tests/integration/api/family/route.test.ts:180:28)

FAIL tests/integration/api/transport/locations/route.test.ts
  ● /api/transport/locations › POST › should return 403 if not a parent

    expect(received).toBe(expected) // Object.is equality

    Expected: 403
    Received: 200

      84 |       const response = await POST(request);
      85 |
    > 86 |       expect(response.status).toBe(403);
         |                               ^
      87 |     });
      88 |
      89 |     it('should return 400 if name is missing', async () => {

      at Object.toBe (tests/integration/api/transport/locations/route.test.ts:86:31)

  ● /api/transport/locations › POST › should return 400 if name is missing

    expect(received).toBe(expected) // Object.is equality

    Expected: 400
    Received: 200

      94 |       const response = await POST(request);
      95 |
    > 96 |       expect(response.status).toBe(400);
         |                               ^
      97 |     });
      98 |
      99 |     it('should create location successfully', async () => {

      at Object.toBe (tests/integration/api/transport/locations/route.test.ts:96:31)

  ● /api/transport/locations › POST › should create location successfully

    expect(received).toBe(expected) // Object.is equality

    Expected: 201
    Received: 200

      110 |       const response = await POST(request);
      111 |
    > 112 |       expect(response.status).toBe(201);
          |                               ^
      113 |       const data = await response.json();
      114 |       expect(data.location.name).toBe('Elementary School');
      115 |

      at Object.toBe (tests/integration/api/transport/locations/route.test.ts:112:31)

FAIL tests/integration/api/screentime/allowances/route.test.ts
  ● /api/screentime/allowances › GET › should return all allowances for family

    expect(received).toHaveLength(expected)

    Expected length: 1
    Received length: 0
    Received array:  []

      74 |
      75 |       expect(response.status).toBe(200);
    > 76 |       expect((data as any).allowances).toHaveLength(1);
         |                                        ^
      77 |       expect((data as any).allowances[0].allowanceMinutes).toBe(120);
      78 |     });
      79 |

      at Object.toHaveLength (tests/integration/api/screentime/allowances/route.test.ts:76:40)

  ● /api/screentime/allowances › GET › should filter by screenTimeTypeId if provided

    expect(jest.fn()).toHaveBeenCalledWith(...expected)

    Expected: ObjectContaining {"where": ObjectContaining {"screenTimeTypeId": "type-1"}}

    Number of calls: 0

      103 |       await GET(request);
      104 |
    > 105 |       expect(dbMock.screenTimeAllowance.findMany).toHaveBeenCalledWith(
          |                                                   ^
      106 |         expect.objectContaining({
      107 |           where: expect.objectContaining({
      108 |             screenTimeTypeId: 'type-1',

      at Object.toHaveBeenCalledWith (tests/integration/api/screentime/allowances/route.test.ts:105:51)

FAIL tests/integration/api/transport/drivers/route.test.ts
  ● /api/transport/drivers › POST › should return 403 if not a parent

    expect(received).toBe(expected) // Object.is equality

    Expected: 403
    Received: 200

      85 |       const response = await POST(request);
      86 |
    > 87 |       expect(response.status).toBe(403);
         |                               ^
      88 |     });
      89 |
      90 |     it('should return 400 if name is missing', async () => {

      at Object.toBe (tests/integration/api/transport/drivers/route.test.ts:87:31)

  ● /api/transport/drivers › POST › should return 400 if name is missing

    expect(received).toBe(expected) // Object.is equality

    Expected: 400
    Received: 200

       95 |       const response = await POST(request);
       96 |
    >  97 |       expect(response.status).toBe(400);
          |                               ^
       98 |     });
       99 |
      100 |     it('should create driver successfully', async () => {

      at Object.toBe (tests/integration/api/transport/drivers/route.test.ts:97:31)

  ● /api/transport/drivers › POST › should create driver successfully

    expect(received).toBe(expected) // Object.is equality

    Expected: 201
    Received: 200

      112 |       const response = await POST(request);
      113 |
    > 114 |       expect(response.status).toBe(201);
          |                               ^
      115 |       const data = await response.json();
      116 |       expect(data.driver.name).toBe('Mom');
      117 |

      at Object.toBe (tests/integration/api/transport/drivers/route.test.ts:114:31)

FAIL tests/integration/api/shopping/route.test.ts
  ● /api/shopping › GET › should return existing active shopping list

    expect(jest.fn()).toHaveBeenCalledWith(...expected)

    - Expected
    + Received

      Object {
    -   "include": ObjectContaining {
    -     "items": ObjectContaining {
    -       "orderBy": Any<Array>,
    -       "where": Any<Object>,
    +   "include": Object {
    +     "items": true,
        },
    +   "orderBy": Object {
    +     "createdAt": "desc",
        },
    +   "take": 1,
        "where": Object {
          "familyId": "family-test-123",
          "isActive": true,
        },
      },

    Number of calls: 1

      58 |       expect(data.list.id).toBe('list-1')
      59 |       expect(data.items).toEqual(mockList.items)
    > 60 |       expect(dbMock.shoppingList.findFirst).toHaveBeenCalledWith({
         |                                             ^
      61 |         where: {
      62 |           familyId: session.user.familyId,
      63 |           isActive: true,

      at Object.toHaveBeenCalledWith (tests/integration/api/shopping/route.test.ts:60:45)

  ● /api/shopping › GET › should create shopping list if none exists

    expect(received).toBe(expected) // Object.is equality

    Expected: 200
    Received: 500

      87 |       const data = await response.json()
      88 |
    > 89 |       expect(response.status).toBe(200)
         |                               ^
      90 |       expect(data.list.id).toBe('new-list-1')
      91 |       expect(dbMock.shoppingList.create).toHaveBeenCalledWith({
      92 |         data: {

      at Object.toBe (tests/integration/api/shopping/route.test.ts:89:31)

  ● /api/shopping › GET › should filter items by status

    expect(jest.fn()).toHaveBeenCalledWith(...expected)

    - Expected
    + Received

      Object {
    -   "include": ObjectContaining {
    -     "items": ObjectContaining {
    -       "where": Object {
    -         "status": Object {
    -           "in": Array [
    -             "PENDING",
    -             "IN_CART",
    -           ],
    +   "include": Object {
    +     "items": true,
        },
    -       },
    +   "orderBy": Object {
    +     "createdAt": "desc",
        },
    +   "take": 1,
    +   "where": Object {
    +     "familyId": "family-test-123",
    +     "isActive": true,
        },
    -   "where": Any<Object>,
      },

    Number of calls: 1

      117 |       await GET()
      118 |
    > 119 |       expect(dbMock.shoppingList.findFirst).toHaveBeenCalledWith({
          |                                             ^
      120 |         where: expect.any(Object),
      121 |         include: expect.objectContaining({
      122 |           items: expect.objectContaining({

      at Object.toHaveBeenCalledWith (tests/integration/api/shopping/route.test.ts:119:45)

FAIL tests/integration/api/family/guests/route.test.ts
  ● /api/family/guests › GET /api/family/guests › should return all active guest invites

    expect(jest.fn()).toHaveBeenCalledWith(...expected)

    - Expected
    + Received

    @@ -1,19 +1,17 @@
      Object {
        "include": Object {
    -     "invitedBy": Object {
    +     "family": Object {
            "select": Object {
              "id": true,
              "name": true,
            },
          },
    -     "sessions": Object {
    -       "orderBy": Object {
    -         "startedAt": "desc",
    -       },
    -       "where": Object {
    -         "endedAt": null,
    +     "invitedBy": Object {
    +       "select": Object {
    +         "id": true,
    +         "name": true,
            },
          },
        },
        "orderBy": Object {
          "createdAt": "desc",,

    Number of calls: 1

      77 |       expect(data.invites[1].guestName).toBe('Babysitter Jane');
      78 |
    > 79 |       expect(dbMock.guestInvite.findMany).toHaveBeenCalledWith({
         |                                           ^
      80 |         where: {
      81 |           familyId: 'family-test-123',
      82 |           status: {

      at Object.toHaveBeenCalledWith (tests/integration/api/family/guests/route.test.ts:79:43)

  ● /api/family/guests › GET /api/family/guests › should handle database errors gracefully

    expect(received).toBe(expected) // Object.is equality

    Expected: "Failed to fetch guest invites"
    Received: "Failed to get guest invites"

      125 |       expect(response.status).toBe(500);
      126 |       const data = await response.json();
    > 127 |       expect(data.error).toBe('Failed to fetch guest invites');
          |                          ^
      128 |     });
      129 |   });
      130 | });

      at Object.toBe (tests/integration/api/family/guests/route.test.ts:127:26)

PASS tests/unit/lib/token-encryption.test.ts
PASS tests/components/routines/RoutineExecutionView.test.tsx
PASS tests/components/communication/PostComposer.test.tsx
PASS tests/components/recipes/NewRecipeForm.test.tsx
PASS tests/unit/lib/rate-limit.test.ts
PASS tests/components/auth/ChildPinLogin.test.tsx
PASS tests/hooks/useDashboardWidgets.test.ts
PASS tests/components/rules/CreateRuleForm.test.tsx
PASS tests/components/communication/CommunicationFeed.test.tsx
PASS tests/components/approvals/ApprovalCard.test.tsx
PASS tests/components/routines/RoutineBuilder.test.tsx
PASS tests/components/rules/RulesList.test.tsx
PASS tests/components/allowance/AllowanceManage.test.tsx
PASS tests/components/financial/FinancialDashboard.test.tsx
PASS tests/components/notifications/NotificationBell.test.tsx
PASS tests/integration/sick-mode/notifications.test.ts
PASS tests/integration/api/meals/plan/dishes/route.test.ts
PASS tests/components/rules/ExecutionHistory.test.tsx
PASS tests/components/dashboard/widgets/MaintenanceWidget.test.tsx
PASS tests/components/dashboard/widgets/MedicationWidget.test.tsx
PASS tests/components/screentime/GraceRequest.test.tsx
PASS tests/components/screentime/GraceRequestButton.test.tsx
PASS tests/components/meals/RecipesList.test.tsx
PASS tests/components/ui/Modal.test.tsx
PASS tests/components/dashboard/widgets/MealsWidget.test.tsx
PASS tests/components/dashboard/widgets/InventoryWidget.test.tsx
PASS tests/integration/api/kiosk/auth.test.ts
PASS tests/unit/lib/budget-tracker.test.ts
PASS tests/unit/lib/rules-engine/triggers.test.ts
PASS tests/components/dashboard/widgets/TransportWidget.test.tsx
PASS tests/integration/api/communication/route.test.ts
PASS tests/unit/lib/input-validation.test.ts
PASS tests/unit/lib/financial-analytics.test.ts
PASS tests/hooks/useKioskSession.test.ts
  ● Console

    console.error
      Error: Not implemented: navigation (except hash changes)
          at Object.logoutChild (src/hooks/useKioskSession.ts:145:27)
          at <unknown> (tests/hooks/useKioskSession.test.ts:84:7) {
        type: 'not implemented'
      }

      143 |     // After child logout, stay in kiosk and return to dashboard
      144 |     if (typeof window !== 'undefined') {
    > 145 |       window.location.href = '/kiosk';
          |                           ^
      146 |     }
      147 |   }, [state.childToken])
      148 |

      at VirtualConsole.<anonymous> (node_modules/@jest/environment-jsdom-abstract/build/index.js:87:23)
      at module.exports (node_modules/jsdom/lib/jsdom/browser/not-implemented.js:12:26)
      at navigateFetch (node_modules/jsdom/lib/jsdom/living/window/navigation.js:77:3)
      at exports.navigate (node_modules/jsdom/lib/jsdom/living/window/navigation.js:55:3)
      at LocationImpl._locationObjectNavigate (node_modules/jsdom/lib/jsdom/living/window/Location-impl.js:30:5)
      at LocationImpl._locationObjectSetterNavigate (node_modules/jsdom/lib/jsdom/living/window/Location-impl.js:24:17)
      at LocationImpl.set href [as href] (node_modules/jsdom/lib/jsdom/living/window/Location-impl.js:46:10)
      at Location.set href [as href] (node_modules/jsdom/lib/jsdom/living/generated/Location.js:125:37)
      at Object.logoutChild (src/hooks/useKioskSession.ts:145:27)
      at tests/hooks/useKioskSession.test.ts:84:7

PASS tests/hooks/useActivityDetection.test.ts
PASS tests/components/dashboard/TopBar.test.tsx
PASS tests/unit/lib/allowance-scheduler.test.ts
PASS tests/hooks/useKioskAutoLock.test.ts
PASS tests/integration/api/rewards/[id]/route.test.ts
PASS tests/integration/middleware.test.ts
PASS tests/unit/lib/chore-scheduler.test.ts
PASS tests/integration/api/todos/route.test.ts
PASS tests/unit/lib/rules-engine/validation.test.ts
PASS tests/integration/api/todos/[id]/route.test.ts
PASS tests/integration/api/screentime/stats/route.test.ts
PASS tests/integration/api/financial/transactions/route.test.ts
PASS tests/integration/api/achievements/route.test.ts
PASS tests/unit/lib/rules-engine/safety.test.ts
PASS tests/unit/lib/rules-engine/conditions.test.ts
PASS tests/unit/lib/logger.test.ts
PASS tests/integration/api/approvals/stats.test.ts
PASS tests/integration/api/chores/schedules/[scheduleId]/assignments/route.test.ts
PASS tests/integration/api/meals/plan/[id]/route.test.ts
PASS tests/integration/api/chores/schedules/[scheduleId]/route.test.ts
PASS tests/integration/race-conditions.test.ts
PASS tests/integration/api/approvals/route.test.ts
PASS tests/integration/api/screentime/grace/history.test.ts
PASS tests/integration/api/kiosk/device-flow.test.ts
PASS tests/integration/api/screentime/allowances/[memberId]/route.test.ts
PASS tests/integration/api/dashboard/widgets.test.ts
PASS tests/integration/api/calendar/google/connect/route.test.ts
PASS tests/integration/api/setup/onboarding/route.test.ts
PASS tests/integration/api/rewards/redemptions/route.test.ts
PASS tests/integration/api/documents/expiring/route.test.ts
PASS tests/integration/api/todos/clear-completed/route.test.ts
PASS tests/integration/api/children/route.test.ts
PASS tests/integration/api/achievements/init/route.test.ts
FAIL src/lib/test-utils/__tests__/supabase-mocks.test.ts
  ● Test suite failed to run

    Jest encountered an unexpected token

    Jest failed to parse a file. This happens e.g. when your code or its dependencies use non-standard JavaScript syntax, or when Jest is not configured to support such syntax.

    Out of the box Jest supports Babel, which will be used to transform your files into valid JS based on your Babel configuration.

    By default "node_modules" folder is ignored by transformers.

    Here's what you can do:
     • If you are trying to use ECMAScript Modules, see https://jestjs.io/docs/ecmascript-modules for how to enable it.
     • If you are trying to use TypeScript, see https://jestjs.io/docs/getting-started#using-typescript
     • To have some of your "node_modules" files transformed, you can specify a custom "transformIgnorePatterns" in your config.
     • If you need a custom transformation, specify a "transform" option in your config.
     • If you simply want to mock your non-JS modules (e.g. binary assets) you can stub them out with the "moduleNameMapper" config option.

    You'll find more details and examples of these config options in the docs:
    https://jestjs.io/docs/configuration
    For information about custom transformations, see:
    https://jestjs.io/docs/code-transformation

    Details:

    /Users/cblanchard/Repos/Hearth/src/lib/test-utils/supabase-mock.ts:77
    const jest = jestLocal;
          ^

    SyntaxError: Identifier 'jest' has already been declared

      11 | import {
      12 |   createMockSupabaseClient,
    > 13 |   mockSupabaseSelect,
         |                      ^
      14 |   mockSupabaseSingle,
      15 |   mockSupabaseInsert,
      16 |   mockSupabaseUpdate,

      at Runtime.createScriptFromCode (node_modules/jest-runtime/build/index.js:1318:40)
      at Object.<anonymous> (src/lib/test-utils/__tests__/supabase-mocks.test.ts:13:23)

Summary of all failing tests
FAIL tests/components/meals/MealPlanner.test.tsx (10.846 s)
  ● MealPlanner Component › should render week navigation

    Unable to find an element with the text: /Week of/i. This could be because the text is broken up by multiple elements. In this case, you can provide a function for your text matcher to make your matcher more flexible.

    Ignored nodes: comments, script, style
    [36m<body>[39m
      [36m<div>[39m
        [36m<div[39m
          [33mclass[39m=[32m"flex items-center justify-center min-h-[400px]"[39m
        [36m>[39m
          [36m<div[39m
            [33mclass[39m=[32m"text-red-600 dark:text-red-400"[39m
          [36m>[39m
            [0mCannot read properties of undefined (reading 'ok')[0m
          [36m</div>[39m
        [36m</div>[39m
      [36m</div>[39m
    [36m</body>[39m

      57 |     render(<MealPlanner />);
      58 |
    > 59 |     await waitFor(() => {
         |                  ^
      60 |       expect(screen.getByText(/Week of/i)).toBeInTheDocument();
      61 |       expect(screen.getByRole('button', { name: /previous week/i })).toBeInTheDocument();
      62 |       expect(screen.getByRole('button', { name: /next week/i })).toBeInTheDocument();

      at waitForWrapper (node_modules/@testing-library/dom/dist/wait-for.js:163:27)
      at Object.<anonymous> (tests/components/meals/MealPlanner.test.tsx:59:18)

  ● MealPlanner Component › should display empty state when no meals planned

    Unable to find an element with the text: /no meals planned/i. This could be because the text is broken up by multiple elements. In this case, you can provide a function for your text matcher to make your matcher more flexible.

    Ignored nodes: comments, script, style
    [36m<body>[39m
      [36m<div>[39m
        [36m<div[39m
          [33mclass[39m=[32m"flex items-center justify-center min-h-[400px]"[39m
        [36m>[39m
          [36m<div[39m
            [33mclass[39m=[32m"text-red-600 dark:text-red-400"[39m
          [36m>[39m
            [0mCannot read properties of undefined (reading 'ok')[0m
          [36m</div>[39m
        [36m</div>[39m
      [36m</div>[39m
    [36m</body>[39m

      88 |     render(<MealPlanner />);
      89 |
    > 90 |     await waitFor(() => {
         |                  ^
      91 |       expect(screen.getByText(/no meals planned/i)).toBeInTheDocument();
      92 |     });
      93 |   });

      at waitForWrapper (node_modules/@testing-library/dom/dist/wait-for.js:163:27)
      at Object.<anonymous> (tests/components/meals/MealPlanner.test.tsx:90:18)

  ● MealPlanner Component › should display meal entries in calendar grid

    Unable to find an element with the text: Pancakes. This could be because the text is broken up by multiple elements. In this case, you can provide a function for your text matcher to make your matcher more flexible.

    Ignored nodes: comments, script, style
    [36m<body>[39m
      [36m<div>[39m
        [36m<div[39m
          [33mclass[39m=[32m"flex items-center justify-center min-h-[400px]"[39m
        [36m>[39m
          [36m<div[39m
            [33mclass[39m=[32m"text-red-600 dark:text-red-400"[39m
          [36m>[39m
            [0mCannot read properties of undefined (reading 'ok')[0m
          [36m</div>[39m
        [36m</div>[39m
      [36m</div>[39m
    [36m</body>[39m

      101 |     render(<MealPlanner />);
      102 |
    > 103 |     await waitFor(() => {
          |                  ^
      104 |       expect(screen.getByText('Pancakes')).toBeInTheDocument();
      105 |       expect(screen.getByText('Spaghetti')).toBeInTheDocument();
      106 |     });

      at waitForWrapper (node_modules/@testing-library/dom/dist/wait-for.js:163:27)
      at Object.<anonymous> (tests/components/meals/MealPlanner.test.tsx:103:18)

  ● MealPlanner Component › should show meal type labels

    Unable to find an element with the text: /breakfast/i. This could be because the text is broken up by multiple elements. In this case, you can provide a function for your text matcher to make your matcher more flexible.

    Ignored nodes: comments, script, style
    [36m<body>[39m
      [36m<div>[39m
        [36m<div[39m
          [33mclass[39m=[32m"flex items-center justify-center min-h-[400px]"[39m
        [36m>[39m
          [36m<div[39m
            [33mclass[39m=[32m"text-red-600 dark:text-red-400"[39m
          [36m>[39m
            [0mCannot read properties of undefined (reading 'ok')[0m
          [36m</div>[39m
        [36m</div>[39m
      [36m</div>[39m
    [36m</body>[39m

      115 |     render(<MealPlanner />);
      116 |
    > 117 |     await waitFor(() => {
          |                  ^
      118 |       expect(screen.getByText(/breakfast/i)).toBeInTheDocument();
      119 |       expect(screen.getByText(/dinner/i)).toBeInTheDocument();
      120 |     });

      at waitForWrapper (node_modules/@testing-library/dom/dist/wait-for.js:163:27)
      at Object.<anonymous> (tests/components/meals/MealPlanner.test.tsx:117:18)

  ● MealPlanner Component › should navigate to previous week

    expect(jest.fn()).toHaveBeenCalledTimes(expected)

    Expected number of calls: 2
    Received number of calls: 3

    Ignored nodes: comments, script, style
    [36m<html>[39m
      [36m<head />[39m
      [36m<body>[39m
        [36m<div>[39m
          [36m<div[39m
            [33mclass[39m=[32m"flex items-center justify-center min-h-[400px]"[39m
          [36m>[39m
            [36m<div[39m
              [33mclass[39m=[32m"text-red-600 dark:text-red-400"[39m
            [36m>[39m
              [0mCannot read properties of undefined (reading 'ok')[0m
            [36m</div>[39m
          [36m</div>[39m
        [36m</div>[39m
      [36m</body>[39m
    [36m</html>[39m

      147 |
      148 |     await waitFor(() => {
    > 149 |       expect(global.fetch).toHaveBeenCalledTimes(2);
          |                            ^
      150 |     });
      151 |   });
      152 |

      at toHaveBeenCalledTimes (tests/components/meals/MealPlanner.test.tsx:149:28)
      at runWithExpensiveErrorDiagnosticsDisabled (node_modules/@testing-library/dom/dist/config.js:47:12)
      at checkCallback (node_modules/@testing-library/dom/dist/wait-for.js:124:77)
      at checkRealTimersCallback (node_modules/@testing-library/dom/dist/wait-for.js:118:16)
      at Timeout.task [as _onTimeout] (node_modules/jsdom/lib/jsdom/browser/Window.js:579:19)

  ● MealPlanner Component › should navigate to next week

    expect(jest.fn()).toHaveBeenCalledTimes(expected)

    Expected number of calls: 2
    Received number of calls: 3

    Ignored nodes: comments, script, style
    [36m<html>[39m
      [36m<head />[39m
      [36m<body>[39m
        [36m<div>[39m
          [36m<div[39m
            [33mclass[39m=[32m"flex items-center justify-center min-h-[400px]"[39m
          [36m>[39m
            [36m<div[39m
              [33mclass[39m=[32m"text-red-600 dark:text-red-400"[39m
            [36m>[39m
              [0mCannot read properties of undefined (reading 'ok')[0m
            [36m</div>[39m
          [36m</div>[39m
        [36m</div>[39m
      [36m</body>[39m
    [36m</html>[39m

      177 |
      178 |     await waitFor(() => {
    > 179 |       expect(global.fetch).toHaveBeenCalledTimes(2);
          |                            ^
      180 |     });
      181 |   });
      182 |

      at toHaveBeenCalledTimes (tests/components/meals/MealPlanner.test.tsx:179:28)
      at runWithExpensiveErrorDiagnosticsDisabled (node_modules/@testing-library/dom/dist/config.js:47:12)
      at checkCallback (node_modules/@testing-library/dom/dist/wait-for.js:124:77)
      at checkRealTimersCallback (node_modules/@testing-library/dom/dist/wait-for.js:118:16)
      at Timeout.task [as _onTimeout] (node_modules/jsdom/lib/jsdom/browser/Window.js:579:19)

  ● MealPlanner Component › should open add meal dialog when clicking add button

    Unable to find an element with the text: /Week of/i. This could be because the text is broken up by multiple elements. In this case, you can provide a function for your text matcher to make your matcher more flexible.

    Ignored nodes: comments, script, style
    [36m<body>[39m
      [36m<div>[39m
        [36m<div[39m
          [33mclass[39m=[32m"flex items-center justify-center min-h-[400px]"[39m
        [36m>[39m
          [36m<div[39m
            [33mclass[39m=[32m"text-red-600 dark:text-red-400"[39m
          [36m>[39m
            [0mCannot read properties of undefined (reading 'ok')[0m
          [36m</div>[39m
        [36m</div>[39m
      [36m</div>[39m
    [36m</body>[39m

      191 |     render(<MealPlanner />);
      192 |
    > 193 |     await waitFor(() => {
          |                  ^
      194 |       expect(screen.getByText(/Week of/i)).toBeInTheDocument();
      195 |     });
      196 |

      at waitForWrapper (node_modules/@testing-library/dom/dist/wait-for.js:163:27)
      at Object.<anonymous> (tests/components/meals/MealPlanner.test.tsx:193:18)

  ● MealPlanner Component › should create new meal entry

    TestingLibraryElementError: Unable to find a label with the text of: /meal name/i

    Ignored nodes: comments, script, style
    [36m<body>[39m
      [36m<div>[39m
        [36m<div[39m
          [33mclass[39m=[32m"space-y-6"[39m
        [36m>[39m
          [36m<div[39m
            [33mclass[39m=[32m"flex items-center justify-between"[39m
          [36m>[39m
            [36m<button[39m
              [33maria-label[39m=[32m"Previous week"[39m
              [33mclass[39m=[32m"px-4 py-2 text-sm font-medium text-gray-700 dark:text-gray-300 bg-white dark:bg-gray-800 border border-gray-300 dark:border-gray-600 rounded-lg hover:bg-gray-50 dark:hover:bg-gray-700"[39m
            [36m>[39m
              [0m← Previous[0m
            [36m</button>[39m
            [36m<h2[39m
              [33mclass[39m=[32m"text-xl font-semibold text-gray-900 dark:text-gray-100"[39m
            [36m>[39m
              [0mWeek of [0m
            [36m</h2>[39m
            [36m<button[39m
              [33maria-label[39m=[32m"Next week"[39m
              [33mclass[39m=[32m"px-4 py-2 text-sm font-medium text-gray-700 dark:text-gray-300 bg-white dark:bg-gray-800 border border-gray-300 dark:border-gray-600 rounded-lg hover:bg-gray-50 dark:hover:bg-gray-700"[39m
            [36m>[39m
              [0mNext →[0m
            [36m</button>[39m
          [36m</div>[39m
          [36m<div[39m
            [33mclass[39m=[32m"overflow-x-auto"[39m
          [36m>[39m
            [36m<table[39m
              [33mclass[39m=[32m"w-full border-collapse bg-white dark:bg-gray-800 rounded-lg shadow"[39m
            [36m>[39m
              [36m<thead>[39m
                [36m<tr[39m
                  [33mclass[39m=[32m"border-b border-gray-200 dark:border-gray-700"[39m
                [36m>[39m
                  [36m<th[39m
                    [33mclass[39m=[32m"p-3 text-left text-sm font-medium text-gray-900 dark:text-gray-100"[39m
                  [36m>[39m
                    [0mMeal[0m
                  [36m</th>[39m
                  [36m<th[39m
                    [33mclass[39m=[32m"p-3 text-center text-sm font-medium text-gray-900 dark:text-gray-100"[39m
                  [36m>[39m
                    [36m<div>[39m
                      [0mMon[0m
                    [36m</div>[39m
                    [36m<div[39m
                      [33mclass[39m=[32m"text-xs text-gray-500 dark:text-gray-400"[39m
                    [36m/>[39m
                  [36m</th>[39m
                  [36m<th[39m
                    [33mclass[39m=[32m"p-3 text-center text-sm font-medium text-gray-900 dark:text-gray-100"[39m
                  [36m>[39m
                    [36m<div>[39m
                      [0mTue[0m
                    [36m</div>[39m
                    [36m<div[39m
                      [33mclass[39m=[32m"text-xs text-gray-500 dark:text-gray-400"[39m
                    [36m/>[39m
                  [36m</th>[39m
                  [36m<th[39m
                    [33mclass[39m=[32m"p-3 text-center text-sm font-medium text-gray-900 dark:text-gray-100"[39m
                  [36m>[39m
                    [36m<div>[39m
                      [0mWed[0m
                    [36m</div>[39m
                    [36m<div[39m
                      [33mclass[39m=[32m"text-xs text-gray-500 dark:text-gray-400"[39m
                    [36m/>[39m
                  [36m</th>[39m
                  [36m<th[39m
                    [33mclass[39m=[32m"p-3 text-center text-sm font-medium text-gray-900 dark:text-gray-100"[39m
                  [36m>[39m
                    [36m<div>[39m
                      [0mThu[0m
                    [36m</div>[39m
                    [36m<div[39m
                      [33mclass[39m=[32m"text-xs text-gray-500 dark:text-gray-400"[39m
                    [36m/>[39m
                  [36m</th>[39m
                  [36m<th[39m
                    [33mclass[39m=[32m"p-3 text-center text-sm font-medium text-gray-900 dark:text-gray-100"[39m
                  [36m>[39m
                    [36m<div>[39m
                      [0mFri[0m
                    [36m</div>[39m
                    [36m<div[39m
                      [33mclass[39m=[32m"text-xs text-gray-500 dark:text-gray-400"[39m
                    [36m/>[39m
                  [36m</th>[39m
                  [36m<th[39m
                    [33mclass[39m=[32m"p-3 text-center text-sm font-medium text-gray-900 dark:text-gray-100"[39m
                  [36m>[39m
                    [36m<div>[39m
                      [0mSat[0m
                    [36m</div>[39m
                    [36m<div[39m
                      [33mclass[39m=[32m"text-xs text-gray-500 dark:text-gray-400"[39m
                    [36m/>[39m
                  [36m</th>[39m
                  [36m<th[39m
                    [33mclass[39m=[32m"p-3 text-center text-sm font-medium text-gray-900 dark:text-gray-100"[39m
                  [36m>[39m
                    [36m<div>[39m
                      [0mSun[0m
                    [36m</div>[39m
                    [36m<div[39m
                      [33mclass[39m=[32m"text-xs text-gray-500 dark:text-gray-400"[39m
                    [36m/>[39m
                  [36m</th>[39m
                [36m</tr>[39m
              [36m</thead>[39m
              [36m<tbody>[39m
                [36m<tr[39m
                  [33mclass[39m=[32m"border-b border-gray-200 dark:border-gray-700"[39m
                [36m>[39m
                  [36m<td[39m
                    [33mclass[39m=[32m"p-3 text-sm font-medium text-gray-900 dark:text-gray-100"[39m
                  [36m>[39m
                    [0mBreakfast[0m
                  [36m</td>[39m
                  [36m<td[39m
                    [33mclass[39m=[32m"p-2 align-top border-l border-gray-200 dark:border-gray-700"[39m
                  [36m>[39m
                    [36m<button[39m
                      [33maria-label[39m=[32m"Add meal"[39m
                      [33mclass[39m=[32m"w-full px-2 py-1 text-sm text-gray-400 hover:text-gray-600 dark:hover:text-gray-300 hover:bg-gray-100 dark:hover:bg-gray-700 rounded"[39m
                    [36m>[39m
                      [0m+ Add[0m
                    [36m</button>[39m
                  [36m</td>[39m
                  [36m<td[39m
                    [33mclass[39m=[32m"p-2 align-top border-l border-gray-200 dark:border-gray-700"[39m
                  [36m>[39m
                    [36m<button[39m
                      [33maria-label[39m=[32m"Add meal"[39m
                      [33mclass[39m=[32m"w-full px-2 py-1 text-sm text-gray-400 hover:text-gray-600 dark:hover:text-gray-300 hover:bg-gray-100 dark:hover:bg-gray-700 rounded"[39m
                    [36m>[39m
                      [0m+ Add[0m
                    [36m</button>[39m
                  [36m</td>[39m
                  [36m<td[39m
                    [33mclass[39m=[32m"p-2 align-top border-l border-gray-200 dark:border-gray-700"[39m
                  [36m>[39m
                    [36m<button[39m
                      [33maria-label[39m=[32m"Add meal"[39m
                      [33mclass[39m=[32m"w-full px-2 py-1 text-sm text-gray-400 hover:text-gray-600 dark:hover:text-gray-300 hover:bg-gray-100 dark:hover:bg-gray-700 rounded"[39m
                    [36m>[39m
                      [0m+ Add[0m
                    [36m</button>[39m
                  [36m</td>...

      235 |     await user.click(addButtons[0]);
      236 |
    > 237 |     const nameInput = screen.getByLabelText(/meal name/i);
          |                              ^
      238 |     await user.type(nameInput, 'Tacos');
      239 |
      240 |     const saveButton = screen.getByRole('button', { name: /save/i });

      at Object.getElementError (node_modules/@testing-library/dom/dist/config.js:37:19)
      at getAllByLabelText (node_modules/@testing-library/dom/dist/queries/label-text.js:111:38)
      at node_modules/@testing-library/dom/dist/query-helpers.js:52:17
      at node_modules/@testing-library/dom/dist/query-helpers.js:95:19
      at Object.getByLabelText (tests/components/meals/MealPlanner.test.tsx:237:30)

  ● MealPlanner Component › should show meal notes when hovering over entry

    Unable to find an element with the text: With maple syrup. This could be because the text is broken up by multiple elements. In this case, you can provide a function for your text matcher to make your matcher more flexible.

    Ignored nodes: comments, script, style
    [36m<body>[39m
      [36m<div>[39m
        [36m<div[39m
          [33mclass[39m=[32m"space-y-6"[39m
        [36m>[39m
          [36m<div[39m
            [33mclass[39m=[32m"flex items-center justify-between"[39m
          [36m>[39m
            [36m<button[39m
              [33maria-label[39m=[32m"Previous week"[39m
              [33mclass[39m=[32m"px-4 py-2 text-sm font-medium text-gray-700 dark:text-gray-300 bg-white dark:bg-gray-800 border border-gray-300 dark:border-gray-600 rounded-lg hover:bg-gray-50 dark:hover:bg-gray-700"[39m
            [36m>[39m
              [0m← Previous[0m
            [36m</button>[39m
            [36m<h2[39m
              [33mclass[39m=[32m"text-xl font-semibold text-gray-900 dark:text-gray-100"[39m
            [36m>[39m
              [0mWeek of [0m
              [0m1/5/2026[0m
            [36m</h2>[39m
            [36m<button[39m
              [33maria-label[39m=[32m"Next week"[39m
              [33mclass[39m=[32m"px-4 py-2 text-sm font-medium text-gray-700 dark:text-gray-300 bg-white dark:bg-gray-800 border border-gray-300 dark:border-gray-600 rounded-lg hover:bg-gray-50 dark:hover:bg-gray-700"[39m
            [36m>[39m
              [0mNext →[0m
            [36m</button>[39m
          [36m</div>[39m
          [36m<div[39m
            [33mclass[39m=[32m"overflow-x-auto"[39m
          [36m>[39m
            [36m<table[39m
              [33mclass[39m=[32m"w-full border-collapse bg-white dark:bg-gray-800 rounded-lg shadow"[39m
            [36m>[39m
              [36m<thead>[39m
                [36m<tr[39m
                  [33mclass[39m=[32m"border-b border-gray-200 dark:border-gray-700"[39m
                [36m>[39m
                  [36m<th[39m
                    [33mclass[39m=[32m"p-3 text-left text-sm font-medium text-gray-900 dark:text-gray-100"[39m
                  [36m>[39m
                    [0mMeal[0m
                  [36m</th>[39m
                  [36m<th[39m
                    [33mclass[39m=[32m"p-3 text-center text-sm font-medium text-gray-900 dark:text-gray-100"[39m
                  [36m>[39m
                    [36m<div>[39m
                      [0mMon[0m
                    [36m</div>[39m
                    [36m<div[39m
                      [33mclass[39m=[32m"text-xs text-gray-500 dark:text-gray-400"[39m
                    [36m>[39m
                      [0m5[0m
                    [36m</div>[39m
                  [36m</th>[39m
                  [36m<th[39m
                    [33mclass[39m=[32m"p-3 text-center text-sm font-medium text-gray-900 dark:text-gray-100"[39m
                  [36m>[39m
                    [36m<div>[39m
                      [0mTue[0m
                    [36m</div>[39m
                    [36m<div[39m
                      [33mclass[39m=[32m"text-xs text-gray-500 dark:text-gray-400"[39m
                    [36m>[39m
                      [0m6[0m
                    [36m</div>[39m
                  [36m</th>[39m
                  [36m<th[39m
                    [33mclass[39m=[32m"p-3 text-center text-sm font-medium text-gray-900 dark:text-gray-100"[39m
                  [36m>[39m
                    [36m<div>[39m
                      [0mWed[0m
                    [36m</div>[39m
                    [36m<div[39m
                      [33mclass[39m=[32m"text-xs text-gray-500 dark:text-gray-400"[39m
                    [36m>[39m
                      [0m7[0m
                    [36m</div>[39m
                  [36m</th>[39m
                  [36m<th[39m
                    [33mclass[39m=[32m"p-3 text-center text-sm font-medium text-gray-900 dark:text-gray-100"[39m
                  [36m>[39m
                    [36m<div>[39m
                      [0mThu[0m
                    [36m</div>[39m
                    [36m<div[39m
                      [33mclass[39m=[32m"text-xs text-gray-500 dark:text-gray-400"[39m
                    [36m>[39m
                      [0m8[0m
                    [36m</div>[39m
                  [36m</th>[39m
                  [36m<th[39m
                    [33mclass[39m=[32m"p-3 text-center text-sm font-medium text-gray-900 dark:text-gray-100"[39m
                  [36m>[39m
                    [36m<div>[39m
                      [0mFri[0m
                    [36m</div>[39m
                    [36m<div[39m
                      [33mclass[39m=[32m"text-xs text-gray-500 dark:text-gray-400"[39m
                    [36m>[39m
                      [0m9[0m
                    [36m</div>[39m
                  [36m</th>[39m
                  [36m<th[39m
                    [33mclass[39m=[32m"p-3 text-center text-sm font-medium text-gray-900 dark:text-gray-100"[39m
                  [36m>[39m
                    [36m<div>[39m
                      [0mSat[0m
                    [36m</div>[39m
                    [36m<div[39m
                      [33mclass[39m=[32m"text-xs text-gray-500 dark:text-gray-400"[39m
                    [36m>[39m
                      [0m10[0m
                    [36m</div>[39m
                  [36m</th>[39m
                  [36m<th[39m
                    [33mclass[39m=[32m"p-3 text-center text-sm font-medium text-gray-900 dark:text-gray-100"[39m
                  [36m>[39m
                    [36m<div>[39m
                      [0mSun[0m
                    [36m</div>[39m
                    [36m<div[39m
                      [33mclass[39m=[32m"text-xs text-gray-500 dark:text-gray-400"[39m
                    [36m>[39m
                      [0m11[0m
                    [36m</div>[39m
                  [36m</th>[39m
                [36m</tr>[39m
              [36m</thead>[39m
              [36m<tbody>[39m
                [36m<tr[39m
                  [33mclass[39m=[32m"border-b border-gray-200 dark:border-gray-700"[39m
                [36m>[39m
                  [36m<td[39m
                    [33mclass[39m=[32m"p-3 text-sm font-medium text-gray-900 dark:text-gray-100"[39m
                  [36m>[39m
                    [0mBreakfast[0m
                  [36m</td>[39m
                  [36m<td[39m
                    [33mclass[39m=[32m"p-2 align-top border-l border-gray-200 dark:border-gray-700"[39m
                  [36m>[39m
                    [36m<div[39m
                      [33mclass[39m=[32m"space-y-2"[39m
                    [36m>[39m
                      [36m<div[39m
                        [33mclass[39m=[32m"p-2 rounded bg-info/10 dark:bg-info/20 text-sm text-gray-900 dark:text-gray-100"[39m
                      [36m>[39m
                        [0mPancakes[0m
                      [36m</div>[39m
                      [36m<button[39m
                        [33mclass[39m=[32m"w-full px-2 py-1 text-xs text-gray-600 dark:text-gray-400 hover:text-gray-900 dark:hover:text-gray-200 hover:bg-gray-100 dark:hover:bg-gray-700 rounded flex items-center justify-center gap-1"[39m
                      [36m>[39m
                        [36m<svg[39m
                          [33maria-hidden[39m=[32m"true"[39m
                          [33mclass[39m=[32m"h-3 w-3"[39m
                          [33mdata-slot[39m=[32m"icon"[39m
                          [33mfill[39m=[32m"none"[39m
                          [33mstroke[39m=[32m"currentColor"[39m
                          [33mstroke-width[39m=...

      269 |     await user.hover(pancakesEntry);
      270 |
    > 271 |     await waitFor(() => {
          |                  ^
      272 |       expect(screen.getByText('With maple syrup')).toBeInTheDocument();
      273 |     });
      274 |   });

      at waitForWrapper (node_modules/@testing-library/dom/dist/wait-for.js:163:27)
      at Object.<anonymous> (tests/components/meals/MealPlanner.test.tsx:271:18)

  ● MealPlanner Component › should edit meal entry

    Unable to find an element with the text: Pancakes. This could be because the text is broken up by multiple elements. In this case, you can provide a function for your text matcher to make your matcher more flexible.

    Ignored nodes: comments, script, style
    [36m<body>[39m
      [36m<div>[39m
        [36m<div[39m
          [33mclass[39m=[32m"space-y-6"[39m
        [36m>[39m
          [36m<div[39m
            [33mclass[39m=[32m"flex items-center justify-between"[39m
          [36m>[39m
            [36m<button[39m
              [33maria-label[39m=[32m"Previous week"[39m
              [33mclass[39m=[32m"px-4 py-2 text-sm font-medium text-gray-700 dark:text-gray-300 bg-white dark:bg-gray-800 border border-gray-300 dark:border-gray-600 rounded-lg hover:bg-gray-50 dark:hover:bg-gray-700"[39m
            [36m>[39m
              [0m← Previous[0m
            [36m</button>[39m
            [36m<h2[39m
              [33mclass[39m=[32m"text-xl font-semibold text-gray-900 dark:text-gray-100"[39m
            [36m>[39m
              [0mWeek of [0m
            [36m</h2>[39m
            [36m<button[39m
              [33maria-label[39m=[32m"Next week"[39m
              [33mclass[39m=[32m"px-4 py-2 text-sm font-medium text-gray-700 dark:text-gray-300 bg-white dark:bg-gray-800 border border-gray-300 dark:border-gray-600 rounded-lg hover:bg-gray-50 dark:hover:bg-gray-700"[39m
            [36m>[39m
              [0mNext →[0m
            [36m</button>[39m
          [36m</div>[39m
          [36m<div[39m
            [33mclass[39m=[32m"overflow-x-auto"[39m
          [36m>[39m
            [36m<table[39m
              [33mclass[39m=[32m"w-full border-collapse bg-white dark:bg-gray-800 rounded-lg shadow"[39m
            [36m>[39m
              [36m<thead>[39m
                [36m<tr[39m
                  [33mclass[39m=[32m"border-b border-gray-200 dark:border-gray-700"[39m
                [36m>[39m
                  [36m<th[39m
                    [33mclass[39m=[32m"p-3 text-left text-sm font-medium text-gray-900 dark:text-gray-100"[39m
                  [36m>[39m
                    [0mMeal[0m
                  [36m</th>[39m
                  [36m<th[39m
                    [33mclass[39m=[32m"p-3 text-center text-sm font-medium text-gray-900 dark:text-gray-100"[39m
                  [36m>[39m
                    [36m<div>[39m
                      [0mMon[0m
                    [36m</div>[39m
                    [36m<div[39m
                      [33mclass[39m=[32m"text-xs text-gray-500 dark:text-gray-400"[39m
                    [36m/>[39m
                  [36m</th>[39m
                  [36m<th[39m
                    [33mclass[39m=[32m"p-3 text-center text-sm font-medium text-gray-900 dark:text-gray-100"[39m
                  [36m>[39m
                    [36m<div>[39m
                      [0mTue[0m
                    [36m</div>[39m
                    [36m<div[39m
                      [33mclass[39m=[32m"text-xs text-gray-500 dark:text-gray-400"[39m
                    [36m/>[39m
                  [36m</th>[39m
                  [36m<th[39m
                    [33mclass[39m=[32m"p-3 text-center text-sm font-medium text-gray-900 dark:text-gray-100"[39m
                  [36m>[39m
                    [36m<div>[39m
                      [0mWed[0m
                    [36m</div>[39m
                    [36m<div[39m
                      [33mclass[39m=[32m"text-xs text-gray-500 dark:text-gray-400"[39m
                    [36m/>[39m
                  [36m</th>[39m
                  [36m<th[39m
                    [33mclass[39m=[32m"p-3 text-center text-sm font-medium text-gray-900 dark:text-gray-100"[39m
                  [36m>[39m
                    [36m<div>[39m
                      [0mThu[0m
                    [36m</div>[39m
                    [36m<div[39m
                      [33mclass[39m=[32m"text-xs text-gray-500 dark:text-gray-400"[39m
                    [36m/>[39m
                  [36m</th>[39m
                  [36m<th[39m
                    [33mclass[39m=[32m"p-3 text-center text-sm font-medium text-gray-900 dark:text-gray-100"[39m
                  [36m>[39m
                    [36m<div>[39m
                      [0mFri[0m
                    [36m</div>[39m
                    [36m<div[39m
                      [33mclass[39m=[32m"text-xs text-gray-500 dark:text-gray-400"[39m
                    [36m/>[39m
                  [36m</th>[39m
                  [36m<th[39m
                    [33mclass[39m=[32m"p-3 text-center text-sm font-medium text-gray-900 dark:text-gray-100"[39m
                  [36m>[39m
                    [36m<div>[39m
                      [0mSat[0m
                    [36m</div>[39m
                    [36m<div[39m
                      [33mclass[39m=[32m"text-xs text-gray-500 dark:text-gray-400"[39m
                    [36m/>[39m
                  [36m</th>[39m
                  [36m<th[39m
                    [33mclass[39m=[32m"p-3 text-center text-sm font-medium text-gray-900 dark:text-gray-100"[39m
                  [36m>[39m
                    [36m<div>[39m
                      [0mSun[0m
                    [36m</div>[39m
                    [36m<div[39m
                      [33mclass[39m=[32m"text-xs text-gray-500 dark:text-gray-400"[39m
                    [36m/>[39m
                  [36m</th>[39m
                [36m</tr>[39m
              [36m</thead>[39m
              [36m<tbody>[39m
                [36m<tr[39m
                  [33mclass[39m=[32m"border-b border-gray-200 dark:border-gray-700"[39m
                [36m>[39m
                  [36m<td[39m
                    [33mclass[39m=[32m"p-3 text-sm font-medium text-gray-900 dark:text-gray-100"[39m
                  [36m>[39m
                    [0mBreakfast[0m
                  [36m</td>[39m
                  [36m<td[39m
                    [33mclass[39m=[32m"p-2 align-top border-l border-gray-200 dark:border-gray-700"[39m
                  [36m>[39m
                    [36m<button[39m
                      [33maria-label[39m=[32m"Add meal"[39m
                      [33mclass[39m=[32m"w-full px-2 py-1 text-sm text-gray-400 hover:text-gray-600 dark:hover:text-gray-300 hover:bg-gray-100 dark:hover:bg-gray-700 rounded"[39m
                    [36m>[39m
                      [0m+ Add[0m
                    [36m</button>[39m
                  [36m</td>[39m
                  [36m<td[39m
                    [33mclass[39m=[32m"p-2 align-top border-l border-gray-200 dark:border-gray-700"[39m
                  [36m>[39m
                    [36m<button[39m
                      [33maria-label[39m=[32m"Add meal"[39m
                      [33mclass[39m=[32m"w-full px-2 py-1 text-sm text-gray-400 hover:text-gray-600 dark:hover:text-gray-300 hover:bg-gray-100 dark:hover:bg-gray-700 rounded"[39m
                    [36m>[39m
                      [0m+ Add[0m
                    [36m</button>[39m
                  [36m</td>[39m
                  [36m<td[39m
                    [33mclass[39m=[32m"p-2 align-top border-l border-gray-200 dark:border-gray-700"[39m
                  [36m>[39m
                    [36m<button[39m
                      [33maria-label[39m=[32m"Add meal"[39m
                      [33mclass[39m=[32m"w-full px-2 py-1 text-sm text-gray-400 hover:text-gray-600 dark:hover:text-gray-300 hover:bg-gray-100 dark:hover:bg-gray-700 rounded"[39m
                    [36m>[39m
                      [0m+ Add[0m
                    [36m</button>[39m
                  [36m</td>...

      299 |     render(<MealPlanner />);
      300 |
    > 301 |     await waitFor(() => {
          |                  ^
      302 |       expect(screen.getByText('Pancakes')).toBeInTheDocument();
      303 |     });
      304 |

      at waitForWrapper (node_modules/@testing-library/dom/dist/wait-for.js:163:27)
      at Object.<anonymous> (tests/components/meals/MealPlanner.test.tsx:301:18)

  ● MealPlanner Component › should delete meal entry

    TestingLibraryElementError: Unable to find an accessible element with the role "button" and name `/delete/i`

    Here are the accessible roles:

      button:

      Name "Previous week":
      [36m<button[39m
        [33maria-label[39m=[32m"Previous week"[39m
        [33mclass[39m=[32m"px-4 py-2 text-sm font-medium text-gray-700 dark:text-gray-300 bg-white dark:bg-gray-800 border border-gray-300 dark:border-gray-600 rounded-lg hover:bg-gray-50 dark:hover:bg-gray-700"[39m
      [36m/>[39m

      Name "Next week":
      [36m<button[39m
        [33maria-label[39m=[32m"Next week"[39m
        [33mclass[39m=[32m"px-4 py-2 text-sm font-medium text-gray-700 dark:text-gray-300 bg-white dark:bg-gray-800 border border-gray-300 dark:border-gray-600 rounded-lg hover:bg-gray-50 dark:hover:bg-gray-700"[39m
      [36m/>[39m

      Name "Add Dish":
      [36m<button[39m
        [33mclass[39m=[32m"w-full px-2 py-1 text-xs text-gray-600 dark:text-gray-400 hover:text-gray-900 dark:hover:text-gray-200 hover:bg-gray-100 dark:hover:bg-gray-700 rounded flex items-center justify-center gap-1"[39m
      [36m/>[39m

      Name "Add meal":
      [36m<button[39m
        [33maria-label[39m=[32m"Add meal"[39m
        [33mclass[39m=[32m"w-full px-2 py-1 text-sm text-gray-400 hover:text-gray-600 dark:hover:text-gray-300 hover:bg-gray-100 dark:hover:bg-gray-700 rounded"[39m
      [36m/>[39m

      Name "Add meal":
      [36m<button[39m
        [33maria-label[39m=[32m"Add meal"[39m
        [33mclass[39m=[32m"w-full px-2 py-1 text-sm text-gray-400 hover:text-gray-600 dark:hover:text-gray-300 hover:bg-gray-100 dark:hover:bg-gray-700 rounded"[39m
      [36m/>[39m

      Name "Add meal":
      [36m<button[39m
        [33maria-label[39m=[32m"Add meal"[39m
        [33mclass[39m=[32m"w-full px-2 py-1 text-sm text-gray-400 hover:text-gray-600 dark:hover:text-gray-300 hover:bg-gray-100 dark:hover:bg-gray-700 rounded"[39m
      [36m/>[39m

      Name "Add meal":
      [36m<button[39m
        [33maria-label[39m=[32m"Add meal"[39m
        [33mclass[39m=[32m"w-full px-2 py-1 text-sm text-gray-400 hover:text-gray-600 dark:hover:text-gray-300 hover:bg-gray-100 dark:hover:bg-gray-700 rounded"[39m
      [36m/>[39m

      Name "Add meal":
      [36m<button[39m
        [33maria-label[39m=[32m"Add meal"[39m
        [33mclass[39m=[32m"w-full px-2 py-1 text-sm text-gray-400 hover:text-gray-600 dark:hover:text-gray-300 hover:bg-gray-100 dark:hover:bg-gray-700 rounded"[39m
      [36m/>[39m

      Name "Add meal":
      [36m<button[39m
        [33maria-label[39m=[32m"Add meal"[39m
        [33mclass[39m=[32m"w-full px-2 py-1 text-sm text-gray-400 hover:text-gray-600 dark:hover:text-gray-300 hover:bg-gray-100 dark:hover:bg-gray-700 rounded"[39m
      [36m/>[39m

      Name "Add meal":
      [36m<button[39m
        [33maria-label[39m=[32m"Add meal"[39m
        [33mclass[39m=[32m"w-full px-2 py-1 text-sm text-gray-400 hover:text-gray-600 dark:hover:text-gray-300 hover:bg-gray-100 dark:hover:bg-gray-700 rounded"[39m
      [36m/>[39m

      Name "Add meal":
      [36m<button[39m
        [33maria-label[39m=[32m"Add meal"[39m
        [33mclass[39m=[32m"w-full px-2 py-1 text-sm text-gray-400 hover:text-gray-600 dark:hover:text-gray-300 hover:bg-gray-100 dark:hover:bg-gray-700 rounded"[39m
      [36m/>[39m

      Name "Add meal":
      [36m<button[39m
        [33maria-label[39m=[32m"Add meal"[39m
        [33mclass[39m=[32m"w-full px-2 py-1 text-sm text-gray-400 hover:text-gray-600 dark:hover:text-gray-300 hover:bg-gray-100 dark:hover:bg-gray-700 rounded"[39m
      [36m/>[39m

      Name "Add meal":
      [36m<button[39m
        [33maria-label[39m=[32m"Add meal"[39m
        [33mclass[39m=[32m"w-full px-2 py-1 text-sm text-gray-400 hover:text-gray-600 dark:hover:text-gray-300 hover:bg-gray-100 dark:hover:bg-gray-700 rounded"[39m
      [36m/>[39m

      Name "Add meal":
      [36m<button[39m
        [33maria-label[39m=[32m"Add meal"[39m
        [33mclass[39m=[32m"w-full px-2 py-1 text-sm text-gray-400 hover:text-gray-600 dark:hover:text-gray-300 hover:bg-gray-100 dark:hover:bg-gray-700 rounded"[39m
      [36m/>[39m

      Name "Add meal":
      [36m<button[39m
        [33maria-label[39m=[32m"Add meal"[39m
        [33mclass[39m=[32m"w-full px-2 py-1 text-sm text-gray-400 hover:text-gray-600 dark:hover:text-gray-300 hover:bg-gray-100 dark:hover:bg-gray-700 rounded"[39m
      [36m/>[39m

      Name "Add meal":
      [36m<button[39m
        [33maria-label[39m=[32m"Add meal"[39m
        [33mclass[39m=[32m"w-full px-2 py-1 text-sm text-gray-400 hover:text-gray-600 dark:hover:text-gray-300 hover:bg-gray-100 dark:hover:bg-gray-700 rounded"[39m
      [36m/>[39m

      Name "Add Dish":
      [36m<button[39m
        [33mclass[39m=[32m"w-full px-2 py-1 text-xs text-gray-600 dark:text-gray-400 hover:text-gray-900 dark:hover:text-gray-200 hover:bg-gray-100 dark:hover:bg-gray-700 rounded flex items-center justify-center gap-1"[39m
      [36m/>[39m

      Name "Add meal":
      [36m<button[39m
        [33maria-label[39m=[32m"Add meal"[39m
        [33mclass[39m=[32m"w-full px-2 py-1 text-sm text-gray-400 hover:text-gray-600 dark:hover:text-gray-300 hover:bg-gray-100 dark:hover:bg-gray-700 rounded"[39m
      [36m/>[39m

      Name "Add meal":
      [36m<button[39m
        [33maria-label[39m=[32m"Add meal"[39m
        [33mclass[39m=[32m"w-full px-2 py-1 text-sm text-gray-400 hover:text-gray-600 dark:hover:text-gray-300 hover:bg-gray-100 dark:hover:bg-gray-700 rounded"[39m
      [36m/>[39m

      Name "Add meal":
      [36m<button[39m
        [33maria-label[39m=[32m"Add meal"[39m
        [33mclass[39m=[32m"w-full px-2 py-1 text-sm text-gray-400 hover:text-gray-600 dark:hover:text-gray-300 hover:bg-gray-100 dark:hover:bg-gray-700 rounded"[39m
      [36m/>[39m

      Name "Add meal":
      [36m<button[39m
        [33maria-label[39m=[32m"Add meal"[39m
        [33mclass[39m=[32m"w-full px-2 py-1 text-sm text-gray-400 hover:text-gray-600 dark:hover:text-gray-300 hover:bg-gray-100 dark:hover:bg-gray-700 rounded"[39m
      [36m/>[39m

      Name "Add meal":
      [36m<button[39m
        [33maria-label[39m=[32m"Add meal"[39m
        [33mclass[39m=[32m"w-full px-2 py-1 text-sm text-gray-400 hover:text-gray-600 dark:hover:text-gray-300 hover:bg-gray-100 dark:hover:bg-gray-700 rounded"[39m
      [36m/>[39m

      Name "Add meal":
      [36m<button[39m
        [33maria-label[39m=[32m"Add meal"[39m
        [33mclass[39m=[32m"w-full px-2 py-1 text-sm text-gray-400 hover:text-gray-600 dark:hover:text-gray-300 hover:bg-gray-100 dark:hover:bg-gray-700 rounded"[39m
      [36m/>[39m

      Name "Add meal":
      [36m<button[39m
        [33maria-label[39m=[32m"Add meal"[39m
        [33mclass[39m=[32m"w-full px-2 py-1 text-sm text-gray-400 hover:text-gray-600 dark:hover:text-gray-300 hover:bg-gray-100 dark:hover:bg-gray-700 rounded"[39m
      [36m/>[39m

      Name "Add meal":
      [36m<button[39m
        [33maria-label[39m=[32m"Add meal"[39m
        [33mclass[39m=[32m"w-full px-2 py-1 text-sm text-gray-400 hover:text-gray-600 dark:hover:text-gray-300 hover:bg-gray-100 dark:hover:bg-gray-700 rounded"[39m
      [36m/>[39m

      Name "Add meal":
      [36m<button[39m
        [33maria-label[39m=[32m"Add meal"[39m
        [33mclass[39m=[32m"w-full px-2 py-1 text-sm text-gray-400 hover:text-gray-600 dark:hover:text-gray-300 hover:bg-gray-100 dark:hover:bg-gray-700 rounded"[39m
      [36m/>[39m

      Name "Add meal":
      [36m<button[39m
        [33maria-label[39m=[32m"Add meal"[39m
        [33mclass[39m=[32m"w-full px-2 py-1 text-sm text-gray-400 hover:text-gray-600 dark:hover:text-gray-300 hover:bg-gray-100 dark:hover:bg-gray-700 rounded"[39m
      [36m/>[39m

      Name "Add meal":
      [36m<button[39m
        [33maria-label[39m=[32m"Add meal"[39m
        [33mclass[39m=[32m"w-full px-2 py-1 text-sm text-gray-400 hover:text-gray-600 dark:hover:text-gray-300 hover:bg-gray-100 dark:hover:bg-gray-700 rounded"[39m
      [36m/>[39m

      Name "Add meal":
      [36m<button[39m
        [33maria-label[39m=[32m"Add meal"[39m
        [33mclass[39m=[32m"w-full px-2 py-1 text-sm text-gray-400 hover:text-gray-600 dark:hover:text-gray-300 hover:bg-gray-100 dark:hover:bg-gray-700 rounded"[39m
      [36m/>[39m

      Name "Add meal":
      [36m<button[39m
        [33maria-label[39m=[32m"Add meal"[39m
        [33mclass[39m=[32m"w-full px-2 py-1 text-sm text-gray-400 hover:text-gray-600 dark:hover:text-gray-300 hover:bg-gray-100 dark:hover:bg-gray-700 rounded"[39m
      [36m/>[39m

      --------------------------------------------------
      heading:

      Name "Week of 1/5/2026":
      [36m<h2[39m
        [33mclass[39m=[32m"text-xl font-semibold text-gray-900 dark:text-gray-100"[39m
      [36m/>[39m

      --------------------------------------------------
      table:

      Name "":
      [36m<table[39m
        [33mclass[39m=[32m"w-full border-collapse bg-white dark:bg-gray-800 rounded-lg shadow"[39m
      [36m/>[39m

      --------------------------------------------------
      rowgroup:

      Name "":
      [36m<thead />[39m

      Name "":
      [36m<tbody />[39m

      --------------------------------------------------
      row:

      Name "Meal Mon 5 Tue 6 Wed 7 Thu 8 Fri 9 Sat 10 Sun 11":
      [36m<tr[39m
        [33mclass[39m=[32m"border-b border-gray-200 dark:border-gray-700"[39m
      [36m/>[39m

      Name "Breakfast Pancakes Add Dish Note: With maple syrup + Add + Add + Add + Add + Add + Add":
      [36m<tr[39m
        [33mclass[39m=[32m"border-b border-gray-200 dark:border-gray-700"[39m
      [36m/>[39m

      Name "Lunch + Add + Add + Add + Add + Add + Add + Add":
      [36m<tr[39m
        [33mclass[39m=[32m"border-b border-gray-200 dark:border-gray-700"[39m
      [36m/>[39m

      Name "Dinner Spaghetti Add Dish + Add + Add + Add + Add + Add + Add":
      [36m<tr[39m
        [33mclass[39m=[32m"border-b border-gray-200 dark:border-gray-700"[39m
      [36m/>[39m

      Name "Snack + Add + Add + Add + Add + Add + Add + Add":
      [36m<tr[39m
        [33mclass[39m=[32m"border-b border-gray-200 dark:border-gray-700"[39m
      [36m/>[39m

      --------------------------------------------------
      columnheader:

      Name "Meal":
      [36m<th[39m
        [33mclass[39m=[32m"p-3 text-left text-sm font-medium text-gray-900 dark:text-gray-100"[39m
      [36m/>[39m

      Name "Mon 5":
      [36m<th[39m
        [33mclass[39m=[32m"p-3 text-center text-sm font-medium text-gray-900 dark:text-gray-100"[39m
      [36m/>[39m

      Name "Tue 6":
      [36m<th[39m
        [33mclass[39m=[32m"p-3 text-center text-sm font-medium text-gray-900 dark:text-gray-100"[39m
      [36m/>[39m

      Name "Wed 7":
      [36m<th[39m
        [33mclass[39m=[32m"p-3 text-center text-sm font-medium text-gray-900 dark:text-gray-100"[39m
      [36m/>[39m

      Name "Thu 8":
      [36m<th[39m
        [33mclass[39m=[32m"p-3 text-center text-sm font-medium text-gray-900 dark:text-gray-100"[39m
      [36m/>[39m

      Name "Fri 9":
      [36m<th[39m
        [33mclass[39m=[32m"p-3 text-center text-sm font-medium text-gray-900 dark:text-gray-100"[39m
      [36m/>[39m

      Name "Sat 10":
      [36m<th[39m
        [33mclass[39m=[32m"p-3 text-center text-sm font-medium text-gray-900 dark:text-gray-100"[39m
      [36m/>[39m

      Name "Sun 11":
      [36m<th[39m
        [33mclass[39m=[32m"p-3 text-center text-sm font-medium text-gray-900 dark:text-gray-100"[39m
      [36m/>[39m

      --------------------------------------------------
      cell:

      Name "Breakfast":
      [36m<td[39m
        [33mclass[39m=[32m"p-3 text-sm font-medium text-gray-900 dark:text-gray-100"[39m
      [36m/>[39m

      Name "Pancakes Add Dish Note: With maple syrup":
      [36m<td[39m
        [33mclass[39m=[32m"p-2 align-top border-l border-gray-200 dark:border-gray-700"[39m
      [36m/>[39m

      Name "+ Add":
      [36m<td[39m
        [33mclass[39m=[32m"p-2 align-top border-l border-gray-200 dark:border-gray-700"[39m
      [36m/>[39m

      Name "+ Add":
      [36m<td[39m
        [33mclass[39m=[32m"p-2 align-top border-l border-gray-200 dark:border-gray-700"[39m
      [36m/>[39m

      Name "+ Add":
      [36m<td[39m
        [33mclass[39m=[32m"p-2 align-top border-l border-gray-200 dark:border-gray-700"[39m
      [36m/>[39m

      Name "+ Add":
      [36m<td[39m
        [33mclass[39m=[32m"p-2 align-top border-l border-gray-200 dark:border-gray-700"[39m
      [36m/>[39m

      Name "+ Add":
      [36m<td[39m
        [33mclass[39m=[32m"p-2 align-top border-l border-gray-200 dark:border-gray-700"[39m
      [36m/>[39m

      Name "+ Add":
      [36m<td[39m
        [33mclass[39m=[32m"p-2 align-top border-l border-gray-200 dark:border-gray-700"[39m
      [36m/>[39m

      Name "Lunch":
      [36m<td[39m
        [33mclass[39m=[32m"p-3 text-sm font-medium text-gray-900 dark:text-gray-100"[39m
      [36m/>[39m

      Name "+ Add":
      [36m<td[39m
        [33mclass[39m=[32m"p-2 align-top border-l border-gray-200 dark:border-gray-700"[39m
      [36m/>[39m

      Name "+ Add":
      [36m<td[39m
        [33mclass[39m=[32m"p-2 align-top border-l border-gray-200 dark:border-gray-700"[39m
      [36m/>[39m

      Name "+ Add":
      [36m<td[39m
        [33mclass[39m=[32m"p-2 align-top border-l border-gray-200 dark:border-gray-700"[39m
      [36m/>[39m

      Name "+ Add":
      [36m<td[39m
        [33mclass[39m=[32m"p-2 align-top border-l border-gray-200 dark:border-gray-700"[39m
      [36m/>[39m

      Name "+ Add":
      [36m<td[39m
        [33mclass[39m=[32m"p-2 align-top border-l border-gray-200 dark:border-gray-700"[39m
      [36m/>[39m

      Name "+ Add":
      [36m<td[39m
        [33mclass[39m=[32m"p-2 align-top border-l border-gray-200 dark:border-gray-700"[39m
      [36m/>[39m

      Name "+ Add":
      [36m<td[39m
        [33mclass[39m=[32m"p-2 align-top border-l border-gray-200 dark:border-gray-700"[39m
      [36m/>[39m

      Name "Dinner":
      [36m<td[39m
        [33mclass[39m=[32m"p-3 text-sm font-medium text-gray-900 dark:text-gray-100"[39m
      [36m/>[39m

      Name "Spaghetti Add Dish":
      [36m<td[39m
        [33mclass[39m=[32m"p-2 align-top border-l border-gray-200 dark:border-gray-700"[39m
      [36m/>[39m

      Name "+ Add":
      [36m<td[39m
        [33mclass[39m=[32m"p-2 align-top border-l border-gray-200 dark:border-gray-700"[39m
      [36m/>[39m

      Name "+ Add":
      [36m<td[39m
        [33mclass[39m=[32m"p-2 align-top border-l border-gray-200 dark:border-gray-700"[39m
      [36m/>[39m

      Name "+ Add":
      [36m<td[39m
        [33mclass[39m=[32m"p-2 align-top border-l border-gray-200 dark:border-gray-700"[39m
      [36m/>[39m

      Name "+ Add":
      [36m<td[39m
        [33mclass[39m=[32m"p-2 align-top border-l border-gray-200 dark:border-gray-700"[39m
      [36m/>[39m

      Name "+ Add":
      [36m<td[39m
        [33mclass[39m=[32m"p-2 align-top border-l border-gray-200 dark:border-gray-700"[39m
      [36m/>[39m

      Name "+ Add":
      [36m<td[39m
        [33mclass[39m=[32m"p-2 align-top border-l border-gray-200 dark:border-gray-700"[39m
      [36m/>[39m

      Name "Snack":
      [36m<td[39m
        [33mclass[39m=[32m"p-3 text-sm font-medium text-gray-900 dark:text-gray-100"[39m
      [36m/>[39m

      Name "+ Add":
      [36m<td[39m
        [33mclass[39m=[32m"p-2 align-top border-l border-gray-200 dark:border-gray-700"[39m
      [36m/>[39m

      Name "+ Add":
      [36m<td[39m
        [33mclass[39m=[32m"p-2 align-top border-l border-gray-200 dark:border-gray-700"[39m
      [36m/>[39m

      Name "+ Add":
      [36m<td[39m
        [33mclass[39m=[32m"p-2 align-top border-l border-gray-200 dark:border-gray-700"[39m
      [36m/>[39m

      Name "+ Add":
      [36m<td[39m
        [33mclass[39m=[32m"p-2 align-top border-l border-gray-200 dark:border-gray-700"[39m
      [36m/>[39m

      Name "+ Add":
      [36m<td[39m
        [33mclass[39m=[32m"p-2 align-top border-l border-gray-200 dark:border-gray-700"[39m
      [36m/>[39m

      Name "+ Add":
      [36m<td[39m
        [33mclass[39m=[32m"p-2 align-top border-l border-gray-200 dark:border-gray-700"[39m
      [36m/>[39m

      Name "+ Add":
      [36m<td[39m
        [33mclass[39m=[32m"p-2 align-top border-l border-gray-200 dark:border-gray-700"[39m
      [36m/>[39m

      --------------------------------------------------

    Ignored nodes: comments, script, style
    [36m<body>[39m
      [36m<div>[39m
        [36m<div[39m
          [33mclass[39m=[32m"space-y-6"[39m
        [36m>[39m
          [36m<div[39m
            [33mclass[39m=[32m"flex items-center justify-between"[39m
          [36m>[39m
            [36m<button[39m
              [33maria-label[39m=[32m"Previous week"[39m
              [33mclass[39m=[32m"px-4 py-2 text-sm font-medium text-gray-700 dark:text-gray-300 bg-white dark:bg-gray-800 border border-gray-300 dark:border-gray-600 rounded-lg hover:bg-gray-50 dark:hover:bg-gray-700"[39m
            [36m>[39m
              [0m← Previous[0m
            [36m</button>[39m
            [36m<h2[39m
              [33mclass[39m=[32m"text-xl font-semibold text-gray-900 dark:text-gray-100"[39m
            [36m>[39m
              [0mWeek of [0m
              [0m1/5/2026[0m
            [36m</h2>[39m
            [36m<button[39m
              [33maria-label[39m=[32m"Next week"[39m
              [33mclass[39m=[32m"px-4 py-2 text-sm font-medium text-gray-700 dark:text-gray-300 bg-white dark:bg-gray-800 border border-gray-300 dark:border-gray-600 rounded-lg hover:bg-gray-50 dark:hover:bg-gray-700"[39m
            [36m>[39m
              [0mNext →[0m
            [36m</button>[39m
          [36m</div>[39m
          [36m<div[39m
            [33mclass[39m=[32m"overflow-x-auto"[39m
          [36m>[39m
            [36m<table[39m
              [33mclass[39m=[32m"w-full border-collapse bg-white dark:bg-gray-800 rounded-lg shadow"[39m
            [36m>[39m
              [36m<thead>[39m
                [36m<tr[39m
                  [33mclass[39m=[32m"border-b border-gray-200 dark:border-gray-700"[39m
                [36m>[39m
                  [36m<th[39m
                    [33mclass[39m=[32m"p-3 text-left text-sm font-medium text-gray-900 dark:text-gray-100"[39m
                  [36m>[39m
                    [0mMeal[0m
                  [36m</th>[39m
                  [36m<th[39m
                    [33mclass[39m=[32m"p-3 text-center text-sm font-medium text-gray-900 dark:text-gray-100"[39m
                  [36m>[39m
                    [36m<div>[39m
                      [0mMon[0m
                    [36m</div>[39m
                    [36m<div[39m
                      [33mclass[39m=[32m"text-xs text-gray-500 dark:text-gray-400"[39m
                    [36m>[39m
                      [0m5[0m
                    [36m</div>[39m
                  [36m</th>[39m
                  [36m<th[39m
                    [33mclass[39m=[32m"p-3 text-center text-sm font-medium text-gray-900 dark:text-gray-100"[39m
                  [36m>[39m
                    [36m<div>[39m
                      [0mTue[0m
                    [36m</div>[39m
                    [36m<div[39m
                      [33mclass[39m=[32m"text-xs text-gray-500 dark:text-gray-400"[39m
                    [36m>[39m
                      [0m6[0m
                    [36m</div>[39m
                  [36m</th>[39m
                  [36m<th[39m
                    [33mclass[39m=[32m"p-3 text-center text-sm font-medium text-gray-900 dark:text-gray-100"[39m
                  [36m>[39m
                    [36m<div>[39m
                      [0mWed[0m
                    [36m</div>[39m
                    [36m<div[39m
                      [33mclass[39m=[32m"text-xs text-gray-500 dark:text-gray-400"[39m
                    [36m>[39m
                      [0m7[0m
                    [36m</div>[39m
                  [36m</th>[39m
                  [36m<th[39m
                    [33mclass[39m=[32m"p-3 text-center text-sm font-medium text-gray-900 dark:text-gray-100"[39m
                  [36m>[39m
                    [36m<div>[39m
                      [0mThu[0m
                    [36m</div>[39m
                    [36m<div[39m
                      [33mclass[39m=[32m"text-xs text-gray-500 dark:text-gray-400"[39m
                    [36m>[39m
                      [0m8[0m
                    [36m</div>[39m
                  [36m</th>[39m
                  [36m<th[39m
                    [33mclass[39m=[32m"p-3 text-center text-sm font-medium text-gray-900 dark:text-gray-100"[39m
                  [36m>[39m
                    [36m<div>[39m
                      [0mFri[0m
                    [36m</div>[39m
                    [36m<div[39m
                      [33mclass[39m=[32m"text-xs text-gray-500 dark:text-gray-400"[39m
                    [36m>[39m
                      [0m9[0m
                    [36m</div>[39m
                  [36m</th>[39m
                  [36m<th[39m
                    [33mclass[39m=[32m"p-3 text-center text-sm font-medium text-gray-900 dark:text-gray-100"[39m
                  [36m>[39m
                    [36m<div>[39m
                      [0mSat[0m
                    [36m</div>[39m
                    [36m<div[39m
                      [33mclass[39m=[32m"text-xs text-gray-500 dark:text-gray-400"[39m
                    [36m>[39m
                      [0m10[0m
                    [36m</div>[39m
                  [36m</th>[39m
                  [36m<th[39m
                    [33mclass[39m=[32m"p-3 text-center text-sm font-medium text-gray-900 dark:text-gray-100"[39m
                  [36m>[39m
                    [36m<div>[39m
                      [0mSun[0m
                    [36m</div>[39m
                    [36m<div[39m
                      [33mclass[39m=[32m"text-xs text-gray-500 dark:text-gray-400"[39m
                    [36m>[39m
                      [0m11[0m
                    [36m</div>[39m
                  [36m</th>[39m
                [36m</tr>[39m
              [36m</thead>[39m
              [36m<tbody>[39m
                [36m<tr[39m
                  [33mclass[39m=[32m"border-b border-gray-200 dark:border-gray-700"[39m
                [36m>[39m
                  [36m<td[39m
                    [33mclass[39m=[32m"p-3 text-sm font-medium text-gray-900 dark:text-gray-100"[39m
                  [36m>[39m
                    [0mBreakfast[0m
                  [36m</td>[39m
                  [36m<td[39m
                    [33mclass[39m=[32m"p-2 align-top border-l border-gray-200 dark:border-gray-700"[39m
                  [36m>[39m
                    [36m<div[39m
                      [33mclass[39m=[32m"space-y-2"[39m
                    [36m>[39m
                      [36m<div[39m
                        [33mclass[39m=[32m"p-2 rounded bg-info/10 dark:bg-info/20 text-sm text-gray-900 dark:text-gray-100"[39m
                      [36m>[39m
                        [0mPancakes[0m
                      [36m</div>[39m
                      [36m<button[39m
                        [33mclass[39m=[32m"w-full px-2 py-1 text-xs text-gray-600 dark:text-gray-400 hover:text-gray-900 dark:hover:text-gray-200 hover:bg-gray-100 dark:hover:bg-gray-700 rounded flex items-center justify-center gap-1"[39m
                      [36m>[39m
                        [36m<svg[39m
                          [33maria-hidden[39m=[32m"true"[39m
                          [33mclass[39m=[32m"h-3 w-3"[39m
                          [33mdata-slot[39m=[32m"icon"[39m
                          [33mfill[39m=[32m"none"[39m
                          [33mstroke[39m=[32m"currentColor"[39m
                          [33mstroke-width[39m=...

      349 |     await user.click(pancakesEntry);
      350 |
    > 351 |     const deleteButton = screen.getByRole('button', { name: /delete/i });
          |                                 ^
      352 |     await user.click(deleteButton);
      353 |
      354 |     // Confirm deletion

      at Object.getElementError (node_modules/@testing-library/dom/dist/config.js:37:19)
      at node_modules/@testing-library/dom/dist/query-helpers.js:76:38
      at node_modules/@testing-library/dom/dist/query-helpers.js:52:17
      at node_modules/@testing-library/dom/dist/query-helpers.js:95:19
      at Object.getByRole (tests/components/meals/MealPlanner.test.tsx:351:33)

  ● MealPlanner Component › should handle API errors gracefully

    Unable to find an element with the text: /failed to load meal plan/i. This could be because the text is broken up by multiple elements. In this case, you can provide a function for your text matcher to make your matcher more flexible.

    Ignored nodes: comments, script, style
    [36m<body>[39m
      [36m<div>[39m
        [36m<div[39m
          [33mclass[39m=[32m"flex items-center justify-center min-h-[400px]"[39m
        [36m>[39m
          [36m<div[39m
            [33mclass[39m=[32m"text-red-600 dark:text-red-400"[39m
          [36m>[39m
            [0mCannot read properties of undefined (reading 'ok')[0m
          [36m</div>[39m
        [36m</div>[39m
      [36m</div>[39m
    [36m</body>[39m

      406 |     render(<MealPlanner />);
      407 |
    > 408 |     await waitFor(() => {
          |                  ^
      409 |       expect(screen.getByText(/failed to load meal plan/i)).toBeInTheDocument();
      410 |     });
      411 |   });

      at waitForWrapper (node_modules/@testing-library/dom/dist/wait-for.js:163:27)
      at Object.<anonymous> (tests/components/meals/MealPlanner.test.tsx:408:18)

FAIL tests/integration/api/meals/leftovers/[id]/route.test.ts (5.186 s)
  ● PATCH /api/meals/leftovers/[id] › should mark leftover as used

    expect(jest.fn()).toHaveBeenCalledWith(...expected)

    - Expected
    + Received

      Object {
        "data": Object {
    -     "usedAt": 2026-01-01T12:00:00.000Z,
    +     "usedAt": "2026-01-01T12:00:00.000Z",
        },
        "where": Object {
          "id": "leftover-123",
        },
      },

    Number of calls: 1

      163 |     expect(data.leftover.usedAt).toBeTruthy();
      164 |
    > 165 |     expect(dbMock.leftover.update).toHaveBeenCalledWith({
          |                                    ^
      166 |       where: { id: 'leftover-123' },
      167 |       data: { usedAt: now },
      168 |     });

      at Object.toHaveBeenCalledWith (tests/integration/api/meals/leftovers/[id]/route.test.ts:165:36)

  ● PATCH /api/meals/leftovers/[id] › should mark leftover as tossed

    expect(jest.fn()).toHaveBeenCalledWith(...expected)

    - Expected
    + Received

      Object {
        "data": Object {
    -     "tossedAt": 2026-01-01T12:00:00.000Z,
    +     "tossedAt": "2026-01-01T12:00:00.000Z",
        },
        "where": Object {
          "id": "leftover-123",
        },
      },

    Number of calls: 1

      207 |     expect(data.leftover.tossedAt).toBeTruthy();
      208 |
    > 209 |     expect(dbMock.leftover.update).toHaveBeenCalledWith({
          |                                    ^
      210 |       where: { id: 'leftover-123' },
      211 |       data: { tossedAt: now },
      212 |     });

      at Object.toHaveBeenCalledWith (tests/integration/api/meals/leftovers/[id]/route.test.ts:209:36)

  ● PATCH /api/meals/leftovers/[id] › should create audit log for marking as used

    expect(jest.fn()).toHaveBeenCalledWith(...expected)

    Expected: ObjectContaining {"data": ObjectContaining {"action": "LEFTOVER_MARKED_USED", "familyId": "family-test-123", "memberId": "parent-test-123"}}

    Number of calls: 0

      236 |     await PATCH(request, { params: Promise.resolve({ id: 'leftover-123' }) });
      237 |
    > 238 |     expect(dbMock.auditLog.create).toHaveBeenCalledWith(
          |                                    ^
      239 |       expect.objectContaining({
      240 |         data: expect.objectContaining({
      241 |           action: 'LEFTOVER_MARKED_USED',

      at Object.toHaveBeenCalledWith (tests/integration/api/meals/leftovers/[id]/route.test.ts:238:36)

  ● PATCH /api/meals/leftovers/[id] › should create audit log for marking as tossed

    expect(jest.fn()).toHaveBeenCalledWith(...expected)

    Expected: ObjectContaining {"data": ObjectContaining {"action": "LEFTOVER_MARKED_TOSSED"}}

    Number of calls: 0

      268 |     await PATCH(request, { params: Promise.resolve({ id: 'leftover-123' }) });
      269 |
    > 270 |     expect(dbMock.auditLog.create).toHaveBeenCalledWith(
          |                                    ^
      271 |       expect.objectContaining({
      272 |         data: expect.objectContaining({
      273 |           action: 'LEFTOVER_MARKED_TOSSED',

      at Object.toHaveBeenCalledWith (tests/integration/api/meals/leftovers/[id]/route.test.ts:270:36)


  ● Test suite failed to run

    thrown: "Exceeded timeout of 5000 ms for a hook.
    Add a timeout value to this test to increase the timeout, if this is a long-running test. See https://jestjs.io/docs/api#testname-fn-timeout."

      146 |
      147 | // Cleanup after all tests
    > 148 | afterAll(async () => {
          | ^
      149 |   // Clean up rate limiters if they exist (they have setInterval that keeps process alive)
      150 |   try {
      151 |     const rateLimitModule = require('@/lib/rate-limit')

      at Object.afterAll (jest.setup.js:148:1)

FAIL tests/integration/api/meals/recipes/route.test.ts (5.119 s)
  ● /api/meals/recipes › GET /api/meals/recipes › should return all recipes for family

    expect(received).toBe(expected) // Object.is equality

    Expected: 200
    Received: 500

      76 |       const response = await GET(request);
      77 |
    > 78 |       expect(response.status).toBe(200);
         |                               ^
      79 |       const data = await response.json();
      80 |       expect(data.recipes).toHaveLength(1);
      81 |       expect(data.recipes[0].name).toBe('Spaghetti Carbonara');

      at Object.toBe (tests/integration/api/meals/recipes/route.test.ts:78:31)

  ● /api/meals/recipes › GET /api/meals/recipes › should filter by category

    expect(received).toBe(expected) // Object.is equality

    Expected: 200
    Received: 500

      114 |       const response = await GET(request);
      115 |
    > 116 |       expect(response.status).toBe(200);
          |                               ^
      117 |       expect(dbMock.recipe.findMany).toHaveBeenCalledWith({
      118 |         where: {
      119 |           familyId: 'family-test-123',

      at Object.toBe (tests/integration/api/meals/recipes/route.test.ts:116:31)

  ● /api/meals/recipes › GET /api/meals/recipes › should filter by isFavorite

    expect(received).toBe(expected) // Object.is equality

    Expected: 200
    Received: 500

      131 |       const response = await GET(request);
      132 |
    > 133 |       expect(response.status).toBe(200);
          |                               ^
      134 |       expect(dbMock.recipe.findMany).toHaveBeenCalledWith({
      135 |         where: {
      136 |           familyId: 'family-test-123',

      at Object.toBe (tests/integration/api/meals/recipes/route.test.ts:133:31)

  ● /api/meals/recipes › GET /api/meals/recipes › should search by name

    expect(received).toBe(expected) // Object.is equality

    Expected: 200
    Received: 500

      148 |       const response = await GET(request);
      149 |
    > 150 |       expect(response.status).toBe(200);
          |                               ^
      151 |       expect(dbMock.recipe.findMany).toHaveBeenCalledWith({
      152 |         where: {
      153 |           familyId: 'family-test-123',

      at Object.toBe (tests/integration/api/meals/recipes/route.test.ts:150:31)

  ● /api/meals/recipes › GET /api/meals/recipes › should combine multiple filters

    expect(received).toBe(expected) // Object.is equality

    Expected: 200
    Received: 500

      170 |       const response = await GET(request);
      171 |
    > 172 |       expect(response.status).toBe(200);
          |                               ^
      173 |       expect(dbMock.recipe.findMany).toHaveBeenCalledWith({
      174 |         where: {
      175 |           familyId: 'family-test-123',

      at Object.toBe (tests/integration/api/meals/recipes/route.test.ts:172:31)

  ● /api/meals/recipes › POST /api/meals/recipes › should create recipe with minimal data

    expect(jest.fn()).toHaveBeenCalledWith(...expected)

    - Expected
    + Received

    @@ -6,30 +6,14 @@
          "description": null,
          "dietaryTags": Array [],
          "difficulty": "MEDIUM",
          "familyId": "family-test-123",
          "imageUrl": null,
    -     "ingredients": Object {
    -       "create": Array [],
    -     },
          "instructions": "[]",
          "isFavorite": false,
          "name": "Simple Pasta",
          "notes": null,
          "prepTimeMinutes": null,
          "servings": 4,
          "sourceUrl": null,
    -   },
    -   "include": Object {
    -     "creator": Object {
    -       "select": Object {
    -         "id": true,
    -         "name": true,
    -       },
    -     },
    -     "ingredients": Object {
    -       "orderBy": Object {
    -         "sortOrder": "asc",
    -       },
    -     },
        },
      },

    Number of calls: 1

      264 |       expect(data.message).toBe('Recipe created successfully');
      265 |
    > 266 |       expect(dbMock.recipe.create).toHaveBeenCalledWith({
          |                                    ^
      267 |         data: {
      268 |           familyId: 'family-test-123',
      269 |           name: 'Simple Pasta',

      at Object.toHaveBeenCalledWith (tests/integration/api/meals/recipes/route.test.ts:266:36)

  ● /api/meals/recipes › POST /api/meals/recipes › should create recipe with full data and ingredients

    expect(jest.fn()).toHaveBeenCalledWith(...expected)

    - Expected
    + Received

    @@ -8,38 +8,14 @@
            "VEGETARIAN",
          ],
          "difficulty": "HARD",
          "familyId": "family-test-123",
          "imageUrl": "https://example.com/image.jpg",
    -     "ingredients": Object {
    -       "create": Array [
    -         Object {
    -           "name": "Pasta",
    -           "notes": "spaghetti",
    -           "quantity": 1,
    -           "sortOrder": 0,
    -           "unit": "lb",
    -         },
    -       ],
    -     },
          "instructions": "[\"Step 1\",\"Step 2\"]",
    -     "isFavorite": true,
    +     "isFavorite": false,
          "name": "Spaghetti Carbonara",
          "notes": "Use fresh eggs",
          "prepTimeMinutes": 10,
          "servings": 6,
          "sourceUrl": "https://example.com/recipe",
    -   },
    -   "include": Object {
    -     "creator": Object {
    -       "select": Object {
    -         "id": true,
    -         "name": true,
    -       },
    -     },
    -     "ingredients": Object {
    -       "orderBy": Object {
    -         "sortOrder": "asc",
    -       },
    -     },
        },
      },

    Number of calls: 1

      389 |       expect(data.recipe.ingredients).toHaveLength(1);
      390 |
    > 391 |       expect(dbMock.recipe.create).toHaveBeenCalledWith({
          |                                    ^
      392 |         data: {
      393 |           familyId: 'family-test-123',
      394 |           name: 'Spaghetti Carbonara',

      at Object.toHaveBeenCalledWith (tests/integration/api/meals/recipes/route.test.ts:391:36)

  ● /api/meals/recipes › POST /api/meals/recipes › should auto-assign sortOrder to ingredients

    expect(jest.fn()).toHaveBeenCalledWith(...expected)

    Expected: ObjectContaining {"data": ObjectContaining {"ingredients": {"create": [ObjectContaining {"name": "Ingredient 1", "sortOrder": 0}, ObjectContaining {"name": "Ingredient 2", "sortOrder": 1}, ObjectContaining {"name": "Ingredient 3", "sortOrder": 2}]}}}
    Received: {"data": {"category": null, "cookTimeMinutes": null, "createdBy": "parent-test-123", "description": null, "dietaryTags": [], "difficulty": "MEDIUM", "familyId": "family-test-123", "imageUrl": null, "instructions": "[]", "isFavorite": false, "name": "Test Recipe", "notes": null, "prepTimeMinutes": null, "servings": 4, "sourceUrl": null}}

    Number of calls: 1

      460 |       await POST(request);
      461 |
    > 462 |       expect(dbMock.recipe.create).toHaveBeenCalledWith(
          |                                    ^
      463 |         expect.objectContaining({
      464 |           data: expect.objectContaining({
      465 |             ingredients: {

      at Object.toHaveBeenCalledWith (tests/integration/api/meals/recipes/route.test.ts:462:36)


  ● Test suite failed to run

    thrown: "Exceeded timeout of 5000 ms for a hook.
    Add a timeout value to this test to increase the timeout, if this is a long-running test. See https://jestjs.io/docs/api#testname-fn-timeout."

      146 |
      147 | // Cleanup after all tests
    > 148 | afterAll(async () => {
          | ^
      149 |   // Clean up rate limiters if they exist (they have setInterval that keeps process alive)
      150 |   try {
      151 |     const rateLimitModule = require('@/lib/rate-limit')

      at Object.afterAll (jest.setup.js:148:1)

FAIL tests/integration/api/maintenance/upcoming/route.test.ts (5.139 s)
  ● /api/maintenance/upcoming › should return 401 if not authenticated

    expect(received).toBe(expected) // Object.is equality

    Expected: 401
    Received: 500

      23 |     const response = await GET(request);
      24 |
    > 25 |     expect(response.status).toBe(401);
         |                             ^
      26 |   });
      27 |
      28 |   it('should return upcoming and overdue items within 30 days by default', async () => {

      at Object.toBe (tests/integration/api/maintenance/upcoming/route.test.ts:25:29)

  ● /api/maintenance/upcoming › should return upcoming and overdue items within 30 days by default

    expect(jest.fn()).toHaveBeenCalledWith(...expected)

    - Expected
    + Received

    @@ -3,10 +3,9 @@
          "nextDueAt": "asc",
        },
        "where": Object {
          "familyId": "family-test-123",
          "nextDueAt": Object {
    -       "lte": 2026-01-31T12:00:00.000Z,
    -       "not": null,
    +       "lte": "2026-01-31T12:00:00.000Z",
          },
        },
      },

    Number of calls: 1

      61 |     thirtyDaysFromNow.setDate(thirtyDaysFromNow.getDate() + 30);
      62 |
    > 63 |     expect(dbMock.maintenanceItem.findMany).toHaveBeenCalledWith({
         |                                             ^
      64 |       where: {
      65 |         familyId: 'family-test-123',
      66 |         nextDueAt: {

      at Object.toHaveBeenCalledWith (tests/integration/api/maintenance/upcoming/route.test.ts:63:45)

  ● /api/maintenance/upcoming › should return items within custom days parameter

    expect(jest.fn()).toHaveBeenCalledWith(...expected)

    - Expected
    + Received

    @@ -3,10 +3,9 @@
          "nextDueAt": "asc",
        },
        "where": Object {
          "familyId": "family-test-123",
          "nextDueAt": Object {
    -       "lte": 2026-01-08T12:00:00.000Z,
    -       "not": null,
    +       "lte": "2026-01-08T12:00:00.000Z",
          },
        },
      },

    Number of calls: 1

      105 |     sevenDaysFromNow.setDate(sevenDaysFromNow.getDate() + 7);
      106 |
    > 107 |     expect(dbMock.maintenanceItem.findMany).toHaveBeenCalledWith({
          |                                             ^
      108 |       where: {
      109 |         familyId: 'family-test-123',
      110 |         nextDueAt: {

      at Object.toHaveBeenCalledWith (tests/integration/api/maintenance/upcoming/route.test.ts:107:45)

  ● /api/maintenance/upcoming › should handle database errors gracefully

    expect(received).toBe(expected) // Object.is equality

    Expected: "Failed to fetch upcoming maintenance items"
    Received: "Failed to fetch upcoming maintenance"

      162 |     expect(response.status).toBe(500);
      163 |     const data = await response.json();
    > 164 |     expect(data.error).toBe('Failed to fetch upcoming maintenance items');
          |                        ^
      165 |   });
      166 |
      167 |   it('should handle invalid days parameter', async () => {

      at Object.toBe (tests/integration/api/maintenance/upcoming/route.test.ts:164:24)


  ● Test suite failed to run

    thrown: "Exceeded timeout of 5000 ms for a hook.
    Add a timeout value to this test to increase the timeout, if this is a long-running test. See https://jestjs.io/docs/api#testname-fn-timeout."

      146 |
      147 | // Cleanup after all tests
    > 148 | afterAll(async () => {
          | ^
      149 |   // Clean up rate limiters if they exist (they have setInterval that keeps process alive)
      150 |   try {
      151 |     const rateLimitModule = require('@/lib/rate-limit')

      at Object.afterAll (jest.setup.js:148:1)

FAIL tests/integration/api/maintenance/[id]/route.test.ts (5.112 s)
  ● /api/maintenance/[id] › GET /api/maintenance/[id] › should return maintenance item with completions

    TypeError: expect(received).toHaveLength(expected)

    Matcher error: received value must have a length property whose value must be a number

    Received has value: undefined

       97 |       expect(data.item.id).toBe('item-1');
       98 |       expect(data.item.name).toBe('HVAC Filter Replacement');
    >  99 |       expect(data.item.completions).toHaveLength(1);
          |                                     ^
      100 |
      101 |       expect(dbMock.maintenanceItem.findUnique).toHaveBeenCalledWith({
      102 |         where: { id: 'item-1' },

      at Object.toHaveLength (tests/integration/api/maintenance/[id]/route.test.ts:99:37)

  ● /api/maintenance/[id] › PATCH /api/maintenance/[id] › should return 403 if user is not a parent

    expect(received).toBe(expected) // Object.is equality

    Expected: 403
    Received: 500

      154 |       const response = await PATCH(request, { params: Promise.resolve({ id: 'item-1' }) });
      155 |
    > 156 |       expect(response.status).toBe(403);
          |                               ^
      157 |       const data = await response.json();
      158 |       expect(data.error).toBe('Only parents can update maintenance items');
      159 |     });

      at Object.toBe (tests/integration/api/maintenance/[id]/route.test.ts:156:31)

  ● /api/maintenance/[id] › PATCH /api/maintenance/[id] › should return 403 if item belongs to different family

    expect(received).toBe(expected) // Object.is equality

    Expected: 403
    Received: 404

      184 |       const response = await PATCH(request, { params: Promise.resolve({ id: 'item-1' }) });
      185 |
    > 186 |       expect(response.status).toBe(403);
          |                               ^
      187 |     });
      188 |
      189 |     it('should update maintenance item fields', async () => {

      at Object.toBe (tests/integration/api/maintenance/[id]/route.test.ts:186:31)

  ● /api/maintenance/[id] › PATCH /api/maintenance/[id] › should update maintenance item fields

    expect(jest.fn()).toHaveBeenCalledWith(...expected)

    Expected: {"data": {"action": "MAINTENANCE_ITEM_UPDATED", "familyId": "family-test-123", "memberId": "parent-test-123", "metadata": {"itemId": "item-1", "name": "Updated HVAC Filter"}, "result": "SUCCESS"}}

    Number of calls: 0

      218 |       expect(data.message).toBe('Maintenance item updated successfully');
      219 |
    > 220 |       expect(dbMock.auditLog.create).toHaveBeenCalledWith({
          |                                      ^
      221 |         data: {
      222 |           familyId: 'family-test-123',
      223 |           memberId: 'parent-test-123',

      at Object.toHaveBeenCalledWith (tests/integration/api/maintenance/[id]/route.test.ts:220:38)

  ● /api/maintenance/[id] › PATCH /api/maintenance/[id] › should return 400 if category is invalid

    expect(received).toBe(expected) // Object.is equality

    Expected: 400
    Received: 500

      245 |       const response = await PATCH(request, { params: Promise.resolve({ id: 'item-1' }) });
      246 |
    > 247 |       expect(response.status).toBe(400);
          |                               ^
      248 |       const data = await response.json();
      249 |       expect(data.error).toContain('Invalid category');
      250 |     });

      at Object.toBe (tests/integration/api/maintenance/[id]/route.test.ts:247:31)

  ● /api/maintenance/[id] › DELETE /api/maintenance/[id] › should return 403 if user is not a parent

    expect(received).toBe(expected) // Object.is equality

    Expected: 403
    Received: 200

      285 |       const response = await DELETE(request, { params: Promise.resolve({ id: 'item-1' }) });
      286 |
    > 287 |       expect(response.status).toBe(403);
          |                               ^
      288 |       const data = await response.json();
      289 |       expect(data.error).toBe('Only parents can delete maintenance items');
      290 |     });

      at Object.toBe (tests/integration/api/maintenance/[id]/route.test.ts:287:31)

  ● /api/maintenance/[id] › DELETE /api/maintenance/[id] › should return 403 if item belongs to different family

    expect(received).toBe(expected) // Object.is equality

    Expected: 403
    Received: 404

      313 |       const response = await DELETE(request, { params: Promise.resolve({ id: 'item-1' }) });
      314 |
    > 315 |       expect(response.status).toBe(403);
          |                               ^
      316 |     });
      317 |
      318 |     it('should delete maintenance item successfully', async () => {

      at Object.toBe (tests/integration/api/maintenance/[id]/route.test.ts:315:31)

  ● /api/maintenance/[id] › DELETE /api/maintenance/[id] › should delete maintenance item successfully

    expect(jest.fn()).toHaveBeenCalledWith(...expected)

    Expected: {"data": {"action": "MAINTENANCE_ITEM_DELETED", "familyId": "family-test-123", "memberId": "parent-test-123", "metadata": {"itemId": "item-1", "name": "HVAC Filter Replacement"}, "result": "SUCCESS"}}

    Number of calls: 0

      334 |       });
      335 |
    > 336 |       expect(dbMock.auditLog.create).toHaveBeenCalledWith({
          |                                      ^
      337 |         data: {
      338 |           familyId: 'family-test-123',
      339 |           memberId: 'parent-test-123',

      at Object.toHaveBeenCalledWith (tests/integration/api/maintenance/[id]/route.test.ts:336:38)


  ● Test suite failed to run

    thrown: "Exceeded timeout of 5000 ms for a hook.
    Add a timeout value to this test to increase the timeout, if this is a long-running test. See https://jestjs.io/docs/api#testname-fn-timeout."

      146 |
      147 | // Cleanup after all tests
    > 148 | afterAll(async () => {
          | ^
      149 |   // Clean up rate limiters if they exist (they have setInterval that keeps process alive)
      150 |   try {
      151 |     const rateLimitModule = require('@/lib/rate-limit')

      at Object.afterAll (jest.setup.js:148:1)

FAIL tests/integration/api/inventory/[id]/route.test.ts (5.118 s)
  ● /api/inventory/[id] › PATCH /api/inventory/[id] › should return 403 if user is not a parent

    expect(received).toBe(expected) // Object.is equality

    Expected: 403
    Received: 200

      120 |       const response = await PATCH(request, { params: Promise.resolve({ id: 'item-1' }) });
      121 |
    > 122 |       expect(response.status).toBe(403);
          |                               ^
      123 |       const data = await response.json();
      124 |       expect(data.error).toBe('Only parents can update inventory items');
      125 |     });

      at Object.toBe (tests/integration/api/inventory/[id]/route.test.ts:122:31)

  ● /api/inventory/[id] › PATCH /api/inventory/[id] › should return 403 if item belongs to different family

    expect(received).toBe(expected) // Object.is equality

    Expected: 403
    Received: 404

      150 |       const response = await PATCH(request, { params: Promise.resolve({ id: 'item-1' }) });
      151 |
    > 152 |       expect(response.status).toBe(403);
          |                               ^
      153 |     });
      154 |
      155 |     it('should update inventory item fields', async () => {

      at Object.toBe (tests/integration/api/inventory/[id]/route.test.ts:152:31)

  ● /api/inventory/[id] › PATCH /api/inventory/[id] › should update inventory item fields

    expect(jest.fn()).toHaveBeenCalledWith(...expected)

    Expected: {"data": {"action": "INVENTORY_ITEM_UPDATED", "familyId": "family-test-123", "memberId": "parent-test-123", "metadata": {"itemId": "item-1", "name": "Milk"}, "result": "SUCCESS"}}

    Number of calls: 0

      193 |       });
      194 |
    > 195 |       expect(dbMock.auditLog.create).toHaveBeenCalledWith({
          |                                      ^
      196 |         data: {
      197 |           familyId: 'family-test-123',
      198 |           memberId: 'parent-test-123',

      at Object.toHaveBeenCalledWith (tests/integration/api/inventory/[id]/route.test.ts:195:38)

  ● /api/inventory/[id] › PATCH /api/inventory/[id] › should return 400 if category is invalid

    expect(received).toBe(expected) // Object.is equality

    Expected: 400
    Received: 200

      220 |       const response = await PATCH(request, { params: Promise.resolve({ id: 'item-1' }) });
      221 |
    > 222 |       expect(response.status).toBe(400);
          |                               ^
      223 |       const data = await response.json();
      224 |       expect(data.error).toContain('Invalid category');
      225 |     });

      at Object.toBe (tests/integration/api/inventory/[id]/route.test.ts:222:31)

  ● /api/inventory/[id] › PATCH /api/inventory/[id] › should return 400 if location is invalid

    expect(received).toBe(expected) // Object.is equality

    Expected: 400
    Received: 200

      236 |       const response = await PATCH(request, { params: Promise.resolve({ id: 'item-1' }) });
      237 |
    > 238 |       expect(response.status).toBe(400);
          |                               ^
      239 |       const data = await response.json();
      240 |       expect(data.error).toContain('Invalid location');
      241 |     });

      at Object.toBe (tests/integration/api/inventory/[id]/route.test.ts:238:31)

  ● /api/inventory/[id] › DELETE /api/inventory/[id] › should return 403 if user is not a parent

    expect(received).toBe(expected) // Object.is equality

    Expected: 403
    Received: 200

      276 |       const response = await DELETE(request, { params: Promise.resolve({ id: 'item-1' }) });
      277 |
    > 278 |       expect(response.status).toBe(403);
          |                               ^
      279 |       const data = await response.json();
      280 |       expect(data.error).toBe('Only parents can delete inventory items');
      281 |     });

      at Object.toBe (tests/integration/api/inventory/[id]/route.test.ts:278:31)

  ● /api/inventory/[id] › DELETE /api/inventory/[id] › should return 403 if item belongs to different family

    expect(received).toBe(expected) // Object.is equality

    Expected: 403
    Received: 404

      304 |       const response = await DELETE(request, { params: Promise.resolve({ id: 'item-1' }) });
      305 |
    > 306 |       expect(response.status).toBe(403);
          |                               ^
      307 |     });
      308 |
      309 |     it('should delete inventory item successfully', async () => {

      at Object.toBe (tests/integration/api/inventory/[id]/route.test.ts:306:31)

  ● /api/inventory/[id] › DELETE /api/inventory/[id] › should delete inventory item successfully

    expect(jest.fn()).toHaveBeenCalledWith(...expected)

    Expected: {"data": {"action": "INVENTORY_ITEM_DELETED", "familyId": "family-test-123", "memberId": "parent-test-123", "metadata": {"itemId": "item-1", "name": "Milk"}, "result": "SUCCESS"}}

    Number of calls: 0

      325 |       });
      326 |
    > 327 |       expect(dbMock.auditLog.create).toHaveBeenCalledWith({
          |                                      ^
      328 |         data: {
      329 |           familyId: 'family-test-123',
      330 |           memberId: 'parent-test-123',

      at Object.toHaveBeenCalledWith (tests/integration/api/inventory/[id]/route.test.ts:327:38)


  ● Test suite failed to run

    thrown: "Exceeded timeout of 5000 ms for a hook.
    Add a timeout value to this test to increase the timeout, if this is a long-running test. See https://jestjs.io/docs/api#testname-fn-timeout."

      146 |
      147 | // Cleanup after all tests
    > 148 | afterAll(async () => {
          | ^
      149 |   // Clean up rate limiters if they exist (they have setInterval that keeps process alive)
      150 |   try {
      151 |     const rateLimitModule = require('@/lib/rate-limit')

      at Object.afterAll (jest.setup.js:148:1)

FAIL tests/integration/api/meals/leftovers/route.test.ts (5.115 s)
  ● GET /api/meals/leftovers › should return only active leftovers (not used or tossed)

    expect(jest.fn()).toHaveBeenCalledWith(...expected)

    - Expected
    + Received

    @@ -1,9 +1,10 @@
      Object {
        "include": Object {
          "creator": Object {
            "select": Object {
    +         "avatarUrl": true,
              "id": true,
              "name": true,
            },
          },
        },,

    Number of calls: 1

      76 |     expect(data.leftovers[0].name).toBe('Lasagna');
      77 |
    > 78 |     expect(dbMock.leftover.findMany).toHaveBeenCalledWith({
         |                                      ^
      79 |       where: {
      80 |         familyId: session.user.familyId,
      81 |         usedAt: null,

      at Object.toHaveBeenCalledWith (tests/integration/api/meals/leftovers/route.test.ts:78:38)

  ● POST /api/meals/leftovers › should create leftover with default expiration (3 days)

    expect(jest.fn()).toHaveBeenCalledWith(...expected)

    - Expected
    + Received

      Object {
    -   "data": ObjectContaining {
    +   "data": Object {
          "createdBy": "parent-test-123",
    -     "expiresAt": 2026-01-04T12:00:00.000Z,
    +     "expiresAt": "2026-01-04T12:00:00.000Z",
          "familyId": "family-test-123",
    +     "mealPlanEntryId": null,
          "name": "Pizza",
    +     "notes": null,
          "quantity": "2 slices",
    +     "storedAt": "2026-01-01T12:00:00.000Z",
        },
      },

    Number of calls: 1

      234 |
      235 |     // Verify expiration is 3 days from now
    > 236 |     expect(dbMock.leftover.create).toHaveBeenCalledWith({
          |                                    ^
      237 |       data: expect.objectContaining({
      238 |         name: 'Pizza',
      239 |         quantity: '2 slices',

      at Object.toHaveBeenCalledWith (tests/integration/api/meals/leftovers/route.test.ts:236:36)

  ● POST /api/meals/leftovers › should create leftover with custom expiration days

    expect(jest.fn()).toHaveBeenCalledWith(...expected)

    - Expected
    + Received

      Object {
    -   "data": ObjectContaining {
    -     "expiresAt": 2026-01-06T12:00:00.000Z,
    +   "data": Object {
    +     "createdBy": "parent-test-123",
    +     "expiresAt": "2026-01-06T12:00:00.000Z",
    +     "familyId": "family-test-123",
    +     "mealPlanEntryId": null,
    +     "name": "Soup",
    +     "notes": null,
    +     "quantity": "1 bowl",
    +     "storedAt": "2026-01-01T12:00:00.000Z",
        },
      },

    Number of calls: 1

      286 |     expect(response.status).toBe(201);
      287 |
    > 288 |     expect(dbMock.leftover.create).toHaveBeenCalledWith({
          |                                    ^
      289 |       data: expect.objectContaining({
      290 |         expiresAt: new Date('2026-01-06T12:00:00Z'),
      291 |       }),

      at Object.toHaveBeenCalledWith (tests/integration/api/meals/leftovers/route.test.ts:288:36)


  ● Test suite failed to run

    thrown: "Exceeded timeout of 5000 ms for a hook.
    Add a timeout value to this test to increase the timeout, if this is a long-running test. See https://jestjs.io/docs/api#testname-fn-timeout."

      146 |
      147 | // Cleanup after all tests
    > 148 | afterAll(async () => {
          | ^
      149 |   // Clean up rate limiters if they exist (they have setInterval that keeps process alive)
      150 |   try {
      151 |     const rateLimitModule = require('@/lib/rate-limit')

      at Object.afterAll (jest.setup.js:148:1)

FAIL tests/integration/api/maintenance/route.test.ts (5.091 s)
  ● /api/maintenance › POST /api/maintenance › should create maintenance item with minimal data

    expect(received).toBe(expected) // Object.is equality

    Expected: 201
    Received: 200

      226 |       const response = await POST(request);
      227 |
    > 228 |       expect(response.status).toBe(201);
          |                               ^
      229 |       const data = await response.json();
      230 |       expect(data.item.name).toBe('HVAC Filter Replacement');
      231 |       expect(data.item.category).toBe('HVAC');

      at Object.toBe (tests/integration/api/maintenance/route.test.ts:228:31)

  ● /api/maintenance › POST /api/maintenance › should create maintenance item with full data

    expect(received).toBe(expected) // Object.is equality

    Expected: 201
    Received: 200

      302 |       const response = await POST(request);
      303 |
    > 304 |       expect(response.status).toBe(201);
          |                               ^
      305 |       const data = await response.json();
      306 |       expect(data.item.name).toBe('Sprinkler System Check');
      307 |       expect(data.item.season).toBe('SPRING');

      at Object.toBe (tests/integration/api/maintenance/route.test.ts:304:31)


  ● Test suite failed to run

    thrown: "Exceeded timeout of 5000 ms for a hook.
    Add a timeout value to this test to increase the timeout, if this is a long-running test. See https://jestjs.io/docs/api#testname-fn-timeout."

      146 |
      147 | // Cleanup after all tests
    > 148 | afterAll(async () => {
          | ^
      149 |   // Clean up rate limiters if they exist (they have setInterval that keeps process alive)
      150 |   try {
      151 |     const rateLimitModule = require('@/lib/rate-limit')

      at Object.afterAll (jest.setup.js:148:1)

FAIL tests/integration/api/pets/[id]/feed/route.test.ts (5.079 s)
  ● /api/pets/[id]/feed › POST /api/pets/[id]/feed › should log feeding with minimal data

    expect(received).toBe(expected) // Object.is equality

    Expected: 201
    Received: 200

      102 |       const response = await POST(request, { params: Promise.resolve({ id: 'pet-1' }) });
      103 |
    > 104 |       expect(response.status).toBe(201);
          |                               ^
      105 |       const data = await response.json();
      106 |       expect(data.feeding.petId).toBe('pet-1');
      107 |       expect(data.feeding.fedBy).toBe('parent-test-123');

      at Object.toBe (tests/integration/api/pets/[id]/feed/route.test.ts:104:31)

  ● /api/pets/[id]/feed › POST /api/pets/[id]/feed › should log feeding with full data

    expect(received).toBe(expected) // Object.is equality

    Expected: 201
    Received: 200

      167 |       const response = await POST(request, { params: Promise.resolve({ id: 'pet-1' }) });
      168 |
    > 169 |       expect(response.status).toBe(201);
          |                               ^
      170 |       const data = await response.json();
      171 |       expect(data.feeding.foodType).toBe('Dry kibble');
      172 |       expect(data.feeding.amount).toBe('2 cups');

      at Object.toBe (tests/integration/api/pets/[id]/feed/route.test.ts:169:31)

  ● /api/pets/[id]/feed › POST /api/pets/[id]/feed › should allow children to log feedings

    expect(received).toBe(expected) // Object.is equality

    Expected: 201
    Received: 200

      210 |       const response = await POST(request, { params: Promise.resolve({ id: 'pet-1' }) });
      211 |
    > 212 |       expect(response.status).toBe(201);
          |                               ^
      213 |       expect(dbMock.petFeeding.create).toHaveBeenCalledWith(
      214 |         expect.objectContaining({
      215 |           data: expect.objectContaining({

      at Object.toBe (tests/integration/api/pets/[id]/feed/route.test.ts:212:31)


  ● Test suite failed to run

    thrown: "Exceeded timeout of 5000 ms for a hook.
    Add a timeout value to this test to increase the timeout, if this is a long-running test. See https://jestjs.io/docs/api#testname-fn-timeout."

      146 |
      147 | // Cleanup after all tests
    > 148 | afterAll(async () => {
          | ^
      149 |   // Clean up rate limiters if they exist (they have setInterval that keeps process alive)
      150 |   try {
      151 |     const rateLimitModule = require('@/lib/rate-limit')

      at Object.afterAll (jest.setup.js:148:1)

FAIL tests/integration/api/family/guests/[id]/route.test.ts (5.091 s)
  ● /api/family/guests/[id] › DELETE /api/family/guests/[id] › should revoke guest invite successfully

    expect(jest.fn()).toHaveBeenCalledWith(...expected)

    - Expected
    + Received

    @@ -1,8 +1,8 @@
      Object {
        "data": Object {
    -     "revokedAt": 2026-01-01T12:00:00.000Z,
    +     "revokedAt": "2026-01-01T12:00:00.000Z",
          "status": "REVOKED",
        },
        "where": Object {
          "id": "invite-1",
        },,

    Number of calls: 1

      116 |       expect(data.message).toBe('Guest invite revoked successfully');
      117 |
    > 118 |       expect(dbMock.guestInvite.update).toHaveBeenCalledWith({
          |                                         ^
      119 |         where: { id: 'invite-1' },
      120 |         data: {
      121 |           status: 'REVOKED',

      at Object.toHaveBeenCalledWith (tests/integration/api/family/guests/[id]/route.test.ts:118:41)


  ● Test suite failed to run

    thrown: "Exceeded timeout of 5000 ms for a hook.
    Add a timeout value to this test to increase the timeout, if this is a long-running test. See https://jestjs.io/docs/api#testname-fn-timeout."

      146 |
      147 | // Cleanup after all tests
    > 148 | afterAll(async () => {
          | ^
      149 |   // Clean up rate limiters if they exist (they have setInterval that keeps process alive)
      150 |   try {
      151 |     const rateLimitModule = require('@/lib/rate-limit')

      at Object.afterAll (jest.setup.js:148:1)

FAIL tests/integration/api/family/guests/invite/route.test.ts (5.094 s)
  ● /api/family/guests/invite › should return 400 if required fields are missing

    expect(received).toBe(expected) // Object.is equality

    Expected: 400
    Received: 500

      60 |     const response = await POST(request);
      61 |
    > 62 |     expect(response.status).toBe(400);
         |                             ^
      63 |     const data = await response.json();
      64 |     expect(data.error).toBe('Guest name, access level, and duration are required');
      65 |   });

      at Object.toBe (tests/integration/api/family/guests/invite/route.test.ts:62:29)

  ● /api/family/guests/invite › should return 400 if access level is invalid

    expect(received).toBe(expected) // Object.is equality

    Expected: 400
    Received: 500

      76 |     const response = await POST(request);
      77 |
    > 78 |     expect(response.status).toBe(400);
         |                             ^
      79 |     const data = await response.json();
      80 |     expect(data.error).toContain('Invalid access level');
      81 |   });

      at Object.toBe (tests/integration/api/family/guests/invite/route.test.ts:78:29)

  ● /api/family/guests/invite › should create guest invite with minimal data

    expect(received).toBe(expected) // Object.is equality

    Expected: 201
    Received: 200

      120 |     const response = await POST(request);
      121 |
    > 122 |     expect(response.status).toBe(201);
          |                             ^
      123 |     const data = await response.json();
      124 |     expect(data.invite.guestName).toBe('Grandma');
      125 |     expect(data.invite.accessLevel).toBe('VIEW_ONLY');

      at Object.toBe (tests/integration/api/family/guests/invite/route.test.ts:122:29)

  ● /api/family/guests/invite › should create guest invite with full data

    expect(received).toBe(expected) // Object.is equality

    Expected: 201
    Received: 200

      199 |     const response = await POST(request);
      200 |
    > 201 |     expect(response.status).toBe(201);
          |                             ^
      202 |     const data = await response.json();
      203 |     expect(data.invite.guestEmail).toBe('jane@example.com');
      204 |     expect(data.invite.accessLevel).toBe('CAREGIVER');

      at Object.toBe (tests/integration/api/family/guests/invite/route.test.ts:201:29)

  ● /api/family/guests/invite › should generate unique 6-digit invite code

    expect(received).toBe(expected) // Object.is equality

    Expected: 201
    Received: 200

      240 |     const response = await POST(request);
      241 |
    > 242 |     expect(response.status).toBe(201);
          |                             ^
      243 |     const data = await response.json();
      244 |
      245 |     // Verify invite code is 6 digits

      at Object.toBe (tests/integration/api/family/guests/invite/route.test.ts:242:29)


  ● Test suite failed to run

    thrown: "Exceeded timeout of 5000 ms for a hook.
    Add a timeout value to this test to increase the timeout, if this is a long-running test. See https://jestjs.io/docs/api#testname-fn-timeout."

      146 |
      147 | // Cleanup after all tests
    > 148 | afterAll(async () => {
          | ^
      149 |   // Clean up rate limiters if they exist (they have setInterval that keeps process alive)
      150 |   try {
      151 |     const rateLimitModule = require('@/lib/rate-limit')

      at Object.afterAll (jest.setup.js:148:1)

FAIL tests/integration/api/inventory/route.test.ts (5.092 s)
  ● /api/inventory › POST /api/inventory › should create inventory item with minimal data

    expect(received).toBe(expected) // Object.is equality

    Expected: 201
    Received: 200

      236 |       const response = await POST(request);
      237 |
    > 238 |       expect(response.status).toBe(201);
          |                               ^
      239 |       const data = await response.json();
      240 |       expect(data.item.name).toBe('Milk');
      241 |       expect(data.item.category).toBe('FOOD_FRIDGE');

      at Object.toBe (tests/integration/api/inventory/route.test.ts:238:31)

  ● /api/inventory › POST /api/inventory › should create inventory item with full data

    expect(received).toBe(expected) // Object.is equality

    Expected: 201
    Received: 200

      317 |       const response = await POST(request);
      318 |
    > 319 |       expect(response.status).toBe(201);
          |                               ^
      320 |       const data = await response.json();
      321 |       expect(data.item.name).toBe('Milk');
      322 |       expect(data.item.currentQuantity).toBe(2);

      at Object.toBe (tests/integration/api/inventory/route.test.ts:319:31)

  ● /api/inventory › POST /api/inventory › should handle database errors gracefully

    expect(received).toBe(expected) // Object.is equality

    Expected: "Failed to add inventory item"
    Received: "Failed to create inventory item"

      359 |       expect(response.status).toBe(500);
      360 |       const data = await response.json();
    > 361 |       expect(data.error).toBe('Failed to add inventory item');
          |                          ^
      362 |     });
      363 |   });
      364 | });

      at Object.toBe (tests/integration/api/inventory/route.test.ts:361:26)


  ● Test suite failed to run

    thrown: "Exceeded timeout of 5000 ms for a hook.
    Add a timeout value to this test to increase the timeout, if this is a long-running test. See https://jestjs.io/docs/api#testname-fn-timeout."

      146 |
      147 | // Cleanup after all tests
    > 148 | afterAll(async () => {
          | ^
      149 |   // Clean up rate limiters if they exist (they have setInterval that keeps process alive)
      150 |   try {
      151 |     const rateLimitModule = require('@/lib/rate-limit')

      at Object.afterAll (jest.setup.js:148:1)

FAIL tests/integration/api/pets/route.test.ts (5.093 s)
  ● /api/pets › GET /api/pets › should return all pets for family

    expect(jest.fn()).toHaveBeenCalledWith(...expected)

    - Expected
    + Received

    @@ -1,22 +1,6 @@
      Object {
    -   "include": Object {
    -     "feedings": Object {
    -       "include": Object {
    -         "member": Object {
    -           "select": Object {
    -             "id": true,
    -             "name": true,
    -           },
    -         },
    -       },
    -       "orderBy": Object {
    -         "fedAt": "desc",
    -       },
    -       "take": 1,
    -     },
    -   },
        "orderBy": Object {
          "name": "asc",
        },
        "where": Object {
          "familyId": "family-test-123",,

    Number of calls: 1

      73 |       expect(data.pets[1].name).toBe('Whiskers');
      74 |
    > 75 |       expect(dbMock.pet.findMany).toHaveBeenCalledWith({
         |                                   ^
      76 |         where: {
      77 |           familyId: 'family-test-123',
      78 |         },

      at Object.toHaveBeenCalledWith (tests/integration/api/pets/route.test.ts:75:35)

  ● /api/pets › POST /api/pets › should create pet with minimal data

    expect(received).toBe(expected) // Object.is equality

    Expected: 201
    Received: 200

      230 |       const response = await POST(request);
      231 |
    > 232 |       expect(response.status).toBe(201);
          |                               ^
      233 |       const data = await response.json();
      234 |       expect(data.pet.name).toBe('Max');
      235 |       expect(data.pet.species).toBe('DOG');

      at Object.toBe (tests/integration/api/pets/route.test.ts:232:31)

  ● /api/pets › POST /api/pets › should create pet with full data

    expect(received).toBe(expected) // Object.is equality

    Expected: 201
    Received: 200

      300 |       const response = await POST(request);
      301 |
    > 302 |       expect(response.status).toBe(201);
          |                               ^
      303 |       const data = await response.json();
      304 |       expect(data.pet.name).toBe('Max');
      305 |       expect(data.pet.breed).toBe('Golden Retriever');

      at Object.toBe (tests/integration/api/pets/route.test.ts:302:31)

  ● /api/pets › POST /api/pets › should handle database errors gracefully

    expect(received).toBe(expected) // Object.is equality

    Expected: "Failed to add pet"
    Received: "Failed to create pet"

      331 |       expect(response.status).toBe(500);
      332 |       const data = await response.json();
    > 333 |       expect(data.error).toBe('Failed to add pet');
          |                          ^
      334 |     });
      335 |   });
      336 | });

      at Object.toBe (tests/integration/api/pets/route.test.ts:333:26)


  ● Test suite failed to run

    thrown: "Exceeded timeout of 5000 ms for a hook.
    Add a timeout value to this test to increase the timeout, if this is a long-running test. See https://jestjs.io/docs/api#testname-fn-timeout."

      146 |
      147 | // Cleanup after all tests
    > 148 | afterAll(async () => {
          | ^
      149 |   // Clean up rate limiters if they exist (they have setInterval that keeps process alive)
      150 |   try {
      151 |     const rateLimitModule = require('@/lib/rate-limit')

      at Object.afterAll (jest.setup.js:148:1)

FAIL tests/integration/api/inventory/expiring/route.test.ts (5.096 s)
  ● /api/inventory/expiring › should return items expiring within 7 days by default

    expect(jest.fn()).toHaveBeenCalledWith(...expected)

    - Expected
    + Received

    @@ -2,11 +2,11 @@
        "orderBy": Object {
          "expiresAt": "asc",
        },
        "where": Object {
          "expiresAt": Object {
    -       "lte": 2026-01-08T12:00:00.000Z,
    +       "lte": "2026-01-08T12:00:00.000Z",
            "not": null,
          },
          "familyId": "family-test-123",
        },
      },

    Number of calls: 1

      81 |     sevenDaysFromNow.setDate(sevenDaysFromNow.getDate() + 7);
      82 |
    > 83 |     expect(dbMock.inventoryItem.findMany).toHaveBeenCalledWith({
         |                                           ^
      84 |       where: {
      85 |         familyId: 'family-test-123',
      86 |         expiresAt: {

      at Object.toHaveBeenCalledWith (tests/integration/api/inventory/expiring/route.test.ts:83:43)

  ● /api/inventory/expiring › should return items expiring within custom days param

    expect(jest.fn()).toHaveBeenCalledWith(...expected)

    - Expected
    + Received

    @@ -2,11 +2,11 @@
        "orderBy": Object {
          "expiresAt": "asc",
        },
        "where": Object {
          "expiresAt": Object {
    -       "lte": 2026-01-04T12:00:00.000Z,
    +       "lte": "2026-01-04T12:00:00.000Z",
            "not": null,
          },
          "familyId": "family-test-123",
        },
      },

    Number of calls: 1

      136 |     threeDaysFromNow.setDate(threeDaysFromNow.getDate() + 3);
      137 |
    > 138 |     expect(dbMock.inventoryItem.findMany).toHaveBeenCalledWith({
          |                                           ^
      139 |       where: {
      140 |         familyId: 'family-test-123',
      141 |         expiresAt: {

      at Object.toHaveBeenCalledWith (tests/integration/api/inventory/expiring/route.test.ts:138:43)


  ● Test suite failed to run

    thrown: "Exceeded timeout of 5000 ms for a hook.
    Add a timeout value to this test to increase the timeout, if this is a long-running test. See https://jestjs.io/docs/api#testname-fn-timeout."

      146 |
      147 | // Cleanup after all tests
    > 148 | afterAll(async () => {
          | ^
      149 |   // Clean up rate limiters if they exist (they have setInterval that keeps process alive)
      150 |   try {
      151 |     const rateLimitModule = require('@/lib/rate-limit')

      at Object.afterAll (jest.setup.js:148:1)

FAIL tests/integration/api/auth/guest/[code]/route.test.ts (5.103 s)
  ● /api/auth/guest/[code] › should return 400 if invite is expired

    expect(received).toBe(expected) // Object.is equality

    Expected: 400
    Received: 404

      58 |     const response = await POST(request, { params: Promise.resolve({ code: '123456' }) });
      59 |
    > 60 |     expect(response.status).toBe(400);
         |                             ^
      61 |     const data = await response.json();
      62 |     expect(data.error).toBe('Invite has expired');
      63 |   });

      at Object.toBe (tests/integration/api/auth/guest/[code]/route.test.ts:60:29)

  ● /api/auth/guest/[code] › should return 400 if invite is revoked

    expect(received).toBe(expected) // Object.is equality

    Expected: 400
    Received: 404

      78 |     const response = await POST(request, { params: Promise.resolve({ code: '123456' }) });
      79 |
    > 80 |     expect(response.status).toBe(400);
         |                             ^
      81 |     const data = await response.json();
      82 |     expect(data.error).toBe('Invite has been revoked');
      83 |   });

      at Object.toBe (tests/integration/api/auth/guest/[code]/route.test.ts:80:29)

  ● /api/auth/guest/[code] › should return 400 if max uses exceeded

    expect(received).toBe(expected) // Object.is equality

    Expected: 400
    Received: 404

       98 |     const response = await POST(request, { params: Promise.resolve({ code: '123456' }) });
       99 |
    > 100 |     expect(response.status).toBe(400);
          |                             ^
      101 |     const data = await response.json();
      102 |     expect(data.error).toBe('Invite has reached maximum uses');
      103 |   });

      at Object.toBe (tests/integration/api/auth/guest/[code]/route.test.ts:100:29)

  ● /api/auth/guest/[code] › should create guest session successfully

    expect(received).toBe(expected) // Object.is equality

    Expected: 200
    Received: 404

      143 |     const response = await POST(request, { params: Promise.resolve({ code: '123456' }) });
      144 |
    > 145 |     expect(response.status).toBe(200);
          |                             ^
      146 |     const data = await response.json();
      147 |     expect(data.session.sessionToken).toBe('session-token-xyz');
      148 |     expect(data.invite.guestName).toBe('Grandma');

      at Object.toBe (tests/integration/api/auth/guest/[code]/route.test.ts:145:29)

  ● /api/auth/guest/[code] › should handle database errors gracefully

    expect(received).toBe(expected) // Object.is equality

    Expected: 500
    Received: 404

      196 |     const response = await POST(request, { params: Promise.resolve({ code: '123456' }) });
      197 |
    > 198 |     expect(response.status).toBe(500);
          |                             ^
      199 |     const data = await response.json();
      200 |     expect(data.error).toBe('Failed to start guest session');
      201 |   });

      at Object.toBe (tests/integration/api/auth/guest/[code]/route.test.ts:198:29)


  ● Test suite failed to run

    thrown: "Exceeded timeout of 5000 ms for a hook.
    Add a timeout value to this test to increase the timeout, if this is a long-running test. See https://jestjs.io/docs/api#testname-fn-timeout."

      146 |
      147 | // Cleanup after all tests
    > 148 | afterAll(async () => {
          | ^
      149 |   // Clean up rate limiters if they exist (they have setInterval that keeps process alive)
      150 |   try {
      151 |     const rateLimitModule = require('@/lib/rate-limit')

      at Object.afterAll (jest.setup.js:148:1)

FAIL tests/integration/api/maintenance/[id]/complete/route.test.ts (5.092 s)
  ● /api/maintenance/[id]/complete › should log completion with minimal data

    expect(received).toBe(expected) // Object.is equality

    Expected: 201
    Received: 200

      111 |     const response = await POST(request, { params: Promise.resolve({ id: 'item-1' }) });
      112 |
    > 113 |     expect(response.status).toBe(201);
          |                             ^
      114 |     const data = await response.json();
      115 |     expect(data.completion.completedBy).toBe('parent-test-123');
      116 |     expect(data.message).toBe('Maintenance task completed successfully');

      at Object.toBe (tests/integration/api/maintenance/[id]/complete/route.test.ts:113:29)

  ● /api/maintenance/[id]/complete › should log completion with full data

    expect(received).toBe(expected) // Object.is equality

    Expected: 201
    Received: 200

      190 |     const response = await POST(request, { params: Promise.resolve({ id: 'item-1' }) });
      191 |
    > 192 |     expect(response.status).toBe(201);
          |                             ^
      193 |     const data = await response.json();
      194 |     expect(data.completion.cost).toBe(30.0);
      195 |     expect(data.completion.serviceProvider).toBe('HVAC Pro');

      at Object.toBe (tests/integration/api/maintenance/[id]/complete/route.test.ts:192:29)

  ● /api/maintenance/[id]/complete › should allow children to log completions

    expect(received).toBe(expected) // Object.is equality

    Expected: 201
    Received: 200

      223 |     const response = await POST(request, { params: Promise.resolve({ id: 'item-1' }) });
      224 |
    > 225 |     expect(response.status).toBe(201);
          |                             ^
      226 |     expect(dbMock.maintenanceCompletion.create).toHaveBeenCalledWith(
      227 |       expect.objectContaining({
      228 |         data: expect.objectContaining({

      at Object.toBe (tests/integration/api/maintenance/[id]/complete/route.test.ts:225:29)

  ● /api/maintenance/[id]/complete › should handle database errors gracefully

    expect(received).toBe(expected) // Object.is equality

    Expected: "Failed to log maintenance completion"
    Received: "Failed to complete maintenance"

      245 |     expect(response.status).toBe(500);
      246 |     const data = await response.json();
    > 247 |     expect(data.error).toBe('Failed to log maintenance completion');
          |                        ^
      248 |   });
      249 | });
      250 |

      at Object.toBe (tests/integration/api/maintenance/[id]/complete/route.test.ts:247:24)


  ● Test suite failed to run

    thrown: "Exceeded timeout of 5000 ms for a hook.
    Add a timeout value to this test to increase the timeout, if this is a long-running test. See https://jestjs.io/docs/api#testname-fn-timeout."

      146 |
      147 | // Cleanup after all tests
    > 148 | afterAll(async () => {
          | ^
      149 |   // Clean up rate limiters if they exist (they have setInterval that keeps process alive)
      150 |   try {
      151 |     const rateLimitModule = require('@/lib/rate-limit')

      at Object.afterAll (jest.setup.js:148:1)

FAIL tests/components/dashboard/DashboardContent.test.tsx
  ● DashboardContent › should display screen time balance

    Unable to find an element with the text: 60 / 120 min. This could be because the text is broken up by multiple elements. In this case, you can provide a function for your text matcher to make your matcher more flexible.

    Ignored nodes: comments, script, style
    [36m<body>[39m
      [36m<div>[39m
        [36m<div[39m
          [33mclass[39m=[32m"mb-6"[39m
        [36m/>[39m
        [36m<div[39m
          [33mclass[39m=[32m"grid grid-cols-1 md:grid-cols-2 lg:grid-cols-3 gap-6"[39m
        [36m>[39m
          [36m<div[39m
            [33mclass[39m=[32m"bg-white dark:bg-gray-800 rounded-lg shadow p-6 hover:shadow-lg transition-shadow cursor-pointer"[39m
          [36m>[39m
            [36m<div[39m
              [33mclass[39m=[32m"flex items-center justify-between mb-4"[39m
            [36m>[39m
              [36m<h2[39m
                [33mclass[39m=[32m"text-lg font-semibold text-gray-900 dark:text-white"[39m
              [36m>[39m
                [0mToday's Chores[0m
              [36m</h2>[39m
              [36m<span[39m
                [33mclass[39m=[32m"bg-info/20 dark:bg-info/30 text-info dark:text-info text-xs font-medium px-2.5 py-0.5 rounded"[39m
              [36m>[39m
                [0m1[0m
                [0m/[0m
                [0m2[0m
              [36m</span>[39m
            [36m</div>[39m
            [36m<div[39m
              [33mclass[39m=[32m"space-y-2"[39m
            [36m>[39m
              [36m<div[39m
                [33mclass[39m=[32m"flex items-center justify-between p-2 bg-gray-50 dark:bg-gray-700 rounded"[39m
              [36m>[39m
                [36m<div[39m
                  [33mclass[39m=[32m"flex-1"[39m
                [36m>[39m
                  [36m<p[39m
                    [33mclass[39m=[32m"text-sm font-medium text-gray-900 dark:text-white"[39m
                  [36m>[39m
                    [0mTest Chore[0m
                  [36m</p>[39m
                  [36m<p[39m
                    [33mclass[39m=[32m"text-xs text-gray-600 dark:text-gray-400"[39m
                  [36m>[39m
                    [0m+[0m
                    [0m10[0m
                    [0m credits[0m
                  [36m</p>[39m
                [36m</div>[39m
                [36m<span[39m
                  [33mclass[39m=[32m"text-xs px-2 py-1 rounded bg-yellow-100 text-yellow-800 dark:bg-yellow-900 dark:text-yellow-200"[39m
                [36m>[39m
                  [0mpending[0m
                [36m</span>[39m
              [36m</div>[39m
              [36m<div[39m
                [33mclass[39m=[32m"flex items-center justify-between p-2 bg-gray-50 dark:bg-gray-700 rounded"[39m
              [36m>[39m
                [36m<div[39m
                  [33mclass[39m=[32m"flex-1"[39m
                [36m>[39m
                  [36m<p[39m
                    [33mclass[39m=[32m"text-sm font-medium text-gray-900 dark:text-white"[39m
                  [36m>[39m
                    [0mCompleted Chore[0m
                  [36m</p>[39m
                  [36m<p[39m
                    [33mclass[39m=[32m"text-xs text-gray-600 dark:text-gray-400"[39m
                  [36m>[39m
                    [0m+[0m
                    [0m20[0m
                    [0m credits[0m
                  [36m</p>[39m
                [36m</div>[39m
                [36m<span[39m
                  [33mclass[39m=[32m"text-xs px-2 py-1 rounded bg-green-100 text-green-800 dark:bg-green-900 dark:text-green-200"[39m
                [36m>[39m
                  [0mapproved[0m
                [36m</span>[39m
              [36m</div>[39m
            [36m</div>[39m
          [36m</div>[39m
          [36m<div[39m
            [33mclass[39m=[32m"bg-white dark:bg-gray-800 rounded-lg shadow p-6 hover:shadow-lg transition-shadow cursor-pointer"[39m
          [36m>[39m
            [36m<div[39m
              [33mclass[39m=[32m"flex items-center justify-between mb-4"[39m
            [36m>[39m
              [36m<h2[39m
                [33mclass[39m=[32m"text-lg font-semibold text-gray-900 dark:text-white"[39m
              [36m>[39m
                [0mScreen Time[0m
              [36m</h2>[39m
              [36m<span[39m
                [33mclass[39m=[32m"bg-green-100 dark:bg-green-900 text-green-800 dark:text-green-200 text-xs font-medium px-2.5 py-0.5 rounded"[39m
              [36m>[39m
                [0m60[0m
                [0m min[0m
              [36m</span>[39m
            [36m</div>[39m
            [36m<p[39m
              [33mclass[39m=[32m"text-gray-600 dark:text-gray-400 text-sm"[39m
            [36m>[39m
              [0mBalance not configured yet.[0m
            [36m</p>[39m
          [36m</div>[39m
          [36m<div[39m
            [33mclass[39m=[32m"bg-white dark:bg-gray-800 rounded-lg shadow p-6 hover:shadow-lg transition-shadow"[39m
          [36m>[39m
            [36m<div[39m
              [33mclass[39m=[32m"flex items-center justify-between mb-4"[39m
            [36m>[39m
              [36m<h2[39m
                [33mclass[39m=[32m"text-lg font-semibold text-gray-900 dark:text-white"[39m
              [36m>[39m
                [0mCredits[0m
              [36m</h2>[39m
              [36m<span[39m
                [33mclass[39m=[32m"bg-orange-100 dark:bg-orange-900 text-orange-800 dark:text-orange-200 text-xs font-medium px-2.5 py-0.5 rounded"[39m
              [36m>[39m
                [0m100[0m
              [36m</span>[39m
            [36m</div>[39m
            [36m<div[39m
              [33mclass[39m=[32m"space-y-2"[39m
            [36m>[39m
              [36m<div[39m
                [33mclass[39m=[32m"flex justify-between text-sm"[39m
              [36m>[39m
                [36m<span[39m
                  [33mclass[39m=[32m"text-gray-600 dark:text-gray-400"[39m
                [36m>[39m
                  [0mCurrent Balance[0m
                [36m</span>[39m
                [36m<span[39m
                  [33mclass[39m=[32m"text-gray-900 dark:text-white font-semibold"[39m
                [36m>[39m
                  [0m100[0m
                  [0m credits[0m
                [36m</span>[39m
              [36m</div>[39m
              [36m<div[39m
                [33mclass[39m=[32m"flex justify-between text-xs"[39m
              [36m>[39m
                [36m<span[39m
                  [33mclass[39m=[32m"text-gray-600 dark:text-gray-400"[39m
                [36m>[39m
                  [0mLifetime Earned[0m
                [36m</span>[39m
                [36m<span[39m
                  [33mclass[39m=[32m"text-gray-600 dark:text-gray-400"[39m
                [36m>[39m
                  [0m200[0m
                [36m</span>[39m
              [36m</div>[39m
              [36m<div[39m
                [33mclass[39m=[32m"flex justify-between text-xs"[39m
              [36m>[39m
                [36m<span[39m
                  [33mclass[39m=[32m"text-gray-600 dark:text-gray-400"[39m
                [36m>[39m
                  [0mLifetime Spent[0m
                [36m</span>[39m
                [36m<span[39m
                  [33mclass[39m=[32m"text-gray-600 dark:text-gray-400"[39m
                [36m>[39m
                  [0m100[0m
                [36m</span>[39m
              [36m</div>[39m
            [36m</div>[39m
          [36m</div>[39m
          [36m<div[39m
            [33mclass[39m=[32m"bg-white dark:bg-gray-800 rounded-lg shadow p-6 hover:shadow-lg transition-shadow cursor-pointer"[39m
          [36m>[39m
            [36m<div[39m
              [33mclass[39m=[32m"flex items-center justify-between mb-4"[39m
            [36m>...

      261 |     render(<DashboardContent />)
      262 |
    > 263 |     await waitFor(() => {
          |                  ^
      264 |       expect(screen.getByText('60 min')).toBeInTheDocument()
      265 |       expect(screen.getByText('60 / 120 min')).toBeInTheDocument()
      266 |     })

      at waitForWrapper (node_modules/@testing-library/dom/dist/wait-for.js:163:27)
      at Object.<anonymous> (tests/components/dashboard/DashboardContent.test.tsx:263:18)

  ● DashboardContent › should not render when session is not available

    expect(jest.fn()).not.toHaveBeenCalled()

    Expected number of calls: 0
    Received number of calls: 1

    1: "/api/dashboard/layout"

    Ignored nodes: comments, script, style
    [36m<html>[39m
      [36m<head />[39m
      [36m<body>[39m
        [36m<div>[39m
          [36m<div[39m
            [33mclass[39m=[32m"flex items-center justify-center min-h-[400px]"[39m
          [36m>[39m
            [36m<div[39m
              [33mclass[39m=[32m"text-center"[39m
            [36m>[39m
              [36m<div[39m
                [33mclass[39m=[32m"animate-spin rounded-full h-12 w-12 border-b-2 border-ember-700 mx-auto mb-4"[39m
              [36m/>[39m
              [36m<p[39m
                [33mclass[39m=[32m"text-gray-600 dark:text-gray-400"[39m
              [36m>[39m
                [0mLoading dashboard...[0m
              [36m</p>[39m
            [36m</div>[39m
          [36m</div>[39m
        [36m</div>[39m
      [36m</body>[39m
    [36m</html>[39m

      299 |     await waitFor(() => {
      300 |       // After loading completes, if no session, data should be null
    > 301 |       expect(global.fetch).not.toHaveBeenCalled()
          |                                ^
      302 |     })
      303 |   })
      304 | })

      at toHaveBeenCalled (tests/components/dashboard/DashboardContent.test.tsx:301:32)
      at runWithExpensiveErrorDiagnosticsDisabled (node_modules/@testing-library/dom/dist/config.js:47:12)
      at checkCallback (node_modules/@testing-library/dom/dist/wait-for.js:124:77)
      at checkRealTimersCallback (node_modules/@testing-library/dom/dist/wait-for.js:118:16)
      at Timeout.task [as _onTimeout] (node_modules/jsdom/lib/jsdom/browser/Window.js:579:19)

FAIL tests/components/auth/ParentLoginForm.test.tsx
  ● ParentLoginForm › should show loading state during login

    expect(element).not.toBeInTheDocument()

    expected document not to contain element, found <button class="w-full bg-ember-700 hover:bg-ember-500 disabled:bg-ember-300 text-white font-semibold py-3 px-6 rounded-lg transition-colors duration-200 shadow-md" disabled="" type="submit">Signing in...</button> instead

    Ignored nodes: comments, script, style
    [36m<html>[39m
      [36m<head />[39m
      [36m<body>[39m
        [36m<div>[39m
          [36m<form[39m
            [33mclass[39m=[32m"space-y-6"[39m
          [36m>[39m
            [36m<div>[39m
              [36m<label[39m
                [33mclass[39m=[32m"block text-sm font-medium text-gray-700 dark:text-gray-300 mb-2"[39m
                [33mfor[39m=[32m"email"[39m
              [36m>[39m
                [0mEmail Address[0m
              [36m</label>[39m
              [36m<input[39m
                [33mclass[39m=[32m"w-full px-4 py-3 border border-gray-300 dark:border-gray-600 rounded-lg focus:ring-2 focus:ring-ember-500 focus:border-transparent dark:bg-gray-700 dark:text-white"[39m
                [33mdisabled[39m=[32m""[39m
                [33mid[39m=[32m"email"[39m
                [33mplaceholder[39m=[32m"you@example.com"[39m
                [33mrequired[39m=[32m""[39m
                [33mtype[39m=[32m"email"[39m
                [33mvalue[39m=[32m"test@example.com"[39m
              [36m/>[39m
            [36m</div>[39m
            [36m<div>[39m
              [36m<label[39m
                [33mclass[39m=[32m"block text-sm font-medium text-gray-700 dark:text-gray-300 mb-2"[39m
                [33mfor[39m=[32m"password"[39m
              [36m>[39m
                [0mPassword[0m
              [36m</label>[39m
              [36m<input[39m
                [33mclass[39m=[32m"w-full px-4 py-3 border border-gray-300 dark:border-gray-600 rounded-lg focus:ring-2 focus:ring-ember-500 focus:border-transparent dark:bg-gray-700 dark:text-white"[39m
                [33mdisabled[39m=[32m""[39m
                [33mid[39m=[32m"password"[39m
                [33mplaceholder[39m=[32m"••••••••"[39m
                [33mrequired[39m=[32m""[39m
                [33mtype[39m=[32m"password"[39m
                [33mvalue[39m=[32m"password123"[39m
              [36m/>[39m
            [36m</div>[39m
            [36m<button[39m
              [33mclass[39m=[32m"w-full bg-ember-700 hover:bg-ember-500 disabled:bg-ember-300 text-white font-semibold py-3 px-6 rounded-lg transition-colors duration-200 shadow-md"[39m
              [33mdisabled[39m=[32m""[39m
              [33mtype[39m=[32m"submit"[39m
            [36m>[39m
              [0mSigning in...[0m
            [36m</button>[39m
            [36m<div[39m
              [33mclass[39m=[32m"text-center"[39m
            [36m>[39m
              [36m<a[39m
                [33mclass[39m=[32m"text-sm text-ember-700 dark:text-ember-500 hover:underline"[39m
                [33mhref[39m=[32m"/auth/forgot-password"[39m
              [36m>[39m
                [0mForgot password?[0m
              [36m</a>[39m
            [36m</div>[39m
          [36m</form>[39m
        [36m</div>[39m
      [36m</body>[39m
    [36m</html>[39m

      79 |
      80 |     await waitFor(() => {
    > 81 |       expect(screen.queryByText(/Signing in.../i)).not.toBeInTheDocument()
         |                                                        ^
      82 |     })
      83 |   })
      84 |

      at toBeInTheDocument (tests/components/auth/ParentLoginForm.test.tsx:81:56)
      at runWithExpensiveErrorDiagnosticsDisabled (node_modules/@testing-library/dom/dist/config.js:47:12)
      at checkCallback (node_modules/@testing-library/dom/dist/wait-for.js:124:77)
      at checkRealTimersCallback (node_modules/@testing-library/dom/dist/wait-for.js:118:16)
      at Timeout.task [as _onTimeout] (node_modules/jsdom/lib/jsdom/browser/Window.js:579:19)

  ● ParentLoginForm › should disable form fields during loading

    expect(element).not.toBeDisabled()

    Received element is disabled:
      <input class="w-full px-4 py-3 border border-gray-300 dark:border-gray-600 rounded-lg focus:ring-2 focus:ring-ember-500 focus:border-transparent dark:bg-gray-700 dark:text-white" disabled="" id="email" placeholder="you@example.com" required="" type="email" value="test@example.com" />

    Ignored nodes: comments, script, style
    [36m<html>[39m
      [36m<head />[39m
      [36m<body>[39m
        [36m<div>[39m
          [36m<form[39m
            [33mclass[39m=[32m"space-y-6"[39m
          [36m>[39m
            [36m<div>[39m
              [36m<label[39m
                [33mclass[39m=[32m"block text-sm font-medium text-gray-700 dark:text-gray-300 mb-2"[39m
                [33mfor[39m=[32m"email"[39m
              [36m>[39m
                [0mEmail Address[0m
              [36m</label>[39m
              [36m<input[39m
                [33mclass[39m=[32m"w-full px-4 py-3 border border-gray-300 dark:border-gray-600 rounded-lg focus:ring-2 focus:ring-ember-500 focus:border-transparent dark:bg-gray-700 dark:text-white"[39m
                [33mdisabled[39m=[32m""[39m
                [33mid[39m=[32m"email"[39m
                [33mplaceholder[39m=[32m"you@example.com"[39m
                [33mrequired[39m=[32m""[39m
                [33mtype[39m=[32m"email"[39m
                [33mvalue[39m=[32m"test@example.com"[39m
              [36m/>[39m
            [36m</div>[39m
            [36m<div>[39m
              [36m<label[39m
                [33mclass[39m=[32m"block text-sm font-medium text-gray-700 dark:text-gray-300 mb-2"[39m
                [33mfor[39m=[32m"password"[39m
              [36m>[39m
                [0mPassword[0m
              [36m</label>[39m
              [36m<input[39m
                [33mclass[39m=[32m"w-full px-4 py-3 border border-gray-300 dark:border-gray-600 rounded-lg focus:ring-2 focus:ring-ember-500 focus:border-transparent dark:bg-gray-700 dark:text-white"[39m
                [33mdisabled[39m=[32m""[39m
                [33mid[39m=[32m"password"[39m
                [33mplaceholder[39m=[32m"••••••••"[39m
                [33mrequired[39m=[32m""[39m
                [33mtype[39m=[32m"password"[39m
                [33mvalue[39m=[32m"password123"[39m
              [36m/>[39m
            [36m</div>[39m
            [36m<button[39m
              [33mclass[39m=[32m"w-full bg-ember-700 hover:bg-ember-500 disabled:bg-ember-300 text-white font-semibold py-3 px-6 rounded-lg transition-colors duration-200 shadow-md"[39m
              [33mdisabled[39m=[32m""[39m
              [33mtype[39m=[32m"submit"[39m
            [36m>[39m
              [0mSigning in...[0m
            [36m</button>[39m
            [36m<div[39m
              [33mclass[39m=[32m"text-center"[39m
            [36m>[39m
              [36m<a[39m
                [33mclass[39m=[32m"text-sm text-ember-700 dark:text-ember-500 hover:underline"[39m
                [33mhref[39m=[32m"/auth/forgot-password"[39m
              [36m>[39m
                [0mForgot password?[0m
              [36m</a>[39m
            [36m</div>[39m
          [36m</form>[39m
        [36m</div>[39m
      [36m</body>[39m
    [36m</html>[39m

      100 |
      101 |     await waitFor(() => {
    > 102 |       expect(emailInput).not.toBeDisabled()
          |                              ^
      103 |     })
      104 |   })
      105 |

      at toBeDisabled (tests/components/auth/ParentLoginForm.test.tsx:102:30)
      at runWithExpensiveErrorDiagnosticsDisabled (node_modules/@testing-library/dom/dist/config.js:47:12)
      at checkCallback (node_modules/@testing-library/dom/dist/wait-for.js:124:77)
      at checkRealTimersCallback (node_modules/@testing-library/dom/dist/wait-for.js:118:16)
      at Timeout.task [as _onTimeout] (node_modules/jsdom/lib/jsdom/browser/Window.js:579:19)

FAIL tests/components/meals/LeftoversList.test.tsx
  ● LeftoversList Component › should show expiration countdown

    Unable to find an element with the text: /expires/i. This could be because the text is broken up by multiple elements. In this case, you can provide a function for your text matcher to make your matcher more flexible.

    Ignored nodes: comments, script, style
    [36m<body>[39m
      [36m<div>[39m
        [36m<div[39m
          [33mclass[39m=[32m"space-y-6"[39m
        [36m>[39m
          [36m<div[39m
            [33mclass[39m=[32m"flex items-center justify-between"[39m
          [36m>[39m
            [36m<h2[39m
              [33mclass[39m=[32m"text-xl font-semibold text-gray-900 dark:text-gray-100"[39m
            [36m>[39m
              [0mLeftovers Tracker[0m
            [36m</h2>[39m
            [36m<button[39m
              [33maria-label[39m=[32m"Add leftover"[39m
              [33mclass[39m=[32m"px-4 py-2 text-sm font-medium text-white bg-ember-700 hover:bg-ember-500 rounded-lg"[39m
            [36m>[39m
              [0m+ Add Leftover[0m
            [36m</button>[39m
          [36m</div>[39m
          [36m<div[39m
            [33mclass[39m=[32m"grid gap-4"[39m
          [36m>[39m
            [36m<div[39m
              [33mclass[39m=[32m"relative bg-white dark:bg-gray-800 rounded-lg border border-gray-200 dark:border-gray-700 p-4 hover:shadow-md transition-shadow"[39m
            [36m>[39m
              [36m<div[39m
                [33mclass[39m=[32m"flex items-start justify-between"[39m
              [36m>[39m
                [36m<div[39m
                  [33mclass[39m=[32m"flex-1"[39m
                [36m>[39m
                  [36m<h3[39m
                    [33mclass[39m=[32m"text-lg font-medium text-gray-900 dark:text-gray-100"[39m
                  [36m>[39m
                    [0mLasagna[0m
                  [36m</h3>[39m
                  [36m<p[39m
                    [33mclass[39m=[32m"text-sm text-gray-600 dark:text-gray-400 mt-1"[39m
                  [36m>[39m
                    [0mHalf pan[0m
                  [36m</p>[39m
                  [36m<div[39m
                    [33mclass[39m=[32m"flex items-center gap-2 mt-2"[39m
                  [36m>[39m
                    [36m<span[39m
                      [33mclass[39m=[32m"inline-flex items-center px-2.5 py-0.5 rounded-full text-xs font-medium bg-red-100 dark:bg-red-900/20 text-red-800 dark:text-red-300"[39m
                      [33mdata-status[39m=[32m"urgent"[39m
                    [36m>[39m
                      [0mExpired[0m
                    [36m</span>[39m
                    [36m<span[39m
                      [33mclass[39m=[32m"text-xs text-gray-500 dark:text-gray-400"[39m
                    [36m>[39m
                      [0mby [0m
                      [0mMom[0m
                    [36m</span>[39m
                  [36m</div>[39m
                [36m</div>[39m
                [36m<div[39m
                  [33mclass[39m=[32m"flex gap-2 ml-4"[39m
                [36m>[39m
                  [36m<button[39m
                    [33maria-label[39m=[32m"Mark as used"[39m
                    [33mclass[39m=[32m"px-3 py-1 text-sm font-medium text-green-700 dark:text-green-400 bg-green-50 dark:bg-green-900/20 hover:bg-green-100 dark:hover:bg-green-900/30 rounded-lg border border-green-200 dark:border-green-800"[39m
                  [36m>[39m
                    [0mUsed[0m
                  [36m</button>[39m
                  [36m<button[39m
                    [33maria-label[39m=[32m"Mark as tossed"[39m
                    [33mclass[39m=[32m"px-3 py-1 text-sm font-medium text-red-700 dark:text-red-400 bg-red-50 dark:bg-red-900/20 hover:bg-red-100 dark:hover:bg-red-900/30 rounded-lg border border-red-200 dark:border-red-800"[39m
                  [36m>[39m
                    [0mToss[0m
                  [36m</button>[39m
                [36m</div>[39m
              [36m</div>[39m
            [36m</div>[39m
            [36m<div[39m
              [33mclass[39m=[32m"relative bg-white dark:bg-gray-800 rounded-lg border border-gray-200 dark:border-gray-700 p-4 hover:shadow-md transition-shadow"[39m
            [36m>[39m
              [36m<div[39m
                [33mclass[39m=[32m"flex items-start justify-between"[39m
              [36m>[39m
                [36m<div[39m
                  [33mclass[39m=[32m"flex-1"[39m
                [36m>[39m
                  [36m<h3[39m
                    [33mclass[39m=[32m"text-lg font-medium text-gray-900 dark:text-gray-100"[39m
                  [36m>[39m
                    [0mChicken soup[0m
                  [36m</h3>[39m
                  [36m<p[39m
                    [33mclass[39m=[32m"text-sm text-gray-600 dark:text-gray-400 mt-1"[39m
                  [36m>[39m
                    [0m2 servings[0m
                  [36m</p>[39m
                  [36m<div[39m
                    [33mclass[39m=[32m"flex items-center gap-2 mt-2"[39m
                  [36m>[39m
                    [36m<span[39m
                      [33mclass[39m=[32m"inline-flex items-center px-2.5 py-0.5 rounded-full text-xs font-medium bg-red-100 dark:bg-red-900/20 text-red-800 dark:text-red-300"[39m
                      [33mdata-status[39m=[32m"urgent"[39m
                    [36m>[39m
                      [0mExpired[0m
                    [36m</span>[39m
                    [36m<span[39m
                      [33mclass[39m=[32m"text-xs text-gray-500 dark:text-gray-400"[39m
                    [36m>[39m
                      [0mby [0m
                      [0mDad[0m
                    [36m</span>[39m
                  [36m</div>[39m
                [36m</div>[39m
                [36m<div[39m
                  [33mclass[39m=[32m"flex gap-2 ml-4"[39m
                [36m>[39m
                  [36m<button[39m
                    [33maria-label[39m=[32m"Mark as used"[39m
                    [33mclass[39m=[32m"px-3 py-1 text-sm font-medium text-green-700 dark:text-green-400 bg-green-50 dark:bg-green-900/20 hover:bg-green-100 dark:hover:bg-green-900/30 rounded-lg border border-green-200 dark:border-green-800"[39m
                  [36m>[39m
                    [0mUsed[0m
                  [36m</button>[39m
                  [36m<button[39m
                    [33maria-label[39m=[32m"Mark as tossed"[39m
                    [33mclass[39m=[32m"px-3 py-1 text-sm font-medium text-red-700 dark:text-red-400 bg-red-50 dark:bg-red-900/20 hover:bg-red-100 dark:hover:bg-red-900/30 rounded-lg border border-red-200 dark:border-red-800"[39m
                  [36m>[39m
                    [0mToss[0m
                  [36m</button>[39m
                [36m</div>[39m
              [36m</div>[39m
            [36m</div>[39m
          [36m</div>[39m
        [36m</div>[39m
      [36m</div>[39m
    [36m</body>[39m

      144 |     render(<LeftoversList />);
      145 |
    > 146 |     await waitFor(() => {
          |                  ^
      147 |       expect(screen.getAllByText(/expires/i).length).toBeGreaterThan(0);
      148 |     });
      149 |   });

      at waitForWrapper (node_modules/@testing-library/dom/dist/wait-for.js:163:27)
      at Object.<anonymous> (tests/components/meals/LeftoversList.test.tsx:146:18)

FAIL tests/components/dashboard/DashboardCustomizer.test.tsx
  ● DashboardCustomizer › should show confirmation before reset

    expect(jest.fn()).toHaveBeenCalled()

    Expected number of calls: >= 1
    Received number of calls:    0

      251 |     fireEvent.click(resetButton);
      252 |
    > 253 |     expect(global.confirm).toHaveBeenCalled();
          |                            ^
      254 |     expect(mockOnReset).not.toHaveBeenCalled();
      255 |   });
      256 |

      at Object.toHaveBeenCalled (tests/components/dashboard/DashboardCustomizer.test.tsx:253:28)

  ● DashboardCustomizer › should call onReset when confirmed

    expect(jest.fn()).toHaveBeenCalledTimes(expected)

    Expected number of calls: 1
    Received number of calls: 0

    Ignored nodes: comments, script, style
    [36m<html>[39m
      [36m<head />[39m
      [36m<body[39m
        [33mstyle[39m=[32m"overflow: hidden;"[39m
      [36m>[39m
        [36m<div>[39m
          [36m<div[39m
            [33mclass[39m=[32m"fixed inset-0 bg-black bg-opacity-50 z-50 flex items-center justify-center p-4"[39m
          [36m>[39m
            [36m<div[39m
              [33mclass[39m=[32m"bg-white dark:bg-gray-800 rounded-lg shadow-xl max-w-2xl w-full max-h-[90vh] flex flex-col"[39m
            [36m>[39m
              [36m<div[39m
                [33mclass[39m=[32m"flex items-center justify-between p-6 border-b border-gray-200 dark:border-gray-700"[39m
              [36m>[39m
                [36m<div>[39m
                  [36m<h2[39m
                    [33mclass[39m=[32m"text-2xl font-bold text-gray-900 dark:text-white"[39m
                  [36m>[39m
                    [0mCustomize Dashboard[0m
                  [36m</h2>[39m
                  [36m<p[39m
                    [33mclass[39m=[32m"text-sm text-gray-500 dark:text-gray-400 mt-1"[39m
                  [36m>[39m
                    [0m2[0m
                    [0m of [0m
                    [0m3[0m
                    [0m widgets visible[0m
                  [36m</p>[39m
                [36m</div>[39m
                [36m<button[39m
                  [33maria-label[39m=[32m"Close"[39m
                  [33mclass[39m=[32m"text-gray-400 hover:text-gray-600 dark:hover:text-gray-300"[39m
                [36m>[39m
                  [36m<svg[39m
                    [33maria-hidden[39m=[32m"true"[39m
                    [33mclass[39m=[32m"h-6 w-6"[39m
                    [33mdata-slot[39m=[32m"icon"[39m
                    [33mfill[39m=[32m"none"[39m
                    [33mstroke[39m=[32m"currentColor"[39m
                    [33mstroke-width[39m=[32m"1.5"[39m
                    [33mviewBox[39m=[32m"0 0 24 24"[39m
                    [33mxmlns[39m=[32m"http://www.w3.org/2000/svg"[39m
                  [36m>[39m
                    [36m<path[39m
                      [33md[39m=[32m"M6 18 18 6M6 6l12 12"[39m
                      [33mstroke-linecap[39m=[32m"round"[39m
                      [33mstroke-linejoin[39m=[32m"round"[39m
                    [36m/>[39m
                  [36m</svg>[39m
                [36m</button>[39m
              [36m</div>[39m
              [36m<div[39m
                [33mclass[39m=[32m"flex-1 overflow-y-auto p-6"[39m
              [36m>[39m
                [36m<p[39m
                  [33mclass[39m=[32m"text-sm text-gray-600 dark:text-gray-400 mb-4"[39m
                [36m>[39m
                  [0mDrag widgets to reorder them, or toggle visibility using the switches.[0m
                [36m</p>[39m
                [36m<div[39m
                  [33mclass[39m=[32m"mb-4 p-3 bg-amber-50 dark:bg-amber-900/20 border border-amber-200 dark:border-amber-800 rounded-lg"[39m
                [36m>[39m
                  [36m<p[39m
                    [33mclass[39m=[32m"text-sm text-amber-800 dark:text-amber-300"[39m
                  [36m>[39m
                    [36m<strong>[39m
                      [0mNote:[0m
                    [36m</strong>[39m
                    [0m You have [0m
                    [0m1[0m
                    [0m hidden widget[0m
                    [0m. Scroll down to see all available widgets and toggle them on.[0m
                  [36m</p>[39m
                [36m</div>[39m
                [36m<div[39m
                  [33mclass[39m=[32m"mb-4 p-3 bg-blue-50 dark:bg-blue-900/20 border border-blue-200 dark:border-blue-800 rounded-lg"[39m
                [36m>[39m
                  [36m<p[39m
                    [33mclass[39m=[32m"text-sm text-blue-700 dark:text-blue-300"[39m
                  [36m>[39m
                    [36m<strong>[39m
                      [0mTip:[0m
                    [36m</strong>[39m
                    [0m More widgets will appear here when you enable additional modules in[0m
                    [0m [0m
                    [36m<a[39m
                      [33mclass[39m=[32m"underline hover:text-blue-900 dark:hover:text-blue-100"[39m
                      [33mhref[39m=[32m"/dashboard/settings/modules"[39m
                    [36m>[39m
                      [0mSettings[0m
                    [36m</a>[39m
                    [0m.[0m
                  [36m</p>[39m
                [36m</div>[39m
                [36m<div>[39m
                  [36m<div>[39m
                    [36m<div[39m
                      [33mclass[39m=[32m"space-y-2"[39m
                    [36m>[39m
                      [36m<div[39m
                        [33mclass[39m=[32m"flex items-center gap-3 p-3 bg-gray-50 dark:bg-gray-700 rounded-lg border border-gray-200 dark:border-gray-600"[39m
                        [33mstyle[39m=[32m"opacity: 1;"[39m
                      [36m>[39m
                        [36m<button[39m
                          [33maria-label[39m=[32m"Drag to reorder"[39m
                          [33mclass[39m=[32m"cursor-grab active:cursor-grabbing text-gray-400 hover:text-gray-600 dark:hover:text-gray-300"[39m
                        [36m>[39m
                          [36m<svg[39m
                            [33maria-hidden[39m=[32m"true"[39m
                            [33mclass[39m=[32m"h-5 w-5"[39m
                            [33mdata-slot[39m=[32m"icon"[39m
                            [33mfill[39m=[32m"none"[39m
                            [33mstroke[39m=[32m"currentColor"[39m
                            [33mstroke-width[39m=[32m"1.5"[39m
                            [33mviewBox[39m=[32m"0 0 24 24"[39m
                            [33mxmlns[39m=[32m"http://www.w3.org/2000/svg"[39m
                          [36m>[39m
                            [36m<path[39m
                              [33md[39m=[32m"M3 7.5 7.5 3m0 0L12 7.5M7.5 3v13.5m13.5 0L16.5 21m0 0L12 16.5m4.5 4.5V7.5"[39m
                              [33mstroke-linecap[39m=[32m"round"[39m
                              [33mstroke-linejoin[39m=[32m"round"[39m
                            [36m/>[39m
                          [36m</svg>[39m
                        [36m</button>[39m
                        [36m<div[39m
                          [33mclass[39m=[32m"flex-1"[39m
                        [36m>[39m
                          [36m<p[39m
                            [33mclass[39m=[32m"font-medium text-gray-900 dark:text-white"[39m
                          [36m>[39m
                            [0mToday's Chores[0m
                          [36m</p>[39m
                          [36m<p[39m
                            [33mclass[39m=[32m"text-xs text-gray-500 dark:text-gray-400"[39m
                          [36m>[39m
                            [0mView and manage your daily chores[0m
                          [36m</p>[39m
                        [36m</div>[39m
                        [36m<label[39m
                          [33mclass[39m=[32m"relative inline-flex items-center cursor-pointer"[39m
                        [36m>[39m
                          [36m<input[39m
                            [33mchecked[39m=[32m""[39m
                            [33mclass[39m=[32m"sr-only peer"[39m
                          ...

      274 |
      275 |     await waitFor(() => {
    > 276 |       expect(mockOnReset).toHaveBeenCalledTimes(1);
          |                           ^
      277 |       expect(mockOnClose).toHaveBeenCalledTimes(1);
      278 |     });
      279 |   });

      at toHaveBeenCalledTimes (tests/components/dashboard/DashboardCustomizer.test.tsx:276:27)
      at runWithExpensiveErrorDiagnosticsDisabled (node_modules/@testing-library/dom/dist/config.js:47:12)
      at checkCallback (node_modules/@testing-library/dom/dist/wait-for.js:124:77)
      at checkRealTimersCallback (node_modules/@testing-library/dom/dist/wait-for.js:118:16)
      at Timeout.task [as _onTimeout] (node_modules/jsdom/lib/jsdom/browser/Window.js:579:19)

FAIL tests/components/dashboard/widgets/WeatherWidget.test.tsx
  ● WeatherWidget › should display error state on fetch failure

    Unable to find an element with the text: /failed to load/i. This could be because the text is broken up by multiple elements. In this case, you can provide a function for your text matcher to make your matcher more flexible.

    Ignored nodes: comments, script, style
    [36m<body>[39m
      [36m<div>[39m
        [36m<div[39m
          [33mclass[39m=[32m"bg-white dark:bg-gray-800 rounded-lg shadow p-6"[39m
        [36m>[39m
          [36m<div[39m
            [33mclass[39m=[32m"flex items-center justify-between mb-4"[39m
          [36m>[39m
            [36m<h2[39m
              [33mclass[39m=[32m"text-lg font-semibold text-gray-900 dark:text-white flex items-center gap-2"[39m
            [36m>[39m
              [0mCloud[0m
              [0mWeather[0m
            [36m</h2>[39m
          [36m</div>[39m
          [36m<div[39m
            [33mclass[39m=[32m"text-center py-8 text-red-600 dark:text-red-400"[39m
          [36m>[39m
            [0mFailed to fetch weather data[0m
          [36m</div>[39m
        [36m</div>[39m
      [36m</div>[39m
    [36m</body>[39m

      116 |     render(<WeatherWidget />);
      117 |
    > 118 |     await waitFor(() => {
          |                  ^
      119 |       expect(screen.getByText(/failed to load/i)).toBeInTheDocument();
      120 |     });
      121 |   });

      at waitForWrapper (node_modules/@testing-library/dom/dist/wait-for.js:163:27)
      at Object.<anonymous> (tests/components/dashboard/widgets/WeatherWidget.test.tsx:118:18)

FAIL tests/unit/lib/integrations/google-calendar.test.ts
  ● GoogleCalendarClient › refreshAccessToken › should refresh expired access token using refresh token

    expect(jest.fn()).toHaveBeenCalledWith(...expected)

    - Expected
    + Received

      Object {
        "data": Object {
          "accessToken": "encrypted:new:access",
    -     "tokenExpiresAt": 2026-01-21T14:13:56.678Z,
    +     "tokenExpiresAt": "2026-01-21T14:13:56.678Z",
        },
        "where": Object {
          "id": "connection-123",
        },
      },

    Number of calls: 1

      201 |       expect(mockRefreshAccessToken).toHaveBeenCalled();
      202 |
    > 203 |       expect(dbMock.calendarConnection.update).toHaveBeenCalledWith({
          |                                                ^
      204 |         where: { id: connectionId },
      205 |         data: {
      206 |           accessToken: 'encrypted:new:access',

      at Object.toHaveBeenCalledWith (tests/unit/lib/integrations/google-calendar.test.ts:203:48)

FAIL tests/integration/api/cron/generate-chore-instances/route.test.ts
  ● /api/cron/generate-chore-instances › GET › should generate instances for FIXED assignment type

    expect(received).toBe(expected) // Object.is equality

    Expected: 2
    Received: 0

      124 |       expect(response.status).toBe(200)
      125 |       expect(data.success).toBe(true)
    > 126 |       expect(data.summary.instancesCreated).toBe(2)
          |                                             ^
      127 |       expect(data.summary.schedulesProcessed).toBe(1)
      128 |     })
      129 |

      at Object.toBe (tests/integration/api/cron/generate-chore-instances/route.test.ts:126:45)

  ● /api/cron/generate-chore-instances › GET › should skip existing instances

    expect(received).toBe(expected) // Object.is equality

    Expected: 1
    Received: 0

      162 |       expect(response.status).toBe(200)
      163 |       expect(data.summary.instancesCreated).toBe(0)
    > 164 |       expect(data.summary.instancesSkipped).toBe(1)
          |                                             ^
      165 |     })
      166 |
      167 |     it('should skip schedules with no assignments', async () => {

      at Object.toBe (tests/integration/api/cron/generate-chore-instances/route.test.ts:164:45)

  ● /api/cron/generate-chore-instances › GET › should handle ROTATING assignment type

    expect(received).toBe(expected) // Object.is equality

    Expected: 1
    Received: 0

      234 |
      235 |       expect(response.status).toBe(200)
    > 236 |       expect(data.summary.instancesCreated).toBe(1)
          |                                             ^
      237 |     })
      238 |
      239 |     it('should handle errors per schedule gracefully', async () => {

      at Object.toBe (tests/integration/api/cron/generate-chore-instances/route.test.ts:236:45)

  ● /api/cron/generate-chore-instances › GET › should handle errors per schedule gracefully

    expect(received).toBe(expected) // Object.is equality

    Expected: 1
    Received: 0

      269 |
      270 |       expect(response.status).toBe(200)
    > 271 |       expect(data.summary.errors).toBe(1)
          |                                   ^
      272 |       expect(data.errors).toBeDefined()
      273 |     })
      274 |

      at Object.toBe (tests/integration/api/cron/generate-chore-instances/route.test.ts:271:35)

  ● /api/cron/generate-chore-instances › GET › should return 500 on critical error

    expect(received).toBe(expected) // Object.is equality

    Expected: 500
    Received: 200

      285 |       const data = await response.json()
      286 |
    > 287 |       expect(response.status).toBe(500)
          |                               ^
      288 |       expect(data.error).toBe('Failed to generate chore instances')
      289 |     })
      290 |   })

      at Object.toBe (tests/integration/api/cron/generate-chore-instances/route.test.ts:287:31)

FAIL tests/unit/lib/rules-engine/actions.test.ts
  ● Rules Engine Action Executors › Award Credits Action › should award credits to specified member

    expect(jest.fn()).toHaveBeenCalled()

    Expected number of calls: >= 1
    Received number of calls:    0

      62 |
      63 |       expect(result.success).toBe(true);
    > 64 |       expect(dbMock.$transaction).toHaveBeenCalled();
         |                                   ^
      65 |     });
      66 |
      67 |     it('should award credits to context member if not specified', async () => {

      at Object.toHaveBeenCalled (tests/unit/lib/rules-engine/actions.test.ts:64:35)

  ● Rules Engine Action Executors › Award Credits Action › should award credits to context member if not specified

    expect(jest.fn()).toHaveBeenCalled()

    Expected number of calls: >= 1
    Received number of calls:    0

       97 |
       98 |       expect(result.success).toBe(true);
    >  99 |       expect(dbMock.$transaction).toHaveBeenCalled();
          |                                   ^
      100 |     });
      101 |
      102 |     it('should create balance if it does not exist', async () => {

      at Object.toHaveBeenCalled (tests/unit/lib/rules-engine/actions.test.ts:99:35)

  ● Rules Engine Action Executors › Award Credits Action › should create balance if it does not exist

    expect(jest.fn()).toHaveBeenCalled()

    Expected number of calls: >= 1
    Received number of calls:    0

      131 |
      132 |       expect(result.success).toBe(true);
    > 133 |       expect(dbMock.$transaction).toHaveBeenCalled();
          |                                   ^
      134 |     });
      135 |
      136 |     it('should enforce maximum credit limit', async () => {

      at Object.toHaveBeenCalled (tests/unit/lib/rules-engine/actions.test.ts:133:35)

  ● Rules Engine Action Executors › Award Credits Action › should handle database errors gracefully

    expect(received).toBe(expected) // Object.is equality

    Expected: false
    Received: true

      168 |       const result = await executeAwardCredits(config, context);
      169 |
    > 170 |       expect(result.success).toBe(false);
          |                              ^
      171 |       expect(result.error).toBeDefined();
      172 |     });
      173 |

      at Object.toBe (tests/unit/lib/rules-engine/actions.test.ts:170:30)

  ● Rules Engine Action Executors › Send Notification Action › should enforce maximum recipient limit

    expect(received).toBe(expected) // Object.is equality

    Expected: false
    Received: true

      272 |       const result = await executeSendNotification(config, context);
      273 |
    > 274 |       expect(result.success).toBe(false);
          |                              ^
      275 |       expect(result.error).toContain('Maximum 10 notification recipients allowed');
      276 |     });
      277 |

      at Object.toBe (tests/unit/lib/rules-engine/actions.test.ts:274:30)

  ● Rules Engine Action Executors › Send Notification Action › should require at least one recipient

    expect(received).toContain(expected) // indexOf

    Expected substring: "Send notification action requires recipients array"
    Received string:    "Send notification action requires at least one recipient"

      319 |
      320 |       expect(result.success).toBe(false);
    > 321 |       expect(result.error).toContain('Send notification action requires recipients array');
          |                            ^
      322 |     });
      323 |
      324 |     it('should handle database errors', async () => {

      at Object.toContain (tests/unit/lib/rules-engine/actions.test.ts:321:28)

  ● Rules Engine Action Executors › Add Shopping Item Action › should require itemName if not from inventory

    expect(received).toContain(expected) // indexOf

    Expected substring: "No item name specified for shopping item"
    Received string:    "Shopping item requires a name"

      479 |
      480 |       expect(result.success).toBe(false);
    > 481 |       expect(result.error).toContain('No item name specified for shopping item');
          |                            ^
      482 |     });
      483 |
      484 |     it('should handle duplicate items gracefully', async () => {

      at Object.toContain (tests/unit/lib/rules-engine/actions.test.ts:481:28)

  ● Rules Engine Action Executors › Add Shopping Item Action › should add note if provided in config

    expect(jest.fn()).toHaveBeenCalledWith(...expected)

    Expected: ObjectContaining {"data": ObjectContaining {"notes": "Get the organic version"}}
    Received: {"data": {"addedById": "parent-1", "category": "OTHER", "listId": "list-1", "name": "Special Item", "priority": "NORMAL", "quantity": 1, "requestedById": "parent-1", "status": "PENDING"}}

    Number of calls: 1

      548 |
      549 |       expect(result.success).toBe(true);
    > 550 |       expect(dbMock.shoppingItem.create).toHaveBeenCalledWith(
          |                                          ^
      551 |         expect.objectContaining({
      552 |           data: expect.objectContaining({
      553 |             notes: 'Get the organic version',

      at Object.toHaveBeenCalledWith (tests/unit/lib/rules-engine/actions.test.ts:550:42)

  ● Rules Engine Action Executors › Create Todo Action › should require title

    expect(received).toContain(expected) // indexOf

    Expected substring: "Create todo action requires title"
    Received string:    "Create TODO action requires title (non-empty string)"

      623 |
      624 |       expect(result.success).toBe(false);
    > 625 |       expect(result.error).toContain('Create todo action requires title');
          |                            ^
      626 |     });
      627 |
      628 |     it('should handle optional description', async () => {

      at Object.toContain (tests/unit/lib/rules-engine/actions.test.ts:625:28)

  ● Rules Engine Action Executors › Lock Medication Action › should require medication ID

    expect(received).toContain(expected) // indexOf

    Expected substring: "Lock medication action requires medicationId"
    Received string:    "No medication ID specified"

      766 |
      767 |       expect(result.success).toBe(false);
    > 768 |       expect(result.error).toContain('Lock medication action requires medicationId');
          |                            ^
      769 |     });
      770 |
      771 |     it('should require hours', async () => {

      at Object.toContain (tests/unit/lib/rules-engine/actions.test.ts:768:28)

  ● Rules Engine Action Executors › Lock Medication Action › should require hours

    expect(received).toContain(expected) // indexOf

    Expected substring: "Lock medication action requires hours"
    Received string:    "Cannot read properties of null (reading 'id')"

      781 |
      782 |       expect(result.success).toBe(false);
    > 783 |       expect(result.error).toContain('Lock medication action requires hours');
          |                            ^
      784 |     });
      785 |
      786 |     it('should enforce maximum lock duration', async () => {

      at Object.toContain (tests/unit/lib/rules-engine/actions.test.ts:783:28)

  ● Rules Engine Action Executors › Lock Medication Action › should enforce maximum lock duration

    expect(received).toContain(expected) // indexOf

    Expected substring: "Lock medication hours cannot exceed 24 hours"
    Received string:    "Cannot read properties of null (reading 'id')"

      796 |
      797 |       expect(result.success).toBe(false);
    > 798 |       expect(result.error).toContain('Lock medication hours cannot exceed 24 hours');
          |                            ^
      799 |     });
      800 |
      801 |     it('should reject negative hours', async () => {

      at Object.toContain (tests/unit/lib/rules-engine/actions.test.ts:798:28)

  ● Rules Engine Action Executors › Lock Medication Action › should reject negative hours

    expect(received).toContain(expected) // indexOf

    Expected substring: "Lock medication hours must be positive"
    Received string:    "Cannot read properties of null (reading 'id')"

      811 |
      812 |       expect(result.success).toBe(false);
    > 813 |       expect(result.error).toContain('Lock medication hours must be positive');
          |                            ^
      814 |     });
      815 |
      816 |     it('should handle database errors', async () => {

      at Object.toContain (tests/unit/lib/rules-engine/actions.test.ts:813:28)

  ● Rules Engine Action Executors › Reduce Chores Action › should require member ID

    expect(received).toContain(expected) // indexOf

    Expected substring: "requires memberId"
    Received string:    "No member ID specified"

      1087 |
      1088 |       expect(result.success).toBe(false);
    > 1089 |       expect(result.error).toContain('requires memberId');
           |                            ^
      1090 |     });
      1091 |
      1092 |     it('should enforce maximum percentage', async () => {

      at Object.toContain (tests/unit/lib/rules-engine/actions.test.ts:1089:28)

  ● Rules Engine Action Executors › Reduce Chores Action › should enforce maximum percentage

    expect(received).toContain(expected) // indexOf

    Expected substring: "Reduce chores percentage must be between 0 and 100"
    Received string:    "Chore reduction percentage must be between 1 and 100"

      1103 |
      1104 |       expect(result.success).toBe(false);
    > 1105 |       expect(result.error).toContain('Reduce chores percentage must be between 0 and 100');
           |                            ^
      1106 |     });
      1107 |
      1108 |     it('should enforce maximum duration', async () => {

      at Object.toContain (tests/unit/lib/rules-engine/actions.test.ts:1105:28)

  ● Rules Engine Action Executors › Reduce Chores Action › should enforce maximum duration

    expect(received).toContain(expected) // indexOf

    Expected substring: "Reduce chores duration must be between 1 and 30 days"
    Received string:    "Chore reduction duration must be between 1 and 30 days"

      1119 |
      1120 |       expect(result.success).toBe(false);
    > 1121 |       expect(result.error).toContain('Reduce chores duration must be between 1 and 30 days');
           |                            ^
      1122 |     });
      1123 |
      1124 |     it('should handle no pending chores', async () => {

      at Object.toContain (tests/unit/lib/rules-engine/actions.test.ts:1121:28)

  ● Rules Engine Action Executors › Reduce Chores Action › should handle no pending chores

    expect(received).toBe(expected) // Object.is equality

    Expected: true
    Received: false

      1136 |       const result = await executeReduceChores(config, context);
      1137 |
    > 1138 |       expect(result.success).toBe(true);
           |                              ^
      1139 |       expect(result.result?.choresReduced).toBe(0);
      1140 |     });
      1141 |

      at Object.toBe (tests/unit/lib/rules-engine/actions.test.ts:1138:30)

  ● Rules Engine Action Executors › Adjust Screen Time Action › should require member ID

    expect(received).toContain(expected) // indexOf

    Expected substring: "requires memberId"
    Received string:    "No member ID specified"

      1295 |
      1296 |       expect(result.success).toBe(false);
    > 1297 |       expect(result.error).toContain('requires memberId');
           |                            ^
      1298 |     });
      1299 |
      1300 |     it('should enforce maximum adjustment', async () => {

      at Object.toContain (tests/unit/lib/rules-engine/actions.test.ts:1297:28)

  ● Rules Engine Action Executors › Adjust Screen Time Action › should enforce maximum adjustment

    expect(received).toContain(expected) // indexOf

    Expected substring: "Screen time adjustment cannot exceed 120 minutes"
    Received string:    "No screentime balance found for member"

      1310 |
      1311 |       expect(result.success).toBe(false);
    > 1312 |       expect(result.error).toContain('Screen time adjustment cannot exceed 120 minutes');
           |                            ^
      1313 |     });
      1314 |
      1315 |     it('should handle balance not found', async () => {

      at Object.toContain (tests/unit/lib/rules-engine/actions.test.ts:1312:28)

  ● Rules Engine Action Executors › Adjust Screen Time Action › should handle balance not found

    expect(received).toContain(expected) // indexOf

    Expected substring: "Screen time balance not found"
    Received string:    "No screentime balance found for member"

      1327 |
      1328 |       expect(result.success).toBe(false);
    > 1329 |       expect(result.error).toContain('Screen time balance not found');
           |                            ^
      1330 |     });
      1331 |
      1332 |     it('should prevent negative balance', async () => {

      at Object.toContain (tests/unit/lib/rules-engine/actions.test.ts:1329:28)

FAIL tests/integration/api/reports/family/route.test.ts
  ● /api/reports/family › GET › should generate report for week period

    TypeError: Cannot read properties of undefined (reading 'type')

      124 |
      125 |       expect(response.status).toBe(200)
    > 126 |       expect(data.period.type).toBe('week')
          |                          ^
      127 |       expect(data.summary.chores.completed).toBe(1)
      128 |       expect(data.summary.chores.assigned).toBe(2)
      129 |       expect(data.summary.credits.earned).toBe(50)

      at Object.type (tests/integration/api/reports/family/route.test.ts:126:26)

  ● /api/reports/family › GET › should generate report for custom date range

    TypeError: Cannot read properties of undefined (reading 'type')

      150 |
      151 |       expect(response.status).toBe(200)
    > 152 |       expect(data.period.type).toBe('custom')
          |                          ^
      153 |       expect(data.period.startDate).toBe('2024-01-01T00:00:00.000Z')
      154 |       expect(data.period.endDate).toBe('2024-01-31T00:00:00.000Z')
      155 |     })

      at Object.type (tests/integration/api/reports/family/route.test.ts:152:26)

  ● /api/reports/family › GET › should calculate per-child breakdown

    TypeError: Cannot read properties of undefined (reading '0')

      169 |
      170 |       expect(response.status).toBe(200)
    > 171 |       expect(data.children[0]).toEqual({
          |                           ^
      172 |         id: 'child-1',
      173 |         name: 'Child One',
      174 |         avatarUrl: null,

      at Object.<anonymous> (tests/integration/api/reports/family/route.test.ts:171:27)

  ● /api/reports/family › GET › should return 500 on error

    expect(received).toBe(expected) // Object.is equality

    Expected: "Failed to generate family report"
    Received: "Failed to get family report"

      205 |
      206 |       expect(response.status).toBe(500)
    > 207 |       expect(data.error).toBe('Failed to generate family report')
          |                          ^
      208 |     })
      209 |   })
      210 | })

      at Object.toBe (tests/integration/api/reports/family/route.test.ts:207:26)

FAIL tests/integration/api/rules/[id]/toggle/route.test.ts
  ● PATCH /api/rules/[id]/toggle › should return 403 if rule belongs to different family

    expect(received).toContain(expected) // indexOf

    Expected substring: "Forbidden"
    Received string:    "Access denied"

      101 |
      102 |     expect(response.status).toBe(403);
    > 103 |     expect(data.error).toContain('Forbidden');
          |                        ^
      104 |   });
      105 |
      106 |   it('should toggle enabled rule to disabled', async () => {

      at Object.toContain (tests/integration/api/rules/[id]/toggle/route.test.ts:103:24)

  ● PATCH /api/rules/[id]/toggle › should toggle enabled rule to disabled

    expect(jest.fn()).toHaveBeenCalledWith(...expected)

    - Expected
    + Received

      Object {
        "data": Object {
          "isEnabled": false,
        },
    -   "include": Object {
    -     "creator": Object {
    -       "select": Object {
    -         "id": true,
    -         "name": true,
    -       },
    -     },
    -   },
        "where": Object {
          "id": "rule-1",
        },
      },

    Number of calls: 1

      121 |     expect(data.success).toBe(true);
      122 |     expect(data.rule.isEnabled).toBe(false);
    > 123 |     expect(dbMock.automationRule.update).toHaveBeenCalledWith({
          |                                          ^
      124 |       where: { id: 'rule-1' },
      125 |       data: { isEnabled: false },
      126 |       include: {

      at Object.toHaveBeenCalledWith (tests/integration/api/rules/[id]/toggle/route.test.ts:123:42)

  ● PATCH /api/rules/[id]/toggle › should toggle disabled rule to enabled

    expect(jest.fn()).toHaveBeenCalledWith(...expected)

    - Expected
    + Received

      Object {
        "data": Object {
          "isEnabled": true,
        },
    -   "include": Object {
    -     "creator": Object {
    -       "select": Object {
    -         "id": true,
    -         "name": true,
    -       },
    -     },
    -   },
        "where": Object {
          "id": "rule-1",
        },
      },

    Number of calls: 1

      155 |     expect(data.success).toBe(true);
      156 |     expect(data.rule.isEnabled).toBe(true);
    > 157 |     expect(dbMock.automationRule.update).toHaveBeenCalledWith({
          |                                          ^
      158 |       where: { id: 'rule-1' },
      159 |       data: { isEnabled: true },
      160 |       include: {

      at Object.toHaveBeenCalledWith (tests/integration/api/rules/[id]/toggle/route.test.ts:157:42)

  ● PATCH /api/rules/[id]/toggle › should create RULE_ENABLED audit log when enabling

    expect(jest.fn()).toHaveBeenCalledWith(...expected)

    Expected: ObjectContaining {"data": ObjectContaining {"action": "RULE_ENABLED", "entityId": "rule-1", "entityType": "AutomationRule", "result": "SUCCESS"}}
    Received: {"data": {"action": "RULE_ENABLED", "entityId": "rule-1", "entityType": "RULE", "familyId": "family-test-123", "memberId": "parent-test-123", "metadata": {"previousState": false}, "result": "SUCCESS"}}

    Number of calls: 1

      185 |     await PATCH(request, { params: Promise.resolve({ id: 'rule-1' }) });
      186 |
    > 187 |     expect(dbMock.auditLog.create).toHaveBeenCalledWith(
          |                                    ^
      188 |       expect.objectContaining({
      189 |         data: expect.objectContaining({
      190 |           action: 'RULE_ENABLED',

      at Object.toHaveBeenCalledWith (tests/integration/api/rules/[id]/toggle/route.test.ts:187:36)

  ● PATCH /api/rules/[id]/toggle › should create RULE_DISABLED audit log when disabling

    expect(jest.fn()).toHaveBeenCalledWith(...expected)

    Expected: ObjectContaining {"data": ObjectContaining {"action": "RULE_DISABLED", "entityId": "rule-1", "entityType": "AutomationRule", "result": "SUCCESS"}}
    Received: {"data": {"action": "RULE_DISABLED", "entityId": "rule-1", "entityType": "RULE", "familyId": "family-test-123", "memberId": "parent-test-123", "metadata": {"previousState": true}, "result": "SUCCESS"}}

    Number of calls: 1

      210 |     await PATCH(request, { params: Promise.resolve({ id: 'rule-1' }) });
      211 |
    > 212 |     expect(dbMock.auditLog.create).toHaveBeenCalledWith(
          |                                    ^
      213 |       expect.objectContaining({
      214 |         data: expect.objectContaining({
      215 |           action: 'RULE_DISABLED',

      at Object.toHaveBeenCalledWith (tests/integration/api/rules/[id]/toggle/route.test.ts:212:36)

FAIL tests/integration/api/meals/plan/route.test.ts
  ● GET /api/meals/plan › should return empty meal plan if none exists for week

    expect(received).toBe(expected) // Object.is equality

    Expected: "2026-01-05"
    Received: "2026-01-06"

      73 |     const data = await response.json();
      74 |     expect(data.mealPlan).toBeNull();
    > 75 |     expect(data.weekStart).toBe('2026-01-05'); // Monday of that week
         |                            ^
      76 |   });
      77 |
      78 |   it('should return meal plan with entries for the week', async () => {

      at Object.toBe (tests/integration/api/meals/plan/route.test.ts:75:28)

  ● GET /api/meals/plan › should return meal plan with entries for the week

    TypeError: Cannot read properties of null (reading 'id')

      122 |     expect(response.status).toBe(200);
      123 |     const data = await response.json();
    > 124 |     expect(data.mealPlan.id).toBe('plan-1');
          |                          ^
      125 |     expect(data.mealPlan.meals).toHaveLength(2);
      126 |     expect(data.mealPlan.meals[0].customName).toBe('Pancakes');
      127 |   });

      at Object.id (tests/integration/api/meals/plan/route.test.ts:124:26)

  ● GET /api/meals/plan › should normalize week start to Monday

    expect(received).toBe(expected) // Object.is equality

    Expected: "2026-01-05"
    Received: "2026-01-07"

      142 |     const data = await response.json();
      143 |     // Should return Monday of that week
    > 144 |     expect(data.weekStart).toBe('2026-01-05');
          |                            ^
      145 |
      146 |     expect(dbMock.mealPlan.findUnique).toHaveBeenCalledWith({
      147 |       where: {

      at Object.toBe (tests/integration/api/meals/plan/route.test.ts:144:28)

  ● GET /api/meals/plan › should not return meal plans from other families

    expect(jest.fn()).toHaveBeenCalledWith(...expected)

    Expected: ObjectContaining {"where": ObjectContaining {"familyId_weekStart": ObjectContaining {"familyId": "family-test-123"}}}

    Number of calls: 0

      178 |     await GET(request);
      179 |
    > 180 |     expect(dbMock.mealPlan.findUnique).toHaveBeenCalledWith(
          |                                        ^
      181 |       expect.objectContaining({
      182 |         where: expect.objectContaining({
      183 |           familyId_weekStart: expect.objectContaining({

      at Object.toHaveBeenCalledWith (tests/integration/api/meals/plan/route.test.ts:180:40)

  ● POST /api/meals/plan › should create meal plan entry successfully

    expect(received).toBe(expected) // Object.is equality

    Expected: 201
    Received: 500

      349 |     const response = await POST(request);
      350 |
    > 351 |     expect(response.status).toBe(201);
          |                             ^
      352 |     const data = await response.json();
      353 |     expect(data.entry.customName).toBe('Pancakes');
      354 |     expect(data.entry.mealType).toBe('BREAKFAST');

      at Object.toBe (tests/integration/api/meals/plan/route.test.ts:351:29)

  ● POST /api/meals/plan › should create meal plan if it does not exist for week

    expect(jest.fn()).toHaveBeenCalledWith(...expected)

    Expected: {"create": {"familyId": "family-test-123", "weekStart": 2026-01-05T00:00:00.000Z}, "update": {}, "where": {"familyId_weekStart": {"familyId": "family-test-123", "weekStart": 2026-01-05T00:00:00.000Z}}}

    Number of calls: 0

      383 |     await POST(request);
      384 |
    > 385 |     expect(dbMock.mealPlan.upsert).toHaveBeenCalledWith({
          |                                    ^
      386 |       where: {
      387 |         familyId_weekStart: {
      388 |           familyId: session.user.familyId,

      at Object.toHaveBeenCalledWith (tests/integration/api/meals/plan/route.test.ts:385:36)

  ● POST /api/meals/plan › should create audit log on entry creation

    expect(jest.fn()).toHaveBeenCalledWith(...expected)

    Expected: ObjectContaining {"data": ObjectContaining {"action": "MEAL_ENTRY_ADDED", "familyId": "family-test-123", "memberId": "parent-test-123"}}

    Number of calls: 0

      421 |     await POST(request);
      422 |
    > 423 |     expect(dbMock.auditLog.create).toHaveBeenCalledWith(
          |                                    ^
      424 |       expect.objectContaining({
      425 |         data: expect.objectContaining({
      426 |           action: 'MEAL_ENTRY_ADDED',

      at Object.toHaveBeenCalledWith (tests/integration/api/meals/plan/route.test.ts:423:36)

  ● POST /api/meals/plan › should allow parents to create meal entries

    expect(received).toBe(expected) // Object.is equality

    Expected: 201
    Received: 500

      455 |     const response = await POST(request);
      456 |
    > 457 |     expect(response.status).toBe(201);
          |                             ^
      458 |   });
      459 |
      460 |   it('should allow children to create meal entries', async () => {

      at Object.toBe (tests/integration/api/meals/plan/route.test.ts:457:29)

  ● POST /api/meals/plan › should allow children to create meal entries

    expect(received).toBe(expected) // Object.is equality

    Expected: 201
    Received: 500

      481 |     const response = await POST(request);
      482 |
    > 483 |     expect(response.status).toBe(201);
          |                             ^
      484 |   });
      485 |
      486 |   it('should handle all meal types', async () => {

      at Object.toBe (tests/integration/api/meals/plan/route.test.ts:483:29)

  ● POST /api/meals/plan › should handle all meal types

    expect(received).toBe(expected) // Object.is equality

    Expected: 201
    Received: 500

      511 |       const response = await POST(request);
      512 |
    > 513 |       expect(response.status).toBe(201);
          |                               ^
      514 |     }
      515 |   });
      516 | });

      at Object.toBe (tests/integration/api/meals/plan/route.test.ts:513:31)

FAIL tests/integration/api/cron/distribute-allowances/route.test.ts
  ● /api/cron/distribute-allowances › Allowance Distribution › should distribute weekly allowance on correct day

    expect(received).toBe(expected) // Object.is equality

    Expected: 1
    Received: 0

      118 |
      119 |       expect(response.status).toBe(200)
    > 120 |       expect(data.processed).toBe(1)
          |                              ^
      121 |       expect(data.skipped).toBe(0)
      122 |     })
      123 |

      at Object.toBe (tests/integration/api/cron/distribute-allowances/route.test.ts:120:30)

  ● /api/cron/distribute-allowances › Allowance Distribution › should skip paused schedules

    expect(received).toBe(expected) // Object.is equality

    Expected: 1
    Received: 0

      153 |       expect(response.status).toBe(200)
      154 |       expect(data.processed).toBe(0)
    > 155 |       expect(data.skipped).toBe(1)
          |                            ^
      156 |     })
      157 |
      158 |     it('should skip inactive schedules', async () => {

      at Object.toBe (tests/integration/api/cron/distribute-allowances/route.test.ts:155:28)

  ● /api/cron/distribute-allowances › Allowance Distribution › should skip inactive schedules

    expect(received).toBe(expected) // Object.is equality

    Expected: 1
    Received: 0

      187 |       expect(response.status).toBe(200)
      188 |       expect(data.processed).toBe(0)
    > 189 |       expect(data.skipped).toBe(1)
          |                            ^
      190 |     })
      191 |
      192 |     it('should skip schedule on wrong day', async () => {

      at Object.toBe (tests/integration/api/cron/distribute-allowances/route.test.ts:189:28)

  ● /api/cron/distribute-allowances › Allowance Distribution › should skip schedule on wrong day

    expect(received).toBe(expected) // Object.is equality

    Expected: 1
    Received: 0

      222 |       expect(response.status).toBe(200)
      223 |       expect(data.processed).toBe(0)
    > 224 |       expect(data.skipped).toBe(1)
          |                            ^
      225 |     })
      226 |
      227 |     it('should skip already processed today', async () => {

      at Object.toBe (tests/integration/api/cron/distribute-allowances/route.test.ts:224:28)

  ● /api/cron/distribute-allowances › Allowance Distribution › should skip already processed today

    expect(received).toBe(expected) // Object.is equality

    Expected: 1
    Received: 0

      256 |       expect(response.status).toBe(200)
      257 |       expect(data.processed).toBe(0)
    > 258 |       expect(data.skipped).toBe(1)
          |                            ^
      259 |     })
      260 |
      261 |     it('should process monthly allowance on correct day', async () => {

      at Object.toBe (tests/integration/api/cron/distribute-allowances/route.test.ts:258:28)

  ● /api/cron/distribute-allowances › Allowance Distribution › should process monthly allowance on correct day

    expect(received).toBe(expected) // Object.is equality

    Expected: 1
    Received: 0

      302 |
      303 |       expect(response.status).toBe(200)
    > 304 |       expect(data.processed).toBe(1)
          |                              ^
      305 |     })
      306 |
      307 |     it('should handle multiple schedules', async () => {

      at Object.toBe (tests/integration/api/cron/distribute-allowances/route.test.ts:304:30)

  ● /api/cron/distribute-allowances › Allowance Distribution › should handle multiple schedules

    expect(received).toBe(expected) // Object.is equality

    Expected: 2
    Received: 0

      369 |
      370 |       expect(response.status).toBe(200)
    > 371 |       expect(data.processed).toBe(2) // schedule-1 and schedule-2
          |                              ^
      372 |       expect(data.skipped).toBe(1) // schedule-3
      373 |     })
      374 |

      at Object.toBe (tests/integration/api/cron/distribute-allowances/route.test.ts:371:30)

  ● /api/cron/distribute-allowances › Allowance Distribution › should handle errors gracefully

    expect(received).toBeGreaterThan(expected)

    Expected: > 0
    Received:   0

      403 |       expect(response.status).toBe(200)
      404 |       expect(data.processed).toBe(0)
    > 405 |       expect(data.errors).toBeGreaterThan(0)
          |                           ^
      406 |     })
      407 |   })
      408 | })

      at Object.toBeGreaterThan (tests/integration/api/cron/distribute-allowances/route.test.ts:405:27)

FAIL tests/components/rules/TemplateBrowser.test.tsx
  ● TemplateBrowser Component › should reset filter when "All Categories" is clicked

    TestingLibraryElementError: Unable to find an accessible element with the role "button" and name `/all categories/i`

    There are no accessible roles. But there might be some inaccessible roles. If you wish to access them, then set the `hidden` option to `true`. Learn more about this here: https://testing-library.com/docs/dom-testing-library/api-queries#byrole

    Ignored nodes: comments, script, style
    [36m<body[39m
      [33mstyle[39m=[32m"overflow: unset;"[39m
    [36m>[39m
      [36m<div>[39m
        [36m<div[39m
          [33mclass[39m=[32m"min-h-screen bg-canvas-50 dark:bg-slate-900 p-8"[39m
        [36m>[39m
          [36m<div[39m
            [33mclass[39m=[32m"max-w-6xl mx-auto"[39m
          [36m>[39m
            [36m<div[39m
              [33mclass[39m=[32m"text-center py-12"[39m
            [36m>[39m
              [36m<div[39m
                [33mclass[39m=[32m"animate-spin rounded-full h-12 w-12 border-b-2 border-ember-700 mx-auto mb-4"[39m
              [36m/>[39m
              [36m<div[39m
                [33mclass[39m=[32m"text-slate-600 dark:text-slate-400"[39m
              [36m>[39m
                [0mLoading templates...[0m
              [36m</div>[39m
            [36m</div>[39m
          [36m</div>[39m
        [36m</div>[39m
      [36m</div>[39m
    [36m</body>[39m

      141 |
      142 |     // Then click "All Categories"
    > 143 |     const allButton = screen.getByRole('button', { name: /all categories/i });
          |                              ^
      144 |     fireEvent.click(allButton);
      145 |
      146 |     await waitFor(() => {

      at Object.getElementError (node_modules/@testing-library/dom/dist/config.js:37:19)
      at node_modules/@testing-library/dom/dist/query-helpers.js:76:38
      at node_modules/@testing-library/dom/dist/query-helpers.js:52:17
      at node_modules/@testing-library/dom/dist/query-helpers.js:95:19
      at Object.getByRole (tests/components/rules/TemplateBrowser.test.tsx:143:30)

FAIL tests/integration/api/meals/recipes/[id]/route.test.ts
  ● /api/meals/recipes/[id] › GET /api/meals/recipes/[id] › should return recipe by id

    expect(received).toBe(expected) // Object.is equality

    Expected: 200
    Received: 403

      70 |       const response = await GET(request, { params: Promise.resolve({ id: 'recipe-1' }) });
      71 |
    > 72 |       expect(response.status).toBe(200);
         |                               ^
      73 |       const data = await response.json();
      74 |       expect(data.recipe.name).toBe('Spaghetti Carbonara');
      75 |       expect(data.recipe.ingredients).toHaveLength(1);

      at Object.toBe (tests/integration/api/meals/recipes/[id]/route.test.ts:72:31)

  ● /api/meals/recipes/[id] › GET /api/meals/recipes/[id] › should return 404 if recipe not found

    expect(received).toBe(expected) // Object.is equality

    Expected: 404
    Received: 500

      109 |       const response = await GET(request, { params: Promise.resolve({ id: 'nonexistent' }) });
      110 |
    > 111 |       expect(response.status).toBe(404);
          |                               ^
      112 |       const data = await response.json();
      113 |       expect(data.error).toBe('Recipe not found');
      114 |     });

      at Object.toBe (tests/integration/api/meals/recipes/[id]/route.test.ts:111:31)

  ● /api/meals/recipes/[id] › PATCH /api/meals/recipes/[id] › should return 404 if recipe not found

    expect(received).toBe(expected) // Object.is equality

    Expected: 404
    Received: 403

      151 |       const response = await PATCH(request, { params: Promise.resolve({ id: 'nonexistent' }) });
      152 |
    > 153 |       expect(response.status).toBe(404);
          |                               ^
      154 |     });
      155 |
      156 |     it('should return 403 if recipe belongs to different family', async () => {

      at Object.toBe (tests/integration/api/meals/recipes/[id]/route.test.ts:153:31)

  ● /api/meals/recipes/[id] › PATCH /api/meals/recipes/[id] › should update recipe basic fields

    expect(received).toBe(expected) // Object.is equality

    Expected: 200
    Received: 403

      192 |       const response = await PATCH(request, { params: Promise.resolve({ id: 'recipe-1' }) });
      193 |
    > 194 |       expect(response.status).toBe(200);
          |                               ^
      195 |       const data = await response.json();
      196 |       expect(data.recipe.name).toBe('Updated Carbonara');
      197 |       expect(data.message).toBe('Recipe updated successfully');

      at Object.toBe (tests/integration/api/meals/recipes/[id]/route.test.ts:194:31)

  ● /api/meals/recipes/[id] › PATCH /api/meals/recipes/[id] › should update recipe with new ingredients

    expect(received).toBe(expected) // Object.is equality

    Expected: 200
    Received: 403

      272 |       const response = await PATCH(request, { params: Promise.resolve({ id: 'recipe-1' }) });
      273 |
    > 274 |       expect(response.status).toBe(200);
          |                               ^
      275 |       const data = await response.json();
      276 |       expect(data.recipe.ingredients).toHaveLength(1);
      277 |

      at Object.toBe (tests/integration/api/meals/recipes/[id]/route.test.ts:274:31)

  ● /api/meals/recipes/[id] › PATCH /api/meals/recipes/[id] › should update instructions array

    expect(received).toBe(expected) // Object.is equality

    Expected: 200
    Received: 403

      319 |       const response = await PATCH(request, { params: Promise.resolve({ id: 'recipe-1' }) });
      320 |
    > 321 |       expect(response.status).toBe(200);
          |                               ^
      322 |
      323 |       expect(dbMock.recipe.update).toHaveBeenCalledWith({
      324 |         where: { id: 'recipe-1' },

      at Object.toBe (tests/integration/api/meals/recipes/[id]/route.test.ts:321:31)

  ● /api/meals/recipes/[id] › PATCH /api/meals/recipes/[id] › should validate difficulty enum on update

    expect(received).toBe(expected) // Object.is equality

    Expected: 400
    Received: 403

      341 |       const response = await PATCH(request, { params: Promise.resolve({ id: 'recipe-1' }) });
      342 |
    > 343 |       expect(response.status).toBe(400);
          |                               ^
      344 |       const data = await response.json();
      345 |       expect(data.error).toContain('difficulty');
      346 |     });

      at Object.toBe (tests/integration/api/meals/recipes/[id]/route.test.ts:343:31)

  ● /api/meals/recipes/[id] › PATCH /api/meals/recipes/[id] › should handle database errors gracefully

    expect(received).toBe(expected) // Object.is equality

    Expected: 500
    Received: 403

      356 |       const response = await PATCH(request, { params: Promise.resolve({ id: 'recipe-1' }) });
      357 |
    > 358 |       expect(response.status).toBe(500);
          |                               ^
      359 |       const data = await response.json();
      360 |       expect(data.error).toBe('Failed to update recipe');
      361 |     });

      at Object.toBe (tests/integration/api/meals/recipes/[id]/route.test.ts:358:31)

  ● /api/meals/recipes/[id] › DELETE /api/meals/recipes/[id] › should return 404 if recipe not found

    expect(received).toBe(expected) // Object.is equality

    Expected: 404
    Received: 403

      381 |       const response = await DELETE(request, { params: Promise.resolve({ id: 'nonexistent' }) });
      382 |
    > 383 |       expect(response.status).toBe(404);
          |                               ^
      384 |     });
      385 |
      386 |     it('should return 403 if recipe belongs to different family', async () => {

      at Object.toBe (tests/integration/api/meals/recipes/[id]/route.test.ts:383:31)

  ● /api/meals/recipes/[id] › DELETE /api/meals/recipes/[id] › should delete recipe successfully

    expect(received).toBe(expected) // Object.is equality

    Expected: 200
    Received: 403

      409 |       const response = await DELETE(request, { params: Promise.resolve({ id: 'recipe-1' }) });
      410 |
    > 411 |       expect(response.status).toBe(200);
          |                               ^
      412 |       const data = await response.json();
      413 |       expect(data.message).toBe('Recipe deleted successfully');
      414 |

      at Object.toBe (tests/integration/api/meals/recipes/[id]/route.test.ts:411:31)

  ● /api/meals/recipes/[id] › DELETE /api/meals/recipes/[id] › should handle database errors gracefully

    expect(received).toBe(expected) // Object.is equality

    Expected: 500
    Received: 403

      440 |       const response = await DELETE(request, { params: Promise.resolve({ id: 'recipe-1' }) });
      441 |
    > 442 |       expect(response.status).toBe(500);
          |                               ^
      443 |       const data = await response.json();
      444 |       expect(data.error).toBe('Failed to delete recipe');
      445 |     });

      at Object.toBe (tests/integration/api/meals/recipes/[id]/route.test.ts:442:31)

FAIL tests/integration/api/rules/[id]/route.test.ts
  ● GET /api/rules/[id] › should return 403 if rule belongs to different family

    expect(received).toContain(expected) // indexOf

    Expected substring: "Forbidden"
    Received string:    "Access denied"

      105 |
      106 |     expect(response.status).toBe(403);
    > 107 |     expect(data.error).toContain('Forbidden');
          |                        ^
      108 |   });
      109 |
      110 |   it('should return rule details with execution history', async () => {

      at Object.toContain (tests/integration/api/rules/[id]/route.test.ts:107:24)

  ● GET /api/rules/[id] › should return rule details with execution history

    expect(received).toBeDefined()

    Received: undefined

      131 |     expect(data.rule.id).toBe('rule-1');
      132 |     expect(data.rule.name).toBe('Test Rule');
    > 133 |     expect(data.executions).toBeDefined();
          |                             ^
      134 |     expect(data.executions).toHaveLength(1);
      135 |     expect(data.totalExecutions).toBe(5);
      136 |   });

      at Object.toBeDefined (tests/integration/api/rules/[id]/route.test.ts:133:29)

  ● GET /api/rules/[id] › should support pagination for execution history

    expect(received).toBe(expected) // Object.is equality

    Expected: 10
    Received: undefined

      146 |
      147 |     expect(response.status).toBe(200);
    > 148 |     expect(data.limit).toBe(10);
          |                        ^
      149 |     expect(data.offset).toBe(5);
      150 |     expect(dbMock.ruleExecution.findMany).toHaveBeenCalledWith(
      151 |       expect.objectContaining({

      at Object.toBe (tests/integration/api/rules/[id]/route.test.ts:148:24)

  ● GET /api/rules/[id] › should filter execution history by success status

    expect(jest.fn()).toHaveBeenCalledWith(...expected)

    Expected: ObjectContaining {"where": ObjectContaining {"success": true}}

    Number of calls: 0

      166 |
      167 |     expect(response.status).toBe(200);
    > 168 |     expect(dbMock.ruleExecution.findMany).toHaveBeenCalledWith(
          |                                           ^
      169 |       expect.objectContaining({
      170 |         where: expect.objectContaining({
      171 |           success: true,

      at Object.toHaveBeenCalledWith (tests/integration/api/rules/[id]/route.test.ts:168:43)

  ● GET /api/rules/[id] › should include execution statistics

    expect(received).toBeDefined()

    Received: undefined

      196 |
      197 |     expect(response.status).toBe(200);
    > 198 |     expect(data.stats).toBeDefined();
          |                        ^
      199 |     expect(data.stats.totalExecutions).toBe(5);
      200 |     expect(data.stats.successfulExecutions).toBe(4);
      201 |     expect(data.stats.failedExecutions).toBe(1);

      at Object.toBeDefined (tests/integration/api/rules/[id]/route.test.ts:198:24)

  ● PATCH /api/rules/[id] › should return 400 if request body is invalid JSON

    expect(received).toBe(expected) // Object.is equality

    Expected: 400
    Received: 404

      272 |     const data = await response.json();
      273 |
    > 274 |     expect(response.status).toBe(400);
          |                             ^
      275 |     expect(data.error).toContain('Invalid JSON');
      276 |   });
      277 |

      at Object.toBe (tests/integration/api/rules/[id]/route.test.ts:274:29)

  ● PATCH /api/rules/[id] › should return 403 if rule belongs to different family

    expect(received).toBe(expected) // Object.is equality

    Expected: 403
    Received: 404

      303 |     const data = await response.json();
      304 |
    > 305 |     expect(response.status).toBe(403);
          |                             ^
      306 |     expect(data.error).toContain('Forbidden');
      307 |   });
      308 |

      at Object.toBe (tests/integration/api/rules/[id]/route.test.ts:305:29)

  ● PATCH /api/rules/[id] › should return 400 if name is empty string

    expect(received).toBe(expected) // Object.is equality

    Expected: 400
    Received: 200

      429 |     const data = await response.json();
      430 |
    > 431 |     expect(response.status).toBe(400);
          |                             ^
      432 |     expect(data.error).toContain('name');
      433 |   });
      434 |

      at Object.toBe (tests/integration/api/rules/[id]/route.test.ts:431:29)

  ● PATCH /api/rules/[id] › should return 400 if trigger is invalid object

    expect(received).toBe(expected) // Object.is equality

    Expected: 400
    Received: 200

      443 |     const data = await response.json();
      444 |
    > 445 |     expect(response.status).toBe(400);
          |                             ^
      446 |     expect(data.error).toContain('Trigger');
      447 |   });
      448 |

      at Object.toBe (tests/integration/api/rules/[id]/route.test.ts:445:29)

  ● PATCH /api/rules/[id] › should return 400 if actions is not an array

    expect(received).toBe(expected) // Object.is equality

    Expected: 400
    Received: 200

      457 |     const data = await response.json();
      458 |
    > 459 |     expect(response.status).toBe(400);
          |                             ^
      460 |     expect(data.error).toContain('Actions');
      461 |   });
      462 |

      at Object.toBe (tests/integration/api/rules/[id]/route.test.ts:459:29)

  ● PATCH /api/rules/[id] › should return 400 if actions array is empty

    expect(received).toBe(expected) // Object.is equality

    Expected: 400
    Received: 200

      471 |     const data = await response.json();
      472 |
    > 473 |     expect(response.status).toBe(400);
          |                             ^
      474 |     expect(data.error).toContain('action');
      475 |   });
      476 |

      at Object.toBe (tests/integration/api/rules/[id]/route.test.ts:473:29)

  ● PATCH /api/rules/[id] › should validate trigger configuration when updating

    expect(received).toBe(expected) // Object.is equality

    Expected: "Invalid trigger type"
    Received: "Invalid rule configuration"

      491 |
      492 |     expect(response.status).toBe(400);
    > 493 |     expect(data.error).toBe('Invalid trigger type');
          |                        ^
      494 |   });
      495 |
      496 |   it('should validate action configuration when updating', async () => {

      at Object.toBe (tests/integration/api/rules/[id]/route.test.ts:493:24)

  ● PATCH /api/rules/[id] › should validate action configuration when updating

    expect(received).toBe(expected) // Object.is equality

    Expected: "Invalid action type"
    Received: "Invalid rule configuration"

      510 |
      511 |     expect(response.status).toBe(400);
    > 512 |     expect(data.error).toBe('Invalid action type');
          |                        ^
      513 |   });
      514 |
      515 |   it('should support partial updates', async () => {

      at Object.toBe (tests/integration/api/rules/[id]/route.test.ts:512:24)

  ● PATCH /api/rules/[id] › should create audit log when updating rule

    expect(jest.fn()).toHaveBeenCalledWith(...expected)

    Expected: ObjectContaining {"data": ObjectContaining {"action": "RULE_UPDATED", "entityId": "rule-1", "entityType": "AutomationRule"}}

    Number of calls: 0

      550 |     await PATCH(request, { params: Promise.resolve({ id: 'rule-1' }) });
      551 |
    > 552 |     expect(dbMock.auditLog.create).toHaveBeenCalledWith(
          |                                    ^
      553 |       expect.objectContaining({
      554 |         data: expect.objectContaining({
      555 |           action: 'RULE_UPDATED',

      at Object.toHaveBeenCalledWith (tests/integration/api/rules/[id]/route.test.ts:552:36)

  ● PATCH /api/rules/[id] › should trim whitespace from name when updating

    expect(jest.fn()).toHaveBeenCalledWith(...expected)

    Expected: ObjectContaining {"data": ObjectContaining {"name": "Trimmed Name"}}
    Received: {"data": {"name": "  Trimmed Name  "}, "where": {"id": "rule-1"}}

    Number of calls: 1

      574 |     await PATCH(request, { params: Promise.resolve({ id: 'rule-1' }) });
      575 |
    > 576 |     expect(dbMock.automationRule.update).toHaveBeenCalledWith(
          |                                          ^
      577 |       expect.objectContaining({
      578 |         data: expect.objectContaining({
      579 |           name: 'Trimmed Name',

      at Object.toHaveBeenCalledWith (tests/integration/api/rules/[id]/route.test.ts:576:42)

  ● PATCH /api/rules/[id] › should trim whitespace from description when updating

    expect(jest.fn()).toHaveBeenCalledWith(...expected)

    Expected: ObjectContaining {"data": ObjectContaining {"description": "Trimmed Description"}}
    Received: {"data": {"description": "  Trimmed Description  "}, "where": {"id": "rule-1"}}

    Number of calls: 1

      596 |     await PATCH(request, { params: Promise.resolve({ id: 'rule-1' }) });
      597 |
    > 598 |     expect(dbMock.automationRule.update).toHaveBeenCalledWith(
          |                                          ^
      599 |       expect.objectContaining({
      600 |         data: expect.objectContaining({
      601 |           description: 'Trimmed Description',

      at Object.toHaveBeenCalledWith (tests/integration/api/rules/[id]/route.test.ts:598:42)

  ● DELETE /api/rules/[id] › should return 403 if rule belongs to different family

    expect(received).toBe(expected) // Object.is equality

    Expected: 403
    Received: 404

      683 |     const data = await response.json();
      684 |
    > 685 |     expect(response.status).toBe(403);
          |                             ^
      686 |     expect(data.error).toContain('Forbidden');
      687 |   });
      688 |

      at Object.toBe (tests/integration/api/rules/[id]/route.test.ts:685:29)

  ● DELETE /api/rules/[id] › should create audit log when deleting rule

    expect(jest.fn()).toHaveBeenCalledWith(...expected)

    Expected: ObjectContaining {"data": ObjectContaining {"action": "RULE_DELETED", "entityId": "rule-1", "entityType": "AutomationRule", "result": "SUCCESS"}}

    Number of calls: 0

      714 |     await DELETE(request, { params: Promise.resolve({ id: 'rule-1' }) });
      715 |
    > 716 |     expect(dbMock.auditLog.create).toHaveBeenCalledWith(
          |                                    ^
      717 |       expect.objectContaining({
      718 |         data: expect.objectContaining({
      719 |           action: 'RULE_DELETED',

      at Object.toHaveBeenCalledWith (tests/integration/api/rules/[id]/route.test.ts:716:36)

  ● DELETE /api/rules/[id] › should return 500 on database error

    expect(received).toContain(expected) // indexOf

    Expected substring: "Failed to delete rule"
    Received string:    "Failed to delete automation rule"

      739 |
      740 |     expect(response.status).toBe(500);
    > 741 |     expect(data.error).toContain('Failed to delete rule');
          |                        ^
      742 |   });
      743 |
      744 |   it('should cascade delete rule executions', async () => {

      at Object.toContain (tests/integration/api/rules/[id]/route.test.ts:741:24)

  ● DELETE /api/rules/[id] › should include rule metadata in audit log

    expect(jest.fn()).toHaveBeenCalledWith(...expected)

    Expected: ObjectContaining {"data": ObjectContaining {"metadata": ObjectContaining {"ruleName": "Test Rule", "triggerType": "chore_completed"}}}

    Number of calls: 0

      767 |     await DELETE(request, { params: Promise.resolve({ id: 'rule-1' }) });
      768 |
    > 769 |     expect(dbMock.auditLog.create).toHaveBeenCalledWith(
          |                                    ^
      770 |       expect.objectContaining({
      771 |         data: expect.objectContaining({
      772 |           metadata: expect.objectContaining({

      at Object.toHaveBeenCalledWith (tests/integration/api/rules/[id]/route.test.ts:769:36)

FAIL tests/integration/api/projects/route.test.ts
  ● GET /api/projects › Project Listing › should return all projects for the family

    TypeError: expect(received).toHaveLength(expected)

    Matcher error: received value must have a length property whose value must be a number

    Received has value: undefined

      94 |       expect(response.status).toBe(200);
      95 |       const data = await response.json();
    > 96 |       expect(data.projects).toHaveLength(2);
         |                             ^
      97 |       expect(data.projects[0].name).toBe('Birthday Party');
      98 |       expect(data.projects[1].name).toBe('Vacation Planning');
      99 |       expect(dbMock.project.findMany).toHaveBeenCalledWith({

      at Object.toHaveLength (tests/integration/api/projects/route.test.ts:96:29)

  ● GET /api/projects › Project Listing › should filter projects by status

    expect(jest.fn()).toHaveBeenCalledWith(...expected)

    - Expected
    + Received

    @@ -1,16 +1,20 @@
      Object {
        "include": Object {
    -     "_count": Object {
    +     "creator": Object {
            "select": Object {
    -         "tasks": true,
    +         "avatarUrl": true,
    +         "id": true,
    +         "name": true,
            },
          },
    -     "creator": Object {
    +     "tasks": Object {
            "select": Object {
    +         "dueDate": true,
              "id": true,
              "name": true,
    +         "status": true,
            },
          },
        },
        "orderBy": Object {
          "createdAt": "desc",,

    Number of calls: 1

      138 |
      139 |       expect(response.status).toBe(200);
    > 140 |       expect(dbMock.project.findMany).toHaveBeenCalledWith({
          |                                       ^
      141 |         where: {
      142 |           familyId: 'family-test-123',
      143 |           status: 'ACTIVE',

      at Object.toHaveBeenCalledWith (tests/integration/api/projects/route.test.ts:140:39)

  ● GET /api/projects › Project Listing › should return empty array when no projects exist

    expect(received).toEqual(expected) // deep equality

    Expected: []
    Received: undefined

      168 |       expect(response.status).toBe(200);
      169 |       const data = await response.json();
    > 170 |       expect(data.projects).toEqual([]);
          |                             ^
      171 |     });
      172 |
      173 |     it('should only return projects for the user family', async () => {

      at Object.toEqual (tests/integration/api/projects/route.test.ts:170:29)

  ● POST /api/projects › Authentication › should return 403 if user is a child

    expect(received).toBe(expected) // Object.is equality

    Expected: "Only parents can create projects"
    Received: "Only parents can manage projects"

      234 |       expect(response.status).toBe(403);
      235 |       const data = await response.json();
    > 236 |       expect(data.error).toBe('Only parents can create projects');
          |                          ^
      237 |     });
      238 |   });
      239 |

      at Object.toBe (tests/integration/api/projects/route.test.ts:236:26)

  ● POST /api/projects › Validation › should return 400 if name is missing

    expect(received).toBe(expected) // Object.is equality

    Expected: "Name is required"
    Received: "Project name is required"

      251 |       expect(response.status).toBe(400);
      252 |       const data = await response.json();
    > 253 |       expect(data.error).toBe('Name is required');
          |                          ^
      254 |     });
      255 |
      256 |     it('should return 400 if name is empty string', async () => {

      at Object.toBe (tests/integration/api/projects/route.test.ts:253:26)

  ● POST /api/projects › Validation › should return 400 if name is empty string

    expect(received).toBe(expected) // Object.is equality

    Expected: "Name is required"
    Received: "Project name is required"

      266 |       expect(response.status).toBe(400);
      267 |       const data = await response.json();
    > 268 |       expect(data.error).toBe('Name is required');
          |                          ^
      269 |     });
      270 |
      271 |     it('should return 400 if status is invalid', async () => {

      at Object.toBe (tests/integration/api/projects/route.test.ts:268:26)

  ● POST /api/projects › Validation › should return 400 if status is invalid

    expect(received).toBe(expected) // Object.is equality

    Expected: 400
    Received: 500

      280 |       const response = await POST(request);
      281 |
    > 282 |       expect(response.status).toBe(400);
          |                               ^
      283 |       const data = await response.json();
      284 |       expect(data.error).toContain('Invalid status');
      285 |     });

      at Object.toBe (tests/integration/api/projects/route.test.ts:282:31)

  ● POST /api/projects › Validation › should return 400 if budget is negative

    expect(received).toBe(expected) // Object.is equality

    Expected: 400
    Received: 500

      296 |       const response = await POST(request);
      297 |
    > 298 |       expect(response.status).toBe(400);
          |                               ^
      299 |       const data = await response.json();
      300 |       expect(data.error).toBe('Budget must be a positive number');
      301 |     });

      at Object.toBe (tests/integration/api/projects/route.test.ts:298:31)

  ● POST /api/projects › Validation › should return 400 if dueDate is before startDate

    expect(received).toBe(expected) // Object.is equality

    Expected: 400
    Received: 500

      313 |       const response = await POST(request);
      314 |
    > 315 |       expect(response.status).toBe(400);
          |                               ^
      316 |       const data = await response.json();
      317 |       expect(data.error).toBe('Due date must be after start date');
      318 |     });

      at Object.toBe (tests/integration/api/projects/route.test.ts:315:31)

  ● POST /api/projects › Project Creation › should create a project with minimal data

    expect(received).toBe(expected) // Object.is equality

    Expected: 201
    Received: 200

      348 |       const response = await POST(request);
      349 |
    > 350 |       expect(response.status).toBe(201);
          |                               ^
      351 |       const data = await response.json();
      352 |       expect(data.project.name).toBe('Test Project');
      353 |       expect(data.project.status).toBe('ACTIVE');

      at Object.toBe (tests/integration/api/projects/route.test.ts:350:31)

  ● POST /api/projects › Project Creation › should create a project with all fields

    expect(received).toBe(expected) // Object.is equality

    Expected: 201
    Received: 200

      403 |       const response = await POST(request);
      404 |
    > 405 |       expect(response.status).toBe(201);
          |                               ^
      406 |       const data = await response.json();
      407 |       expect(data.project.name).toBe('Birthday Party');
      408 |       expect(data.project.budget).toBe(500);

      at Object.toBe (tests/integration/api/projects/route.test.ts:405:31)

  ● POST /api/projects › Project Creation › should default status to ACTIVE if not provided

    expect(jest.fn()).toHaveBeenCalledWith(...expected)

    Expected: ObjectContaining {"data": ObjectContaining {"status": "ACTIVE"}}
    Received: {"data": {"budget": null, "createdById": "parent-test-123", "description": null, "dueDate": null, "familyId": "family-test-123", "name": "Test Project", "startDate": null}}

    Number of calls: 1

      464 |       await POST(request);
      465 |
    > 466 |       expect(dbMock.project.create).toHaveBeenCalledWith(
          |                                     ^
      467 |         expect.objectContaining({
      468 |           data: expect.objectContaining({
      469 |             status: 'ACTIVE',

      at Object.toHaveBeenCalledWith (tests/integration/api/projects/route.test.ts:466:37)

  ● POST /api/projects › Audit Logging › should create an audit log entry on successful project creation

    expect(jest.fn()).toHaveBeenCalledWith(...expected)

    - Expected
    + Received

      Object {
        "data": Object {
          "action": "PROJECT_CREATED",
    +     "entityId": "project-1",
    +     "entityType": "PROJECT",
          "familyId": "family-test-123",
          "memberId": "parent-test-123",
          "metadata": Object {
            "name": "Test Project",
    -       "projectId": "project-1",
    -       "status": "ACTIVE",
          },
          "result": "SUCCESS",
        },
      },

    Number of calls: 1

      498 |       await POST(request);
      499 |
    > 500 |       expect(dbMock.auditLog.create).toHaveBeenCalledWith({
          |                                      ^
      501 |         data: {
      502 |           familyId: 'family-test-123',
      503 |           memberId: 'parent-test-123',

      at Object.toHaveBeenCalledWith (tests/integration/api/projects/route.test.ts:500:38)

FAIL tests/integration/api/calendar/google/callback/route.test.ts
  ● /api/calendar/google/callback › GET › should return error if state parameter is missing

    expect(received).toContain(expected) // indexOf

    Expected substring: "error=missing_state"
    Received string:    "http://localhost:3001/dashboard/settings/calendars?error=invalid_callback"

      153 |       expect(response.status).toBe(302);
      154 |       expect(response.headers.get('location')).toContain('/dashboard/settings/calendars');
    > 155 |       expect(response.headers.get('location')).toContain('error=missing_state');
          |                                                ^
      156 |     });
      157 |
      158 |     it('should return error if code parameter is missing', async () => {

      at Object.toContain (tests/integration/api/calendar/google/callback/route.test.ts:155:48)

  ● /api/calendar/google/callback › GET › should return error if code parameter is missing

    expect(received).toContain(expected) // indexOf

    Expected substring: "error=missing_code"
    Received string:    "http://localhost:3001/dashboard/settings/calendars?error=invalid_callback"

      168 |       expect(response.status).toBe(302);
      169 |       expect(response.headers.get('location')).toContain('/dashboard/settings/calendars');
    > 170 |       expect(response.headers.get('location')).toContain('error=missing_code');
          |                                                ^
      171 |     });
      172 |
      173 |     it('should return error if state cookie is missing', async () => {

      at Object.toContain (tests/integration/api/calendar/google/callback/route.test.ts:170:48)

  ● /api/calendar/google/callback › GET › should exchange code for tokens and create new connection

    expect(jest.fn()).toHaveBeenCalledWith(...expected)

    Expected: "auth-code-123"

    Number of calls: 0

      225 |       const response = await GET(request);
      226 |
    > 227 |       expect(mockGetTokensFromCode).toHaveBeenCalledWith('auth-code-123');
          |                                     ^
      228 |       expect(encryptToken).toHaveBeenCalledWith('access-token-123');
      229 |       expect(encryptToken).toHaveBeenCalledWith('refresh-token-456');
      230 |

      at Object.toHaveBeenCalledWith (tests/integration/api/calendar/google/callback/route.test.ts:227:37)

  ● /api/calendar/google/callback › GET › should update existing connection if already exists

    expect(jest.fn()).toHaveBeenCalledWith(...expected)

    Expected: {"data": {"accessToken": "encrypted:access-token-123", "googleEmail": "user@example.com", "nextSyncAt": Any<Date>, "refreshToken": "encrypted:refresh-token-456", "syncEnabled": true, "syncError": null, "syncStatus": "ACTIVE", "tokenExpiresAt": 2026-01-05T00:00:00.000Z}, "where": {"id": "connection-existing"}}

    Number of calls: 0

      286 |       const response = await GET(request);
      287 |
    > 288 |       expect(dbMock.calendarConnection.update).toHaveBeenCalledWith({
          |                                                ^
      289 |         where: { id: 'connection-existing' },
      290 |         data: {
      291 |           accessToken: 'encrypted:access-token-123',

      at Object.toHaveBeenCalledWith (tests/integration/api/calendar/google/callback/route.test.ts:288:48)

  ● /api/calendar/google/callback › GET › should handle token exchange errors

    expect(received).toContain(expected) // indexOf

    Expected substring: "error=token_exchange_failed"
    Received string:    "http://localhost:3001/dashboard/settings/calendars?success=calendar_connected"

      323 |       expect(response.status).toBe(302);
      324 |       expect(response.headers.get('location')).toContain('/dashboard/settings/calendars');
    > 325 |       expect(response.headers.get('location')).toContain('error=token_exchange_failed');
          |                                                ^
      326 |     });
      327 |
      328 |     it('should handle missing refresh token error', async () => {

      at Object.toContain (tests/integration/api/calendar/google/callback/route.test.ts:325:48)

  ● /api/calendar/google/callback › GET › should handle missing refresh token error

    expect(received).toContain(expected) // indexOf

    Expected substring: "error=token_exchange_failed"
    Received string:    "http://localhost:3001/dashboard/settings/calendars?success=calendar_connected"

      344 |
      345 |       expect(response.status).toBe(302);
    > 346 |       expect(response.headers.get('location')).toContain('error=token_exchange_failed');
          |                                                ^
      347 |     });
      348 |
      349 |     it('should get user email after token exchange', async () => {

      at Object.toContain (tests/integration/api/calendar/google/callback/route.test.ts:346:48)

  ● /api/calendar/google/callback › GET › should get user email after token exchange

    expect(jest.fn()).toHaveBeenCalled()

    Expected number of calls: >= 1
    Received number of calls:    0

      375 |       const response = await GET(request);
      376 |
    > 377 |       expect(mockGetUserEmail).toHaveBeenCalled();
          |                                ^
      378 |       expect(response.status).toBe(302);
      379 |     });
      380 |

      at Object.toHaveBeenCalled (tests/integration/api/calendar/google/callback/route.test.ts:377:32)

  ● /api/calendar/google/callback › GET › should allow child users to connect calendar

    expect(received).toContain(expected) // indexOf

    Expected substring: "success=true"
    Received string:    "http://localhost:3001/dashboard/settings/calendars?success=calendar_connected"

      400 |
      401 |       expect(response.status).toBe(302);
    > 402 |       expect(response.headers.get('location')).toContain('success=true');
          |                                                ^
      403 |     });
      404 |
      405 |     it('should clear state cookie after successful connection', async () => {

      at Object.toContain (tests/integration/api/calendar/google/callback/route.test.ts:402:48)

  ● /api/calendar/google/callback › GET › should clear state cookie after successful connection

    expect(jest.fn()).toHaveBeenCalledWith(...expected)

    Expected: "google_oauth_state", "", ObjectContaining {"maxAge": 0}

    Number of calls: 0

      431 |
      432 |       // Verify the response clears the cookie (mock environment may not set actual header)
    > 433 |       expect(response.cookies.set).toHaveBeenCalledWith(
          |                                    ^
      434 |         'google_oauth_state',
      435 |         '',
      436 |         expect.objectContaining({

      at Object.toHaveBeenCalledWith (tests/integration/api/calendar/google/callback/route.test.ts:433:36)

  ● /api/calendar/google/callback › GET › should set nextSyncAt to current time for immediate first sync

    TypeError: Cannot read properties of undefined (reading '0')

      471 |
      472 |       // Second create call is the final connection (first is temp)
    > 473 |       const createCall = dbMock.calendarConnection.create.mock.calls[1][0];
          |                                                                        ^
      474 |       const nextSyncAt = createCall.data.nextSyncAt;
      475 |
      476 |       expect(nextSyncAt).toBeDefined();

      at Object.<anonymous> (tests/integration/api/calendar/google/callback/route.test.ts:473:72)

FAIL tests/integration/api/calendar/events/route.test.ts
  ● /api/calendar/events › GET › should return events for authenticated user

    expect(received).toBe(expected) // Object.is equality

    Expected: 200
    Received: 400

      55 |       const data = await response.json()
      56 |
    > 57 |       expect(response.status).toBe(200)
         |                               ^
      58 |       expect(data.events).toEqual(mockEvents)
      59 |       expect(dbMock.calendarEvent.findMany).toHaveBeenCalledWith({
      60 |         where: { familyId: session.user.familyId },

      at Object.toBe (tests/integration/api/calendar/events/route.test.ts:57:31)

  ● /api/calendar/events › GET › should filter by date range if provided

    expect(jest.fn()).toHaveBeenCalledWith(...expected)

    - Expected
    + Received

      Object {
    -   "include": Any<Object>,
    -   "orderBy": Object {
    -     "startTime": "asc",
    -   },
    -   "where": Object {
    -     "OR": Array [
    -       Object {
    -         "startTime": Object {
    -           "gte": 2025-01-01T00:00:00.000Z,
    -           "lte": 2025-01-31T00:00:00.000Z,
    +   "include": Object {
    +     "assignments": Object {
    +       "select": Object {
    +         "avatarUrl)": true,
    +         "id": true,
    +         "member:familyMembers(id": true,
    +         "name": true,
            },
          },
    -       Object {
    -         "endTime": Object {
    -           "gte": 2025-01-01T00:00:00.000Z,
    -           "lte": 2025-01-31T00:00:00.000Z,
    +     "creator": Object {
    +       "select": Object {
    +         "avatarUrl": true,
    +         "id": true,
    +         "name": true,
            },
          },
    -       Object {
    -         "AND": Array [
    -           Object {
    -             "startTime": Object {
    -               "lte": 2025-01-01T00:00:00.000Z,
        },
    +   "orderBy": Object {
    +     "startTime": "asc",
        },
    -           Object {
    +   "where": Object {
          "endTime": Object {
    -               "gte": 2025-01-31T00:00:00.000Z,
    +       "gte": "2025-01-01",
          },
    -           },
    -         ],
    +     "familyId": "family-test-123",
    +     "startTime": Object {
    +       "lte": "2025-01-31",
          },
    -     ],
    -     "familyId": "family-test-123",
        },
      },

    Number of calls: 1

      77 |       await GET(request)
      78 |
    > 79 |       expect(dbMock.calendarEvent.findMany).toHaveBeenCalledWith({
         |                                             ^
      80 |         where: {
      81 |           familyId: session.user.familyId,
      82 |           OR: [

      at Object.toHaveBeenCalledWith (tests/integration/api/calendar/events/route.test.ts:79:45)

  ● /api/calendar/events › POST › should return 404 if family not found

    expect(received).toBe(expected) // Object.is equality

    Expected: 404
    Received: 500

      146 |       const data = await response.json()
      147 |
    > 148 |       expect(response.status).toBe(404)
          |                               ^
      149 |       expect(data.error).toBe('Family not found')
      150 |     })
      151 |

      at Object.toBe (tests/integration/api/calendar/events/route.test.ts:148:31)

  ● /api/calendar/events › POST › should return 400 if title is missing

    expect(received).toBe(expected) // Object.is equality

    Expected: "Title and start time are required"
    Received: "Title, start time, and end time are required"

      167 |
      168 |       expect(response.status).toBe(400)
    > 169 |       expect(data.error).toBe('Title and start time are required')
          |                          ^
      170 |     })
      171 |
      172 |     it('should return 400 if startTime is missing', async () => {

      at Object.toBe (tests/integration/api/calendar/events/route.test.ts:169:26)

  ● /api/calendar/events › POST › should return 400 if startTime is missing

    expect(received).toBe(expected) // Object.is equality

    Expected: "Title and start time are required"
    Received: "Title, start time, and end time are required"

      187 |
      188 |       expect(response.status).toBe(400)
    > 189 |       expect(data.error).toBe('Title and start time are required')
          |                          ^
      190 |     })
      191 |
      192 |     it('should create event successfully', async () => {

      at Object.toBe (tests/integration/api/calendar/events/route.test.ts:189:26)

  ● /api/calendar/events › POST › should create event successfully

    expect(received).toBe(expected) // Object.is equality

    Expected: 200
    Received: 500

      223 |       const data = await response.json()
      224 |
    > 225 |       expect(response.status).toBe(200)
          |                               ^
      226 |       expect(data.message).toBe('Event created successfully')
      227 |       expect(data.event).toBeDefined()
      228 |       expect(dbMock.$transaction).toHaveBeenCalled()

      at Object.toBe (tests/integration/api/calendar/events/route.test.ts:225:31)

  ● /api/calendar/events › POST › should use startTime as endTime if endTime not provided

    TypeError: Cannot read properties of undefined (reading '0')

      258 |       await POST(request)
      259 |
    > 260 |       const txCallback = (dbMock.$transaction as jest.Mock).mock.calls[0][0]
          |                                                                          ^
      261 |       const mockTx = {
      262 |         calendarEvent: {
      263 |           create: jest.fn(),

      at Object.<anonymous> (tests/integration/api/calendar/events/route.test.ts:260:74)

  ● /api/calendar/events › POST › should create assignments if provided

    TypeError: Cannot read properties of undefined (reading '0')

      300 |       await POST(request)
      301 |
    > 302 |       const txCallback = (dbMock.$transaction as jest.Mock).mock.calls[0][0]
          |                                                                          ^
      303 |       const mockTx = {
      304 |         calendarEvent: {
      305 |           create: jest.fn().mockResolvedValue({ id: 'event-1' }),

      at Object.<anonymous> (tests/integration/api/calendar/events/route.test.ts:302:74)

FAIL tests/integration/api/dashboard/layout.test.ts
  ● /api/dashboard/layout › GET › should return default layout when user has no saved layout

    expect(received).toBeGreaterThan(expected)

    Expected: > 0
    Received:   0

      70 |       expect(data.layout).toBeDefined();
      71 |       expect(data.layout.widgets).toBeInstanceOf(Array);
    > 72 |       expect(data.layout.widgets.length).toBeGreaterThan(0);
         |                                          ^
      73 |       expect(data.availableWidgets).toBeInstanceOf(Array);
      74 |
      75 |       // Verify default widgets are enabled and ordered

      at Object.toBeGreaterThan (tests/integration/api/dashboard/layout.test.ts:72:42)

  ● /api/dashboard/layout › GET › should return saved layout when user has preferences

    expect(received).toBeGreaterThanOrEqual(expected)

    Expected: >= 3
    Received:    0

      138 |       expect(response.status).toBe(200);
      139 |       // Should have the 3 saved widgets plus weather (which has no module requirement)
    > 140 |       expect(data.layout.widgets.length).toBeGreaterThanOrEqual(3);
          |                                          ^
      141 |       expect(data.layout.widgets[0].id).toBe('calendar');
      142 |       expect(data.layout.widgets[1].id).toBe('chores');
      143 |       expect(data.layout.widgets[2].id).toBe('todos');

      at Object.toBeGreaterThanOrEqual (tests/integration/api/dashboard/layout.test.ts:140:42)

  ● /api/dashboard/layout › GET › should filter out widgets for disabled modules

    expect(received).toBe(expected) // Object.is equality

    Expected: true
    Received: false

      184 |       // Shopping widget should be filtered out
      185 |       expect(data.layout.widgets.some((w: any) => w.id === 'shopping')).toBe(false);
    > 186 |       expect(data.layout.widgets.some((w: any) => w.id === 'chores')).toBe(true);
          |                                                                       ^
      187 |     });
      188 |   });
      189 |

      at Object.toBe (tests/integration/api/dashboard/layout.test.ts:186:71)

  ● /api/dashboard/layout › PUT › should create new layout for user

    expect(jest.fn()).toHaveBeenCalledWith(...expected)

    Expected: {"data": {"layout": {"widgets": [{"enabled": true, "id": "chores", "order": 0, "size": "default"}, {"enabled": true, "id": "screentime", "order": 1, "size": "default"}]}, "memberId": "child-1"}}

    Number of calls: 0

      244 |       expect(response.status).toBe(200);
      245 |       expect(data.success).toBe(true);
    > 246 |       expect(dbMock.dashboardLayout.create).toHaveBeenCalledWith({
          |                                             ^
      247 |         data: {
      248 |           memberId: 'child-1',
      249 |           layout: newLayout,

      at Object.toHaveBeenCalledWith (tests/integration/api/dashboard/layout.test.ts:246:45)

  ● /api/dashboard/layout › PUT › should update existing layout for user

    expect(jest.fn()).toHaveBeenCalledWith(...expected)

    Expected: {"data": {"layout": {"widgets": [{"enabled": true, "id": "calendar", "order": 0, "size": "default"}, {"enabled": true, "id": "chores", "order": 1, "size": "default"}]}}, "where": {"memberId": "parent-1"}}

    Number of calls: 0

      301 |       expect(response.status).toBe(200);
      302 |       expect(data.success).toBe(true);
    > 303 |       expect(dbMock.dashboardLayout.update).toHaveBeenCalledWith({
          |                                             ^
      304 |         where: { memberId: 'parent-1' },
      305 |         data: { layout: updatedLayout },
      306 |       });

      at Object.toHaveBeenCalledWith (tests/integration/api/dashboard/layout.test.ts:303:45)

  ● /api/dashboard/layout › PUT › should reject invalid widget IDs

    expect(received).toBe(expected) // Object.is equality

    Expected: 400
    Received: 200

      336 |       const data = await response.json();
      337 |
    > 338 |       expect(response.status).toBe(400);
          |                               ^
      339 |       expect(data.error).toContain('Invalid');
      340 |     });
      341 |

      at Object.toBe (tests/integration/api/dashboard/layout.test.ts:338:31)

  ● /api/dashboard/layout › PUT › should reject widgets for disabled modules

    expect(received).toBe(expected) // Object.is equality

    Expected: 400
    Received: 200

      371 |       const data = await response.json();
      372 |
    > 373 |       expect(response.status).toBe(400);
          |                               ^
      374 |       expect(data.error).toContain('not available');
      375 |     });
      376 |   });

      at Object.toBe (tests/integration/api/dashboard/layout.test.ts:373:31)

  ● /api/dashboard/layout › POST /reset › should delete user layout and return default

    TypeError: Cannot read properties of null (reading 'widgets')

      423 |       expect(data.success).toBe(true);
      424 |       expect(data.layout).toBeDefined();
    > 425 |       expect(data.layout.widgets).toBeInstanceOf(Array);
          |                          ^
      426 |       expect(dbMock.dashboardLayout.delete).toHaveBeenCalledWith({
      427 |         where: { memberId: 'child-1' },
      428 |       });

      at Object.widgets (tests/integration/api/dashboard/layout.test.ts:425:26)

FAIL tests/components/dashboard/DashboardNav.test.tsx
  ● DashboardNav › should render navigation links

    useActiveFamily must be used within an ActiveFamilyProvider

      55 |   const context = useContext(ActiveFamilyContext);
      56 |   if (context === undefined) {
    > 57 |     throw new Error('useActiveFamily must be used within an ActiveFamilyProvider');
         |           ^
      58 |   }
      59 |   return context;
      60 | }

      at useActiveFamily (src/contexts/ActiveFamilyContext.tsx:57:11)
      at FamilySwitcher (src/components/FamilySwitcher.tsx:15:64)
      at Object.react_stack_bottom_frame (node_modules/react-dom/cjs/react-dom-client.development.js:25904:20)
      at renderWithHooks (node_modules/react-dom/cjs/react-dom-client.development.js:7662:22)
      at updateFunctionComponent (node_modules/react-dom/cjs/react-dom-client.development.js:10166:19)
      at beginWork (node_modules/react-dom/cjs/react-dom-client.development.js:11778:18)
      at runWithFiberInDEV (node_modules/react-dom/cjs/react-dom-client.development.js:874:13)
      at performUnitOfWork (node_modules/react-dom/cjs/react-dom-client.development.js:17641:22)
      at workLoopSync (node_modules/react-dom/cjs/react-dom-client.development.js:17469:41)
      at renderRootSync (node_modules/react-dom/cjs/react-dom-client.development.js:17450:11)
      at performWorkOnRoot (node_modules/react-dom/cjs/react-dom-client.development.js:16583:35)
      at performWorkOnRootViaSchedulerTask (node_modules/react-dom/cjs/react-dom-client.development.js:18957:7)
      at flushActQueue (node_modules/react/cjs/react.development.js:590:34)
      at process.env.NODE_ENV.exports.act (node_modules/react/cjs/react.development.js:884:10)
      at node_modules/@testing-library/react/dist/act-compat.js:46:25
      at renderRoot (node_modules/@testing-library/react/dist/pure.js:189:26)
      at render (node_modules/@testing-library/react/dist/pure.js:291:10)
      at Object.<anonymous> (tests/components/dashboard/DashboardNav.test.tsx:51:11)

  ● DashboardNav › should highlight active route

    useActiveFamily must be used within an ActiveFamilyProvider

      55 |   const context = useContext(ActiveFamilyContext);
      56 |   if (context === undefined) {
    > 57 |     throw new Error('useActiveFamily must be used within an ActiveFamilyProvider');
         |           ^
      58 |   }
      59 |   return context;
      60 | }

      at useActiveFamily (src/contexts/ActiveFamilyContext.tsx:57:11)
      at FamilySwitcher (src/components/FamilySwitcher.tsx:15:64)
      at Object.react_stack_bottom_frame (node_modules/react-dom/cjs/react-dom-client.development.js:25904:20)
      at renderWithHooks (node_modules/react-dom/cjs/react-dom-client.development.js:7662:22)
      at updateFunctionComponent (node_modules/react-dom/cjs/react-dom-client.development.js:10166:19)
      at beginWork (node_modules/react-dom/cjs/react-dom-client.development.js:11778:18)
      at runWithFiberInDEV (node_modules/react-dom/cjs/react-dom-client.development.js:874:13)
      at performUnitOfWork (node_modules/react-dom/cjs/react-dom-client.development.js:17641:22)
      at workLoopSync (node_modules/react-dom/cjs/react-dom-client.development.js:17469:41)
      at renderRootSync (node_modules/react-dom/cjs/react-dom-client.development.js:17450:11)
      at performWorkOnRoot (node_modules/react-dom/cjs/react-dom-client.development.js:16583:35)
      at performWorkOnRootViaSchedulerTask (node_modules/react-dom/cjs/react-dom-client.development.js:18957:7)
      at flushActQueue (node_modules/react/cjs/react.development.js:590:34)
      at process.env.NODE_ENV.exports.act (node_modules/react/cjs/react.development.js:884:10)
      at node_modules/@testing-library/react/dist/act-compat.js:46:25
      at renderRoot (node_modules/@testing-library/react/dist/pure.js:189:26)
      at render (node_modules/@testing-library/react/dist/pure.js:291:10)
      at Object.<anonymous> (tests/components/dashboard/DashboardNav.test.tsx:63:11)

  ● DashboardNav › should show parent-only navigation items for parents

    useActiveFamily must be used within an ActiveFamilyProvider

      55 |   const context = useContext(ActiveFamilyContext);
      56 |   if (context === undefined) {
    > 57 |     throw new Error('useActiveFamily must be used within an ActiveFamilyProvider');
         |           ^
      58 |   }
      59 |   return context;
      60 | }

      at useActiveFamily (src/contexts/ActiveFamilyContext.tsx:57:11)
      at FamilySwitcher (src/components/FamilySwitcher.tsx:15:64)
      at Object.react_stack_bottom_frame (node_modules/react-dom/cjs/react-dom-client.development.js:25904:20)
      at renderWithHooks (node_modules/react-dom/cjs/react-dom-client.development.js:7662:22)
      at updateFunctionComponent (node_modules/react-dom/cjs/react-dom-client.development.js:10166:19)
      at beginWork (node_modules/react-dom/cjs/react-dom-client.development.js:11778:18)
      at runWithFiberInDEV (node_modules/react-dom/cjs/react-dom-client.development.js:874:13)
      at performUnitOfWork (node_modules/react-dom/cjs/react-dom-client.development.js:17641:22)
      at workLoopSync (node_modules/react-dom/cjs/react-dom-client.development.js:17469:41)
      at renderRootSync (node_modules/react-dom/cjs/react-dom-client.development.js:17450:11)
      at performWorkOnRoot (node_modules/react-dom/cjs/react-dom-client.development.js:16583:35)
      at performWorkOnRootViaSchedulerTask (node_modules/react-dom/cjs/react-dom-client.development.js:18957:7)
      at flushActQueue (node_modules/react/cjs/react.development.js:590:34)
      at process.env.NODE_ENV.exports.act (node_modules/react/cjs/react.development.js:884:10)
      at node_modules/@testing-library/react/dist/act-compat.js:46:25
      at renderRoot (node_modules/@testing-library/react/dist/pure.js:189:26)
      at render (node_modules/@testing-library/react/dist/pure.js:291:10)
      at Object.<anonymous> (tests/components/dashboard/DashboardNav.test.tsx:81:11)

  ● DashboardNav › should not show parent-only items for children

    useActiveFamily must be used within an ActiveFamilyProvider

      55 |   const context = useContext(ActiveFamilyContext);
      56 |   if (context === undefined) {
    > 57 |     throw new Error('useActiveFamily must be used within an ActiveFamilyProvider');
         |           ^
      58 |   }
      59 |   return context;
      60 | }

      at useActiveFamily (src/contexts/ActiveFamilyContext.tsx:57:11)
      at FamilySwitcher (src/components/FamilySwitcher.tsx:15:64)
      at Object.react_stack_bottom_frame (node_modules/react-dom/cjs/react-dom-client.development.js:25904:20)
      at renderWithHooks (node_modules/react-dom/cjs/react-dom-client.development.js:7662:22)
      at updateFunctionComponent (node_modules/react-dom/cjs/react-dom-client.development.js:10166:19)
      at beginWork (node_modules/react-dom/cjs/react-dom-client.development.js:11778:18)
      at runWithFiberInDEV (node_modules/react-dom/cjs/react-dom-client.development.js:874:13)
      at performUnitOfWork (node_modules/react-dom/cjs/react-dom-client.development.js:17641:22)
      at workLoopSync (node_modules/react-dom/cjs/react-dom-client.development.js:17469:41)
      at renderRootSync (node_modules/react-dom/cjs/react-dom-client.development.js:17450:11)
      at performWorkOnRoot (node_modules/react-dom/cjs/react-dom-client.development.js:16583:35)
      at performWorkOnRootViaSchedulerTask (node_modules/react-dom/cjs/react-dom-client.development.js:18957:7)
      at flushActQueue (node_modules/react/cjs/react.development.js:590:34)
      at process.env.NODE_ENV.exports.act (node_modules/react/cjs/react.development.js:884:10)
      at node_modules/@testing-library/react/dist/act-compat.js:46:25
      at renderRoot (node_modules/@testing-library/react/dist/pure.js:189:26)
      at render (node_modules/@testing-library/react/dist/pure.js:291:10)
      at Object.<anonymous> (tests/components/dashboard/DashboardNav.test.tsx:90:11)

  ● DashboardNav › should navigate when nav item is clicked

    useActiveFamily must be used within an ActiveFamilyProvider

      55 |   const context = useContext(ActiveFamilyContext);
      56 |   if (context === undefined) {
    > 57 |     throw new Error('useActiveFamily must be used within an ActiveFamilyProvider');
         |           ^
      58 |   }
      59 |   return context;
      60 | }

      at useActiveFamily (src/contexts/ActiveFamilyContext.tsx:57:11)
      at FamilySwitcher (src/components/FamilySwitcher.tsx:15:64)
      at Object.react_stack_bottom_frame (node_modules/react-dom/cjs/react-dom-client.development.js:25904:20)
      at renderWithHooks (node_modules/react-dom/cjs/react-dom-client.development.js:7662:22)
      at updateFunctionComponent (node_modules/react-dom/cjs/react-dom-client.development.js:10166:19)
      at beginWork (node_modules/react-dom/cjs/react-dom-client.development.js:11778:18)
      at runWithFiberInDEV (node_modules/react-dom/cjs/react-dom-client.development.js:874:13)
      at performUnitOfWork (node_modules/react-dom/cjs/react-dom-client.development.js:17641:22)
      at workLoopSync (node_modules/react-dom/cjs/react-dom-client.development.js:17469:41)
      at renderRootSync (node_modules/react-dom/cjs/react-dom-client.development.js:17450:11)
      at performWorkOnRoot (node_modules/react-dom/cjs/react-dom-client.development.js:16583:35)
      at performWorkOnRootViaSchedulerTask (node_modules/react-dom/cjs/react-dom-client.development.js:18957:7)
      at flushActQueue (node_modules/react/cjs/react.development.js:590:34)
      at process.env.NODE_ENV.exports.act (node_modules/react/cjs/react.development.js:884:10)
      at node_modules/@testing-library/react/dist/act-compat.js:46:25
      at renderRoot (node_modules/@testing-library/react/dist/pure.js:189:26)
      at render (node_modules/@testing-library/react/dist/pure.js:291:10)
      at Object.<anonymous> (tests/components/dashboard/DashboardNav.test.tsx:99:11)

  ● DashboardNav › should call signOut when sign out button is clicked

    useActiveFamily must be used within an ActiveFamilyProvider

      55 |   const context = useContext(ActiveFamilyContext);
      56 |   if (context === undefined) {
    > 57 |     throw new Error('useActiveFamily must be used within an ActiveFamilyProvider');
         |           ^
      58 |   }
      59 |   return context;
      60 | }

      at useActiveFamily (src/contexts/ActiveFamilyContext.tsx:57:11)
      at FamilySwitcher (src/components/FamilySwitcher.tsx:15:64)
      at Object.react_stack_bottom_frame (node_modules/react-dom/cjs/react-dom-client.development.js:25904:20)
      at renderWithHooks (node_modules/react-dom/cjs/react-dom-client.development.js:7662:22)
      at updateFunctionComponent (node_modules/react-dom/cjs/react-dom-client.development.js:10166:19)
      at beginWork (node_modules/react-dom/cjs/react-dom-client.development.js:11778:18)
      at runWithFiberInDEV (node_modules/react-dom/cjs/react-dom-client.development.js:874:13)
      at performUnitOfWork (node_modules/react-dom/cjs/react-dom-client.development.js:17641:22)
      at workLoopSync (node_modules/react-dom/cjs/react-dom-client.development.js:17469:41)
      at renderRootSync (node_modules/react-dom/cjs/react-dom-client.development.js:17450:11)
      at performWorkOnRoot (node_modules/react-dom/cjs/react-dom-client.development.js:16583:35)
      at performWorkOnRootViaSchedulerTask (node_modules/react-dom/cjs/react-dom-client.development.js:18957:7)
      at flushActQueue (node_modules/react/cjs/react.development.js:590:34)
      at process.env.NODE_ENV.exports.act (node_modules/react/cjs/react.development.js:884:10)
      at node_modules/@testing-library/react/dist/act-compat.js:46:25
      at renderRoot (node_modules/@testing-library/react/dist/pure.js:189:26)
      at render (node_modules/@testing-library/react/dist/pure.js:291:10)
      at Object.<anonymous> (tests/components/dashboard/DashboardNav.test.tsx:110:11)

  ● DashboardNav › should display user name and role

    useActiveFamily must be used within an ActiveFamilyProvider

      55 |   const context = useContext(ActiveFamilyContext);
      56 |   if (context === undefined) {
    > 57 |     throw new Error('useActiveFamily must be used within an ActiveFamilyProvider');
         |           ^
      58 |   }
      59 |   return context;
      60 | }

      at useActiveFamily (src/contexts/ActiveFamilyContext.tsx:57:11)
      at FamilySwitcher (src/components/FamilySwitcher.tsx:15:64)
      at Object.react_stack_bottom_frame (node_modules/react-dom/cjs/react-dom-client.development.js:25904:20)
      at renderWithHooks (node_modules/react-dom/cjs/react-dom-client.development.js:7662:22)
      at updateFunctionComponent (node_modules/react-dom/cjs/react-dom-client.development.js:10166:19)
      at beginWork (node_modules/react-dom/cjs/react-dom-client.development.js:11778:18)
      at runWithFiberInDEV (node_modules/react-dom/cjs/react-dom-client.development.js:874:13)
      at performUnitOfWork (node_modules/react-dom/cjs/react-dom-client.development.js:17641:22)
      at workLoopSync (node_modules/react-dom/cjs/react-dom-client.development.js:17469:41)
      at renderRootSync (node_modules/react-dom/cjs/react-dom-client.development.js:17450:11)
      at performWorkOnRoot (node_modules/react-dom/cjs/react-dom-client.development.js:16583:35)
      at performWorkOnRootViaSchedulerTask (node_modules/react-dom/cjs/react-dom-client.development.js:18957:7)
      at flushActQueue (node_modules/react/cjs/react.development.js:590:34)
      at process.env.NODE_ENV.exports.act (node_modules/react/cjs/react.development.js:884:10)
      at node_modules/@testing-library/react/dist/act-compat.js:46:25
      at renderRoot (node_modules/@testing-library/react/dist/pure.js:189:26)
      at render (node_modules/@testing-library/react/dist/pure.js:291:10)
      at Object.<anonymous> (tests/components/dashboard/DashboardNav.test.tsx:121:11)

  ● DashboardNav › should navigate to dashboard when logo is clicked

    useActiveFamily must be used within an ActiveFamilyProvider

      55 |   const context = useContext(ActiveFamilyContext);
      56 |   if (context === undefined) {
    > 57 |     throw new Error('useActiveFamily must be used within an ActiveFamilyProvider');
         |           ^
      58 |   }
      59 |   return context;
      60 | }

      at useActiveFamily (src/contexts/ActiveFamilyContext.tsx:57:11)
      at FamilySwitcher (src/components/FamilySwitcher.tsx:15:64)
      at Object.react_stack_bottom_frame (node_modules/react-dom/cjs/react-dom-client.development.js:25904:20)
      at renderWithHooks (node_modules/react-dom/cjs/react-dom-client.development.js:7662:22)
      at updateFunctionComponent (node_modules/react-dom/cjs/react-dom-client.development.js:10166:19)
      at beginWork (node_modules/react-dom/cjs/react-dom-client.development.js:11778:18)
      at runWithFiberInDEV (node_modules/react-dom/cjs/react-dom-client.development.js:874:13)
      at performUnitOfWork (node_modules/react-dom/cjs/react-dom-client.development.js:17641:22)
      at workLoopSync (node_modules/react-dom/cjs/react-dom-client.development.js:17469:41)
      at renderRootSync (node_modules/react-dom/cjs/react-dom-client.development.js:17450:11)
      at performWorkOnRoot (node_modules/react-dom/cjs/react-dom-client.development.js:16583:35)
      at performWorkOnRootViaSchedulerTask (node_modules/react-dom/cjs/react-dom-client.development.js:18957:7)
      at flushActQueue (node_modules/react/cjs/react.development.js:590:34)
      at process.env.NODE_ENV.exports.act (node_modules/react/cjs/react.development.js:884:10)
      at node_modules/@testing-library/react/dist/act-compat.js:46:25
      at renderRoot (node_modules/@testing-library/react/dist/pure.js:189:26)
      at render (node_modules/@testing-library/react/dist/pure.js:291:10)
      at Object.<anonymous> (tests/components/dashboard/DashboardNav.test.tsx:130:11)

FAIL tests/integration/api/health/events/route.test.ts
  ● /api/health/events › GET › should return all health events for family

    expect(jest.fn()).toHaveBeenCalledWith(...expected)

    - Expected
    + Received

      Object {
        "include": Object {
    -     "medications": Object {
    -       "orderBy": Object {
    -         "givenAt": "desc",
    -       },
    -     },
          "member": Object {
            "select": Object {
    +         "familyId": true,
              "id": true,
              "name": true,
    -       },
    -     },
    -     "symptoms": Object {
    -       "orderBy": Object {
    -         "recordedAt": "desc",
            },
          },
        },
        "orderBy": Object {
          "startedAt": "desc",
    -   },
    -   "where": Object {
    -     "member": Object {
    -       "familyId": "family-test-123",
    -     },
        },
      },

    Number of calls: 1

       95 |       expect(data.events[0].severity).toBe(5);
       96 |
    >  97 |       expect(dbMock.healthEvent.findMany).toHaveBeenCalledWith({
          |                                           ^
       98 |         where: {
       99 |           member: {
      100 |             familyId: 'family-test-123',

      at Object.toHaveBeenCalledWith (tests/integration/api/health/events/route.test.ts:97:43)

  ● /api/health/events › GET › should filter health events by memberId

    expect(jest.fn()).toHaveBeenCalledWith(...expected)

    - Expected
    + Received

      Object {
    -   "include": Any<Object>,
    +   "include": Object {
    +     "member": Object {
    +       "select": Object {
    +         "familyId": true,
    +         "id": true,
    +         "name": true,
    +       },
    +     },
    +   },
        "orderBy": Object {
          "startedAt": "desc",
        },
        "where": Object {
    -     "member": Object {
    -       "familyId": "family-test-123",
    -     },
          "memberId": "child-test-123",
        },
      },

    Number of calls: 1

      142 |       expect(data.events).toHaveLength(1);
      143 |
    > 144 |       expect(dbMock.healthEvent.findMany).toHaveBeenCalledWith({
          |                                           ^
      145 |         where: {
      146 |           memberId: 'child-test-123',
      147 |           member: {

      at Object.toHaveBeenCalledWith (tests/integration/api/health/events/route.test.ts:144:43)

  ● /api/health/events › GET › should filter health events by eventType

    expect(jest.fn()).toHaveBeenCalledWith(...expected)

    - Expected
    + Received

      Object {
    -   "include": Any<Object>,
    +   "include": Object {
    +     "member": Object {
    +       "select": Object {
    +         "familyId": true,
    +         "id": true,
    +         "name": true,
    +       },
    +     },
    +   },
        "orderBy": Object {
          "startedAt": "desc",
        },
        "where": Object {
          "eventType": "ILLNESS",
    -     "member": Object {
    -       "familyId": "family-test-123",
    -     },
        },
      },

    Number of calls: 1

      168 |       expect(data.events).toHaveLength(1);
      169 |
    > 170 |       expect(dbMock.healthEvent.findMany).toHaveBeenCalledWith({
          |                                           ^
      171 |         where: {
      172 |           eventType: 'ILLNESS',
      173 |           member: {

      at Object.toHaveBeenCalledWith (tests/integration/api/health/events/route.test.ts:170:43)

  ● /api/health/events › GET › should filter to show only active events

    expect(jest.fn()).toHaveBeenCalledWith(...expected)

    - Expected
    + Received

      Object {
    -   "include": Any<Object>,
    +   "include": Object {
    +     "member": Object {
    +       "select": Object {
    +         "familyId": true,
    +         "id": true,
    +         "name": true,
    +       },
    +     },
    +   },
        "orderBy": Object {
          "startedAt": "desc",
        },
        "where": Object {
          "endedAt": null,
    -     "member": Object {
    -       "familyId": "family-test-123",
    -     },
        },
      },

    Number of calls: 1

      194 |       expect(data.events).toHaveLength(1);
      195 |
    > 196 |       expect(dbMock.healthEvent.findMany).toHaveBeenCalledWith({
          |                                           ^
      197 |         where: {
      198 |           endedAt: null,
      199 |           member: {

      at Object.toHaveBeenCalledWith (tests/integration/api/health/events/route.test.ts:196:43)

  ● /api/health/events › POST › should return 403 if child tries to create health event for another member

    expect(received).toBe(expected) // Object.is equality

    Expected: 403
    Received: 400

      262 |       const response = await POST(request);
      263 |
    > 264 |       expect(response.status).toBe(403);
          |                               ^
      265 |       const data = await response.json();
      266 |       expect(data.error).toBe('Children can only create health events for themselves');
      267 |     });

      at Object.toBe (tests/integration/api/health/events/route.test.ts:264:31)

  ● /api/health/events › POST › should allow parents to create health events for any family member

    expect(received).toBe(expected) // Object.is equality

    Expected: 201
    Received: 400

      286 |       const response = await POST(request);
      287 |
    > 288 |       expect(response.status).toBe(201);
          |                               ^
      289 |       const data = await response.json();
      290 |       expect(data.event.eventType).toBe('ILLNESS');
      291 |

      at Object.toBe (tests/integration/api/health/events/route.test.ts:288:31)

  ● /api/health/events › POST › should allow children to create health events for themselves

    expect(received).toBe(expected) // Object.is equality

    Expected: 201
    Received: 400

      329 |       const response = await POST(request);
      330 |
    > 331 |       expect(response.status).toBe(201);
          |                               ^
      332 |       const data = await response.json();
      333 |       expect(data.event.eventType).toBe('ILLNESS');
      334 |     });

      at Object.toBe (tests/integration/api/health/events/route.test.ts:331:31)

  ● /api/health/events › POST › should return 400 if eventType is missing

    expect(received).toBe(expected) // Object.is equality

    Expected: "Event type is required"
    Received: "Event type must be one of: ILLNESS, INJURY, DOCTOR_VISIT, WELLNESS_CHECK, VACCINATION, OTHER"

      361 |       expect(response.status).toBe(400);
      362 |       const data = await response.json();
    > 363 |       expect(data.error).toBe('Event type is required');
          |                          ^
      364 |     });
      365 |
      366 |     it('should return 400 if eventType is invalid', async () => {

      at Object.toBe (tests/integration/api/health/events/route.test.ts:363:26)

  ● /api/health/events › POST › should return 400 if eventType is invalid

    expect(received).toBe(expected) // Object.is equality

    Expected: "Invalid event type"
    Received: "Event type must be one of: ILLNESS, INJURY, DOCTOR_VISIT, WELLNESS_CHECK, VACCINATION, OTHER"

      377 |       expect(response.status).toBe(400);
      378 |       const data = await response.json();
    > 379 |       expect(data.error).toBe('Invalid event type');
          |                          ^
      380 |     });
      381 |
      382 |     it('should return 404 if member not found', async () => {

      at Object.toBe (tests/integration/api/health/events/route.test.ts:379:26)

  ● /api/health/events › POST › should return 404 if member not found

    expect(received).toBe(expected) // Object.is equality

    Expected: 404
    Received: 400

      393 |       const response = await POST(request);
      394 |
    > 395 |       expect(response.status).toBe(404);
          |                               ^
      396 |       const data = await response.json();
      397 |       expect(data.error).toBe('Member not found');
      398 |     });

      at Object.toBe (tests/integration/api/health/events/route.test.ts:395:31)

  ● /api/health/events › POST › should return 404 if member belongs to different family

    expect(received).toBe(expected) // Object.is equality

    Expected: 404
    Received: 400

      415 |       const response = await POST(request);
      416 |
    > 417 |       expect(response.status).toBe(404);
          |                               ^
      418 |       const data = await response.json();
      419 |       expect(data.error).toBe('Member not found');
      420 |     });

      at Object.toBe (tests/integration/api/health/events/route.test.ts:417:31)

  ● /api/health/events › POST › should accept optional severity within valid range (1-10)

    expect(received).toBe(expected) // Object.is equality

    Expected: 201
    Received: 400

      438 |       const response = await POST(request);
      439 |
    > 440 |       expect(response.status).toBe(201);
          |                               ^
      441 |     });
      442 |
      443 |     it('should return 400 if severity is below 1', async () => {

      at Object.toBe (tests/integration/api/health/events/route.test.ts:440:31)

  ● /api/health/events › POST › should return 400 if severity is below 1

    expect(received).toBe(expected) // Object.is equality

    Expected: "Severity must be between 1 and 10"
    Received: "Title is required"

      454 |       expect(response.status).toBe(400);
      455 |       const data = await response.json();
    > 456 |       expect(data.error).toBe('Severity must be between 1 and 10');
          |                          ^
      457 |     });
      458 |
      459 |     it('should return 400 if severity is above 10', async () => {

      at Object.toBe (tests/integration/api/health/events/route.test.ts:456:26)

  ● /api/health/events › POST › should return 400 if severity is above 10

    expect(received).toBe(expected) // Object.is equality

    Expected: "Severity must be between 1 and 10"
    Received: "Title is required"

      470 |       expect(response.status).toBe(400);
      471 |       const data = await response.json();
    > 472 |       expect(data.error).toBe('Severity must be between 1 and 10');
          |                          ^
      473 |     });
      474 |
      475 |     it('should accept optional notes', async () => {

      at Object.toBe (tests/integration/api/health/events/route.test.ts:472:26)

  ● /api/health/events › POST › should accept optional notes

    expect(received).toBe(expected) // Object.is equality

    Expected: 201
    Received: 400

      491 |       const response = await POST(request);
      492 |
    > 493 |       expect(response.status).toBe(201);
          |                               ^
      494 |       expect(dbMock.healthEvent.create).toHaveBeenCalledWith({
      495 |         data: {
      496 |           memberId: 'child-test-123',

      at Object.toBe (tests/integration/api/health/events/route.test.ts:493:31)

  ● /api/health/events › POST › should log audit event on successful creation

    expect(received).toBe(expected) // Object.is equality

    Expected: 201
    Received: 400

      520 |       const response = await POST(request);
      521 |
    > 522 |       expect(response.status).toBe(201);
          |                               ^
      523 |       expect(dbMock.auditLog.create).toHaveBeenCalledWith({
      524 |         data: {
      525 |           familyId: 'family-test-123',

      at Object.toBe (tests/integration/api/health/events/route.test.ts:522:31)

FAIL tests/components/dashboard/Sidebar.test.tsx
  ● Sidebar › should render sidebar with navigation groups

    useActiveFamily must be used within an ActiveFamilyProvider

      55 |   const context = useContext(ActiveFamilyContext);
      56 |   if (context === undefined) {
    > 57 |     throw new Error('useActiveFamily must be used within an ActiveFamilyProvider');
         |           ^
      58 |   }
      59 |   return context;
      60 | }

      at useActiveFamily (src/contexts/ActiveFamilyContext.tsx:57:11)
      at FamilySwitcher (src/components/FamilySwitcher.tsx:15:64)
      at Object.react_stack_bottom_frame (node_modules/react-dom/cjs/react-dom-client.development.js:25904:20)
      at renderWithHooks (node_modules/react-dom/cjs/react-dom-client.development.js:7662:22)
      at updateFunctionComponent (node_modules/react-dom/cjs/react-dom-client.development.js:10166:19)
      at beginWork (node_modules/react-dom/cjs/react-dom-client.development.js:11778:18)
      at runWithFiberInDEV (node_modules/react-dom/cjs/react-dom-client.development.js:874:13)
      at performUnitOfWork (node_modules/react-dom/cjs/react-dom-client.development.js:17641:22)
      at workLoopSync (node_modules/react-dom/cjs/react-dom-client.development.js:17469:41)
      at renderRootSync (node_modules/react-dom/cjs/react-dom-client.development.js:17450:11)
      at performWorkOnRoot (node_modules/react-dom/cjs/react-dom-client.development.js:16583:35)
      at performWorkOnRootViaSchedulerTask (node_modules/react-dom/cjs/react-dom-client.development.js:18957:7)
      at flushActQueue (node_modules/react/cjs/react.development.js:590:34)
      at process.env.NODE_ENV.exports.act (node_modules/react/cjs/react.development.js:884:10)
      at node_modules/@testing-library/react/dist/act-compat.js:46:25
      at renderRoot (node_modules/@testing-library/react/dist/pure.js:189:26)
      at render (node_modules/@testing-library/react/dist/pure.js:291:10)
      at Object.<anonymous> (tests/components/dashboard/Sidebar.test.tsx:68:33)

  ● Sidebar › should show parent-only settings group for parents

    useActiveFamily must be used within an ActiveFamilyProvider

      55 |   const context = useContext(ActiveFamilyContext);
      56 |   if (context === undefined) {
    > 57 |     throw new Error('useActiveFamily must be used within an ActiveFamilyProvider');
         |           ^
      58 |   }
      59 |   return context;
      60 | }

      at useActiveFamily (src/contexts/ActiveFamilyContext.tsx:57:11)
      at FamilySwitcher (src/components/FamilySwitcher.tsx:15:64)
      at Object.react_stack_bottom_frame (node_modules/react-dom/cjs/react-dom-client.development.js:25904:20)
      at renderWithHooks (node_modules/react-dom/cjs/react-dom-client.development.js:7662:22)
      at updateFunctionComponent (node_modules/react-dom/cjs/react-dom-client.development.js:10166:19)
      at beginWork (node_modules/react-dom/cjs/react-dom-client.development.js:11778:18)
      at runWithFiberInDEV (node_modules/react-dom/cjs/react-dom-client.development.js:874:13)
      at performUnitOfWork (node_modules/react-dom/cjs/react-dom-client.development.js:17641:22)
      at workLoopSync (node_modules/react-dom/cjs/react-dom-client.development.js:17469:41)
      at renderRootSync (node_modules/react-dom/cjs/react-dom-client.development.js:17450:11)
      at performWorkOnRoot (node_modules/react-dom/cjs/react-dom-client.development.js:16583:35)
      at performWorkOnRootViaSchedulerTask (node_modules/react-dom/cjs/react-dom-client.development.js:18957:7)
      at flushActQueue (node_modules/react/cjs/react.development.js:590:34)
      at process.env.NODE_ENV.exports.act (node_modules/react/cjs/react.development.js:884:10)
      at node_modules/@testing-library/react/dist/act-compat.js:46:25
      at renderRoot (node_modules/@testing-library/react/dist/pure.js:189:26)
      at render (node_modules/@testing-library/react/dist/pure.js:291:10)
      at Object.<anonymous> (tests/components/dashboard/Sidebar.test.tsx:84:11)

  ● Sidebar › should toggle group expansion

    useActiveFamily must be used within an ActiveFamilyProvider

      55 |   const context = useContext(ActiveFamilyContext);
      56 |   if (context === undefined) {
    > 57 |     throw new Error('useActiveFamily must be used within an ActiveFamilyProvider');
         |           ^
      58 |   }
      59 |   return context;
      60 | }

      at useActiveFamily (src/contexts/ActiveFamilyContext.tsx:57:11)
      at FamilySwitcher (src/components/FamilySwitcher.tsx:15:64)
      at Object.react_stack_bottom_frame (node_modules/react-dom/cjs/react-dom-client.development.js:25904:20)
      at renderWithHooks (node_modules/react-dom/cjs/react-dom-client.development.js:7662:22)
      at updateFunctionComponent (node_modules/react-dom/cjs/react-dom-client.development.js:10166:19)
      at beginWork (node_modules/react-dom/cjs/react-dom-client.development.js:11778:18)
      at runWithFiberInDEV (node_modules/react-dom/cjs/react-dom-client.development.js:874:13)
      at performUnitOfWork (node_modules/react-dom/cjs/react-dom-client.development.js:17641:22)
      at workLoopSync (node_modules/react-dom/cjs/react-dom-client.development.js:17469:41)
      at renderRootSync (node_modules/react-dom/cjs/react-dom-client.development.js:17450:11)
      at performWorkOnRoot (node_modules/react-dom/cjs/react-dom-client.development.js:16583:35)
      at performWorkOnRootViaSchedulerTask (node_modules/react-dom/cjs/react-dom-client.development.js:18957:7)
      at flushActQueue (node_modules/react/cjs/react.development.js:590:34)
      at process.env.NODE_ENV.exports.act (node_modules/react/cjs/react.development.js:884:10)
      at node_modules/@testing-library/react/dist/act-compat.js:46:25
      at renderRoot (node_modules/@testing-library/react/dist/pure.js:189:26)
      at render (node_modules/@testing-library/react/dist/pure.js:291:10)
      at Object.<anonymous> (tests/components/dashboard/Sidebar.test.tsx:98:11)

  ● Sidebar › should toggle sidebar open/closed state

    useActiveFamily must be used within an ActiveFamilyProvider

      55 |   const context = useContext(ActiveFamilyContext);
      56 |   if (context === undefined) {
    > 57 |     throw new Error('useActiveFamily must be used within an ActiveFamilyProvider');
         |           ^
      58 |   }
      59 |   return context;
      60 | }

      at useActiveFamily (src/contexts/ActiveFamilyContext.tsx:57:11)
      at FamilySwitcher (src/components/FamilySwitcher.tsx:15:64)
      at Object.react_stack_bottom_frame (node_modules/react-dom/cjs/react-dom-client.development.js:25904:20)
      at renderWithHooks (node_modules/react-dom/cjs/react-dom-client.development.js:7662:22)
      at updateFunctionComponent (node_modules/react-dom/cjs/react-dom-client.development.js:10166:19)
      at beginWork (node_modules/react-dom/cjs/react-dom-client.development.js:11778:18)
      at runWithFiberInDEV (node_modules/react-dom/cjs/react-dom-client.development.js:874:13)
      at performUnitOfWork (node_modules/react-dom/cjs/react-dom-client.development.js:17641:22)
      at workLoopSync (node_modules/react-dom/cjs/react-dom-client.development.js:17469:41)
      at renderRootSync (node_modules/react-dom/cjs/react-dom-client.development.js:17450:11)
      at performWorkOnRoot (node_modules/react-dom/cjs/react-dom-client.development.js:16583:35)
      at performWorkOnRootViaSchedulerTask (node_modules/react-dom/cjs/react-dom-client.development.js:18957:7)
      at flushActQueue (node_modules/react/cjs/react.development.js:590:34)
      at process.env.NODE_ENV.exports.act (node_modules/react/cjs/react.development.js:884:10)
      at node_modules/@testing-library/react/dist/act-compat.js:46:25
      at renderRoot (node_modules/@testing-library/react/dist/pure.js:189:26)
      at render (node_modules/@testing-library/react/dist/pure.js:291:10)
      at Object.<anonymous> (tests/components/dashboard/Sidebar.test.tsx:116:11)

  ● Sidebar › should navigate when nav item is clicked

    useActiveFamily must be used within an ActiveFamilyProvider

      55 |   const context = useContext(ActiveFamilyContext);
      56 |   if (context === undefined) {
    > 57 |     throw new Error('useActiveFamily must be used within an ActiveFamilyProvider');
         |           ^
      58 |   }
      59 |   return context;
      60 | }

      at useActiveFamily (src/contexts/ActiveFamilyContext.tsx:57:11)
      at FamilySwitcher (src/components/FamilySwitcher.tsx:15:64)
      at Object.react_stack_bottom_frame (node_modules/react-dom/cjs/react-dom-client.development.js:25904:20)
      at renderWithHooks (node_modules/react-dom/cjs/react-dom-client.development.js:7662:22)
      at updateFunctionComponent (node_modules/react-dom/cjs/react-dom-client.development.js:10166:19)
      at beginWork (node_modules/react-dom/cjs/react-dom-client.development.js:11778:18)
      at runWithFiberInDEV (node_modules/react-dom/cjs/react-dom-client.development.js:874:13)
      at performUnitOfWork (node_modules/react-dom/cjs/react-dom-client.development.js:17641:22)
      at workLoopSync (node_modules/react-dom/cjs/react-dom-client.development.js:17469:41)
      at renderRootSync (node_modules/react-dom/cjs/react-dom-client.development.js:17450:11)
      at performWorkOnRoot (node_modules/react-dom/cjs/react-dom-client.development.js:16583:35)
      at performWorkOnRootViaSchedulerTask (node_modules/react-dom/cjs/react-dom-client.development.js:18957:7)
      at flushActQueue (node_modules/react/cjs/react.development.js:590:34)
      at process.env.NODE_ENV.exports.act (node_modules/react/cjs/react.development.js:884:10)
      at node_modules/@testing-library/react/dist/act-compat.js:46:25
      at renderRoot (node_modules/@testing-library/react/dist/pure.js:189:26)
      at render (node_modules/@testing-library/react/dist/pure.js:291:10)
      at Object.<anonymous> (tests/components/dashboard/Sidebar.test.tsx:135:11)

  ● Sidebar › should highlight active route

    useActiveFamily must be used within an ActiveFamilyProvider

      55 |   const context = useContext(ActiveFamilyContext);
      56 |   if (context === undefined) {
    > 57 |     throw new Error('useActiveFamily must be used within an ActiveFamilyProvider');
         |           ^
      58 |   }
      59 |   return context;
      60 | }

      at useActiveFamily (src/contexts/ActiveFamilyContext.tsx:57:11)
      at FamilySwitcher (src/components/FamilySwitcher.tsx:15:64)
      at Object.react_stack_bottom_frame (node_modules/react-dom/cjs/react-dom-client.development.js:25904:20)
      at renderWithHooks (node_modules/react-dom/cjs/react-dom-client.development.js:7662:22)
      at updateFunctionComponent (node_modules/react-dom/cjs/react-dom-client.development.js:10166:19)
      at beginWork (node_modules/react-dom/cjs/react-dom-client.development.js:11778:18)
      at runWithFiberInDEV (node_modules/react-dom/cjs/react-dom-client.development.js:874:13)
      at performUnitOfWork (node_modules/react-dom/cjs/react-dom-client.development.js:17641:22)
      at workLoopSync (node_modules/react-dom/cjs/react-dom-client.development.js:17469:41)
      at renderRootSync (node_modules/react-dom/cjs/react-dom-client.development.js:17450:11)
      at performWorkOnRoot (node_modules/react-dom/cjs/react-dom-client.development.js:16583:35)
      at performWorkOnRootViaSchedulerTask (node_modules/react-dom/cjs/react-dom-client.development.js:18957:7)
      at flushActQueue (node_modules/react/cjs/react.development.js:590:34)
      at process.env.NODE_ENV.exports.act (node_modules/react/cjs/react.development.js:884:10)
      at node_modules/@testing-library/react/dist/act-compat.js:46:25
      at renderRoot (node_modules/@testing-library/react/dist/pure.js:189:26)
      at render (node_modules/@testing-library/react/dist/pure.js:291:10)
      at Object.<anonymous> (tests/components/dashboard/Sidebar.test.tsx:151:11)

  ● Sidebar › should display user info in footer

    useActiveFamily must be used within an ActiveFamilyProvider

      55 |   const context = useContext(ActiveFamilyContext);
      56 |   if (context === undefined) {
    > 57 |     throw new Error('useActiveFamily must be used within an ActiveFamilyProvider');
         |           ^
      58 |   }
      59 |   return context;
      60 | }

      at useActiveFamily (src/contexts/ActiveFamilyContext.tsx:57:11)
      at FamilySwitcher (src/components/FamilySwitcher.tsx:15:64)
      at Object.react_stack_bottom_frame (node_modules/react-dom/cjs/react-dom-client.development.js:25904:20)
      at renderWithHooks (node_modules/react-dom/cjs/react-dom-client.development.js:7662:22)
      at updateFunctionComponent (node_modules/react-dom/cjs/react-dom-client.development.js:10166:19)
      at beginWork (node_modules/react-dom/cjs/react-dom-client.development.js:11778:18)
      at runWithFiberInDEV (node_modules/react-dom/cjs/react-dom-client.development.js:874:13)
      at performUnitOfWork (node_modules/react-dom/cjs/react-dom-client.development.js:17641:22)
      at workLoopSync (node_modules/react-dom/cjs/react-dom-client.development.js:17469:41)
      at renderRootSync (node_modules/react-dom/cjs/react-dom-client.development.js:17450:11)
      at performWorkOnRoot (node_modules/react-dom/cjs/react-dom-client.development.js:16583:35)
      at performWorkOnRootViaSchedulerTask (node_modules/react-dom/cjs/react-dom-client.development.js:18957:7)
      at flushActQueue (node_modules/react/cjs/react.development.js:590:34)
      at process.env.NODE_ENV.exports.act (node_modules/react/cjs/react.development.js:884:10)
      at node_modules/@testing-library/react/dist/act-compat.js:46:25
      at renderRoot (node_modules/@testing-library/react/dist/pure.js:189:26)
      at render (node_modules/@testing-library/react/dist/pure.js:291:10)
      at Object.<anonymous> (tests/components/dashboard/Sidebar.test.tsx:174:11)

  ● Sidebar › should show mobile menu button on mobile

    useActiveFamily must be used within an ActiveFamilyProvider

      55 |   const context = useContext(ActiveFamilyContext);
      56 |   if (context === undefined) {
    > 57 |     throw new Error('useActiveFamily must be used within an ActiveFamilyProvider');
         |           ^
      58 |   }
      59 |   return context;
      60 | }

      at useActiveFamily (src/contexts/ActiveFamilyContext.tsx:57:11)
      at FamilySwitcher (src/components/FamilySwitcher.tsx:15:64)
      at Object.react_stack_bottom_frame (node_modules/react-dom/cjs/react-dom-client.development.js:25904:20)
      at renderWithHooks (node_modules/react-dom/cjs/react-dom-client.development.js:7662:22)
      at updateFunctionComponent (node_modules/react-dom/cjs/react-dom-client.development.js:10166:19)
      at beginWork (node_modules/react-dom/cjs/react-dom-client.development.js:11778:18)
      at runWithFiberInDEV (node_modules/react-dom/cjs/react-dom-client.development.js:874:13)
      at performUnitOfWork (node_modules/react-dom/cjs/react-dom-client.development.js:17641:22)
      at workLoopSync (node_modules/react-dom/cjs/react-dom-client.development.js:17469:41)
      at renderRootSync (node_modules/react-dom/cjs/react-dom-client.development.js:17450:11)
      at performWorkOnRoot (node_modules/react-dom/cjs/react-dom-client.development.js:16583:35)
      at performWorkOnRootViaSchedulerTask (node_modules/react-dom/cjs/react-dom-client.development.js:18957:7)
      at flushActQueue (node_modules/react/cjs/react.development.js:590:34)
      at process.env.NODE_ENV.exports.act (node_modules/react/cjs/react.development.js:884:10)
      at node_modules/@testing-library/react/dist/act-compat.js:46:25
      at renderRoot (node_modules/@testing-library/react/dist/pure.js:189:26)
      at render (node_modules/@testing-library/react/dist/pure.js:291:10)
      at Object.<anonymous> (tests/components/dashboard/Sidebar.test.tsx:187:11)

  ● Sidebar › should close mobile sidebar when overlay is clicked

    useActiveFamily must be used within an ActiveFamilyProvider

      55 |   const context = useContext(ActiveFamilyContext);
      56 |   if (context === undefined) {
    > 57 |     throw new Error('useActiveFamily must be used within an ActiveFamilyProvider');
         |           ^
      58 |   }
      59 |   return context;
      60 | }

      at useActiveFamily (src/contexts/ActiveFamilyContext.tsx:57:11)
      at FamilySwitcher (src/components/FamilySwitcher.tsx:15:64)
      at Object.react_stack_bottom_frame (node_modules/react-dom/cjs/react-dom-client.development.js:25904:20)
      at renderWithHooks (node_modules/react-dom/cjs/react-dom-client.development.js:7662:22)
      at updateFunctionComponent (node_modules/react-dom/cjs/react-dom-client.development.js:10166:19)
      at beginWork (node_modules/react-dom/cjs/react-dom-client.development.js:11778:18)
      at runWithFiberInDEV (node_modules/react-dom/cjs/react-dom-client.development.js:874:13)
      at performUnitOfWork (node_modules/react-dom/cjs/react-dom-client.development.js:17641:22)
      at workLoopSync (node_modules/react-dom/cjs/react-dom-client.development.js:17469:41)
      at renderRootSync (node_modules/react-dom/cjs/react-dom-client.development.js:17450:11)
      at performWorkOnRoot (node_modules/react-dom/cjs/react-dom-client.development.js:16583:35)
      at performWorkOnRootViaSchedulerTask (node_modules/react-dom/cjs/react-dom-client.development.js:18957:7)
      at flushActQueue (node_modules/react/cjs/react.development.js:590:34)
      at process.env.NODE_ENV.exports.act (node_modules/react/cjs/react.development.js:884:10)
      at node_modules/@testing-library/react/dist/act-compat.js:46:25
      at renderRoot (node_modules/@testing-library/react/dist/pure.js:189:26)
      at render (node_modules/@testing-library/react/dist/pure.js:291:10)
      at Object.<anonymous> (tests/components/dashboard/Sidebar.test.tsx:199:11)

FAIL tests/integration/api/communication/[id]/react/route.test.ts
  ● POST /api/communication/[id]/react › should add reaction successfully

    TypeError: Cannot read properties of undefined (reading 'reactions')

      159 |     expect(response.status).toBe(200);
      160 |     const data = await response.json();
    > 161 |     expect(data.post.reactions).toHaveLength(1);
          |                      ^
      162 |     expect(data.post.reactions[0].emoji).toBe('��');
      163 |   });
      164 |

      at Object.reactions (tests/integration/api/communication/[id]/react/route.test.ts:161:22)

  ● POST /api/communication/[id]/react › should handle duplicate reaction (idempotent)

    TypeError: Cannot read properties of undefined (reading 'reactions')

      212 |     expect(response.status).toBe(200);
      213 |     const data = await response.json();
    > 214 |     expect(data.post.reactions).toHaveLength(1);
          |                      ^
      215 |   });
      216 |
      217 |   it('should allow multiple different emojis from same member', async () => {

      at Object.reactions (tests/integration/api/communication/[id]/react/route.test.ts:214:22)

  ● POST /api/communication/[id]/react › should allow multiple different emojis from same member

    TypeError: Cannot read properties of undefined (reading 'reactions')

      276 |     expect(response.status).toBe(200);
      277 |     const data = await response.json();
    > 278 |     expect(data.post.reactions).toHaveLength(2);
          |                      ^
      279 |   });
      280 |
      281 |   it('should allow child to react to posts', async () => {

      at Object.reactions (tests/integration/api/communication/[id]/react/route.test.ts:278:22)

  ● DELETE /api/communication/[id]/react › should return 400 if emoji is missing

    expect(received).toBe(expected) // Object.is equality

    Expected: 400
    Received: 200

      414 |     const response = await DELETE(request, { params: Promise.resolve({ id: 'post-123' }) });
      415 |
    > 416 |     expect(response.status).toBe(400);
          |                             ^
      417 |     const data = await response.json();
      418 |     expect(data.error).toMatch(/emoji/i);
      419 |   });

      at Object.toBe (tests/integration/api/communication/[id]/react/route.test.ts:416:29)

  ● DELETE /api/communication/[id]/react › should remove own reaction successfully

    TypeError: Cannot read properties of undefined (reading 'reactions')

      462 |     expect(response.status).toBe(200);
      463 |     const data = await response.json();
    > 464 |     expect(data.post.reactions).toHaveLength(0);
          |                      ^
      465 |     expect(dbMock.postReaction.deleteMany).toHaveBeenCalledWith({
      466 |       where: {
      467 |         postId: 'post-123',

      at Object.reactions (tests/integration/api/communication/[id]/react/route.test.ts:464:22)

  ● DELETE /api/communication/[id]/react › should only remove own reactions, not others

    TypeError: Cannot read properties of undefined (reading 'reactions')

      556 |     const data = await response.json();
      557 |     // Other member's reaction should still be there
    > 558 |     expect(data.post.reactions).toHaveLength(1);
          |                      ^
      559 |     // Verify we only tried to delete our own reaction
      560 |     expect(dbMock.postReaction.deleteMany).toHaveBeenCalledWith({
      561 |       where: {

      at Object.reactions (tests/integration/api/communication/[id]/react/route.test.ts:558:22)

FAIL tests/integration/api/chores/[id]/approve.test.ts
  ● /api/chores/[id]/approve › POST › should return 403 if not a parent

    expect(received).toBe(expected) // Object.is equality

    Expected: "Forbidden"
    Received: "Forbidden - Parent access required"

      71 |
      72 |       expect(response.status).toBe(403)
    > 73 |       expect(data.error).toBe('Forbidden')
         |                          ^
      74 |     })
      75 |
      76 |     it('should return 404 if chore instance not found', async () => {

      at Object.toBe (tests/integration/api/chores/[id]/approve.test.ts:73:26)

  ● /api/chores/[id]/approve › POST › should return 404 if chore instance not found

    expect(received).toBe(expected) // Object.is equality

    Expected: 404
    Received: 400

      86 |       const data = await response.json()
      87 |
    > 88 |       expect(response.status).toBe(404)
         |                               ^
      89 |       expect(data.error).toBe('Chore not found')
      90 |     })
      91 |

      at Object.toBe (tests/integration/api/chores/[id]/approve.test.ts:88:31)

  ● /api/chores/[id]/approve › POST › should return 400 if chore is not completed

    expect(received).toBe(expected) // Object.is equality

    Expected: "Chore must be completed before approval"
    Received: "Failed to approve chore"

      106 |
      107 |       expect(response.status).toBe(400)
    > 108 |       expect(data.error).toBe('Chore must be completed before approval')
          |                          ^
      109 |     })
      110 |
      111 |     it('should approve chore and award credits', async () => {

      at Object.toBe (tests/integration/api/chores/[id]/approve.test.ts:108:26)

  ● /api/chores/[id]/approve › POST › should approve chore and award credits

    expect(received).toBe(expected) // Object.is equality

    Expected: 200
    Received: 400

      156 |       const data = await response.json()
      157 |
    > 158 |       expect(response.status).toBe(200)
          |                               ^
      159 |       expect(data.success).toBe(true)
      160 |       expect(data.message).toContain('approved')
      161 |       expect(dbMock.choreInstance.update).toHaveBeenCalledWith({

      at Object.toBe (tests/integration/api/chores/[id]/approve.test.ts:158:31)

  ● /api/chores/[id]/approve › POST › should create credit balance if it does not exist

    expect(jest.fn()).toHaveBeenCalledWith(...expected)

    Expected: {"data": {"currentBalance": 10, "lifetimeEarned": 10, "lifetimeSpent": 0, "memberId": "child-1"}}

    Number of calls: 0

      207 |       await POST(request, { params: Promise.resolve({ id: choreInstanceId }) })
      208 |
    > 209 |       expect(dbMock.creditBalance.create).toHaveBeenCalledWith({
          |                                           ^
      210 |         data: {
      211 |           memberId: 'child-1',
      212 |           currentBalance: 10,

      at Object.toHaveBeenCalledWith (tests/integration/api/chores/[id]/approve.test.ts:209:43)

  ● /api/chores/[id]/approve › POST › should create notification for child

    expect(jest.fn()).toHaveBeenCalledWith(...expected)

    Expected: {"data": ObjectContaining {"message": StringContaining "approved", "title": "Chore approved!", "type": "CHORE_APPROVED", "userId": "child-1"}}

    Number of calls: 0

      290 |       await POST(request, { params: Promise.resolve({ id: choreInstanceId }) })
      291 |
    > 292 |       expect(dbMock.notification.create).toHaveBeenCalledWith({
          |                                          ^
      293 |         data: expect.objectContaining({
      294 |           userId: 'child-1',
      295 |           type: 'CHORE_APPROVED',

      at Object.toHaveBeenCalledWith (tests/integration/api/chores/[id]/approve.test.ts:292:42)

  ● /api/chores/[id]/approve › POST › should check achievements and update streaks

    expect(jest.fn()).toHaveBeenCalledTimes(expected)

    Expected number of calls: 9
    Received number of calls: 0

      337 |       await POST(request, { params: Promise.resolve({ id: choreInstanceId }) })
      338 |
    > 339 |       expect(checkAndAwardAchievement).toHaveBeenCalledTimes(9) // 5 chore achievements + 4 credit achievements
          |                                        ^
      340 |       expect(updateStreak).toHaveBeenCalledWith('child-1', 'DAILY_CHORES', session.user.familyId)
      341 |     })
      342 |

      at Object.toHaveBeenCalledTimes (tests/integration/api/chores/[id]/approve.test.ts:339:40)

  ● /api/chores/[id]/approve › POST › should handle achievement check failures gracefully

    expect(received).toBe(expected) // Object.is equality

    Expected: 200
    Received: 400

      375 |       const data = await response.json()
      376 |
    > 377 |       expect(response.status).toBe(200)
          |                               ^
      378 |       expect(data.success).toBe(true)
      379 |     })
      380 |   })

      at Object.toBe (tests/integration/api/chores/[id]/approve.test.ts:377:31)

FAIL tests/integration/api/notifications/preferences/route.test.ts
  ● /api/notifications/preferences › GET /api/notifications/preferences › should return notification preferences for authenticated user

    expect(received).toMatchObject(expected)

    - Expected  - 7
    + Received  + 9

      Object {
    -   "enabledTypes": Array [
    -     "CHORE_APPROVED",
    -     "REWARD_APPROVED",
    -   ],
    -   "quietHoursEnabled": true,
    -   "quietHoursEnd": "07:00",
    -   "quietHoursStart": "22:00",
    +   "carpool_reminder_minutes": 30,
    +   "document_expiring_days": 90,
    +   "enabled_types": Array [],
    +   "in_app_enabled": true,
    +   "leftover_expiring_hours": 24,
    +   "push_enabled": true,
    +   "quiet_hours_enabled": false,
    +   "quiet_hours_end": null,
    +   "quiet_hours_start": null,
      }

      60 |
      61 |       expect(response.status).toBe(200)
    > 62 |       expect(data.preferences).toMatchObject({
         |                                ^
      63 |         enabledTypes: ['CHORE_APPROVED', 'REWARD_APPROVED'],
      64 |         quietHoursEnabled: true,
      65 |         quietHoursStart: '22:00',

      at Object.toMatchObject (tests/integration/api/notifications/preferences/route.test.ts:62:32)

  ● /api/notifications/preferences › GET /api/notifications/preferences › should return default preferences if none exist

    expect(received).toMatchObject(expected)

    - Expected  - 7
    + Received  + 9

      Object {
    -   "carpoolReminderMinutes": 30,
    -   "documentExpiringDays": 90,
    -   "enabledTypes": Array [],
    -   "inAppEnabled": true,
    -   "leftoverExpiringHours": 24,
    -   "pushEnabled": true,
    -   "quietHoursEnabled": false,
    +   "carpool_reminder_minutes": 30,
    +   "document_expiring_days": 90,
    +   "enabled_types": Array [],
    +   "in_app_enabled": true,
    +   "leftover_expiring_hours": 24,
    +   "push_enabled": true,
    +   "quiet_hours_enabled": false,
    +   "quiet_hours_end": null,
    +   "quiet_hours_start": null,
      }

      81 |
      82 |       expect(response.status).toBe(200)
    > 83 |       expect(data.preferences).toMatchObject({
         |                                ^
      84 |         enabledTypes: [],
      85 |         quietHoursEnabled: false,
      86 |         pushEnabled: true,

      at Object.toMatchObject (tests/integration/api/notifications/preferences/route.test.ts:83:32)

  ● /api/notifications/preferences › GET /api/notifications/preferences › should handle database errors gracefully

    expect(received).toBe(expected) // Object.is equality

    Expected: 500
    Received: 200

      101 |       const data = await response.json()
      102 |
    > 103 |       expect(response.status).toBe(500)
          |                               ^
      104 |       expect(data.error).toBe('Failed to fetch preferences')
      105 |     })
      106 |   })

      at Object.toBe (tests/integration/api/notifications/preferences/route.test.ts:103:31)

  ● /api/notifications/preferences › PATCH /api/notifications/preferences › should update notification preferences for authenticated user

    expect(received).toMatchObject(expected)

    Matcher error: received value must be a non-null object

    Received has value: null

      153 |
      154 |       expect(response.status).toBe(200)
    > 155 |       expect(data.preferences).toMatchObject(updates)
          |                                ^
      156 |       expect(dbMock.notificationPreference.upsert).toHaveBeenCalledWith({
      157 |         where: { userId: 'child-1' },
      158 |         update: updates,

      at Object.toMatchObject (tests/integration/api/notifications/preferences/route.test.ts:155:32)

  ● /api/notifications/preferences › PATCH /api/notifications/preferences › should update enabled notification types

    TypeError: Cannot read properties of null (reading 'enabledTypes')

      197 |
      198 |       expect(response.status).toBe(200)
    > 199 |       expect(data.preferences.enabledTypes).toEqual(updates.enabledTypes)
          |                               ^
      200 |     })
      201 |
      202 |     it('should update specific notification timing preferences', async () => {

      at Object.enabledTypes (tests/integration/api/notifications/preferences/route.test.ts:199:31)

  ● /api/notifications/preferences › PATCH /api/notifications/preferences › should update specific notification timing preferences

    expect(received).toMatchObject(expected)

    Matcher error: received value must be a non-null object

    Received has value: null

      233 |
      234 |       expect(response.status).toBe(200)
    > 235 |       expect(data.preferences).toMatchObject(updates)
          |                                ^
      236 |     })
      237 |
      238 |     it('should validate quiet hours format', async () => {

      at Object.toMatchObject (tests/integration/api/notifications/preferences/route.test.ts:235:32)

  ● /api/notifications/preferences › PATCH /api/notifications/preferences › should validate quiet hours format

    expect(received).toBe(expected) // Object.is equality

    Expected: 400
    Received: 200

      251 |       const data = await response.json()
      252 |
    > 253 |       expect(response.status).toBe(400)
          |                               ^
      254 |       expect(data.error).toContain('Invalid quiet hours format')
      255 |     })
      256 |

      at Object.toBe (tests/integration/api/notifications/preferences/route.test.ts:253:31)

  ● /api/notifications/preferences › PATCH /api/notifications/preferences › should validate quiet hours end format

    expect(received).toBe(expected) // Object.is equality

    Expected: 400
    Received: 200

      270 |       const data = await response.json()
      271 |
    > 272 |       expect(response.status).toBe(400)
          |                               ^
      273 |       expect(data.error).toContain('Invalid quiet hours format')
      274 |     })
      275 |

      at Object.toBe (tests/integration/api/notifications/preferences/route.test.ts:272:31)

  ● /api/notifications/preferences › PATCH /api/notifications/preferences › should validate numeric preference values

    expect(received).toBe(expected) // Object.is equality

    Expected: 400
    Received: 200

      288 |       const data = await response.json()
      289 |
    > 290 |       expect(response.status).toBe(400)
          |                               ^
      291 |       expect(data.error).toContain('must be positive')
      292 |     })
      293 |

      at Object.toBe (tests/integration/api/notifications/preferences/route.test.ts:290:31)

  ● /api/notifications/preferences › PATCH /api/notifications/preferences › should handle database errors gracefully

    expect(received).toBe(expected) // Object.is equality

    Expected: 500
    Received: 200

      304 |       const data = await response.json()
      305 |
    > 306 |       expect(response.status).toBe(500)
          |                               ^
      307 |       expect(data.error).toBe('Failed to update preferences')
      308 |     })
      309 |

      at Object.toBe (tests/integration/api/notifications/preferences/route.test.ts:306:31)

  ● /api/notifications/preferences › PATCH /api/notifications/preferences › should create preferences if they do not exist (upsert behavior)

    expect(received).toMatchObject(expected)

    Matcher error: received value must be a non-null object

    Received has value: null

      341 |
      342 |       expect(response.status).toBe(200)
    > 343 |       expect(data.preferences).toMatchObject(updates)
          |                                ^
      344 |       expect(dbMock.notificationPreference.upsert).toHaveBeenCalledWith({
      345 |         where: { userId: 'parent-1' },
      346 |         update: updates,

      at Object.toMatchObject (tests/integration/api/notifications/preferences/route.test.ts:343:32)

FAIL tests/integration/api/notifications/route.test.ts
  ● /api/notifications › GET › should return notifications for authenticated user

    expect(jest.fn()).toHaveBeenCalledWith(...expected)

    - Expected
    + Received

    @@ -3,8 +3,8 @@
          "createdAt": "desc",
        },
        "skip": 0,
        "take": 50,
        "where": Object {
    -     "userId": "child-1",
    +     "userId": "child-test-123",
        },
      },

    Number of calls: 1

      63 |       expect(data.unreadCount).toBe(1)
      64 |       expect(data.hasMore).toBe(false)
    > 65 |       expect(dbMock.notification.findMany).toHaveBeenCalledWith({
         |                                            ^
      66 |         where: { userId: 'child-1' },
      67 |         orderBy: { createdAt: 'desc' },
      68 |         take: 50,

      at Object.toHaveBeenCalledWith (tests/integration/api/notifications/route.test.ts:65:44)

  ● /api/notifications › GET › should filter unread notifications when unreadOnly=true

    expect(jest.fn()).toHaveBeenCalledWith(...expected)

    - Expected
    + Received

    @@ -4,8 +4,8 @@
        },
        "skip": 0,
        "take": 50,
        "where": Object {
          "isRead": false,
    -     "userId": "child-1",
    +     "userId": "child-test-123",
        },
      },

    Number of calls: 1

      84 |       await GET(request)
      85 |
    > 86 |       expect(dbMock.notification.findMany).toHaveBeenCalledWith({
         |                                            ^
      87 |         where: {
      88 |           userId: 'child-1',
      89 |           isRead: false,

      at Object.toHaveBeenCalledWith (tests/integration/api/notifications/route.test.ts:86:44)

  ● /api/notifications › GET › should support pagination

    expect(jest.fn()).toHaveBeenCalledWith(...expected)

    - Expected
    + Received

    @@ -3,8 +3,8 @@
          "createdAt": "desc",
        },
        "skip": 40,
        "take": 20,
        "where": Object {
    -     "userId": "child-1",
    +     "userId": "child-test-123",
        },
      },

    Number of calls: 1

      112 |       expect(data.pagination).toBeUndefined() // Response doesn't include pagination object
      113 |       expect(data.hasMore).toBe(true)
    > 114 |       expect(dbMock.notification.findMany).toHaveBeenCalledWith({
          |                                            ^
      115 |         where: { userId: 'child-1' },
      116 |         orderBy: { createdAt: 'desc' },
      117 |         take: 20,

      at Object.toHaveBeenCalledWith (tests/integration/api/notifications/route.test.ts:114:44)

  ● /api/notifications › GET › should use default pagination values

    expect(jest.fn()).toHaveBeenCalledWith(...expected)

    - Expected
    + Received

    @@ -3,8 +3,8 @@
          "createdAt": "desc",
        },
        "skip": 0,
        "take": 50,
        "where": Object {
    -     "userId": "child-1",
    +     "userId": "child-test-123",
        },
      },

    Number of calls: 1

      134 |       expect(response.status).toBe(200)
      135 |       expect(data.hasMore).toBe(false)
    > 136 |       expect(dbMock.notification.findMany).toHaveBeenCalledWith({
          |                                            ^
      137 |         where: { userId: 'child-1' },
      138 |         orderBy: { createdAt: 'desc' },
      139 |         take: 50,

      at Object.toHaveBeenCalledWith (tests/integration/api/notifications/route.test.ts:136:44)

  ● /api/notifications › GET › should return unread count separately

    expect(jest.fn()).toHaveBeenCalledWith(...expected)

    Expected: {"where": {"isRead": false, "userId": "child-1"}}
    Received
           1
              Object {
                "where": Object {
            -     "isRead": false,
            -     "userId": "child-1",
            +     "userId": "child-test-123",
                },
              },
           2
              Object {
                "where": Object {
                  "isRead": false,
            -     "userId": "child-1",
            +     "userId": "child-test-123",
                },
              },

    Number of calls: 2

      156 |       expect(response.status).toBe(200)
      157 |       expect(data.unreadCount).toBe(5)
    > 158 |       expect(dbMock.notification.count).toHaveBeenCalledWith({
          |                                         ^
      159 |         where: { userId: 'child-1', isRead: false },
      160 |       })
      161 |     })

      at Object.toHaveBeenCalledWith (tests/integration/api/notifications/route.test.ts:158:41)

FAIL tests/integration/api/documents/[id]/route.test.ts
  ● /api/documents/[id] › GET › should return document and log access

    expect(jest.fn()).toHaveBeenCalledWith(...expected)

    Expected: {"data": {"accessedBy": "parent-test-123", "documentId": "doc-1", "ipAddress": "unknown"}}

    Number of calls: 0

       98 |
       99 |       // Verify access was logged
    > 100 |       expect(dbMock.documentAccessLog.create).toHaveBeenCalledWith({
          |                                               ^
      101 |         data: {
      102 |           documentId: 'doc-1',
      103 |           accessedBy: 'parent-test-123',

      at Object.toHaveBeenCalledWith (tests/integration/api/documents/[id]/route.test.ts:100:47)

  ● /api/documents/[id] › PATCH › should return 403 if not a parent

    expect(received).toBe(expected) // Object.is equality

    Expected: 403
    Received: 404

      139 |       const response = await PATCH(request, { params: Promise.resolve({ id: 'doc-1' }) });
      140 |
    > 141 |       expect(response.status).toBe(403);
          |                               ^
      142 |     });
      143 |
      144 |     it('should return 404 if document not found', async () => {

      at Object.toBe (tests/integration/api/documents/[id]/route.test.ts:141:31)

  ● /api/documents/[id] › PATCH › should return 403 if document belongs to different family

    expect(received).toBe(expected) // Object.is equality

    Expected: 403
    Received: 404

      166 |       const response = await PATCH(request, { params: Promise.resolve({ id: 'doc-1' }) });
      167 |
    > 168 |       expect(response.status).toBe(403);
          |                               ^
      169 |     });
      170 |
      171 |     it('should return 400 for invalid category', async () => {

      at Object.toBe (tests/integration/api/documents/[id]/route.test.ts:168:31)

  ● /api/documents/[id] › PATCH › should return 400 for invalid category

    expect(received).toBe(expected) // Object.is equality

    Expected: 400
    Received: 200

      178 |       const response = await PATCH(request, { params: Promise.resolve({ id: 'doc-1' }) });
      179 |
    > 180 |       expect(response.status).toBe(400);
          |                               ^
      181 |     });
      182 |
      183 |     it('should update document successfully', async () => {

      at Object.toBe (tests/integration/api/documents/[id]/route.test.ts:180:31)

  ● /api/documents/[id] › PATCH › should update document successfully

    expect(jest.fn()).toHaveBeenCalledWith(...expected)

    Expected: {"data": {"action": "DOCUMENT_UPDATED", "familyId": "family-test-123", "memberId": "parent-test-123", "metadata": {"documentId": "doc-1", "documentName": "Updated Passport.pdf"}, "result": "SUCCESS"}}

    Number of calls: 0

      204 |       expect(data.message).toBe('Document updated successfully');
      205 |
    > 206 |       expect(dbMock.auditLog.create).toHaveBeenCalledWith({
          |                                      ^
      207 |         data: {
      208 |           familyId: 'family-test-123',
      209 |           memberId: 'parent-test-123',

      at Object.toHaveBeenCalledWith (tests/integration/api/documents/[id]/route.test.ts:206:38)

  ● /api/documents/[id] › PATCH › should handle partial updates

    expect(jest.fn()).toHaveBeenCalledWith(...expected)

    - Expected
    + Received

      Object {
    -   "data": ObjectContaining {
    +   "data": Object {
          "tags": Array [
            "passport",
            "international",
            "travel",
          ],
    -   },
    -   "include": Object {
    -     "uploader": Object {
    -       "select": Object {
    -         "id": true,
    -         "name": true,
    -       },
    -     },
        },
        "where": Object {
          "id": "doc-1",
        },
      },

    Number of calls: 1

      230 |
      231 |       expect(response.status).toBe(200);
    > 232 |       expect(dbMock.document.update).toHaveBeenCalledWith({
          |                                      ^
      233 |         where: { id: 'doc-1' },
      234 |         data: expect.objectContaining({
      235 |           tags: ['passport', 'international', 'travel'],

      at Object.toHaveBeenCalledWith (tests/integration/api/documents/[id]/route.test.ts:232:38)

  ● /api/documents/[id] › DELETE › should return 403 if not a parent

    expect(received).toBe(expected) // Object.is equality

    Expected: 403
    Received: 404

      258 |       const response = await DELETE(request, { params: Promise.resolve({ id: 'doc-1' }) });
      259 |
    > 260 |       expect(response.status).toBe(403);
          |                               ^
      261 |     });
      262 |
      263 |     it('should return 404 if document not found', async () => {

      at Object.toBe (tests/integration/api/documents/[id]/route.test.ts:260:31)

  ● /api/documents/[id] › DELETE › should return 403 if document belongs to different family

    expect(received).toBe(expected) // Object.is equality

    Expected: 403
    Received: 404

      283 |       const response = await DELETE(request, { params: Promise.resolve({ id: 'doc-1' }) });
      284 |
    > 285 |       expect(response.status).toBe(403);
          |                               ^
      286 |     });
      287 |
      288 |     it('should delete document successfully', async () => {

      at Object.toBe (tests/integration/api/documents/[id]/route.test.ts:285:31)

  ● /api/documents/[id] › DELETE › should delete document successfully

    expect(jest.fn()).toHaveBeenCalledWith(...expected)

    Expected: {"data": {"action": "DOCUMENT_DELETED", "familyId": "family-test-123", "memberId": "parent-test-123", "metadata": {"documentId": "doc-1", "documentName": "Passport.pdf"}, "result": "SUCCESS"}}

    Number of calls: 0

      304 |       });
      305 |
    > 306 |       expect(dbMock.auditLog.create).toHaveBeenCalledWith({
          |                                      ^
      307 |         data: {
      308 |           familyId: 'family-test-123',
      309 |           memberId: 'parent-test-123',

      at Object.toHaveBeenCalledWith (tests/integration/api/documents/[id]/route.test.ts:306:38)

FAIL tests/integration/api/health/profile/[memberId]/route.test.ts
  ● /api/health/profile/[memberId] › GET › should return medical profile for member

    expect(received).toBe(expected) // Object.is equality

    Expected: 200
    Received: 404

      62 |       const response = await GET(request, { params: Promise.resolve({ memberId: 'child-test-123' }) });
      63 |
    > 64 |       expect(response.status).toBe(200);
         |                               ^
      65 |       const data = await response.json();
      66 |       expect(data.profile.bloodType).toBe('A+');
      67 |       expect(data.profile.allergies).toEqual(['Peanuts', 'Penicillin']);

      at Object.toBe (tests/integration/api/health/profile/[memberId]/route.test.ts:64:31)

  ● /api/health/profile/[memberId] › GET › should allow children to view profiles

    expect(received).toBe(expected) // Object.is equality

    Expected: 200
    Received: 404

      141 |       const response = await GET(request, { params: Promise.resolve({ memberId: 'child-test-123' }) });
      142 |
    > 143 |       expect(response.status).toBe(200);
          |                               ^
      144 |       const data = await response.json();
      145 |       expect(data.profile.bloodType).toBe('A+');
      146 |     });

      at Object.toBe (tests/integration/api/health/profile/[memberId]/route.test.ts:143:31)

  ● /api/health/profile/[memberId] › PUT › should return 403 if child tries to update profile

    expect(received).toBe(expected) // Object.is equality

    Expected: 403
    Received: 404

      169 |       const response = await PUT(request, { params: Promise.resolve({ memberId: 'child-test-123' }) });
      170 |
    > 171 |       expect(response.status).toBe(403);
          |                               ^
      172 |       const data = await response.json();
      173 |       expect(data.error).toBe('Only parents can update medical profiles');
      174 |     });

      at Object.toBe (tests/integration/api/health/profile/[memberId]/route.test.ts:171:31)

  ● /api/health/profile/[memberId] › PUT › should allow parents to update medical profile

    expect(received).toBe(expected) // Object.is equality

    Expected: 200
    Received: 500

      195 |       const response = await PUT(request, { params: Promise.resolve({ memberId: 'child-test-123' }) });
      196 |
    > 197 |       expect(response.status).toBe(200);
          |                               ^
      198 |       const data = await response.json();
      199 |       expect(data.profile.bloodType).toBe('A+');
      200 |

      at Object.toBe (tests/integration/api/health/profile/[memberId]/route.test.ts:197:31)

  ● /api/health/profile/[memberId] › PUT › should create profile if it does not exist

    expect(received).toBe(expected) // Object.is equality

    Expected: 200
    Received: 500

      245 |       const response = await PUT(request, { params: Promise.resolve({ memberId: 'child-test-123' }) });
      246 |
    > 247 |       expect(response.status).toBe(200);
          |                               ^
      248 |       const data = await response.json();
      249 |       expect(data.profile).toBeTruthy();
      250 |     });

      at Object.toBe (tests/integration/api/health/profile/[memberId]/route.test.ts:247:31)

  ● /api/health/profile/[memberId] › PUT › should accept partial updates

    expect(received).toBe(expected) // Object.is equality

    Expected: 200
    Received: 500

      302 |       const response = await PUT(request, { params: Promise.resolve({ memberId: 'child-test-123' }) });
      303 |
    > 304 |       expect(response.status).toBe(200);
          |                               ^
      305 |       expect(dbMock.medicalProfile.upsert).toHaveBeenCalledWith({
      306 |         where: { memberId: 'child-test-123' },
      307 |         create: {

      at Object.toBe (tests/integration/api/health/profile/[memberId]/route.test.ts:304:31)

  ● /api/health/profile/[memberId] › PUT › should accept empty arrays for allergies, conditions, and medications

    expect(received).toBe(expected) // Object.is equality

    Expected: 200
    Received: 500

      339 |       const response = await PUT(request, { params: Promise.resolve({ memberId: 'child-test-123' }) });
      340 |
    > 341 |       expect(response.status).toBe(200);
          |                               ^
      342 |       const data = await response.json();
      343 |       expect(data.profile.allergies).toEqual([]);
      344 |     });

      at Object.toBe (tests/integration/api/health/profile/[memberId]/route.test.ts:341:31)

  ● /api/health/profile/[memberId] › PUT › should return 400 if weight is negative

    expect(received).toBe(expected) // Object.is equality

    Expected: 400
    Received: 500

      359 |       const response = await PUT(request, { params: Promise.resolve({ memberId: 'child-test-123' }) });
      360 |
    > 361 |       expect(response.status).toBe(400);
          |                               ^
      362 |       const data = await response.json();
      363 |       expect(data.error).toBe('Weight must be a positive number');
      364 |     });

      at Object.toBe (tests/integration/api/health/profile/[memberId]/route.test.ts:361:31)

  ● /api/health/profile/[memberId] › PUT › should return 400 if weightUnit is invalid

    expect(received).toBe(expected) // Object.is equality

    Expected: 400
    Received: 500

      380 |       const response = await PUT(request, { params: Promise.resolve({ memberId: 'child-test-123' }) });
      381 |
    > 382 |       expect(response.status).toBe(400);
          |                               ^
      383 |       const data = await response.json();
      384 |       expect(data.error).toBe('Weight unit must be either "lbs" or "kg"');
      385 |     });

      at Object.toBe (tests/integration/api/health/profile/[memberId]/route.test.ts:382:31)

  ● /api/health/profile/[memberId] › PUT › should accept both lbs and kg as weight units

    expect(received).toBe(expected) // Object.is equality

    Expected: 200
    Received: 500

      405 |         const response = await PUT(request, { params: Promise.resolve({ memberId: 'child-test-123' }) });
      406 |
    > 407 |         expect(response.status).toBe(200);
          |                                 ^
      408 |       }
      409 |     });
      410 |

      at Object.toBe (tests/integration/api/health/profile/[memberId]/route.test.ts:407:33)

  ● /api/health/profile/[memberId] › PUT › should log audit event on successful update

    expect(received).toBe(expected) // Object.is equality

    Expected: 200
    Received: 500

      425 |       const response = await PUT(request, { params: Promise.resolve({ memberId: 'child-test-123' }) });
      426 |
    > 427 |       expect(response.status).toBe(200);
          |                               ^
      428 |       expect(dbMock.auditLog.create).toHaveBeenCalledWith({
      429 |         data: {
      430 |           familyId: 'family-test-123',

      at Object.toBe (tests/integration/api/health/profile/[memberId]/route.test.ts:427:31)

FAIL tests/unit/lib/achievements.test.ts
  ● lib/achievements.ts › checkAndAwardAchievement › should create user achievement if not exists

    expect(jest.fn()).toHaveBeenCalledWith(...expected)

    - Expected
    + Received

    @@ -1,9 +1,9 @@
      Object {
        "data": Object {
          "achievementId": "ach-1",
    -     "completedAt": Any<Date>,
    +     "completedAt": "2026-01-21T13:14:02.668Z",
          "isCompleted": true,
          "progress": 1,
          "userId": "user-1",
        },
        "include": Object {,

    Number of calls: 1

      47 |
      48 |       expect(result).toBeDefined()
    > 49 |       expect(dbMock.userAchievement.create).toHaveBeenCalledWith({
         |                                             ^
      50 |         data: {
      51 |           userId,
      52 |           achievementId: 'ach-1',

      at Object.toHaveBeenCalledWith (tests/unit/lib/achievements.test.ts:49:45)

FAIL tests/integration/api/routines/route.test.ts
  ● GET /api/routines › should filter routines by type

    expect(jest.fn()).toHaveBeenCalledWith(...expected)

    Expected: ObjectContaining {"where": ObjectContaining {"type": "MORNING"}}
    Received: {"include": {"items": true}, "orderBy": {"name": "asc"}, "where": {"familyId": "family-test-123", "isActive": true}}

    Number of calls: 1

      144 |     const data = await response.json();
      145 |     expect(data.routines).toHaveLength(1);
    > 146 |     expect(dbMock.routine.findMany).toHaveBeenCalledWith(
          |                                     ^
      147 |       expect.objectContaining({
      148 |         where: expect.objectContaining({
      149 |           type: 'MORNING',

      at Object.toHaveBeenCalledWith (tests/integration/api/routines/route.test.ts:146:37)

  ● GET /api/routines › should apply OR filter for children (assigned or unassigned)

    expect(jest.fn()).toHaveBeenCalledWith(...expected)

    Expected: ObjectContaining {"where": ObjectContaining {"OR": [{"assignedTo": "child-test-123"}, {"assignedTo": null}]}}
    Received: {"include": {"items": true}, "orderBy": {"name": "asc"}, "where": {"familyId": "family-test-123", "isActive": true}}

    Number of calls: 1

      200 |     await GET(request);
      201 |
    > 202 |     expect(dbMock.routine.findMany).toHaveBeenCalledWith(
          |                                     ^
      203 |       expect.objectContaining({
      204 |         where: expect.objectContaining({
      205 |           OR: [

      at Object.toHaveBeenCalledWith (tests/integration/api/routines/route.test.ts:202:37)

  ● POST /api/routines › should return 403 if child attempts to create routine

    expect(received).toBe(expected) // Object.is equality

    Expected: 403
    Received: 400

      249 |     const response = await POST(request);
      250 |
    > 251 |     expect(response.status).toBe(403);
          |                             ^
      252 |     const data = await response.json();
      253 |     expect(data.error).toContain('Only parents can create routines');
      254 |   });

      at Object.toBe (tests/integration/api/routines/route.test.ts:251:29)

  ● POST /api/routines › should create routine with basic fields

    expect(received).toBe(expected) // Object.is equality

    Expected: 201
    Received: 400

      285 |     const response = await POST(request);
      286 |
    > 287 |     expect(response.status).toBe(201);
          |                             ^
      288 |     const data = await response.json();
      289 |     expect(data.routine.name).toBe('Morning Routine');
      290 |     expect(data.routine.type).toBe('MORNING');

      at Object.toBe (tests/integration/api/routines/route.test.ts:287:29)

  ● POST /api/routines › should create routine with steps

    expect(received).toBe(expected) // Object.is equality

    Expected: 201
    Received: 400

      344 |     const response = await POST(request);
      345 |
    > 346 |     expect(response.status).toBe(201);
          |                             ^
      347 |     const data = await response.json();
      348 |     expect(data.routine.steps).toHaveLength(2);
      349 |     expect(data.routine.steps[0].sortOrder).toBe(0);

      at Object.toBe (tests/integration/api/routines/route.test.ts:346:29)

  ● POST /api/routines › should create routine assigned to specific child

    expect(received).toBe(expected) // Object.is equality

    Expected: 201
    Received: 400

      395 |     const response = await POST(request);
      396 |
    > 397 |     expect(response.status).toBe(201);
          |                             ^
      398 |     const data = await response.json();
      399 |     expect(data.routine.assignedTo).toBe('child-123');
      400 |   });

      at Object.toBe (tests/integration/api/routines/route.test.ts:397:29)

  ● POST /api/routines › should create routine with weekday/weekend flags

    expect(received).toBe(expected) // Object.is equality

    Expected: 201
    Received: 400

      433 |     const response = await POST(request);
      434 |
    > 435 |     expect(response.status).toBe(201);
          |                             ^
      436 |     const data = await response.json();
      437 |     expect(data.routine.isWeekday).toBe(true);
      438 |     expect(data.routine.isWeekend).toBe(false);

      at Object.toBe (tests/integration/api/routines/route.test.ts:435:29)

  ● POST /api/routines › should return 400 if name is missing

    expect(received).toContain(expected) // indexOf

    Expected substring: "name"
    Received string:    "Name and time of day are required"

      454 |     expect(response.status).toBe(400);
      455 |     const data = await response.json();
    > 456 |     expect(data.error).toContain('name');
          |                        ^
      457 |   });
      458 |
      459 |   it('should return 400 if type is invalid', async () => {

      at Object.toContain (tests/integration/api/routines/route.test.ts:456:24)

  ● POST /api/routines › should return 400 if type is invalid

    expect(received).toContain(expected) // indexOf

    Expected substring: "type"
    Received string:    "Name and time of day are required"

      473 |     expect(response.status).toBe(400);
      474 |     const data = await response.json();
    > 475 |     expect(data.error).toContain('type');
          |                        ^
      476 |   });
      477 |
      478 |   it('should return 400 if assignedTo is not a family member', async () => {

      at Object.toContain (tests/integration/api/routines/route.test.ts:475:24)

  ● POST /api/routines › should return 400 if assignedTo is not a family member

    expect(received).toContain(expected) // indexOf

    Expected substring: "family member"
    Received string:    "Name and time of day are required"

      495 |     expect(response.status).toBe(400);
      496 |     const data = await response.json();
    > 497 |     expect(data.error).toContain('family member');
          |                        ^
      498 |   });
      499 |
      500 |   it('should create audit log on routine creation', async () => {

      at Object.toContain (tests/integration/api/routines/route.test.ts:497:24)

  ● POST /api/routines › should create audit log on routine creation

    expect(jest.fn()).toHaveBeenCalledWith(...expected)

    Expected: ObjectContaining {"data": ObjectContaining {"action": "ROUTINE_CREATED", "familyId": "family-test-123", "memberId": "parent-test-123"}}

    Number of calls: 0

      529 |     await POST(request);
      530 |
    > 531 |     expect(dbMock.auditLog.create).toHaveBeenCalledWith(
          |                                    ^
      532 |       expect.objectContaining({
      533 |         data: expect.objectContaining({
      534 |           familyId: session.user.familyId,

      at Object.toHaveBeenCalledWith (tests/integration/api/routines/route.test.ts:531:36)

FAIL tests/integration/api/screentime/types/route.test.ts
  ● /api/screentime/types › GET › should return all active types for family

    expect(jest.fn()).toHaveBeenCalledWith(...expected)

    - Expected
    + Received

      Object {
    -   "orderBy": Array [
    -     Object {
    -       "isActive": "desc",
    -     },
    -     Object {
    +   "orderBy": Object {
          "name": "asc",
        },
    -   ],
        "where": Object {
          "familyId": "family-test-123",
    -     "isArchived": false,
    +     "isActive": true,
        },
      },

    Number of calls: 1

      74 |       expect(data.types).toHaveLength(2);
      75 |       expect(data.types[0].name).toBe('Educational');
    > 76 |       expect(dbMock.screenTimeType.findMany).toHaveBeenCalledWith({
         |                                              ^
      77 |         where: {
      78 |           familyId: session.user.familyId,
      79 |           isArchived: false,

      at Object.toHaveBeenCalledWith (tests/integration/api/screentime/types/route.test.ts:76:46)

  ● /api/screentime/types › GET › should exclude archived types

    expect(jest.fn()).toHaveBeenCalledWith(...expected)

    Expected: ObjectContaining {"where": ObjectContaining {"isArchived": false}}
    Received: {"orderBy": {"name": "asc"}, "where": {"familyId": "family-test-123", "isActive": true}}

    Number of calls: 1

      94 |       await GET(request);
      95 |
    > 96 |       expect(dbMock.screenTimeType.findMany).toHaveBeenCalledWith(
         |                                              ^
      97 |         expect.objectContaining({
      98 |           where: expect.objectContaining({
      99 |             isArchived: false,

      at Object.toHaveBeenCalledWith (tests/integration/api/screentime/types/route.test.ts:96:46)

  ● /api/screentime/types › POST › should return 403 if user is not a parent

    expect(received).toBe(expected) // Object.is equality

    Expected: 403
    Received: 500

      130 |       const data = await response.json();
      131 |
    > 132 |       expect(response.status).toBe(403);
          |                               ^
      133 |       expect(data.error).toBe('Only parents can create screen time types');
      134 |     });
      135 |

      at Object.toBe (tests/integration/api/screentime/types/route.test.ts:132:31)

  ● /api/screentime/types › POST › should return 400 if type with same name already exists

    expect(received).toBe(expected) // Object.is equality

    Expected: 400
    Received: 500

      180 |       const data = await response.json();
      181 |
    > 182 |       expect(response.status).toBe(400);
          |                               ^
      183 |       expect(data.error).toBe('A screen time type with this name already exists');
      184 |     });
      185 |

      at Object.toBe (tests/integration/api/screentime/types/route.test.ts:182:31)

  ● /api/screentime/types › POST › should create a new screen time type

    expect(received).toBe(expected) // Object.is equality

    Expected: 201
    Received: 200

      213 |       const data = await response.json();
      214 |
    > 215 |       expect(response.status).toBe(201);
          |                               ^
      216 |       expect(data.type.name).toBe('Gaming');
      217 |       expect(data.message).toContain('created successfully');
      218 |       expect(dbMock.screenTimeType.create).toHaveBeenCalledWith({

      at Object.toBe (tests/integration/api/screentime/types/route.test.ts:215:31)

FAIL tests/unit/lib/screentime-grace.test.ts
  ● screentime-grace › checkGraceEligibility › should return eligible when balance is low and under limits

    expect(received).toBe(expected) // Object.is equality

    Expected: 1
    Received: NaN

      46 |
      47 |       expect(result.eligible).toBe(true);
    > 48 |       expect(result.remainingDaily).toBe(1);
         |                                     ^
      49 |       expect(result.remainingWeekly).toBe(3);
      50 |       expect(result.reason).toBeUndefined();
      51 |     });

      at Object.toBe (tests/unit/lib/screentime-grace.test.ts:48:37)

  ● screentime-grace › checkGraceEligibility › should return ineligible when balance is sufficient

    expect(received).toBe(expected) // Object.is equality

    Expected: false
    Received: true

      65 |       const result = await checkGraceEligibility('member-1', mockSettings);
      66 |
    > 67 |       expect(result.eligible).toBe(false);
         |                               ^
      68 |       expect(result.reason).toBe('Balance is not low enough');
      69 |       expect(result.remainingDaily).toBe(1);
      70 |       expect(result.remainingWeekly).toBe(3);

      at Object.toBe (tests/unit/lib/screentime-grace.test.ts:67:31)

  ● screentime-grace › checkGraceEligibility › should return ineligible when daily limit exceeded

    expect(received).toBe(expected) // Object.is equality

    Expected: false
    Received: true

      88 |       const result = await checkGraceEligibility('member-1', mockSettings);
      89 |
    > 90 |       expect(result.eligible).toBe(false);
         |                               ^
      91 |       expect(result.reason).toBe('Daily grace limit exceeded');
      92 |       expect(result.remainingDaily).toBe(0);
      93 |       expect(result.remainingWeekly).toBe(2);

      at Object.toBe (tests/unit/lib/screentime-grace.test.ts:90:31)

  ● screentime-grace › checkGraceEligibility › should return ineligible when weekly limit exceeded

    expect(received).toBe(expected) // Object.is equality

    Expected: false
    Received: true

      111 |       const result = await checkGraceEligibility('member-1', mockSettings);
      112 |
    > 113 |       expect(result.eligible).toBe(false);
          |                               ^
      114 |       expect(result.reason).toBe('Weekly grace limit exceeded');
      115 |       expect(result.remainingDaily).toBe(1);
      116 |       expect(result.remainingWeekly).toBe(0);

      at Object.toBe (tests/unit/lib/screentime-grace.test.ts:113:31)

  ● screentime-grace › checkGraceEligibility › should count remaining daily and weekly requests correctly

    expect(received).toBe(expected) // Object.is equality

    Expected: 1
    Received: NaN

      134 |       const result = await checkGraceEligibility('member-1', mockSettings);
      135 |
    > 136 |       expect(result.remainingDaily).toBe(1); // 1 - 0 = 1
          |                                     ^
      137 |       expect(result.remainingWeekly).toBe(1); // 3 - 2 = 1
      138 |     });
      139 |

      at Object.toBe (tests/unit/lib/screentime-grace.test.ts:136:37)

  ● screentime-grace › countGraceUses › should count grace logs for date range

    expect(jest.fn()).toHaveBeenCalledWith(...expected)

    - Expected
    + Received

      Object {
        "where": Object {
          "memberId": "member-1",
          "repaymentStatus": "PENDING",
          "requestedAt": Object {
    -       "gte": 2025-01-01T00:00:00.000Z,
    -       "lte": 2025-01-02T00:00:00.000Z,
    +       "gte": "2025-01-01T00:00:00.000Z",
    +       "lte": "2025-01-02T00:00:00.000Z",
          },
        },
      },

    Number of calls: 1

      158 |
      159 |       expect(count).toBe(3);
    > 160 |       expect(dbMock.gracePeriodLog.count).toHaveBeenCalledWith({
          |                                           ^
      161 |         where: {
      162 |           memberId: 'member-1',
      163 |           requestedAt: {

      at Object.toHaveBeenCalledWith (tests/unit/lib/screentime-grace.test.ts:160:43)

  ● screentime-grace › countGraceUses › should filter by status (PENDING, DEDUCTED, etc.)

    expect(jest.fn()).toHaveBeenCalledWith(...expected)

    - Expected
    + Received

      Object {
        "where": Object {
          "memberId": "member-1",
          "repaymentStatus": "DEDUCTED",
          "requestedAt": Object {
    -       "gte": 2025-01-01T00:00:00.000Z,
    -       "lte": 2025-01-02T00:00:00.000Z,
    +       "gte": "2025-01-01T00:00:00.000Z",
    +       "lte": "2025-01-02T00:00:00.000Z",
          },
        },
      },

    Number of calls: 1

      184 |
      185 |       expect(count).toBe(2);
    > 186 |       expect(dbMock.gracePeriodLog.count).toHaveBeenCalledWith({
          |                                           ^
      187 |         where: {
      188 |           memberId: 'member-1',
      189 |           requestedAt: {

      at Object.toHaveBeenCalledWith (tests/unit/lib/screentime-grace.test.ts:186:43)

  ● screentime-grace › processGraceRepayment › should deduct from next week allocation (DEDUCT_NEXT_WEEK mode)

    expect(received).toBe(expected) // Object.is equality

    Expected: 25
    Received: 0

      288 |       const result = await processGraceRepayment('member-1');
      289 |
    > 290 |       expect(result.totalRepaid).toBe(25); // 15 + 10
          |                                  ^
      291 |       expect(result.logsProcessed).toBe(2);
      292 |
      293 |       // Verify transaction created

      at Object.toBe (tests/unit/lib/screentime-grace.test.ts:290:34)

  ● screentime-grace › processGraceRepayment › should handle FORGIVE mode correctly

    expect(received).toBe(expected) // Object.is equality

    Expected: 1
    Received: 0

      345 |
      346 |       expect(result.totalRepaid).toBe(0); // Nothing deducted
    > 347 |       expect(result.logsProcessed).toBe(1);
          |                                    ^
      348 |
      349 |       // Verify logs marked as FORGIVEN
      350 |       expect(dbMock.gracePeriodLog.update).toHaveBeenCalledWith({

      at Object.toBe (tests/unit/lib/screentime-grace.test.ts:347:36)

  ● screentime-grace › processGraceRepayment › should update grace log repayment status

    expect(jest.fn()).toHaveBeenCalledWith(...expected)

    Expected: {"data": {"relatedTransactionId": "transaction-1", "repaidAt": Any<Date>, "repaymentStatus": "DEDUCTED"}, "where": {"id": "log-1"}}

    Number of calls: 0

      430 |       await processGraceRepayment('member-1');
      431 |
    > 432 |       expect(dbMock.gracePeriodLog.update).toHaveBeenCalledWith({
          |                                            ^
      433 |         where: { id: 'log-1' },
      434 |         data: {
      435 |           repaymentStatus: RepaymentStatus.DEDUCTED,

      at Object.toHaveBeenCalledWith (tests/unit/lib/screentime-grace.test.ts:432:44)

  ● screentime-grace › getOrCreateGraceSettings › should return existing settings if found

    expect(received).toEqual(expected) // deep equality

    Expected: {"createdAt": 2026-01-21T13:14:03.305Z, "gracePeriodMinutes": 20, "graceRepaymentMode": "EARN_BACK", "id": "settings-1", "lowBalanceWarningMinutes": 15, "maxGracePerDay": 2, "maxGracePerWeek": 5, "memberId": "member-1", "requiresApproval": true, "updatedAt": 2026-01-21T13:14:03.305Z}
    Received: null

      471 |       const result = await getOrCreateGraceSettings('member-1');
      472 |
    > 473 |       expect(result).toEqual(existingSettings);
          |                      ^
      474 |       expect(dbMock.screenTimeGraceSettings.create).not.toHaveBeenCalled();
      475 |     });
      476 |

      at Object.toEqual (tests/unit/lib/screentime-grace.test.ts:473:22)

  ● screentime-grace › getOrCreateGraceSettings › should create default settings if not found

    expect(received).toEqual(expected) // deep equality

    Expected: {"createdAt": 2026-01-21T13:14:03.309Z, "gracePeriodMinutes": 15, "graceRepaymentMode": "DEDUCT_NEXT_WEEK", "id": "new-settings-1", "lowBalanceWarningMinutes": 10, "maxGracePerDay": 1, "maxGracePerWeek": 3, "memberId": "member-1", "requiresApproval": false, "updatedAt": 2026-01-21T13:14:03.309Z}
    Received: null

      497 |       const result = await getOrCreateGraceSettings('member-1');
      498 |
    > 499 |       expect(result).toEqual(defaultSettings);
          |                      ^
      500 |       expect(dbMock.screenTimeGraceSettings.create).toHaveBeenCalledWith({
      501 |         data: {
      502 |           memberId: 'member-1',

      at Object.toEqual (tests/unit/lib/screentime-grace.test.ts:499:22)

  ● screentime-grace › getOrCreateGraceSettings › should use correct default values

    expect(jest.fn()).toHaveBeenCalledWith(...expected)

    Expected: {"data": {"gracePeriodMinutes": 15, "graceRepaymentMode": "DEDUCT_NEXT_WEEK", "lowBalanceWarningMinutes": 10, "maxGracePerDay": 1, "maxGracePerWeek": 3, "memberId": "member-1", "requiresApproval": false}}

    Number of calls: 0

      530 |       await getOrCreateGraceSettings('member-1');
      531 |
    > 532 |       expect(dbMock.screenTimeGraceSettings.create).toHaveBeenCalledWith({
          |                                                     ^
      533 |         data: {
      534 |           memberId: 'member-1',
      535 |           gracePeriodMinutes: 15, // Default

      at Object.toHaveBeenCalledWith (tests/unit/lib/screentime-grace.test.ts:532:53)

FAIL tests/integration/api/screentime/log.test.ts
  ● /api/screentime/log › POST › should return 400 if minutes is missing

    expect(received).toBe(expected) // Object.is equality

    Expected: "Minutes must be a positive integer"
    Received: "Valid minutes value is required"

      147 |
      148 |       expect(response.status).toBe(400)
    > 149 |       expect(data.error).toBe('Minutes must be a positive integer')
          |                          ^
      150 |     })
      151 |
      152 |     it('should return 400 if screenTimeTypeId is missing', async () => {

      at Object.toBe (tests/integration/api/screentime/log.test.ts:149:26)

  ● /api/screentime/log › POST › should return 400 if screenTimeTypeId is missing

    expect(received).toBe(expected) // Object.is equality

    Expected: "Screen time type is required"
    Received: "Screen time type ID is required"

      162 |
      163 |       expect(response.status).toBe(400)
    > 164 |       expect(data.error).toBe('Screen time type is required')
          |                          ^
      165 |     })
      166 |
      167 |     it('should return 400 if minutes is zero or negative', async () => {

      at Object.toBe (tests/integration/api/screentime/log.test.ts:164:26)

  ● /api/screentime/log › POST › should return 400 if minutes is zero or negative

    expect(received).toBe(expected) // Object.is equality

    Expected: "Minutes must be a positive integer"
    Received: "Valid minutes value is required"

      177 |
      178 |       expect(response.status).toBe(400)
    > 179 |       expect(data.error).toBe('Minutes must be a positive integer')
          |                          ^
      180 |     })
      181 |
      182 |     it('should return 400 if screen time type not found', async () => {

      at Object.toBe (tests/integration/api/screentime/log.test.ts:179:26)

  ● /api/screentime/log › POST › should return 400 if screen time type not found

    expect(received).toBe(expected) // Object.is equality

    Expected: 400
    Received: 200

      193 |       const data = await response.json()
      194 |
    > 195 |       expect(response.status).toBe(400)
          |                               ^
      196 |       expect(data.error).toBe('Screen time type not found or is archived')
      197 |     })
      198 |

      at Object.toBe (tests/integration/api/screentime/log.test.ts:195:31)

  ● /api/screentime/log › POST › should return 400 if allowance not configured

    expect(received).toBe(expected) // Object.is equality

    Expected: 400
    Received: 200

      216 |       const data = await response.json()
      217 |
    > 218 |       expect(response.status).toBe(400)
          |                               ^
      219 |       expect(data.error).toBe('No allowance configured for this screen time type')
      220 |     })
      221 |

      at Object.toBe (tests/integration/api/screentime/log.test.ts:218:31)

  ● /api/screentime/log › POST › should log screen time and deduct from balance

    expect(received).toBe(expected) // Object.is equality

    Expected: 30
    Received: undefined

      299 |       expect(response.status).toBe(200)
      300 |       expect(data.success).toBe(true)
    > 301 |       expect(data.balance).toBe(30)
          |                            ^
      302 |       // remainingMinutes is calculated as: remaining.remainingMinutes - minutes = 60 - 30 = 30
      303 |       expect(data.remainingMinutes).toBe(30)
      304 |       expect(data.message).toContain('30 minutes')

      at Object.toBe (tests/integration/api/screentime/log.test.ts:301:28)

  ● /api/screentime/log › POST › should prevent negative balance

    expect(received).toBe(expected) // Object.is equality

    Expected: 0
    Received: undefined

      367 |
      368 |       expect(response.status).toBe(200)
    > 369 |       expect(data.balance).toBe(0) // Should be 0, not negative
          |                            ^
      370 |     })
      371 |
      372 |     it('should use default deviceType if not provided', async () => {

      at Object.toBe (tests/integration/api/screentime/log.test.ts:369:28)

  ● /api/screentime/log › POST › should use default deviceType if not provided

    expect(jest.fn()).toHaveBeenCalled()

    Expected number of calls: >= 1
    Received number of calls:    0

      423 |
      424 |       // Transaction is called, and screenTimeTransaction.create is called inside it
    > 425 |       expect(dbMock.$transaction).toHaveBeenCalled()
          |                                   ^
      426 |       // The transaction.create happens inside the transaction callback
      427 |     })
      428 |

      at Object.toHaveBeenCalled (tests/integration/api/screentime/log.test.ts:425:35)

  ● /api/screentime/log › POST › should create audit log

    expect(jest.fn()).toHaveBeenCalled()

    Expected number of calls: >= 1
    Received number of calls:    0

      485 |
      486 |       // Audit log is created inside transaction, so check that transaction was called
    > 487 |       expect(dbMock.$transaction).toHaveBeenCalled()
          |                                   ^
      488 |       // The audit log creation happens inside the transaction callback
      489 |     })
      490 |

      at Object.toHaveBeenCalled (tests/integration/api/screentime/log.test.ts:487:35)

  ● /api/screentime/log › POST › should handle invalid JSON gracefully

    expect(received).toContain(expected) // indexOf

    Expected value: "Valid minutes value is required"
    Received array: ["Invalid JSON format", "Minutes must be a positive integer"]

      503 |       expect(response.status).toBe(400)
      504 |       // The error should indicate either a JSON format issue or missing field
    > 505 |       expect(['Invalid JSON format', 'Minutes must be a positive integer']).toContain(data.error)
          |                                                                             ^
      506 |     })
      507 |
      508 |     it('should return 403 if child tries to exceed allowance without override', async () => {

      at Object.toContain (tests/integration/api/screentime/log.test.ts:505:77)

  ● /api/screentime/log › POST › should return 403 if child tries to exceed allowance without override

    expect(received).toBe(expected) // Object.is equality

    Expected: 403
    Received: 200

      544 |       const data = await response.json()
      545 |
    > 546 |       expect(response.status).toBe(403)
          |                               ^
      547 |       expect(data.wouldExceed).toBe(true)
      548 |       expect(data.error).toContain('exceed your allowance')
      549 |       expect(data.remainingBefore).toBe(10)

      at Object.toBe (tests/integration/api/screentime/log.test.ts:546:31)

  ● /api/screentime/log › POST › should allow parent override when exceeding allowance

    expect(jest.fn()).toHaveBeenCalled()

    Expected number of calls: >= 1
    Received number of calls:    0

      627 |       expect(data.success).toBe(true)
      628 |       // Transaction is called inside $transaction, so check via the transaction mock
    > 629 |       expect(dbMock.$transaction).toHaveBeenCalled()
          |                                   ^
      630 |     })
      631 |
      632 |     it('should return 400 if override is true but overrideReason is missing', async () => {

      at Object.toHaveBeenCalled (tests/integration/api/screentime/log.test.ts:629:35)

  ● /api/screentime/log › POST › should return 400 if override is true but overrideReason is missing

    expect(received).toBe(expected) // Object.is equality

    Expected: 400
    Received: 200

      670 |       const data = await response.json()
      671 |
    > 672 |       expect(response.status).toBe(400)
          |                               ^
      673 |       expect(data.error).toBe('Override reason is required when exceeding allowance')
      674 |     })
      675 |

      at Object.toBe (tests/integration/api/screentime/log.test.ts:672:31)

  ● /api/screentime/log › POST › should return 403 if child tries to override

    expect(received).toBe(expected) // Object.is equality

    Expected: 403
    Received: 200

      702 |       const data = await response.json()
      703 |
    > 704 |       expect(response.status).toBe(403)
          |                               ^
      705 |       expect(data.error).toBe('Only parents can override screen time limits')
      706 |     })
      707 |

      at Object.toBe (tests/integration/api/screentime/log.test.ts:704:31)

  ● /api/screentime/log › POST › should create balance if it does not exist

    expect(jest.fn()).toHaveBeenCalled()

    Expected number of calls: >= 1
    Received number of calls:    0

      781 |
      782 |       expect(response.status).toBe(200)
    > 783 |       expect(dbMock.screenTimeBalance.create).toHaveBeenCalled()
          |                                               ^
      784 |     })
      785 |   })
      786 | })

      at Object.toHaveBeenCalled (tests/integration/api/screentime/log.test.ts:783:47)

FAIL tests/integration/api/rules/route.test.ts
  ● GET /api/rules › should filter by isEnabled=false

    expect(jest.fn()).toHaveBeenCalledWith(...expected)

    Expected: ObjectContaining {"where": ObjectContaining {"isEnabled": false}}
    Received: {"include": {"createdByMember": {"select": {"id": true, "name": true}}}, "orderBy": {"createdAt": "desc"}, "where": {"familyId": "family-test-123"}}

    Number of calls: 1

      180 |     await GET(request);
      181 |
    > 182 |     expect(dbMock.automationRule.findMany).toHaveBeenCalledWith(
          |                                            ^
      183 |       expect.objectContaining({
      184 |         where: expect.objectContaining({
      185 |           isEnabled: false,

      at Object.toHaveBeenCalledWith (tests/integration/api/rules/route.test.ts:182:44)

  ● GET /api/rules › should support pagination with limit

    expect(jest.fn()).toHaveBeenCalledWith(...expected)

    Expected: ObjectContaining {"take": 10}
    Received: {"include": {"createdByMember": {"select": {"id": true, "name": true}}}, "orderBy": {"createdAt": "desc"}, "where": {"familyId": "family-test-123"}}

    Number of calls: 1

      205 |     await GET(request);
      206 |
    > 207 |     expect(dbMock.automationRule.findMany).toHaveBeenCalledWith(
          |                                            ^
      208 |       expect.objectContaining({
      209 |         take: 10,
      210 |       })

      at Object.toHaveBeenCalledWith (tests/integration/api/rules/route.test.ts:207:44)

  ● GET /api/rules › should support pagination with offset

    expect(jest.fn()).toHaveBeenCalledWith(...expected)

    Expected: ObjectContaining {"skip": 20}
    Received: {"include": {"createdByMember": {"select": {"id": true, "name": true}}}, "orderBy": {"createdAt": "desc"}, "where": {"familyId": "family-test-123"}}

    Number of calls: 1

      224 |     await GET(request);
      225 |
    > 226 |     expect(dbMock.automationRule.findMany).toHaveBeenCalledWith(
          |                                            ^
      227 |       expect.objectContaining({
      228 |         skip: 20,
      229 |       })

      at Object.toHaveBeenCalledWith (tests/integration/api/rules/route.test.ts:226:44)

  ● GET /api/rules › should cap limit at maximum value

    expect(jest.fn()).toHaveBeenCalledWith(...expected)

    Expected: ObjectContaining {"take": Any<Number>}
    Received: {"include": {"createdByMember": {"select": {"id": true, "name": true}}}, "orderBy": {"createdAt": "desc"}, "where": {"familyId": "family-test-123"}}

    Number of calls: 1

      243 |     await GET(request);
      244 |
    > 245 |     expect(dbMock.automationRule.findMany).toHaveBeenCalledWith(
          |                                            ^
      246 |       expect.objectContaining({
      247 |         take: expect.any(Number),
      248 |       })

      at Object.toHaveBeenCalledWith (tests/integration/api/rules/route.test.ts:245:44)

  ● GET /api/rules › should include execution count in response

    expect(jest.fn()).toHaveBeenCalledWith(...expected)

    Expected: ObjectContaining {"include": ObjectContaining {"_count": ObjectContaining {"select": {"executions": true}}}}
    Received: {"include": {"createdByMember": {"select": {"id": true, "name": true}}}, "orderBy": {"createdAt": "desc"}, "where": {"familyId": "family-test-123"}}

    Number of calls: 1

      288 |     await GET(request);
      289 |
    > 290 |     expect(dbMock.automationRule.findMany).toHaveBeenCalledWith(
          |                                            ^
      291 |       expect.objectContaining({
      292 |         include: expect.objectContaining({
      293 |           _count: expect.objectContaining({

      at Object.toHaveBeenCalledWith (tests/integration/api/rules/route.test.ts:290:44)

  ● POST /api/rules › should return 400 if trigger is not an object

    expect(received).toBe(expected) // Object.is equality

    Expected: 400
    Received: 500

      459 |
      460 |     const response = await POST(request);
    > 461 |     expect(response.status).toBe(400);
          |                             ^
      462 |   });
      463 |
      464 |   // ============================================

      at Object.toBe (tests/integration/api/rules/route.test.ts:461:29)

  ● POST /api/rules › should return 400 if actions is missing

    expect(received).toContain(expected) // indexOf

    Expected substring: "Actions"
    Received string:    "At least one action is required"

      482 |
      483 |     const data = await response.json();
    > 484 |     expect(data.error).toContain('Actions');
          |                        ^
      485 |   });
      486 |
      487 |   it('should return 400 if actions is not an array', async () => {

      at Object.toContain (tests/integration/api/rules/route.test.ts:484:24)

  ● POST /api/rules › should return 400 if rule configuration is invalid

    expect(received).toBe(expected) // Object.is equality

    Expected: "Invalid trigger configuration"
    Received: "Invalid rule configuration"

      545 |
      546 |     const data = await response.json();
    > 547 |     expect(data.error).toBe('Invalid trigger configuration');
          |                        ^
      548 |   });
      549 |
      550 |   // ============================================

      at Object.toBe (tests/integration/api/rules/route.test.ts:547:24)

  ● POST /api/rules › should create audit log for RULE_CREATED

    expect(jest.fn()).toHaveBeenCalledWith(...expected)

    Expected: ObjectContaining {"data": ObjectContaining {"action": "RULE_CREATED", "entityId": "rule-1", "entityType": "AutomationRule", "result": "SUCCESS"}}
    Received: {"data": {"action": "RULE_CREATED", "entityId": "rule-1", "entityType": "AUTOMATION_RULE", "familyId": "family-test-123", "memberId": "parent-test-123", "metadata": {"name": "Test Rule", "triggerType": "chore_completed"}, "result": "SUCCESS"}}

    Number of calls: 1

      770 |     await POST(request);
      771 |
    > 772 |     expect(dbMock.auditLog.create).toHaveBeenCalledWith(
          |                                    ^
      773 |       expect.objectContaining({
      774 |         data: expect.objectContaining({
      775 |           action: 'RULE_CREATED',

      at Object.toHaveBeenCalledWith (tests/integration/api/rules/route.test.ts:772:36)

FAIL tests/integration/api/shopping/items/route.test.ts
  ● /api/shopping/items › POST › should create audit log

    expect(jest.fn()).toHaveBeenCalledWith(...expected)

    - Expected
    + Received

    @@ -1,12 +1,13 @@
      Object {
    -   "data": ObjectContaining {
    +   "data": Object {
          "action": "SHOPPING_ITEM_ADDED",
    -     "entityType": "ShoppingItem",
    +     "entityId": "item-1",
    +     "entityType": "SHOPPING_ITEM",
          "familyId": "family-test-123",
          "memberId": "child-test-123",
    -     "metadata": ObjectContaining {
    +     "metadata": Object {
            "category": "DAIRY",
            "itemName": "Milk",
            "priority": "NORMAL",
          },
          "result": "SUCCESS",,

    Number of calls: 1

      264 |       await POST(request)
      265 |
    > 266 |       expect(dbMock.auditLog.create).toHaveBeenCalledWith({
          |                                      ^
      267 |         data: expect.objectContaining({
      268 |           familyId: session.user.familyId,
      269 |           memberId: session.user.id,

      at Object.toHaveBeenCalledWith (tests/integration/api/shopping/items/route.test.ts:266:38)

FAIL tests/integration/api/health/temperature/route.test.ts
  ● /api/health/temperature › POST › should allow parents to log temperature for any family member

    expect(jest.fn()).toHaveBeenCalledWith(...expected)

    - Expected
    + Received

    @@ -1,10 +1,11 @@
      Object {
        "data": Object {
          "memberId": "child-test-123",
          "method": "ORAL",
          "notes": "Child has fever",
    +     "recordedAt": "2026-01-21T13:14:04.123Z",
          "temperature": 101.5,
        },
        "include": Object {
          "member": Object {
            "select": Object {,

    Number of calls: 1

      101 |       expect(data.log.method).toBe('ORAL');
      102 |
    > 103 |       expect(dbMock.temperatureLog.create).toHaveBeenCalledWith({
          |                                            ^
      104 |         data: {
      105 |           memberId: 'child-test-123',
      106 |           temperature: 101.5,

      at Object.toHaveBeenCalledWith (tests/integration/api/health/temperature/route.test.ts:103:44)

  ● /api/health/temperature › POST › should return 400 if memberId is missing

    expect(received).toBe(expected) // Object.is equality

    Expected: 400
    Received: 404

      155 |       const response = await POST(request);
      156 |
    > 157 |       expect(response.status).toBe(400);
          |                               ^
      158 |       const data = await response.json();
      159 |       expect(data.error).toBe('Member ID is required');
      160 |     });

      at Object.toBe (tests/integration/api/health/temperature/route.test.ts:157:31)

  ● /api/health/temperature › POST › should accept optional notes

    expect(jest.fn()).toHaveBeenCalledWith(...expected)

    - Expected
    + Received

      Object {
        "data": Object {
          "memberId": "child-test-123",
          "method": "ORAL",
          "notes": "Child is feeling hot",
    +     "recordedAt": "2026-01-21T13:14:04.155Z",
          "temperature": 101.5,
        },
    -   "include": Any<Object>,
    +   "include": Object {
    +     "member": Object {
    +       "select": Object {
    +         "id": true,
    +         "name": true,
    +       },
    +     },
    +   },
      },

    Number of calls: 1

      329 |
      330 |       expect(response.status).toBe(201);
    > 331 |       expect(dbMock.temperatureLog.create).toHaveBeenCalledWith({
          |                                            ^
      332 |         data: {
      333 |           memberId: 'child-test-123',
      334 |           temperature: 101.5,

      at Object.toHaveBeenCalledWith (tests/integration/api/health/temperature/route.test.ts:331:44)

  ● /api/health/temperature › POST › should log audit event on successful creation

    expect(jest.fn()).toHaveBeenCalledWith(...expected)

    - Expected
    + Received

      Object {
        "data": Object {
          "action": "TEMPERATURE_LOGGED",
          "entityId": "temp-log-1",
    -     "entityType": "TemperatureLog",
    +     "entityType": "TEMPERATURE_LOG",
          "familyId": "family-test-123",
          "memberId": "parent-test-123",
          "result": "SUCCESS",
        },
      },

    Number of calls: 1

      359 |
      360 |       expect(response.status).toBe(201);
    > 361 |       expect(dbMock.auditLog.create).toHaveBeenCalledWith({
          |                                      ^
      362 |         data: {
      363 |           familyId: 'family-test-123',
      364 |           memberId: 'parent-test-123',

      at Object.toHaveBeenCalledWith (tests/integration/api/health/temperature/route.test.ts:361:38)

  ● /api/health/temperature › POST › Sick Mode Auto-Trigger › should auto-trigger sick mode when temperature exceeds threshold

    expect(received).toBe(expected) // Object.is equality

    Expected: true
    Received: undefined

      415 |       expect(response.status).toBe(201);
      416 |       const data = await response.json();
    > 417 |       expect(data.sickModeTriggered).toBe(true);
          |                                      ^
      418 |       expect(dbMock.sickModeInstance.create).toHaveBeenCalled();
      419 |     });
      420 |

      at Object.toBe (tests/integration/api/health/temperature/route.test.ts:417:38)

  ● /api/health/temperature › POST › Sick Mode Auto-Trigger › should not auto-trigger if temperature is below threshold

    expect(received).toBe(expected) // Object.is equality

    Expected: false
    Received: undefined

      450 |       expect(response.status).toBe(201);
      451 |       const data = await response.json();
    > 452 |       expect(data.sickModeTriggered).toBe(false);
          |                                      ^
      453 |       expect(dbMock.sickModeInstance.create).not.toHaveBeenCalled();
      454 |     });
      455 |

      at Object.toBe (tests/integration/api/health/temperature/route.test.ts:452:38)

  ● /api/health/temperature › POST › Sick Mode Auto-Trigger › should not auto-trigger if setting is disabled

    expect(received).toBe(expected) // Object.is equality

    Expected: false
    Received: undefined

      485 |       expect(response.status).toBe(201);
      486 |       const data = await response.json();
    > 487 |       expect(data.sickModeTriggered).toBe(false);
          |                                      ^
      488 |       expect(dbMock.sickModeInstance.create).not.toHaveBeenCalled();
      489 |     });
      490 |

      at Object.toBe (tests/integration/api/health/temperature/route.test.ts:487:38)

  ● /api/health/temperature › POST › Sick Mode Auto-Trigger › should not auto-trigger if sick mode already active

    expect(received).toBe(expected) // Object.is equality

    Expected: false
    Received: undefined

      524 |       expect(response.status).toBe(201);
      525 |       const data = await response.json();
    > 526 |       expect(data.sickModeTriggered).toBe(false);
          |                                      ^
      527 |       expect(dbMock.sickModeInstance.create).not.toHaveBeenCalled();
      528 |     });
      529 |   });

      at Object.toBe (tests/integration/api/health/temperature/route.test.ts:526:38)

FAIL tests/integration/api/screentime/grace/approve.test.ts
  ● POST /api/screentime/grace/approve › should return 404 if grace log not found

    expect(received).toBe(expected) // Object.is equality

    Expected: 404
    Received: 500

      60 |     const response = await POST(request as NextRequest);
      61 |
    > 62 |     expect(response.status).toBe(404);
         |                             ^
      63 |     const data = await response.json();
      64 |     expect(data.error).toContain('not found');
      65 |   });

      at Object.toBe (tests/integration/api/screentime/grace/approve.test.ts:62:29)

  ● POST /api/screentime/grace/approve › should return 400 if already processed

    expect(received).toBe(expected) // Object.is equality

    Expected: 400
    Received: 500

      105 |     const response = await POST(request as NextRequest);
      106 |
    > 107 |     expect(response.status).toBe(400);
          |                             ^
      108 |     const data = await response.json();
      109 |     expect(data.error).toContain('already');
      110 |   });

      at Object.toBe (tests/integration/api/screentime/grace/approve.test.ts:107:29)

  ● POST /api/screentime/grace/approve › should approve and grant grace successfully

    expect(received).toBe(expected) // Object.is equality

    Expected: 200
    Received: 500

      219 |     const data = await response.json();
      220 |
    > 221 |     expect(response.status).toBe(200);
          |                             ^
      222 |     expect(data.success).toBe(true);
      223 |     expect(data.approved).toBe(true);
      224 |

      at Object.toBe (tests/integration/api/screentime/grace/approve.test.ts:221:29)

  ● POST /api/screentime/grace/approve › should deny request and update status

    expect(received).toBe(expected) // Object.is equality

    Expected: 200
    Received: 500

      296 |     const data = await response.json();
      297 |
    > 298 |     expect(response.status).toBe(200);
          |                             ^
      299 |     expect(data.success).toBe(true);
      300 |     expect(data.approved).toBe(false);
      301 |

      at Object.toBe (tests/integration/api/screentime/grace/approve.test.ts:298:29)

  ● POST /api/screentime/grace/approve › should verify family ownership

    expect(received).toBe(expected) // Object.is equality

    Expected: 403
    Received: 500

      366 |     const response = await POST(request as NextRequest);
      367 |
    > 368 |     expect(response.status).toBe(403);
          |                             ^
      369 |     const data = await response.json();
      370 |     expect(data.error).toBe('Cannot approve grace requests from other families');
      371 |   });

      at Object.toBe (tests/integration/api/screentime/grace/approve.test.ts:368:29)

FAIL tests/integration/api/projects/[id]/route.test.ts
  ● GET /api/projects/[id] › Project Retrieval › should return project with all details

    expect(jest.fn()).toHaveBeenCalledWith(...expected)

    - Expected
    + Received

      Object {
        "include": Object {
          "creator": Object {
            "select": Object {
    -         "id": true,
    -         "name": true,
    -       },
    -     },
    -     "tasks": Object {
    -       "include": Object {
    -         "_count": Object {
    -           "select": Object {
    -             "dependencies": true,
    -             "dependents": true,
    -           },
    -         },
    -         "assignee": Object {
    -           "select": Object {
    +         "avatarUrl": true,
              "id": true,
              "name": true,
            },
          },
    -       },
    -       "orderBy": Object {
    -         "sortOrder": "asc",
    -       },
    -     },
    +     "tasks": true,
        },
        "where": Object {
          "id": "project-1",
        },
      },

    Number of calls: 1

      88 |       expect(data.project.name).toBe('Birthday Party');
      89 |       expect(data.project.tasks).toHaveLength(2);
    > 90 |       expect(dbMock.project.findUnique).toHaveBeenCalledWith({
         |                                         ^
      91 |         where: { id: 'project-1' },
      92 |         include: {
      93 |           creator: {

      at Object.toHaveBeenCalledWith (tests/integration/api/projects/[id]/route.test.ts:90:41)

  ● PATCH /api/projects/[id] › Authentication › should return 403 if user is a child

    expect(received).toBe(expected) // Object.is equality

    Expected: "Only parents can update projects"
    Received: "Only parents can manage projects"

      202 |       expect(response.status).toBe(403);
      203 |       const data = await response.json();
    > 204 |       expect(data.error).toBe('Only parents can update projects');
          |                          ^
      205 |     });
      206 |   });
      207 |

      at Object.toBe (tests/integration/api/projects/[id]/route.test.ts:204:26)

  ● PATCH /api/projects/[id] › Validation › should return 403 if project belongs to different family

    expect(received).toBe(expected) // Object.is equality

    Expected: 403
    Received: 404

      240 |       );
      241 |
    > 242 |       expect(response.status).toBe(403);
          |                               ^
      243 |       const data = await response.json();
      244 |       expect(data.error).toBe('Access denied');
      245 |     });

      at Object.toBe (tests/integration/api/projects/[id]/route.test.ts:242:31)

  ● PATCH /api/projects/[id] › Validation › should return 400 if name is empty string

    expect(received).toBe(expected) // Object.is equality

    Expected: 400
    Received: 200

      262 |       );
      263 |
    > 264 |       expect(response.status).toBe(400);
          |                               ^
      265 |       const data = await response.json();
      266 |       expect(data.error).toBe('Name cannot be empty');
      267 |     });

      at Object.toBe (tests/integration/api/projects/[id]/route.test.ts:264:31)

  ● PATCH /api/projects/[id] › Validation › should return 400 if status is invalid

    expect(received).toBe(expected) // Object.is equality

    Expected: 400
    Received: 200

      284 |       );
      285 |
    > 286 |       expect(response.status).toBe(400);
          |                               ^
      287 |       const data = await response.json();
      288 |       expect(data.error).toContain('Invalid status');
      289 |     });

      at Object.toBe (tests/integration/api/projects/[id]/route.test.ts:286:31)

  ● PATCH /api/projects/[id] › Validation › should return 400 if budget is negative

    expect(received).toBe(expected) // Object.is equality

    Expected: 400
    Received: 200

      306 |       );
      307 |
    > 308 |       expect(response.status).toBe(400);
          |                               ^
      309 |       const data = await response.json();
      310 |       expect(data.error).toBe('Budget must be a positive number');
      311 |     });

      at Object.toBe (tests/integration/api/projects/[id]/route.test.ts:308:31)

  ● PATCH /api/projects/[id] › Validation › should return 400 if dueDate is before startDate

    expect(received).toBe(expected) // Object.is equality

    Expected: 400
    Received: 200

      329 |       );
      330 |
    > 331 |       expect(response.status).toBe(400);
          |                               ^
      332 |       const data = await response.json();
      333 |       expect(data.error).toBe('Due date must be after start date');
      334 |     });

      at Object.toBe (tests/integration/api/projects/[id]/route.test.ts:331:31)

  ● PATCH /api/projects/[id] › Project Update › should update all fields

    expect(jest.fn()).toHaveBeenCalledWith(...expected)

    - Expected
    + Received

    @@ -1,13 +1,13 @@
      Object {
        "data": Object {
          "budget": 1000,
          "description": "Updated description",
    -     "dueDate": 2026-03-15T00:00:00.000Z,
    +     "dueDate": "2026-03-15",
          "name": "Updated Name",
          "notes": "Updated notes",
    -     "startDate": 2026-03-01T00:00:00.000Z,
    +     "startDate": "2026-03-01",
          "status": "ON_HOLD",
        },
        "where": Object {
          "id": "project-1",
        },,

    Number of calls: 1

      396 |
      397 |       expect(response.status).toBe(200);
    > 398 |       expect(dbMock.project.update).toHaveBeenCalledWith({
          |                                     ^
      399 |         where: { id: 'project-1' },
      400 |         data: {
      401 |           name: 'Updated Name',

      at Object.toHaveBeenCalledWith (tests/integration/api/projects/[id]/route.test.ts:398:37)

  ● PATCH /api/projects/[id] › Project Update › should trim whitespace from name

    expect(jest.fn()).toHaveBeenCalledWith(...expected)

    Expected: ObjectContaining {"data": ObjectContaining {"name": "Updated Name"}}
    Received: {"data": {"name": "  Updated Name  "}, "where": {"id": "project-1"}}

    Number of calls: 1

      429 |       );
      430 |
    > 431 |       expect(dbMock.project.update).toHaveBeenCalledWith(
          |                                     ^
      432 |         expect.objectContaining({
      433 |           data: expect.objectContaining({
      434 |             name: 'Updated Name',

      at Object.toHaveBeenCalledWith (tests/integration/api/projects/[id]/route.test.ts:431:37)

  ● PATCH /api/projects/[id] › Audit Logging › should create audit log on successful update

    expect(jest.fn()).toHaveBeenCalledWith(...expected)

    Expected: {"data": {"action": "PROJECT_UPDATED", "familyId": "family-test-123", "memberId": "parent-test-123", "metadata": {"projectId": "project-1", "updates": {"status": "COMPLETED"}}, "result": "SUCCESS"}}

    Number of calls: 0

      460 |       );
      461 |
    > 462 |       expect(dbMock.auditLog.create).toHaveBeenCalledWith({
          |                                      ^
      463 |         data: {
      464 |           familyId: 'family-test-123',
      465 |           memberId: 'parent-test-123',

      at Object.toHaveBeenCalledWith (tests/integration/api/projects/[id]/route.test.ts:462:38)

  ● DELETE /api/projects/[id] › Authentication › should return 403 if user is a child

    expect(received).toBe(expected) // Object.is equality

    Expected: "Only parents can delete projects"
    Received: "Only parents can manage projects"

      532 |       expect(response.status).toBe(403);
      533 |       const data = await response.json();
    > 534 |       expect(data.error).toBe('Only parents can delete projects');
          |                          ^
      535 |     });
      536 |   });
      537 |

      at Object.toBe (tests/integration/api/projects/[id]/route.test.ts:534:26)

  ● DELETE /api/projects/[id] › Project Deletion › should return 403 if project belongs to different family

    expect(received).toBe(expected) // Object.is equality

    Expected: 403
    Received: 404

      595 |       );
      596 |
    > 597 |       expect(response.status).toBe(403);
          |                               ^
      598 |       const data = await response.json();
      599 |       expect(data.error).toBe('Access denied');
      600 |     });

      at Object.toBe (tests/integration/api/projects/[id]/route.test.ts:597:31)

  ● DELETE /api/projects/[id] › Audit Logging › should create audit log on successful deletion

    expect(jest.fn()).toHaveBeenCalledWith(...expected)

    Expected: {"data": {"action": "PROJECT_DELETED", "familyId": "family-test-123", "memberId": "parent-test-123", "metadata": {"name": "Test Project", "projectId": "project-1"}, "result": "SUCCESS"}}

    Number of calls: 0

      621 |       );
      622 |
    > 623 |       expect(dbMock.auditLog.create).toHaveBeenCalledWith({
          |                                      ^
      624 |         data: {
      625 |           familyId: 'family-test-123',
      626 |           memberId: 'parent-test-123',

      at Object.toHaveBeenCalledWith (tests/integration/api/projects/[id]/route.test.ts:623:38)

FAIL tests/integration/api/projects/[id]/tasks/route.test.ts
  ● GET /api/projects/[id]/tasks › Task Listing › should return 403 if project belongs to different family

    expect(received).toBe(expected) // Object.is equality

    Expected: 403
    Received: 404

      137 |       );
      138 |
    > 139 |       expect(response.status).toBe(403);
          |                               ^
      140 |       const data = await response.json();
      141 |       expect(data.error).toBe('Access denied');
      142 |     });

      at Object.toBe (tests/integration/api/projects/[id]/tasks/route.test.ts:139:31)

  ● GET /api/projects/[id]/tasks › Error Handling › should return 500 if database query fails

    expect(received).toBe(expected) // Object.is equality

    Expected: "Failed to fetch tasks"
    Received: "Failed to get tasks"

      181 |       expect(response.status).toBe(500);
      182 |       const data = await response.json();
    > 183 |       expect(data.error).toBe('Failed to fetch tasks');
          |                          ^
      184 |     });
      185 |   });
      186 | });

      at Object.toBe (tests/integration/api/projects/[id]/tasks/route.test.ts:183:26)

  ● POST /api/projects/[id]/tasks › Authentication › should return 403 if user is a child

    expect(received).toBe(expected) // Object.is equality

    Expected: "Only parents can manage tasks"
    Received: "Only parents can manage projects"

      219 |       expect(response.status).toBe(403);
      220 |       const data = await response.json();
    > 221 |       expect(data.error).toBe('Only parents can manage tasks');
          |                          ^
      222 |     });
      223 |   });
      224 |

      at Object.toBe (tests/integration/api/projects/[id]/tasks/route.test.ts:221:26)

  ● POST /api/projects/[id]/tasks › Validation › should return 403 if project belongs to different family

    expect(received).toBe(expected) // Object.is equality

    Expected: 403
    Received: 404

      257 |       );
      258 |
    > 259 |       expect(response.status).toBe(403);
          |                               ^
      260 |       const data = await response.json();
      261 |       expect(data.error).toBe('Access denied');
      262 |     });

      at Object.toBe (tests/integration/api/projects/[id]/tasks/route.test.ts:259:31)

  ● POST /api/projects/[id]/tasks › Validation › should return 400 if name is missing

    expect(received).toBe(expected) // Object.is equality

    Expected: 400
    Received: 200

      279 |       );
      280 |
    > 281 |       expect(response.status).toBe(400);
          |                               ^
      282 |       const data = await response.json();
      283 |       expect(data.error).toBe('Task name is required');
      284 |     });

      at Object.toBe (tests/integration/api/projects/[id]/tasks/route.test.ts:281:31)

  ● POST /api/projects/[id]/tasks › Validation › should return 400 if name is empty string

    expect(received).toBe(expected) // Object.is equality

    Expected: 400
    Received: 200

      301 |       );
      302 |
    > 303 |       expect(response.status).toBe(400);
          |                               ^
      304 |       const data = await response.json();
      305 |       expect(data.error).toBe('Task name is required');
      306 |     });

      at Object.toBe (tests/integration/api/projects/[id]/tasks/route.test.ts:303:31)

  ● POST /api/projects/[id]/tasks › Validation › should return 400 if status is invalid

    expect(received).toBe(expected) // Object.is equality

    Expected: 400
    Received: 200

      326 |       );
      327 |
    > 328 |       expect(response.status).toBe(400);
          |                               ^
      329 |       const data = await response.json();
      330 |       expect(data.error).toContain('Invalid status');
      331 |     });

      at Object.toBe (tests/integration/api/projects/[id]/tasks/route.test.ts:328:31)

  ● POST /api/projects/[id]/tasks › Validation › should return 400 if estimatedHours is negative

    expect(received).toBe(expected) // Object.is equality

    Expected: 400
    Received: 200

      351 |       );
      352 |
    > 353 |       expect(response.status).toBe(400);
          |                               ^
      354 |       const data = await response.json();
      355 |       expect(data.error).toBe('Estimated hours must be a positive number');
      356 |     });

      at Object.toBe (tests/integration/api/projects/[id]/tasks/route.test.ts:353:31)

  ● POST /api/projects/[id]/tasks › Validation › should return 400 if actualHours is negative

    expect(received).toBe(expected) // Object.is equality

    Expected: 400
    Received: 200

      376 |       );
      377 |
    > 378 |       expect(response.status).toBe(400);
          |                               ^
      379 |       const data = await response.json();
      380 |       expect(data.error).toBe('Actual hours must be a positive number');
      381 |     });

      at Object.toBe (tests/integration/api/projects/[id]/tasks/route.test.ts:378:31)

  ● POST /api/projects/[id]/tasks › Task Creation › should create a task with minimal data

    expect(received).toBe(expected) // Object.is equality

    Expected: 201
    Received: 200

      418 |       );
      419 |
    > 420 |       expect(response.status).toBe(201);
          |                               ^
      421 |       const data = await response.json();
      422 |       expect(data.task.name).toBe('New Task');
      423 |       expect(data.task.status).toBe('PENDING');

      at Object.toBe (tests/integration/api/projects/[id]/tasks/route.test.ts:420:31)

  ● POST /api/projects/[id]/tasks › Task Creation › should create a task with all fields

    expect(received).toBe(expected) // Object.is equality

    Expected: 201
    Received: 200

      453 |       );
      454 |
    > 455 |       expect(response.status).toBe(201);
          |                               ^
      456 |       expect(dbMock.projectTask.create).toHaveBeenCalledWith({
      457 |         data: {
      458 |           projectId: 'project-1',

      at Object.toBe (tests/integration/api/projects/[id]/tasks/route.test.ts:455:31)

  ● POST /api/projects/[id]/tasks › Task Creation › should auto-increment sortOrder

    expect(jest.fn()).toHaveBeenCalledWith(...expected)

    Expected: ObjectContaining {"data": ObjectContaining {"sortOrder": 5}}
    Received: {"data": {"name": "New Task", "projectId": "project-1"}}

    Number of calls: 1

      489 |       );
      490 |
    > 491 |       expect(dbMock.projectTask.create).toHaveBeenCalledWith(
          |                                         ^
      492 |         expect.objectContaining({
      493 |           data: expect.objectContaining({
      494 |             sortOrder: 5,

      at Object.toHaveBeenCalledWith (tests/integration/api/projects/[id]/tasks/route.test.ts:491:41)

  ● POST /api/projects/[id]/tasks › Task Creation › should trim whitespace from name

    expect(jest.fn()).toHaveBeenCalledWith(...expected)

    Expected: ObjectContaining {"data": ObjectContaining {"name": "New Task"}}
    Received: {"data": {"name": "  New Task  ", "projectId": "project-1"}}

    Number of calls: 1

      518 |       );
      519 |
    > 520 |       expect(dbMock.projectTask.create).toHaveBeenCalledWith(
          |                                         ^
      521 |         expect.objectContaining({
      522 |           data: expect.objectContaining({
      523 |             name: 'New Task',

      at Object.toHaveBeenCalledWith (tests/integration/api/projects/[id]/tasks/route.test.ts:520:41)

  ● POST /api/projects/[id]/tasks › Task Creation › should default status to PENDING

    expect(jest.fn()).toHaveBeenCalledWith(...expected)

    Expected: ObjectContaining {"data": ObjectContaining {"status": "PENDING"}}
    Received: {"data": {"name": "New Task", "projectId": "project-1"}}

    Number of calls: 1

      547 |       );
      548 |
    > 549 |       expect(dbMock.projectTask.create).toHaveBeenCalledWith(
          |                                         ^
      550 |         expect.objectContaining({
      551 |           data: expect.objectContaining({
      552 |             status: 'PENDING',

      at Object.toHaveBeenCalledWith (tests/integration/api/projects/[id]/tasks/route.test.ts:549:41)

  ● POST /api/projects/[id]/tasks › Audit Logging › should create audit log on successful task creation

    expect(jest.fn()).toHaveBeenCalledWith(...expected)

    Expected: {"data": {"action": "PROJECT_TASK_CREATED", "familyId": "family-test-123", "memberId": "parent-test-123", "metadata": {"name": "New Task", "projectId": "project-1", "taskId": "task-1"}, "result": "SUCCESS"}}

    Number of calls: 0

      583 |       );
      584 |
    > 585 |       expect(dbMock.auditLog.create).toHaveBeenCalledWith({
          |                                      ^
      586 |         data: {
      587 |           familyId: 'family-test-123',
      588 |           memberId: 'parent-test-123',

      at Object.toHaveBeenCalledWith (tests/integration/api/projects/[id]/tasks/route.test.ts:585:38)

FAIL tests/integration/api/dashboard/route.test.ts
  ● /api/dashboard › GET › should return 401 if not authenticated

    expect(received).toBe(expected) // Object.is equality

    Expected: 401
    Received: 500

      44 |       const data = await response.json()
      45 |
    > 46 |       expect(response.status).toBe(401)
         |                               ^
      47 |       expect(data.error).toBe('Unauthorized')
      48 |     })
      49 |

      at Object.toBe (tests/integration/api/dashboard/route.test.ts:46:31)

  ● /api/dashboard › GET › should return dashboard data for child

    expect(received).toEqual(expected) // deep equality

    Expected: {"current": 100, "lifetimeEarned": 200, "lifetimeSpent": 100}
    Received: null

      191 |         ]),
      192 |       })
    > 193 |       expect(data.credits).toEqual({
          |                            ^
      194 |         current: 100,
      195 |         lifetimeEarned: 200,
      196 |         lifetimeSpent: 100,

      at Object.toEqual (tests/integration/api/dashboard/route.test.ts:193:28)

FAIL tests/integration/api/approvals/bulk-actions.test.ts
  ● Bulk Approval APIs › POST /api/approvals/bulk-approve › should validate itemIds is a non-empty array

    expect(received).toBe(expected) // Object.is equality

    Expected: "itemIds must be a non-empty array"
    Received: "Items array is required"

      57 |
      58 |       expect(response.status).toBe(400);
    > 59 |       expect(data.error).toBe('itemIds must be a non-empty array');
         |                          ^
      60 |     });
      61 |
      62 |     it('should approve a chore completion and award credits', async () => {

      at Object.toBe (tests/integration/api/approvals/bulk-actions.test.ts:59:26)

  ● Bulk Approval APIs › POST /api/approvals/bulk-approve › should approve a chore completion and award credits

    expect(received).toBe(expected) // Object.is equality

    Expected: 200
    Received: 400

      103 |       const data = await response.json();
      104 |
    > 105 |       expect(response.status).toBe(200);
          |                               ^
      106 |       expect(data.success).toEqual(['chore-chore-123']);
      107 |       expect(data.failed).toEqual([]);
      108 |       expect(data.total).toBe(1);

      at Object.toBe (tests/integration/api/approvals/bulk-actions.test.ts:105:31)

  ● Bulk Approval APIs › POST /api/approvals/bulk-approve › should approve a reward redemption

    expect(received).toBe(expected) // Object.is equality

    Expected: 200
    Received: 400

      148 |       const data = await response.json();
      149 |
    > 150 |       expect(response.status).toBe(200);
          |                               ^
      151 |       expect(data.success).toEqual(['reward-redemption-1']);
      152 |       expect(data.failed).toEqual([]);
      153 |       expect(data.total).toBe(1);

      at Object.toBe (tests/integration/api/approvals/bulk-actions.test.ts:150:31)

  ● Bulk Approval APIs › POST /api/approvals/bulk-approve › should handle mixed success and failures

    expect(received).toBe(expected) // Object.is equality

    Expected: 200
    Received: 400

      198 |       const data = await response.json();
      199 |
    > 200 |       expect(response.status).toBe(200);
          |                               ^
      201 |       expect(data.success).toEqual(['chore-chore-123']);
      202 |       expect(data.failed).toHaveLength(1);
      203 |       expect(data.failed[0]).toEqual({

      at Object.toBe (tests/integration/api/approvals/bulk-actions.test.ts:200:31)

  ● Bulk Approval APIs › POST /api/approvals/bulk-approve › should enforce family isolation for chores

    expect(received).toBe(expected) // Object.is equality

    Expected: 200
    Received: 400

      236 |       const data = await response.json();
      237 |
    > 238 |       expect(response.status).toBe(200);
          |                               ^
      239 |       expect(data.success).toEqual([]);
      240 |       expect(data.failed).toHaveLength(1);
      241 |       expect(data.failed[0].reason).toBe('Not authorized to approve this chore');

      at Object.toBe (tests/integration/api/approvals/bulk-actions.test.ts:238:31)

  ● Bulk Approval APIs › POST /api/approvals/bulk-approve › should not approve already processed chores

    expect(received).toBe(expected) // Object.is equality

    Expected: 200
    Received: 400

      270 |       const data = await response.json();
      271 |
    > 272 |       expect(response.status).toBe(200);
          |                               ^
      273 |       expect(data.failed).toHaveLength(1);
      274 |       expect(data.failed[0].reason).toBe('Chore is APPROVED, not awaiting approval');
      275 |     });

      at Object.toBe (tests/integration/api/approvals/bulk-actions.test.ts:272:31)

  ● Bulk Approval APIs › POST /api/approvals/bulk-deny › should deny a chore completion without awarding credits

    expect(received).toBe(expected) // Object.is equality

    Expected: 200
    Received: 400

      342 |       const data = await response.json();
      343 |
    > 344 |       expect(response.status).toBe(200);
          |                               ^
      345 |       expect(data.success).toEqual(['chore-chore-123']);
      346 |       expect(data.failed).toEqual([]);
      347 |

      at Object.toBe (tests/integration/api/approvals/bulk-actions.test.ts:344:31)

  ● Bulk Approval APIs › POST /api/approvals/bulk-deny › should deny a reward redemption and refund credits

    expect(received).toBe(expected) // Object.is equality

    Expected: 200
    Received: 400

      387 |       const data = await response.json();
      388 |
    > 389 |       expect(response.status).toBe(200);
          |                               ^
      390 |       expect(data.success).toEqual(['reward-redemption-1']);
      391 |       expect(data.failed).toEqual([]);
      392 |

      at Object.toBe (tests/integration/api/approvals/bulk-actions.test.ts:389:31)

  ● Bulk Approval APIs › POST /api/approvals/bulk-deny › should enforce family isolation for rewards

    expect(received).toBe(expected) // Object.is equality

    Expected: 200
    Received: 400

      417 |       const data = await response.json();
      418 |
    > 419 |       expect(response.status).toBe(200);
          |                               ^
      420 |       expect(data.failed).toHaveLength(1);
      421 |       expect(data.failed[0].reason).toBe('Not authorized to deny this redemption');
      422 |     });

      at Object.toBe (tests/integration/api/approvals/bulk-actions.test.ts:419:31)

  ● Bulk Approval APIs › POST /api/approvals/bulk-deny › should handle invalid item type

    expect(received).toBe(expected) // Object.is equality

    Expected: 200
    Received: 400

      433 |       const data = await response.json();
      434 |
    > 435 |       expect(response.status).toBe(200);
          |                               ^
      436 |       expect(data.failed).toHaveLength(1);
      437 |       expect(data.failed[0].reason).toBe('Invalid item type');
      438 |     });

      at Object.toBe (tests/integration/api/approvals/bulk-actions.test.ts:435:31)

FAIL tests/integration/api/screentime/types/[id]/route.test.ts
  ● /api/screentime/types/[id] › GET › should return type with counts

    expect(received).toBe(expected) // Object.is equality

    Expected: 200
    Received: 404

      78 |       const data = await response.json();
      79 |
    > 80 |       expect(response.status).toBe(200);
         |                               ^
      81 |       expect(data.type.name).toBe('Educational');
      82 |       expect(data.type._count.transactions).toBe(5);
      83 |       expect(data.type._count.allowances).toBe(2);

      at Object.toBe (tests/integration/api/screentime/types/[id]/route.test.ts:80:31)

  ● /api/screentime/types/[id] › PATCH › should return 403 if user is not a parent

    expect(received).toBe(expected) // Object.is equality

    Expected: 403
    Received: 404

      111 |       const data = await response.json();
      112 |
    > 113 |       expect(response.status).toBe(403);
          |                               ^
      114 |       expect(data.error).toBe('Only parents can update screen time types');
      115 |     });
      116 |

      at Object.toBe (tests/integration/api/screentime/types/[id]/route.test.ts:113:31)

  ● /api/screentime/types/[id] › PATCH › should update type name

    expect(received).toBe(expected) // Object.is equality

    Expected: 200
    Received: 404

      150 |       const data = await response.json();
      151 |
    > 152 |       expect(response.status).toBe(200);
          |                               ^
      153 |       expect(data.type.name).toBe('Updated Name');
      154 |       expect(dbMock.screenTimeType.update).toHaveBeenCalledWith({
      155 |         where: { id: 'type-1' },

      at Object.toBe (tests/integration/api/screentime/types/[id]/route.test.ts:152:31)

  ● /api/screentime/types/[id] › PATCH › should check for duplicate names when updating

    expect(received).toBe(expected) // Object.is equality

    Expected: 400
    Received: 404

      173 |       const data = await response.json();
      174 |
    > 175 |       expect(response.status).toBe(400);
          |                               ^
      176 |       expect(data.error).toBe('A screen time type with this name already exists');
      177 |     });
      178 |

      at Object.toBe (tests/integration/api/screentime/types/[id]/route.test.ts:175:31)

  ● /api/screentime/types/[id] › PATCH › should update isActive status

    expect(received).toBe(expected) // Object.is equality

    Expected: 200
    Received: 404

      195 |       const data = await response.json();
      196 |
    > 197 |       expect(response.status).toBe(200);
          |                               ^
      198 |       expect(data.type.isActive).toBe(false);
      199 |     });
      200 |   });

      at Object.toBe (tests/integration/api/screentime/types/[id]/route.test.ts:197:31)

  ● /api/screentime/types/[id] › DELETE › should return 403 if user is not a parent

    expect(received).toBe(expected) // Object.is equality

    Expected: 403
    Received: 404

      224 |       const data = await response.json();
      225 |
    > 226 |       expect(response.status).toBe(403);
          |                               ^
      227 |       expect(data.error).toBe('Only parents can archive screen time types');
      228 |     });
      229 |

      at Object.toBe (tests/integration/api/screentime/types/[id]/route.test.ts:226:31)

  ● /api/screentime/types/[id] › DELETE › should archive type if it has transactions

    expect(received).toBe(expected) // Object.is equality

    Expected: 200
    Received: 404

      253 |       const data = await response.json();
      254 |
    > 255 |       expect(response.status).toBe(200);
          |                               ^
      256 |       expect(data.type.isArchived).toBe(true);
      257 |       expect(data.type.isActive).toBe(false);
      258 |       expect(data.message).toContain('archived');

      at Object.toBe (tests/integration/api/screentime/types/[id]/route.test.ts:255:31)

  ● /api/screentime/types/[id] › DELETE › should delete type if it has no transactions

    expect(received).toBe(expected) // Object.is equality

    Expected: 200
    Received: 404

      287 |       const data = await response.json();
      288 |
    > 289 |       expect(response.status).toBe(200);
          |                               ^
      290 |       expect(data.message).toContain('deleted successfully');
      291 |       expect(dbMock.screenTimeType.delete).toHaveBeenCalledWith({
      292 |         where: { id: 'type-1' },

      at Object.toBe (tests/integration/api/screentime/types/[id]/route.test.ts:289:31)

FAIL tests/integration/api/family/sick-mode/settings/route.test.ts
  ● /api/family/sick-mode/settings › GET › should create default settings if none exist

    expect(jest.fn()).toHaveBeenCalledWith(...expected)

    Expected: {"data": {"familyId": "family-test-123"}}

    Number of calls: 0

      89 |       expect(data.settings).toBeDefined();
      90 |
    > 91 |       expect(dbMock.sickModeSettings.create).toHaveBeenCalledWith({
         |                                              ^
      92 |         data: {
      93 |           familyId: 'family-test-123',
      94 |         },

      at Object.toHaveBeenCalledWith (tests/integration/api/family/sick-mode/settings/route.test.ts:91:46)

  ● /api/family/sick-mode/settings › PUT › should return 403 if child tries to update settings

    expect(received).toBe(expected) // Object.is equality

    Expected: "Only parents can update sick mode settings"
    Received: "Parent access required"

      134 |       expect(response.status).toBe(403);
      135 |       const data = await response.json();
    > 136 |       expect(data.error).toBe('Only parents can update sick mode settings');
          |                          ^
      137 |     });
      138 |
      139 |     it('should allow parents to update settings', async () => {

      at Object.toBe (tests/integration/api/family/sick-mode/settings/route.test.ts:136:26)

  ● /api/family/sick-mode/settings › PUT › should allow parents to update settings

    TypeError: Cannot read properties of null (reading 'pauseChores')

      156 |       expect(response.status).toBe(200);
      157 |       const data = await response.json();
    > 158 |       expect(data.settings.pauseChores).toBe(false);
          |                            ^
      159 |       expect(data.settings.screenTimeBonus).toBe(60);
      160 |
      161 |       expect(dbMock.sickModeSettings.update).toHaveBeenCalledWith({

      at Object.pauseChores (tests/integration/api/family/sick-mode/settings/route.test.ts:158:28)

  ● /api/family/sick-mode/settings › PUT › should create settings if none exist during update

    expect(jest.fn()).toHaveBeenCalledWith(...expected)

    Expected: {"data": {"familyId": "family-test-123", "pauseChores": false}}

    Number of calls: 0

      184 |
      185 |       expect(response.status).toBe(200);
    > 186 |       expect(dbMock.sickModeSettings.create).toHaveBeenCalledWith({
          |                                              ^
      187 |         data: {
      188 |           familyId: 'family-test-123',
      189 |           pauseChores: false,

      at Object.toHaveBeenCalledWith (tests/integration/api/family/sick-mode/settings/route.test.ts:186:46)

  ● /api/family/sick-mode/settings › PUT › should validate temperatureThreshold is a positive number

    expect(received).toBe(expected) // Object.is equality

    Expected: 400
    Received: 200

      201 |       const response = await PUT(request);
      202 |
    > 203 |       expect(response.status).toBe(400);
          |                               ^
      204 |       const data = await response.json();
      205 |       expect(data.error).toBe('Temperature threshold must be a positive number');
      206 |     });

      at Object.toBe (tests/integration/api/family/sick-mode/settings/route.test.ts:203:31)

  ● /api/family/sick-mode/settings › PUT › should validate screenTimeBonus is non-negative

    expect(received).toBe(expected) // Object.is equality

    Expected: 400
    Received: 200

      215 |       const response = await PUT(request);
      216 |
    > 217 |       expect(response.status).toBe(400);
          |                               ^
      218 |       const data = await response.json();
      219 |       expect(data.error).toBe('Screen time bonus must be non-negative');
      220 |     });

      at Object.toBe (tests/integration/api/family/sick-mode/settings/route.test.ts:217:31)

  ● /api/family/sick-mode/settings › PUT › should log audit event on successful update

    expect(jest.fn()).toHaveBeenCalledWith(...expected)

    Expected: {"data": {"action": "SICK_MODE_SETTINGS_UPDATED", "entityId": "settings-1", "entityType": "SickModeSettings", "familyId": "family-test-123", "memberId": "parent-test-123", "newValue": ObjectContaining {"pauseChores": false}, "previousValue": {"autoDisableAfter24Hours": false, "autoEnableOnTemperature": true, "createdAt": 2026-01-21T13:14:05.594Z, "familyId": "family-test-123", "id": "settings-1", "muteNonEssentialNotifs": true, "pauseChores": true, "pauseScreenTimeTracking": true, "screenTimeBonus": 120, "skipBedtimeRoutine": false, "skipMorningRoutine": true, "temperatureThreshold": 100.4, "updatedAt": 2026-01-21T13:14:05.594Z}, "result": "SUCCESS"}}

    Number of calls: 0

      236 |
      237 |       expect(response.status).toBe(200);
    > 238 |       expect(dbMock.auditLog.create).toHaveBeenCalledWith({
          |                                      ^
      239 |         data: {
      240 |           familyId: 'family-test-123',
      241 |           memberId: 'parent-test-123',

      at Object.toHaveBeenCalledWith (tests/integration/api/family/sick-mode/settings/route.test.ts:238:38)

FAIL tests/integration/api/health/events/[id]/route.test.ts
  ● /api/health/events/[id] › GET › should return health event details

    expect(received).toBe(expected) // Object.is equality

    Expected: 200
    Received: 404

      89 |       const response = await GET(request, { params: Promise.resolve({ id: 'event-1' }) });
      90 |
    > 91 |       expect(response.status).toBe(200);
         |                               ^
      92 |       const data = await response.json();
      93 |       expect(data.event.id).toBe('event-1');
      94 |       expect(data.event.eventType).toBe('ILLNESS');

      at Object.toBe (tests/integration/api/health/events/[id]/route.test.ts:91:31)

  ● /api/health/events/[id] › GET › should allow children to view health events

    expect(received).toBe(expected) // Object.is equality

    Expected: 200
    Received: 404

      160 |       const response = await GET(request, { params: Promise.resolve({ id: 'event-1' }) });
      161 |
    > 162 |       expect(response.status).toBe(200);
          |                               ^
      163 |       const data = await response.json();
      164 |       expect(data.event.id).toBe('event-1');
      165 |     });

      at Object.toBe (tests/integration/api/health/events/[id]/route.test.ts:162:31)

  ● /api/health/events/[id] › PATCH › should return 403 if child tries to update another member's event

    expect(received).toBe(expected) // Object.is equality

    Expected: 403
    Received: 404

      198 |       const response = await PATCH(request, { params: Promise.resolve({ id: 'event-1' }) });
      199 |
    > 200 |       expect(response.status).toBe(403);
          |                               ^
      201 |       const data = await response.json();
      202 |       expect(data.error).toBe('Children can only update their own health events');
      203 |     });

      at Object.toBe (tests/integration/api/health/events/[id]/route.test.ts:200:31)

  ● /api/health/events/[id] › PATCH › should allow parents to update any health event

    expect(received).toBe(expected) // Object.is equality

    Expected: 200
    Received: 404

      220 |       const response = await PATCH(request, { params: Promise.resolve({ id: 'event-1' }) });
      221 |
    > 222 |       expect(response.status).toBe(200);
          |                               ^
      223 |       const data = await response.json();
      224 |       expect(data.event.severity).toBe(6);
      225 |

      at Object.toBe (tests/integration/api/health/events/[id]/route.test.ts:222:31)

  ● /api/health/events/[id] › PATCH › should allow children to update their own health events

    expect(received).toBe(expected) // Object.is equality

    Expected: 200
    Received: 404

      266 |       const response = await PATCH(request, { params: Promise.resolve({ id: 'event-1' }) });
      267 |
    > 268 |       expect(response.status).toBe(200);
          |                               ^
      269 |       const data = await response.json();
      270 |       expect(data.event.notes).toBe('Feeling a bit better');
      271 |     });

      at Object.toBe (tests/integration/api/health/events/[id]/route.test.ts:268:31)

  ● /api/health/events/[id] › PATCH › should allow ending a health event by setting endedAt

    expect(received).toBe(expected) // Object.is equality

    Expected: 200
    Received: 404

      325 |       const response = await PATCH(request, { params: Promise.resolve({ id: 'event-1' }) });
      326 |
    > 327 |       expect(response.status).toBe(200);
          |                               ^
      328 |       const data = await response.json();
      329 |       expect(data.event.endedAt).toBeTruthy();
      330 |

      at Object.toBe (tests/integration/api/health/events/[id]/route.test.ts:327:31)

  ● /api/health/events/[id] › PATCH › should return 400 if severity is below 1

    expect(received).toBe(expected) // Object.is equality

    Expected: 400
    Received: 404

      349 |       const response = await PATCH(request, { params: Promise.resolve({ id: 'event-1' }) });
      350 |
    > 351 |       expect(response.status).toBe(400);
          |                               ^
      352 |       const data = await response.json();
      353 |       expect(data.error).toBe('Severity must be between 1 and 10');
      354 |     });

      at Object.toBe (tests/integration/api/health/events/[id]/route.test.ts:351:31)

  ● /api/health/events/[id] › PATCH › should return 400 if severity is above 10

    expect(received).toBe(expected) // Object.is equality

    Expected: 400
    Received: 404

      365 |       const response = await PATCH(request, { params: Promise.resolve({ id: 'event-1' }) });
      366 |
    > 367 |       expect(response.status).toBe(400);
          |                               ^
      368 |       const data = await response.json();
      369 |       expect(data.error).toBe('Severity must be between 1 and 10');
      370 |     });

      at Object.toBe (tests/integration/api/health/events/[id]/route.test.ts:367:31)

  ● /api/health/events/[id] › PATCH › should log audit event on successful update

    expect(received).toBe(expected) // Object.is equality

    Expected: 200
    Received: 404

      385 |       const response = await PATCH(request, { params: Promise.resolve({ id: 'event-1' }) });
      386 |
    > 387 |       expect(response.status).toBe(200);
          |                               ^
      388 |       expect(dbMock.auditLog.create).toHaveBeenCalledWith({
      389 |         data: {
      390 |           familyId: 'family-test-123',

      at Object.toBe (tests/integration/api/health/events/[id]/route.test.ts:387:31)

  ● /api/health/events/[id] › PATCH › should log audit event when ending a health event

    expect(received).toBe(expected) // Object.is equality

    Expected: 200
    Received: 404

      414 |       const response = await PATCH(request, { params: Promise.resolve({ id: 'event-1' }) });
      415 |
    > 416 |       expect(response.status).toBe(200);
          |                               ^
      417 |       expect(dbMock.auditLog.create).toHaveBeenCalledWith({
      418 |         data: {
      419 |           familyId: 'family-test-123',

      at Object.toBe (tests/integration/api/health/events/[id]/route.test.ts:416:31)

FAIL tests/integration/api/allowance/route.test.ts
  ● /api/allowance › POST › should return 403 if user is not a parent

    expect(received).toBe(expected) // Object.is equality

    Expected: "Forbidden"
    Received: "Forbidden - Parent access required"

      138 |
      139 |       expect(response.status).toBe(403)
    > 140 |       expect(data.error).toBe('Forbidden')
          |                          ^
      141 |     })
      142 |
      143 |     it('should validate required fields', async () => {

      at Object.toBe (tests/integration/api/allowance/route.test.ts:140:26)

  ● /api/allowance › POST › should create weekly allowance schedule successfully

    expect(jest.fn()).toHaveBeenCalledWith(...expected)

    - Expected
    + Received

    @@ -6,11 +6,11 @@
          "endDate": null,
          "frequency": "WEEKLY",
          "isActive": true,
          "isPaused": false,
          "memberId": "child-1",
    -     "startDate": Any<Date>,
    +     "startDate": "2026-01-21T13:14:06.034Z",
        },
        "include": Object {
          "member": Object {
            "select": Object {
              "email": true,,

    Number of calls: 1

      318 |       expect(data.success).toBe(true)
      319 |       expect(data.schedule).toEqual(mockSchedule)
    > 320 |       expect(dbMock.allowanceSchedule.create).toHaveBeenCalledWith({
          |                                               ^
      321 |         data: {
      322 |           memberId: 'child-1',
      323 |           amount: 500,

      at Object.toHaveBeenCalledWith (tests/integration/api/allowance/route.test.ts:320:47)

  ● /api/allowance › POST › should handle optional startDate and endDate

    expect(jest.fn()).toHaveBeenCalledWith(...expected)

    Expected: ObjectContaining {"data": ObjectContaining {"endDate": 2025-12-31T00:00:00.000Z, "startDate": 2025-02-01T00:00:00.000Z}}
    Received: {"data": {"amount": 500, "dayOfMonth": null, "dayOfWeek": 0, "endDate": "2025-12-31T00:00:00.000Z", "frequency": "WEEKLY", "isActive": true, "isPaused": false, "memberId": "child-1", "startDate": "2025-02-01T00:00:00.000Z"}, "include": {"member": {"select": {"email": true, "id": true, "name": true}}}}

    Number of calls: 1

      419 |       await POST(request)
      420 |
    > 421 |       expect(dbMock.allowanceSchedule.create).toHaveBeenCalledWith(
          |                                               ^
      422 |         expect.objectContaining({
      423 |           data: expect.objectContaining({
      424 |             startDate: new Date(startDate),

      at Object.toHaveBeenCalledWith (tests/integration/api/allowance/route.test.ts:421:47)

FAIL tests/integration/api/family/members/[id]/route.test.ts
  ● /api/family/members/[id] › PATCH › should return 403 if not a parent

    expect(received).toBe(expected) // Object.is equality

    Expected: 403
    Received: 404

      54 |       const data = await response.json()
      55 |
    > 56 |       expect(response.status).toBe(403)
         |                               ^
      57 |       expect(data.error).toBe('Unauthorized - Parent access required')
      58 |     })
      59 |

      at Object.toBe (tests/integration/api/family/members/[id]/route.test.ts:56:31)

  ● /api/family/members/[id] › PATCH › should return 404 if member not found

    expect(received).toBe(expected) // Object.is equality

    Expected: "Family member not found"
    Received: "Member not found"

      72 |
      73 |       expect(response.status).toBe(404)
    > 74 |       expect(data.error).toBe('Family member not found')
         |                          ^
      75 |     })
      76 |
      77 |     it('should return 404 if member belongs to different family', async () => {

      at Object.toBe (tests/integration/api/family/members/[id]/route.test.ts:74:26)

  ● /api/family/members/[id] › PATCH › should return 404 if member belongs to different family

    expect(received).toBe(expected) // Object.is equality

    Expected: "Family member not found"
    Received: "Member not found"

      92 |
      93 |       expect(response.status).toBe(404)
    > 94 |       expect(data.error).toBe('Family member not found')
         |                          ^
      95 |     })
      96 |
      97 |     it('should return 400 if trying to deactivate self', async () => {

      at Object.toBe (tests/integration/api/family/members/[id]/route.test.ts:94:26)

  ● /api/family/members/[id] › PATCH › should return 400 if trying to deactivate self

    expect(received).toBe(expected) // Object.is equality

    Expected: 400
    Received: 200

      117 |       const data = await response.json()
      118 |
    > 119 |       expect(response.status).toBe(400)
          |                               ^
      120 |       expect(data.error).toBe('Cannot deactivate your own account')
      121 |     })
      122 |

      at Object.toBe (tests/integration/api/family/members/[id]/route.test.ts:119:31)

  ● /api/family/members/[id] › PATCH › should return 400 if email already in use by another member

    expect(received).toBe(expected) // Object.is equality

    Expected: 400
    Received: 200

      143 |       const data = await response.json()
      144 |
    > 145 |       expect(response.status).toBe(400)
          |                               ^
      146 |       expect(data.error).toBe('Email already in use')
      147 |     })
      148 |

      at Object.toBe (tests/integration/api/family/members/[id]/route.test.ts:145:31)

  ● /api/family/members/[id] › PATCH › should update member name

    expect(jest.fn()).toHaveBeenCalledWith(...expected)

    - Expected
    + Received

      Object {
        "data": Object {
    +     "avatarUrl": undefined,
    +     "birthDate": undefined,
          "name": "Updated Name",
    +     "pin": undefined,
    +     "updatedAt": "2026-01-21T13:14:06.238Z",
        },
    -   "select": Any<Object>,
        "where": Object {
          "id": "member-1",
        },
      },

    Number of calls: 1

      169 |       expect(response.status).toBe(200)
      170 |       expect(data.member.name).toBe('Updated Name')
    > 171 |       expect(dbMock.familyMember.update).toHaveBeenCalledWith({
          |                                          ^
      172 |         where: { id: memberId },
      173 |         data: { name: 'Updated Name' },
      174 |         select: expect.any(Object),

      at Object.toHaveBeenCalledWith (tests/integration/api/family/members/[id]/route.test.ts:171:42)

  ● /api/family/members/[id] › PATCH › should update parent password with hashing

    expect(jest.fn()).toHaveBeenCalledWith(...expected)

    Expected: "newpassword123", 12

    Number of calls: 0

      202 |
      203 |       expect(response.status).toBe(200)
    > 204 |       expect(hash).toHaveBeenCalledWith('newpassword123', BCRYPT_ROUNDS)
          |                    ^
      205 |       expect(dbMock.familyMember.update).toHaveBeenCalledWith({
      206 |         where: { id: memberId },
      207 |         data: { passwordHash: 'new-hashed-password' },

      at Object.toHaveBeenCalledWith (tests/integration/api/family/members/[id]/route.test.ts:204:20)

  ● /api/family/members/[id] › PATCH › should update child PIN with hashing

    expect(jest.fn()).toHaveBeenCalledWith(...expected)

    Expected: "5678", 12
    Received: "5678", 10

    Number of calls: 1

      233 |
      234 |       expect(response.status).toBe(200)
    > 235 |       expect(hash).toHaveBeenCalledWith('5678', BCRYPT_ROUNDS)
          |                    ^
      236 |       expect(dbMock.familyMember.update).toHaveBeenCalledWith({
      237 |         where: { id: memberId },
      238 |         data: { pin: 'new-hashed-pin' },

      at Object.toHaveBeenCalledWith (tests/integration/api/family/members/[id]/route.test.ts:235:20)

  ● /api/family/members/[id] › PATCH › should handle invalid JSON gracefully

    expect(received).toBe(expected) // Object.is equality

    Expected: 500
    Received: 404

      253 |
      254 |       // Next.js Request.json() throws SyntaxError which is caught by try-catch, returning 500
    > 255 |       expect(response.status).toBe(500)
          |                               ^
      256 |       expect(data.error).toBe('Failed to update family member')
      257 |     })
      258 |   })

      at Object.toBe (tests/integration/api/family/members/[id]/route.test.ts:255:31)

  ● /api/family/members/[id] › DELETE › should return 403 if not a parent

    expect(received).toBe(expected) // Object.is equality

    Expected: 403
    Received: 404

      278 |       const data = await response.json()
      279 |
    > 280 |       expect(response.status).toBe(403)
          |                               ^
      281 |       expect(data.error).toBe('Unauthorized - Parent access required')
      282 |     })
      283 |

      at Object.toBe (tests/integration/api/family/members/[id]/route.test.ts:280:31)

  ● /api/family/members/[id] › DELETE › should return 404 if member not found

    expect(received).toBe(expected) // Object.is equality

    Expected: "Family member not found"
    Received: "Member not found"

      295 |
      296 |       expect(response.status).toBe(404)
    > 297 |       expect(data.error).toBe('Family member not found')
          |                          ^
      298 |     })
      299 |
      300 |     it('should return 400 if trying to delete self', async () => {

      at Object.toBe (tests/integration/api/family/members/[id]/route.test.ts:297:26)

  ● /api/family/members/[id] › DELETE › should return 400 if trying to delete self

    expect(received).toBe(expected) // Object.is equality

    Expected: 400
    Received: 200

      319 |       const data = await response.json()
      320 |
    > 321 |       expect(response.status).toBe(400)
          |                               ^
      322 |       expect(data.error).toBe('Cannot delete your own account')
      323 |     })
      324 |

      at Object.toBe (tests/integration/api/family/members/[id]/route.test.ts:321:31)

  ● /api/family/members/[id] › DELETE › should return 400 if trying to delete last parent

    expect(received).toBe(expected) // Object.is equality

    Expected: 400
    Received: 200

      342 |       const data = await response.json()
      343 |
    > 344 |       expect(response.status).toBe(400)
          |                               ^
      345 |       expect(data.error).toBe('Cannot delete the last parent account')
      346 |     })
      347 |

      at Object.toBe (tests/integration/api/family/members/[id]/route.test.ts:344:31)

  ● /api/family/members/[id] › DELETE › should deactivate child member

    expect(received).toBe(expected) // Object.is equality

    Expected: "Family member deactivated successfully"
    Received: "Family member deleted successfully"

      366 |
      367 |       expect(response.status).toBe(200)
    > 368 |       expect(data.message).toBe('Family member deactivated successfully')
          |                            ^
      369 |       expect(dbMock.familyMember.update).toHaveBeenCalledWith({
      370 |         where: { id: memberId },
      371 |         data: { isActive: false },

      at Object.toBe (tests/integration/api/family/members/[id]/route.test.ts:368:28)

  ● /api/family/members/[id] › DELETE › should deactivate parent if not last parent

    expect(received).toBe(expected) // Object.is equality

    Expected: "Family member deactivated successfully"
    Received: "Family member deleted successfully"

      397 |
      398 |       expect(response.status).toBe(200)
    > 399 |       expect(data.message).toBe('Family member deactivated successfully')
          |                            ^
      400 |     })
      401 |   })
      402 | })

      at Object.toBe (tests/integration/api/family/members/[id]/route.test.ts:399:28)

FAIL tests/integration/api/calendar/connections/route.test.ts
  ● /api/calendar/connections › GET › should return error if family member not found

    expect(received).toBe(expected) // Object.is equality

    Expected: 404
    Received: 200

      183 |       const response = await GET(request);
      184 |
    > 185 |       expect(response.status).toBe(404);
          |                               ^
      186 |       const json = await response.json();
      187 |       expect(json.error).toBe('Family member not found');
      188 |     });

      at Object.toBe (tests/integration/api/calendar/connections/route.test.ts:185:31)

  ● /api/calendar/connections › GET › should filter connections to only the current user

    expect(jest.fn()).toHaveBeenCalledWith(...expected)

    - Expected
    + Received

      Object {
        "orderBy": Object {
          "createdAt": "desc",
        },
    -   "select": ObjectContaining {
    -     "accessToken": false,
    -     "googleEmail": true,
    -     "id": true,
    -     "provider": true,
    -     "refreshToken": false,
    -     "syncStatus": true,
    -   },
        "where": Object {
          "memberId": "parent-test-123",
        },
      },

    Number of calls: 1

      230 |       await GET(request);
      231 |
    > 232 |       expect(dbMock.calendarConnection.findMany).toHaveBeenCalledWith({
          |                                                  ^
      233 |         where: {
      234 |           memberId: session.user.id,
      235 |         },

      at Object.toHaveBeenCalledWith (tests/integration/api/calendar/connections/route.test.ts:232:50)

FAIL tests/integration/api/communication/[id]/route.test.ts
  ● PATCH /api/communication/[id] › should return 403 if child tries to pin post

    expect(received).toBe(expected) // Object.is equality

    Expected: 403
    Received: 200

      215 |     const response = await PATCH(request, { params: Promise.resolve({ id: 'post-123' }) });
      216 |
    > 217 |     expect(response.status).toBe(403);
          |                             ^
      218 |     const data = await response.json();
      219 |     expect(data.error).toContain('Only parents can pin');
      220 |   });

      at Object.toBe (tests/integration/api/communication/[id]/route.test.ts:217:29)

  ● PATCH /api/communication/[id] › should create audit log on update

    expect(jest.fn()).toHaveBeenCalledWith(...expected)

    Expected: ObjectContaining {"data": ObjectContaining {"action": "POST_UPDATED"}}

    Number of calls: 0

      249 |     await PATCH(request, { params: Promise.resolve({ id: 'post-123' }) });
      250 |
    > 251 |     expect(dbMock.auditLog.create).toHaveBeenCalledWith(
          |                                    ^
      252 |       expect.objectContaining({
      253 |         data: expect.objectContaining({
      254 |           action: 'POST_UPDATED',

      at Object.toHaveBeenCalledWith (tests/integration/api/communication/[id]/route.test.ts:251:36)

  ● PATCH /api/communication/[id] › should create pin audit log when pinning

    expect(jest.fn()).toHaveBeenCalledWith(...expected)

    Expected: ObjectContaining {"data": ObjectContaining {"action": "POST_PINNED"}}

    Number of calls: 0

      287 |     await PATCH(request, { params: Promise.resolve({ id: 'post-123' }) });
      288 |
    > 289 |     expect(dbMock.auditLog.create).toHaveBeenCalledWith(
          |                                    ^
      290 |       expect.objectContaining({
      291 |         data: expect.objectContaining({
      292 |           action: 'POST_PINNED',

      at Object.toHaveBeenCalledWith (tests/integration/api/communication/[id]/route.test.ts:289:36)

  ● DELETE /api/communication/[id] › should allow parent to delete any post

    expect(received).toBe(expected) // Object.is equality

    Expected: 200
    Received: 403

      416 |     const response = await DELETE(request, { params: Promise.resolve({ id: 'post-123' }) });
      417 |
    > 418 |     expect(response.status).toBe(200);
          |                             ^
      419 |   });
      420 |
      421 |   it('should return 403 if child tries to delete others post', async () => {

      at Object.toBe (tests/integration/api/communication/[id]/route.test.ts:418:29)

  ● DELETE /api/communication/[id] › should return 403 if child tries to delete others post

    expect(received).toContain(expected) // indexOf

    Expected substring: "permission"
    Received string:    "Only the author can delete this post"

      446 |     expect(response.status).toBe(403);
      447 |     const data = await response.json();
    > 448 |     expect(data.error).toContain('permission');
          |                        ^
      449 |   });
      450 |
      451 |   it('should create audit log on deletion', async () => {

      at Object.toContain (tests/integration/api/communication/[id]/route.test.ts:448:24)

  ● DELETE /api/communication/[id] › should create audit log on deletion

    expect(jest.fn()).toHaveBeenCalledWith(...expected)

    Expected: ObjectContaining {"data": ObjectContaining {"action": "POST_DELETED"}}

    Number of calls: 0

      476 |     await DELETE(request, { params: Promise.resolve({ id: 'post-123' }) });
      477 |
    > 478 |     expect(dbMock.auditLog.create).toHaveBeenCalledWith(
          |                                    ^
      479 |       expect.objectContaining({
      480 |         data: expect.objectContaining({
      481 |           action: 'POST_DELETED',

      at Object.toHaveBeenCalledWith (tests/integration/api/communication/[id]/route.test.ts:478:36)

FAIL tests/integration/api/projects/tasks/[taskId]/dependencies/route.test.ts
  ● POST /api/projects/tasks/[taskId]/dependencies › Validation › should return 400 if blockingTaskId is missing

    expect(received).toBe(expected) // Object.is equality

    Expected: "Blocking task ID is required"
    Received: "blockingTaskId is required"

      56 |       expect(response.status).toBe(400);
      57 |       const data = await response.json();
    > 58 |       expect(data.error).toBe('Blocking task ID is required');
         |                          ^
      59 |     });
      60 |
      61 |     it('should return 400 if task tries to depend on itself', async () => {

      at Object.toBe (tests/integration/api/projects/tasks/[taskId]/dependencies/route.test.ts:58:26)

  ● POST /api/projects/tasks/[taskId]/dependencies › Validation › should return 400 if task tries to depend on itself

    expect(received).toBe(expected) // Object.is equality

    Expected: 400
    Received: 200

      67 |       const response = await POST(request, { params: Promise.resolve({ taskId: 'task-1' }) });
      68 |
    > 69 |       expect(response.status).toBe(400);
         |                               ^
      70 |       const data = await response.json();
      71 |       expect(data.error).toBe('A task cannot depend on itself');
      72 |     });

      at Object.toBe (tests/integration/api/projects/tasks/[taskId]/dependencies/route.test.ts:69:31)

  ● POST /api/projects/tasks/[taskId]/dependencies › Validation › should return 404 if dependent task does not exist

    expect(received).toBe(expected) // Object.is equality

    Expected: 404
    Received: 200

      81 |       const response = await POST(request, { params: Promise.resolve({ taskId: 'task-1' }) });
      82 |
    > 83 |       expect(response.status).toBe(404);
         |                               ^
      84 |       const data = await response.json();
      85 |       expect(data.error).toBe('Dependent task not found');
      86 |     });

      at Object.toBe (tests/integration/api/projects/tasks/[taskId]/dependencies/route.test.ts:83:31)

  ● POST /api/projects/tasks/[taskId]/dependencies › Validation › should return 403 if dependent task belongs to different family

    expect(received).toBe(expected) // Object.is equality

    Expected: 403
    Received: 200

      102 |       const response = await POST(request, { params: Promise.resolve({ taskId: 'task-1' }) });
      103 |
    > 104 |       expect(response.status).toBe(403);
          |                               ^
      105 |       const data = await response.json();
      106 |       expect(data.error).toBe('Access denied');
      107 |     });

      at Object.toBe (tests/integration/api/projects/tasks/[taskId]/dependencies/route.test.ts:104:31)

  ● POST /api/projects/tasks/[taskId]/dependencies › Validation › should return 404 if blocking task does not exist

    expect(received).toBe(expected) // Object.is equality

    Expected: 404
    Received: 200

      125 |       const response = await POST(request, { params: Promise.resolve({ taskId: 'task-1' }) });
      126 |
    > 127 |       expect(response.status).toBe(404);
          |                               ^
      128 |       const data = await response.json();
      129 |       expect(data.error).toBe('Blocking task not found');
      130 |     });

      at Object.toBe (tests/integration/api/projects/tasks/[taskId]/dependencies/route.test.ts:127:31)

  ● POST /api/projects/tasks/[taskId]/dependencies › Validation › should return 400 if tasks belong to different projects

    expect(received).toBe(expected) // Object.is equality

    Expected: 400
    Received: 200

      154 |       const response = await POST(request, { params: Promise.resolve({ taskId: 'task-1' }) });
      155 |
    > 156 |       expect(response.status).toBe(400);
          |                               ^
      157 |       const data = await response.json();
      158 |       expect(data.error).toBe('Tasks must belong to the same project');
      159 |     });

      at Object.toBe (tests/integration/api/projects/tasks/[taskId]/dependencies/route.test.ts:156:31)

  ● POST /api/projects/tasks/[taskId]/dependencies › Validation › should return 400 if dependency already exists

    expect(received).toBe(expected) // Object.is equality

    Expected: 400
    Received: 200

      190 |       const response = await POST(request, { params: Promise.resolve({ taskId: 'task-1' }) });
      191 |
    > 192 |       expect(response.status).toBe(400);
          |                               ^
      193 |       const data = await response.json();
      194 |       expect(data.error).toBe('Dependency already exists');
      195 |     });

      at Object.toBe (tests/integration/api/projects/tasks/[taskId]/dependencies/route.test.ts:192:31)

  ● POST /api/projects/tasks/[taskId]/dependencies › Validation › should return 400 if circular dependency is detected (direct)

    expect(received).toBe(expected) // Object.is equality

    Expected: 400
    Received: 200

      229 |       const response = await POST(request, { params: Promise.resolve({ taskId: 'task-1' }) });
      230 |
    > 231 |       expect(response.status).toBe(400);
          |                               ^
      232 |       const data = await response.json();
      233 |       expect(data.error).toBe('Circular dependency detected');
      234 |     });

      at Object.toBe (tests/integration/api/projects/tasks/[taskId]/dependencies/route.test.ts:231:31)

  ● POST /api/projects/tasks/[taskId]/dependencies › Validation › should return 400 if circular dependency is detected (indirect)

    expect(received).toBe(expected) // Object.is equality

    Expected: 400
    Received: 200

      278 |       const response = await POST(request, { params: Promise.resolve({ taskId: 'task-1' }) });
      279 |
    > 280 |       expect(response.status).toBe(400);
          |                               ^
      281 |       const data = await response.json();
      282 |       expect(data.error).toBe('Circular dependency detected');
      283 |     });

      at Object.toBe (tests/integration/api/projects/tasks/[taskId]/dependencies/route.test.ts:280:31)

  ● POST /api/projects/tasks/[taskId]/dependencies › Dependency Creation › should create a task dependency successfully

    expect(received).toBe(expected) // Object.is equality

    Expected: 201
    Received: 200

      323 |       const response = await POST(request, { params: Promise.resolve({ taskId: 'task-1' }) });
      324 |
    > 325 |       expect(response.status).toBe(201);
          |                               ^
      326 |       const data = await response.json();
      327 |       expect(data.dependency.dependentTaskId).toBe('task-1');
      328 |       expect(data.dependency.blockingTaskId).toBe('task-2');

      at Object.toBe (tests/integration/api/projects/tasks/[taskId]/dependencies/route.test.ts:325:31)

  ● POST /api/projects/tasks/[taskId]/dependencies › Dependency Creation › should create dependency with custom type

    expect(jest.fn()).toHaveBeenCalledWith(...expected)

    Expected: ObjectContaining {"data": ObjectContaining {"dependencyType": "START_TO_START"}}
    Received: {"data": {"dependsOnTaskId": "task-2", "taskId": "task-1"}}

    Number of calls: 1

      361 |       await POST(request, { params: Promise.resolve({ taskId: 'task-1' }) });
      362 |
    > 363 |       expect(dbMock.taskDependency.create).toHaveBeenCalledWith(
          |                                            ^
      364 |         expect.objectContaining({
      365 |           data: expect.objectContaining({
      366 |             dependencyType: 'START_TO_START',

      at Object.toHaveBeenCalledWith (tests/integration/api/projects/tasks/[taskId]/dependencies/route.test.ts:363:44)

  ● POST /api/projects/tasks/[taskId]/dependencies › Dependency Creation › should default to FINISH_TO_START if type not specified

    expect(jest.fn()).toHaveBeenCalledWith(...expected)

    Expected: ObjectContaining {"data": ObjectContaining {"dependencyType": "FINISH_TO_START"}}
    Received: {"data": {"dependsOnTaskId": "task-2", "taskId": "task-1"}}

    Number of calls: 1

      398 |       await POST(request, { params: Promise.resolve({ taskId: 'task-1' }) });
      399 |
    > 400 |       expect(dbMock.taskDependency.create).toHaveBeenCalledWith(
          |                                            ^
      401 |         expect.objectContaining({
      402 |           data: expect.objectContaining({
      403 |             dependencyType: 'FINISH_TO_START',

      at Object.toHaveBeenCalledWith (tests/integration/api/projects/tasks/[taskId]/dependencies/route.test.ts:400:44)

  ● POST /api/projects/tasks/[taskId]/dependencies › Audit Logging › should create an audit log entry on successful dependency creation

    expect(jest.fn()).toHaveBeenCalledWith(...expected)

    Expected: {"data": {"action": "PROJECT_DEPENDENCY_ADDED", "familyId": "family-test-123", "memberId": "parent-test-123", "metadata": {"blockingTaskId": "task-2", "dependencyId": "dep-1", "dependentTaskId": "task-1", "projectId": "project-1"}, "result": "SUCCESS"}}

    Number of calls: 0

      443 |       await POST(request, { params: Promise.resolve({ taskId: 'task-1' }) });
      444 |
    > 445 |       expect(dbMock.auditLog.create).toHaveBeenCalledWith({
          |                                      ^
      446 |         data: {
      447 |           familyId: 'family-test-123',
      448 |           memberId: 'parent-test-123',

      at Object.toHaveBeenCalledWith (tests/integration/api/projects/tasks/[taskId]/dependencies/route.test.ts:445:38)

  ● POST /api/projects/tasks/[taskId]/dependencies › Error Handling › should return 500 if database operation fails

    expect(received).toBe(expected) // Object.is equality

    Expected: "Failed to create dependency"
    Received: "Failed to add dependency"

      490 |       expect(response.status).toBe(500);
      491 |       const data = await response.json();
    > 492 |       expect(data.error).toBe('Failed to create dependency');
          |                          ^
      493 |     });
      494 |   });
      495 | });

      at Object.toBe (tests/integration/api/projects/tasks/[taskId]/dependencies/route.test.ts:492:26)

  ● DELETE /api/projects/tasks/[taskId]/dependencies/[dependencyId] › Dependency Deletion › should return 404 if dependency does not exist

    expect(received).toBe(expected) // Object.is equality

    Expected: 404
    Received: 500

      544 |       });
      545 |
    > 546 |       expect(response.status).toBe(404);
          |                               ^
      547 |       const data = await response.json();
      548 |       expect(data.error).toBe('Dependency not found');
      549 |     });

      at Object.toBe (tests/integration/api/projects/tasks/[taskId]/dependencies/route.test.ts:546:31)

  ● DELETE /api/projects/tasks/[taskId]/dependencies/[dependencyId] › Dependency Deletion › should return 403 if dependency belongs to different family

    expect(received).toBe(expected) // Object.is equality

    Expected: 403
    Received: 500

      570 |       });
      571 |
    > 572 |       expect(response.status).toBe(403);
          |                               ^
      573 |       const data = await response.json();
      574 |       expect(data.error).toBe('Access denied');
      575 |     });

      at Object.toBe (tests/integration/api/projects/tasks/[taskId]/dependencies/route.test.ts:572:31)

  ● DELETE /api/projects/tasks/[taskId]/dependencies/[dependencyId] › Dependency Deletion › should delete dependency successfully

    expect(received).toBe(expected) // Object.is equality

    Expected: 200
    Received: 500

      599 |       });
      600 |
    > 601 |       expect(response.status).toBe(200);
          |                               ^
      602 |       const data = await response.json();
      603 |       expect(data.message).toBe('Dependency deleted successfully');
      604 |       expect(dbMock.taskDependency.delete).toHaveBeenCalledWith({

      at Object.toBe (tests/integration/api/projects/tasks/[taskId]/dependencies/route.test.ts:601:31)

  ● DELETE /api/projects/tasks/[taskId]/dependencies/[dependencyId] › Audit Logging › should create an audit log entry on successful deletion

    expect(jest.fn()).toHaveBeenCalledWith(...expected)

    Expected: {"data": {"action": "PROJECT_DEPENDENCY_REMOVED", "familyId": "family-test-123", "memberId": "parent-test-123", "metadata": {"blockingTaskId": "task-2", "dependencyId": "dep-1", "dependentTaskId": "task-1", "projectId": "project-1"}, "result": "SUCCESS"}}

    Number of calls: 0

      633 |       });
      634 |
    > 635 |       expect(dbMock.auditLog.create).toHaveBeenCalledWith({
          |                                      ^
      636 |         data: {
      637 |           familyId: 'family-test-123',
      638 |           memberId: 'parent-test-123',

      at Object.toHaveBeenCalledWith (tests/integration/api/projects/tasks/[taskId]/dependencies/route.test.ts:635:38)

  ● DELETE /api/projects/tasks/[taskId]/dependencies/[dependencyId] › Error Handling › should return 500 if database operation fails

    expect(received).toBe(expected) // Object.is equality

    Expected: "Failed to delete dependency"
    Received: "Failed to remove dependency"

      675 |       expect(response.status).toBe(500);
      676 |       const data = await response.json();
    > 677 |       expect(data.error).toBe('Failed to delete dependency');
          |                          ^
      678 |     });
      679 |   });
      680 | });

      at Object.toBe (tests/integration/api/projects/tasks/[taskId]/dependencies/route.test.ts:677:26)

FAIL tests/integration/api/projects/tasks/[taskId]/route.test.ts
  ● GET /api/projects/tasks/[taskId] › Task Retrieval › should return task details with dependencies

    expect(received).toBe(expected) // Object.is equality

    Expected: 200
    Received: 404

      72 |       const response = await GET(request, { params: Promise.resolve({ taskId: 'task-1' }) });
      73 |
    > 74 |       expect(response.status).toBe(200);
         |                               ^
      75 |       const data = await response.json();
      76 |       expect(data.task.id).toBe('task-1');
      77 |       expect(data.task.name).toBe('Design wireframes');

      at Object.toBe (tests/integration/api/projects/tasks/[taskId]/route.test.ts:74:31)

  ● GET /api/projects/tasks/[taskId] › Task Retrieval › should return 403 if task belongs to different family

    expect(received).toBe(expected) // Object.is equality

    Expected: 403
    Received: 404

      107 |       const response = await GET(request, { params: Promise.resolve({ taskId: 'task-1' }) });
      108 |
    > 109 |       expect(response.status).toBe(403);
          |                               ^
      110 |       const data = await response.json();
      111 |       expect(data.error).toBe('Access denied');
      112 |     });

      at Object.toBe (tests/integration/api/projects/tasks/[taskId]/route.test.ts:109:31)

  ● GET /api/projects/tasks/[taskId] › Error Handling › should return 500 if database query fails

    expect(received).toBe(expected) // Object.is equality

    Expected: "Failed to fetch task"
    Received: "Failed to get task"

      122 |       expect(response.status).toBe(500);
      123 |       const data = await response.json();
    > 124 |       expect(data.error).toBe('Failed to fetch task');
          |                          ^
      125 |     });
      126 |   });
      127 | });

      at Object.toBe (tests/integration/api/projects/tasks/[taskId]/route.test.ts:124:26)

  ● PATCH /api/projects/tasks/[taskId] › Validation › should return 400 if name is empty string

    expect(received).toBe(expected) // Object.is equality

    Expected: 400
    Received: 404

      177 |       const response = await PATCH(request, { params: Promise.resolve({ taskId: 'task-1' }) });
      178 |
    > 179 |       expect(response.status).toBe(400);
          |                               ^
      180 |       const data = await response.json();
      181 |       expect(data.error).toBe('Name cannot be empty');
      182 |     });

      at Object.toBe (tests/integration/api/projects/tasks/[taskId]/route.test.ts:179:31)

  ● PATCH /api/projects/tasks/[taskId] › Validation › should return 400 if status is invalid

    expect(received).toBe(expected) // Object.is equality

    Expected: 400
    Received: 404

      198 |       const response = await PATCH(request, { params: Promise.resolve({ taskId: 'task-1' }) });
      199 |
    > 200 |       expect(response.status).toBe(400);
          |                               ^
      201 |       const data = await response.json();
      202 |       expect(data.error).toContain('Invalid status');
      203 |     });

      at Object.toBe (tests/integration/api/projects/tasks/[taskId]/route.test.ts:200:31)

  ● PATCH /api/projects/tasks/[taskId] › Validation › should return 400 if estimatedHours is negative

    expect(received).toBe(expected) // Object.is equality

    Expected: 400
    Received: 404

      219 |       const response = await PATCH(request, { params: Promise.resolve({ taskId: 'task-1' }) });
      220 |
    > 221 |       expect(response.status).toBe(400);
          |                               ^
      222 |       const data = await response.json();
      223 |       expect(data.error).toBe('Estimated hours must be a positive number');
      224 |     });

      at Object.toBe (tests/integration/api/projects/tasks/[taskId]/route.test.ts:221:31)

  ● PATCH /api/projects/tasks/[taskId] › Validation › should return 400 if actualHours is negative

    expect(received).toBe(expected) // Object.is equality

    Expected: 400
    Received: 404

      240 |       const response = await PATCH(request, { params: Promise.resolve({ taskId: 'task-1' }) });
      241 |
    > 242 |       expect(response.status).toBe(400);
          |                               ^
      243 |       const data = await response.json();
      244 |       expect(data.error).toBe('Actual hours must be a positive number');
      245 |     });

      at Object.toBe (tests/integration/api/projects/tasks/[taskId]/route.test.ts:242:31)

  ● PATCH /api/projects/tasks/[taskId] › Task Updates › should return 403 if task belongs to different family

    expect(received).toBe(expected) // Object.is equality

    Expected: 403
    Received: 404

      277 |       const response = await PATCH(request, { params: Promise.resolve({ taskId: 'task-1' }) });
      278 |
    > 279 |       expect(response.status).toBe(403);
          |                               ^
      280 |       const data = await response.json();
      281 |       expect(data.error).toBe('Access denied');
      282 |     });

      at Object.toBe (tests/integration/api/projects/tasks/[taskId]/route.test.ts:279:31)

  ● PATCH /api/projects/tasks/[taskId] › Task Updates › should update task name

    expect(received).toBe(expected) // Object.is equality

    Expected: 200
    Received: 404

      306 |       const response = await PATCH(request, { params: Promise.resolve({ taskId: 'task-1' }) });
      307 |
    > 308 |       expect(response.status).toBe(200);
          |                               ^
      309 |       const data = await response.json();
      310 |       expect(data.task.name).toBe('Updated Task Name');
      311 |       expect(data.message).toBe('Task updated successfully');

      at Object.toBe (tests/integration/api/projects/tasks/[taskId]/route.test.ts:308:31)

  ● PATCH /api/projects/tasks/[taskId] › Task Updates › should update task status

    expect(received).toBe(expected) // Object.is equality

    Expected: 200
    Received: 404

      336 |       const response = await PATCH(request, { params: Promise.resolve({ taskId: 'task-1' }) });
      337 |
    > 338 |       expect(response.status).toBe(200);
          |                               ^
      339 |       const data = await response.json();
      340 |       expect(data.task.status).toBe('IN_PROGRESS');
      341 |     });

      at Object.toBe (tests/integration/api/projects/tasks/[taskId]/route.test.ts:338:31)

  ● PATCH /api/projects/tasks/[taskId] › Task Updates › should update multiple fields at once

    expect(received).toBe(expected) // Object.is equality

    Expected: 200
    Received: 404

      373 |       const response = await PATCH(request, { params: Promise.resolve({ taskId: 'task-1' }) });
      374 |
    > 375 |       expect(response.status).toBe(200);
          |                               ^
      376 |       const data = await response.json();
      377 |       expect(data.task.name).toBe('New Name');
      378 |       expect(data.task.status).toBe('IN_PROGRESS');

      at Object.toBe (tests/integration/api/projects/tasks/[taskId]/route.test.ts:375:31)

  ● PATCH /api/projects/tasks/[taskId] › Task Updates › should trim whitespace from name

    expect(jest.fn()).toHaveBeenCalledWith(...expected)

    Expected: ObjectContaining {"data": ObjectContaining {"name": "Trimmed Name"}}

    Number of calls: 0

      398 |       await PATCH(request, { params: Promise.resolve({ taskId: 'task-1' }) });
      399 |
    > 400 |       expect(dbMock.projectTask.update).toHaveBeenCalledWith(
          |                                         ^
      401 |         expect.objectContaining({
      402 |           data: expect.objectContaining({
      403 |             name: 'Trimmed Name',

      at Object.toHaveBeenCalledWith (tests/integration/api/projects/tasks/[taskId]/route.test.ts:400:41)

  ● PATCH /api/projects/tasks/[taskId] › Task Updates › should update assigneeId

    expect(received).toBe(expected) // Object.is equality

    Expected: 200
    Received: 404

      431 |       const response = await PATCH(request, { params: Promise.resolve({ taskId: 'task-1' }) });
      432 |
    > 433 |       expect(response.status).toBe(200);
          |                               ^
      434 |       const data = await response.json();
      435 |       expect(data.task.assigneeId).toBe('child-test-123');
      436 |     });

      at Object.toBe (tests/integration/api/projects/tasks/[taskId]/route.test.ts:433:31)

  ● PATCH /api/projects/tasks/[taskId] › Task Updates › should update sortOrder

    expect(received).toBe(expected) // Object.is equality

    Expected: 200
    Received: 404

      460 |       const response = await PATCH(request, { params: Promise.resolve({ taskId: 'task-1' }) });
      461 |
    > 462 |       expect(response.status).toBe(200);
          |                               ^
      463 |       const data = await response.json();
      464 |       expect(data.task.sortOrder).toBe(5);
      465 |     });

      at Object.toBe (tests/integration/api/projects/tasks/[taskId]/route.test.ts:462:31)

  ● PATCH /api/projects/tasks/[taskId] › Audit Logging › should create an audit log entry on successful update

    expect(jest.fn()).toHaveBeenCalledWith(...expected)

    Expected: {"data": {"action": "PROJECT_TASK_UPDATED", "familyId": "family-test-123", "memberId": "parent-test-123", "metadata": {"projectId": "project-1", "taskId": "task-1", "updates": {"name": "New Name"}}, "result": "SUCCESS"}}

    Number of calls: 0

      486 |       await PATCH(request, { params: Promise.resolve({ taskId: 'task-1' }) });
      487 |
    > 488 |       expect(dbMock.auditLog.create).toHaveBeenCalledWith({
          |                                      ^
      489 |         data: {
      490 |           familyId: 'family-test-123',
      491 |           memberId: 'parent-test-123',

      at Object.toHaveBeenCalledWith (tests/integration/api/projects/tasks/[taskId]/route.test.ts:488:38)

  ● PATCH /api/projects/tasks/[taskId] › Error Handling › should return 500 if database operation fails

    expect(received).toBe(expected) // Object.is equality

    Expected: 500
    Received: 404

      520 |       const response = await PATCH(request, { params: Promise.resolve({ taskId: 'task-1' }) });
      521 |
    > 522 |       expect(response.status).toBe(500);
          |                               ^
      523 |       const data = await response.json();
      524 |       expect(data.error).toBe('Failed to update task');
      525 |     });

      at Object.toBe (tests/integration/api/projects/tasks/[taskId]/route.test.ts:522:31)

  ● DELETE /api/projects/tasks/[taskId] › Task Deletion › should return 403 if task belongs to different family

    expect(received).toBe(expected) // Object.is equality

    Expected: 403
    Received: 404

      588 |       const response = await DELETE(request, { params: Promise.resolve({ taskId: 'task-1' }) });
      589 |
    > 590 |       expect(response.status).toBe(403);
          |                               ^
      591 |       const data = await response.json();
      592 |       expect(data.error).toBe('Access denied');
      593 |     });

      at Object.toBe (tests/integration/api/projects/tasks/[taskId]/route.test.ts:590:31)

  ● DELETE /api/projects/tasks/[taskId] › Task Deletion › should delete task successfully

    expect(received).toBe(expected) // Object.is equality

    Expected: 200
    Received: 404

      611 |       const response = await DELETE(request, { params: Promise.resolve({ taskId: 'task-1' }) });
      612 |
    > 613 |       expect(response.status).toBe(200);
          |                               ^
      614 |       const data = await response.json();
      615 |       expect(data.message).toBe('Task deleted successfully');
      616 |       expect(dbMock.projectTask.delete).toHaveBeenCalledWith({

      at Object.toBe (tests/integration/api/projects/tasks/[taskId]/route.test.ts:613:31)

  ● DELETE /api/projects/tasks/[taskId] › Audit Logging › should create an audit log entry on successful deletion

    expect(jest.fn()).toHaveBeenCalledWith(...expected)

    Expected: {"data": {"action": "PROJECT_TASK_DELETED", "familyId": "family-test-123", "memberId": "parent-test-123", "metadata": {"name": "Test Task", "projectId": "project-1", "taskId": "task-1"}, "result": "SUCCESS"}}

    Number of calls: 0

      639 |       await DELETE(request, { params: Promise.resolve({ taskId: 'task-1' }) });
      640 |
    > 641 |       expect(dbMock.auditLog.create).toHaveBeenCalledWith({
          |                                      ^
      642 |         data: {
      643 |           familyId: 'family-test-123',
      644 |           memberId: 'parent-test-123',

      at Object.toHaveBeenCalledWith (tests/integration/api/projects/tasks/[taskId]/route.test.ts:641:38)

  ● DELETE /api/projects/tasks/[taskId] › Error Handling › should return 500 if database operation fails

    expect(received).toBe(expected) // Object.is equality

    Expected: 500
    Received: 404

      673 |       const response = await DELETE(request, { params: Promise.resolve({ taskId: 'task-1' }) });
      674 |
    > 675 |       expect(response.status).toBe(500);
          |                               ^
      676 |       const data = await response.json();
      677 |       expect(data.error).toBe('Failed to delete task');
      678 |     });

      at Object.toBe (tests/integration/api/projects/tasks/[taskId]/route.test.ts:675:31)

FAIL tests/integration/api/notifications/[id]/route.test.ts
  ● /api/notifications/[id] › PATCH › should mark notification as read

    expect(received).toBe(expected) // Object.is equality

    Expected: 200
    Received: 403

       99 |       const data = await response.json()
      100 |
    > 101 |       expect(response.status).toBe(200)
          |                               ^
      102 |       expect(data.notification).toEqual(mockUpdatedNotification)
      103 |
      104 |       expect(dbMock.notification.update).toHaveBeenCalledWith({

      at Object.toBe (tests/integration/api/notifications/[id]/route.test.ts:101:31)

  ● /api/notifications/[id] › PATCH › should return 500 on error

    expect(received).toBe(expected) // Object.is equality

    Expected: 500
    Received: 403

      124 |       const data = await response.json()
      125 |
    > 126 |       expect(response.status).toBe(500)
          |                               ^
      127 |       expect(data.error).toBe('Failed to mark notification as read')
      128 |     })
      129 |   })

      at Object.toBe (tests/integration/api/notifications/[id]/route.test.ts:126:31)

  ● /api/notifications/[id] › DELETE › should delete notification successfully

    expect(received).toBe(expected) // Object.is equality

    Expected: 200
    Received: 403

      197 |       const data = await response.json()
      198 |
    > 199 |       expect(response.status).toBe(200)
          |                               ^
      200 |       expect(data.success).toBe(true)
      201 |
      202 |       expect(dbMock.notification.delete).toHaveBeenCalledWith({

      at Object.toBe (tests/integration/api/notifications/[id]/route.test.ts:199:31)

  ● /api/notifications/[id] › DELETE › should return 500 on error

    expect(received).toBe(expected) // Object.is equality

    Expected: 500
    Received: 403

      218 |       const data = await response.json()
      219 |
    > 220 |       expect(response.status).toBe(500)
          |                               ^
      221 |       expect(data.error).toBe('Failed to delete notification')
      222 |     })
      223 |   })

      at Object.toBe (tests/integration/api/notifications/[id]/route.test.ts:220:31)

FAIL tests/integration/api/rewards/[id]/redeem.test.ts
  ● /api/rewards/[id]/redeem › POST › should return 404 if reward not found

    expect(received).toBe(expected) // Object.is equality

    Expected: 404
    Received: 400

      77 |       const data = await response.json()
      78 |
    > 79 |       expect(response.status).toBe(404)
         |                               ^
      80 |       expect(data.error).toBe('Reward not found')
      81 |     })
      82 |

      at Object.toBe (tests/integration/api/rewards/[id]/redeem.test.ts:79:31)

  ● /api/rewards/[id]/redeem › POST › should return 403 if reward belongs to different family

    expect(received).toBe(expected) // Object.is equality

    Expected: 403
    Received: 400

       97 |       const data = await response.json()
       98 |
    >  99 |       expect(response.status).toBe(403)
          |                               ^
      100 |       expect(data.error).toBe('Forbidden')
      101 |     })
      102 |

      at Object.toBe (tests/integration/api/rewards/[id]/redeem.test.ts:99:31)

  ● /api/rewards/[id]/redeem › POST › should return 400 if reward is not active

    expect(received).toBe(expected) // Object.is equality

    Expected: "This reward is not currently available"
    Received: "Failed to redeem reward"

      119 |
      120 |       expect(response.status).toBe(400)
    > 121 |       expect(data.error).toBe('This reward is not currently available')
          |                          ^
      122 |     })
      123 |
      124 |     it('should return 400 if insufficient credits', async () => {

      at Object.toBe (tests/integration/api/rewards/[id]/redeem.test.ts:121:26)

  ● /api/rewards/[id]/redeem › POST › should return 400 if insufficient credits

    expect(received).toContain(expected) // indexOf

    Expected substring: "Insufficient credits"
    Received string:    "Failed to redeem reward"

      143 |
      144 |       expect(response.status).toBe(400)
    > 145 |       expect(data.error).toContain('Insufficient credits')
          |                          ^
      146 |     })
      147 |
      148 |     it('should return 400 if reward is out of stock', async () => {

      at Object.toContain (tests/integration/api/rewards/[id]/redeem.test.ts:145:26)

  ● /api/rewards/[id]/redeem › POST › should return 400 if reward is out of stock

    expect(received).toBe(expected) // Object.is equality

    Expected: "This reward is out of stock"
    Received: "Failed to redeem reward"

      166 |
      167 |       expect(response.status).toBe(400)
    > 168 |       expect(data.error).toBe('This reward is out of stock')
          |                          ^
      169 |     })
      170 |
      171 |     it('should successfully redeem reward with sufficient credits', async () => {

      at Object.toBe (tests/integration/api/rewards/[id]/redeem.test.ts:168:26)

  ● /api/rewards/[id]/redeem › POST › should successfully redeem reward with sufficient credits

    expect(received).toBe(expected) // Object.is equality

    Expected: 200
    Received: 400

      234 |       const data = await response.json()
      235 |
    > 236 |       expect(response.status).toBe(200)
          |                               ^
      237 |       expect(data.success).toBe(true)
      238 |       expect(data.newBalance).toBe(50)
      239 |       expect(dbMock.$transaction).toHaveBeenCalled()

      at Object.toBe (tests/integration/api/rewards/[id]/redeem.test.ts:236:31)

  ● /api/rewards/[id]/redeem › POST › should handle budget warnings

    expect(received).toBe(expected) // Object.is equality

    Expected: 200
    Received: 400

      301 |       const data = await response.json()
      302 |
    > 303 |       expect(response.status).toBe(200)
          |                               ^
      304 |       expect(data.budgetWarning).toBeDefined()
      305 |       expect(data.budgetWarning.message).toContain('budget')
      306 |     })

      at Object.toBe (tests/integration/api/rewards/[id]/redeem.test.ts:303:31)

  ● /api/rewards/[id]/redeem › POST › should handle notification creation failures gracefully

    expect(received).toBe(expected) // Object.is equality

    Expected: 200
    Received: 400

      347 |       const data = await response.json()
      348 |
    > 349 |       expect(response.status).toBe(200)
          |                               ^
      350 |       expect(data.success).toBe(true)
      351 |     })
      352 |

      at Object.toBe (tests/integration/api/rewards/[id]/redeem.test.ts:349:31)

  ● /api/rewards/[id]/redeem › POST › should update reward quantity when redeemed

    expect(jest.fn()).toHaveBeenCalledWith(...expected)

    Expected: {"data": {"quantity": {"decrement": 1}, "status": "ACTIVE"}, "where": {"id": "reward-1"}}

    Number of calls: 0

      408 |       await POST(request, { params: Promise.resolve({ id: rewardId }) })
      409 |
    > 410 |       expect(mockTransaction.rewardItem.update).toHaveBeenCalledWith({
          |                                                 ^
      411 |         where: { id: rewardId },
      412 |         data: {
      413 |           quantity: { decrement: 1 },

      at Object.toHaveBeenCalledWith (tests/integration/api/rewards/[id]/redeem.test.ts:410:49)

  ● /api/rewards/[id]/redeem › POST › should mark reward as out of stock when quantity reaches zero

    expect(jest.fn()).toHaveBeenCalledWith(...expected)

    Expected: {"data": {"quantity": {"decrement": 1}, "status": "OUT_OF_STOCK"}, "where": {"id": "reward-1"}}

    Number of calls: 0

      462 |       await POST(request, { params: Promise.resolve({ id: rewardId }) })
      463 |
    > 464 |       expect(mockTransaction.rewardItem.update).toHaveBeenCalledWith({
          |                                                 ^
      465 |         where: { id: rewardId },
      466 |         data: {
      467 |           quantity: { decrement: 1 },

      at Object.toHaveBeenCalledWith (tests/integration/api/rewards/[id]/redeem.test.ts:464:49)

FAIL tests/integration/api/screentime/history.test.ts
  ● /api/screentime/history › GET › should return own history for child

    expect(jest.fn()).toHaveBeenCalledWith(...expected)

    - Expected
    + Received

    @@ -17,8 +17,8 @@
          "createdAt": "desc",
        },
        "skip": 0,
        "take": 50,
        "where": Object {
    -     "memberId": "child-1",
    +     "memberId": "child-test-123",
        },
      },

    Number of calls: 1

      59 |       expect(data.transactions).toEqual(mockTransactions)
      60 |       expect(data.pagination.total).toBe(1)
    > 61 |       expect(dbMock.screenTimeTransaction.findMany).toHaveBeenCalledWith({
         |                                                     ^
      62 |         where: { memberId: 'child-1' },
      63 |         include: {
      64 |           createdBy: {

      at Object.toHaveBeenCalledWith (tests/integration/api/screentime/history.test.ts:61:53)

  ● /api/screentime/history › GET › should support pagination

    expect(jest.fn()).toHaveBeenCalledWith(...expected)

    - Expected
    + Received

      Object {
    -   "include": Any<Object>,
    +   "include": Object {
    +     "createdBy": Object {
    +       "select": Object {
    +         "id": true,
    +         "name": true,
    +       },
    +     },
    +     "screenTimeType": Object {
    +       "select": Object {
    +         "id": true,
    +         "name": true,
    +       },
    +     },
    +   },
        "orderBy": Object {
          "createdAt": "desc",
        },
        "skip": 40,
        "take": 20,
        "where": Object {
    -     "memberId": "child-1",
    +     "memberId": "child-test-123",
        },
      },

    Number of calls: 1

      207 |       expect(data.pagination.total).toBe(100)
      208 |       expect(data.pagination.hasMore).toBe(true)
    > 209 |       expect(dbMock.screenTimeTransaction.findMany).toHaveBeenCalledWith({
          |                                                     ^
      210 |         where: { memberId: 'child-1' },
      211 |         include: expect.any(Object),
      212 |         orderBy: { createdAt: 'desc' },

      at Object.toHaveBeenCalledWith (tests/integration/api/screentime/history.test.ts:209:53)

FAIL tests/integration/api/shopping/items/[id]/route.test.ts
  ● /api/shopping/items/[id] › PATCH › should update item successfully

    expect(jest.fn()).toHaveBeenCalledWith(...expected)

    - Expected
    + Received

    @@ -1,9 +1,7 @@
      Object {
        "data": Object {
    -     "purchasedAt": null,
    -     "purchasedById": null,
          "status": "IN_CART",
        },
        "where": Object {
          "id": "item-1",
        },,

    Number of calls: 1

      108 |       expect(data.success).toBe(true)
      109 |       expect(data.item.status).toBe('IN_CART')
    > 110 |       expect(dbMock.shoppingItem.update).toHaveBeenCalledWith({
          |                                          ^
      111 |         where: { id: itemId },
      112 |         data: {
      113 |           status: 'IN_CART',

      at Object.toHaveBeenCalledWith (tests/integration/api/shopping/items/[id]/route.test.ts:110:42)

  ● /api/shopping/items/[id] › PATCH › should set purchasedAt and purchasedById when status is PURCHASED

    expect(jest.fn()).toHaveBeenCalledWith(...expected)

    - Expected
    + Received

    @@ -1,8 +1,8 @@
      Object {
        "data": Object {
    -     "purchasedAt": Any<Date>,
    +     "purchasedAt": "2026-01-21T13:14:07.921Z",
          "purchasedById": "user-1",
          "status": "PURCHASED",
        },
        "where": Object {
          "id": "item-1",,

    Number of calls: 1

      136 |       await PATCH(request, { params: Promise.resolve({ id: itemId }) })
      137 |
    > 138 |       expect(dbMock.shoppingItem.update).toHaveBeenCalledWith({
          |                                          ^
      139 |         where: { id: itemId },
      140 |         data: {
      141 |           status: 'PURCHASED',

      at Object.toHaveBeenCalledWith (tests/integration/api/shopping/items/[id]/route.test.ts:138:42)

  ● /api/shopping/items/[id] › PATCH › should create audit log when status changes

    expect(jest.fn()).toHaveBeenCalledWith(...expected)

    - Expected
    + Received

    @@ -1,14 +1,13 @@
      Object {
    -   "data": ObjectContaining {
    +   "data": Object {
          "action": "SHOPPING_ITEM_UPDATED",
          "entityId": "item-1",
    -     "entityType": "ShoppingItem",
    +     "entityType": "SHOPPING_ITEM",
          "familyId": "family-1",
          "memberId": "user-1",
    -     "metadata": ObjectContaining {
    -       "itemName": "Milk",
    +     "metadata": Object {
            "newStatus": "IN_CART",
            "oldStatus": "PENDING",
          },
          "result": "SUCCESS",
        },,

    Number of calls: 1

      164 |       await PATCH(request, { params: Promise.resolve({ id: itemId }) })
      165 |
    > 166 |       expect(dbMock.auditLog.create).toHaveBeenCalledWith({
          |                                      ^
      167 |         data: expect.objectContaining({
      168 |           familyId: 'family-1',
      169 |           memberId: 'user-1',

      at Object.toHaveBeenCalledWith (tests/integration/api/shopping/items/[id]/route.test.ts:166:38)

  ● /api/shopping/items/[id] › DELETE › should delete item successfully

    expect(received).toBe(expected) // Object.is equality

    Expected: "Item removed from shopping list"
    Received: "Item deleted successfully"

      275 |       expect(response.status).toBe(200)
      276 |       expect(data.success).toBe(true)
    > 277 |       expect(data.message).toBe('Item removed from shopping list')
          |                            ^
      278 |       expect(dbMock.shoppingItem.delete).toHaveBeenCalledWith({
      279 |         where: { id: itemId },
      280 |       })

      at Object.toBe (tests/integration/api/shopping/items/[id]/route.test.ts:277:28)

  ● /api/shopping/items/[id] › DELETE › should create audit log on delete

    expect(jest.fn()).toHaveBeenCalledWith(...expected)

    Expected: {"data": ObjectContaining {"action": "SHOPPING_ITEM_DELETED", "entityId": "item-1", "entityType": "ShoppingItem", "familyId": "family-1", "memberId": "user-1", "metadata": ObjectContaining {"itemName": "Milk"}, "result": "SUCCESS"}}

    Number of calls: 0

      294 |       await DELETE(request, { params: Promise.resolve({ id: itemId }) })
      295 |
    > 296 |       expect(dbMock.auditLog.create).toHaveBeenCalledWith({
          |                                      ^
      297 |         data: expect.objectContaining({
      298 |           familyId: 'family-1',
      299 |           memberId: 'user-1',

      at Object.toHaveBeenCalledWith (tests/integration/api/shopping/items/[id]/route.test.ts:296:38)

FAIL tests/integration/api/rules/executions/route.test.ts
  ● GET /api/rules/executions › should return all executions for family

    expect(received).toBe(expected) // Object.is equality

    Expected: 2
    Received: undefined

      86 |     expect(response.status).toBe(200);
      87 |     expect(data.executions).toHaveLength(2);
    > 88 |     expect(data.total).toBe(2);
         |                        ^
      89 |     expect(dbMock.ruleExecution.findMany).toHaveBeenCalledWith(
      90 |       expect.objectContaining({
      91 |         where: expect.objectContaining({

      at Object.toBe (tests/integration/api/rules/executions/route.test.ts:88:24)

  ● GET /api/rules/executions › should support pagination

    expect(received).toBe(expected) // Object.is equality

    Expected: 1
    Received: undefined

      105 |
      106 |     expect(response.status).toBe(200);
    > 107 |     expect(data.limit).toBe(1);
          |                        ^
      108 |     expect(data.offset).toBe(1);
      109 |     expect(dbMock.ruleExecution.findMany).toHaveBeenCalledWith(
      110 |       expect.objectContaining({

      at Object.toBe (tests/integration/api/rules/executions/route.test.ts:107:24)

  ● GET /api/rules/executions › should filter by success status

    expect(jest.fn()).toHaveBeenCalledWith(...expected)

    Expected: ObjectContaining {"where": ObjectContaining {"success": true}}
    Received: {"include": {"rule": {"select": {"familyId": true, "id": true, "name": true}}}, "orderBy": {"executedAt": "desc"}, "take": 50, "where": {"rule": {"familyId": "family-test-123"}}}

    Number of calls: 1

      142 |
      143 |     expect(response.status).toBe(200);
    > 144 |     expect(dbMock.ruleExecution.findMany).toHaveBeenCalledWith(
          |                                           ^
      145 |       expect.objectContaining({
      146 |         where: expect.objectContaining({
      147 |           success: true,

      at Object.toHaveBeenCalledWith (tests/integration/api/rules/executions/route.test.ts:144:43)

  ● GET /api/rules/executions › should filter by date range

    expect(jest.fn()).toHaveBeenCalledWith(...expected)

    Expected: ObjectContaining {"where": ObjectContaining {"executedAt": ObjectContaining {"gte": Any<Date>, "lte": Any<Date>}}}
    Received: {"include": {"rule": {"select": {"familyId": true, "id": true, "name": true}}}, "orderBy": {"executedAt": "desc"}, "take": 50, "where": {"rule": {"familyId": "family-test-123"}}}

    Number of calls: 1

      162 |
      163 |     expect(response.status).toBe(200);
    > 164 |     expect(dbMock.ruleExecution.findMany).toHaveBeenCalledWith(
          |                                           ^
      165 |       expect.objectContaining({
      166 |         where: expect.objectContaining({
      167 |           executedAt: expect.objectContaining({

      at Object.toHaveBeenCalledWith (tests/integration/api/rules/executions/route.test.ts:164:43)

  ● GET /api/rules/executions › should enforce maximum limit of 100

    expect(received).toBe(expected) // Object.is equality

    Expected: 100
    Received: undefined

      220 |
      221 |     expect(response.status).toBe(200);
    > 222 |     expect(data.limit).toBe(100);
          |                        ^
      223 |     expect(dbMock.ruleExecution.findMany).toHaveBeenCalledWith(
      224 |       expect.objectContaining({
      225 |         take: 100,

      at Object.toBe (tests/integration/api/rules/executions/route.test.ts:222:24)

  ● GET /api/rules/executions › should enforce minimum limit of 1

    expect(received).toBe(expected) // Object.is equality

    Expected: 1
    Received: undefined

      237 |
      238 |     expect(response.status).toBe(200);
    > 239 |     expect(data.limit).toBe(1);
          |                        ^
      240 |     expect(dbMock.ruleExecution.findMany).toHaveBeenCalledWith(
      241 |       expect.objectContaining({
      242 |         take: 1,

      at Object.toBe (tests/integration/api/rules/executions/route.test.ts:239:24)

  ● GET /api/rules/executions › should combine multiple filters

    expect(jest.fn()).toHaveBeenCalledWith(...expected)

    Expected: ObjectContaining {"skip": 0, "take": 10, "where": ObjectContaining {"ruleId": "rule-1", "success": true}}
    Received: {"include": {"rule": {"select": {"familyId": true, "id": true, "name": true}}}, "orderBy": {"executedAt": "desc"}, "take": 10, "where": {"rule": {"familyId": "family-test-123"}, "ruleId": "rule-1"}}

    Number of calls: 1

      255 |
      256 |     expect(response.status).toBe(200);
    > 257 |     expect(dbMock.ruleExecution.findMany).toHaveBeenCalledWith(
          |                                           ^
      258 |       expect.objectContaining({
      259 |         where: expect.objectContaining({
      260 |           ruleId: 'rule-1',

      at Object.toHaveBeenCalledWith (tests/integration/api/rules/executions/route.test.ts:257:43)

FAIL tests/integration/api/routines/[id]/route.test.ts
  ● PUT /api/routines/[id] › should return 403 if child attempts to update routine

    expect(received).toBe(expected) // Object.is equality

    Expected: 403
    Received: 404

      152 |     const response = await PATCH(request, { params: Promise.resolve({ id: 'routine-123' }) });
      153 |
    > 154 |     expect(response.status).toBe(403);
          |                             ^
      155 |   });
      156 |
      157 |   it('should update routine name', async () => {

      at Object.toBe (tests/integration/api/routines/[id]/route.test.ts:154:29)

  ● PUT /api/routines/[id] › should update routine steps

    expect(jest.fn()).toHaveBeenCalledWith(...expected)

    Expected: {"where": {"routineId": "routine-123"}}

    Number of calls: 0

      253 |     const data = await response.json();
      254 |     expect(data.routine.steps).toHaveLength(2);
    > 255 |     expect(dbMock.routineStep.deleteMany).toHaveBeenCalledWith({
          |                                           ^
      256 |       where: { routineId: 'routine-123' },
      257 |     });
      258 |   });

      at Object.toHaveBeenCalledWith (tests/integration/api/routines/[id]/route.test.ts:255:43)

  ● PUT /api/routines/[id] › should create audit log on update

    expect(jest.fn()).toHaveBeenCalledWith(...expected)

    Expected: ObjectContaining {"data": ObjectContaining {"action": "ROUTINE_UPDATED", "familyId": "family-test-123", "memberId": "parent-test-123"}}

    Number of calls: 0

      402 |     await PATCH(request, { params: Promise.resolve({ id: 'routine-123' }) });
      403 |
    > 404 |     expect(dbMock.auditLog.create).toHaveBeenCalledWith(
          |                                    ^
      405 |       expect.objectContaining({
      406 |         data: expect.objectContaining({
      407 |           familyId: session.user.familyId,

      at Object.toHaveBeenCalledWith (tests/integration/api/routines/[id]/route.test.ts:404:36)

  ● DELETE /api/routines/[id] › should return 403 if child attempts to delete routine

    expect(received).toBe(expected) // Object.is equality

    Expected: 403
    Received: 404

      440 |     const response = await DELETE(request, { params: Promise.resolve({ id: 'routine-123' }) });
      441 |
    > 442 |     expect(response.status).toBe(403);
          |                             ^
      443 |   });
      444 |
      445 |   it('should delete routine and related steps', async () => {

      at Object.toBe (tests/integration/api/routines/[id]/route.test.ts:442:29)

  ● DELETE /api/routines/[id] › should delete routine and related steps

    expect(jest.fn()).toHaveBeenCalledWith(...expected)

    Expected: {"where": {"id": "routine-123"}}

    Number of calls: 0

      472 |     expect(data.message).toContain('deleted');
      473 |
    > 474 |     expect(dbMock.routine.delete).toHaveBeenCalledWith({
          |                                   ^
      475 |       where: { id: 'routine-123' },
      476 |     });
      477 |   });

      at Object.toHaveBeenCalledWith (tests/integration/api/routines/[id]/route.test.ts:474:35)

  ● DELETE /api/routines/[id] › should create audit log on deletion

    expect(jest.fn()).toHaveBeenCalledWith(...expected)

    Expected: ObjectContaining {"data": ObjectContaining {"action": "ROUTINE_DELETED", "familyId": "family-test-123", "memberId": "parent-test-123"}}

    Number of calls: 0

      516 |     await DELETE(request, { params: Promise.resolve({ id: 'routine-123' }) });
      517 |
    > 518 |     expect(dbMock.auditLog.create).toHaveBeenCalledWith(
          |                                    ^
      519 |       expect.objectContaining({
      520 |         data: expect.objectContaining({
      521 |           familyId: session.user.familyId,

      at Object.toHaveBeenCalledWith (tests/integration/api/routines/[id]/route.test.ts:518:36)

FAIL tests/integration/api/meals/recipes/search/route.test.ts
  ● GET /api/meals/recipes/search › Query Parameter Validation › should return 400 if query parameter is missing

    expect(received).toBe(expected) // Object.is equality

    Expected: "Search query is required"
    Received: "Search query (q) is required"

      50 |       expect(response.status).toBe(400);
      51 |       const data = await response.json();
    > 52 |       expect(data.error).toBe('Search query is required');
         |                          ^
      53 |     });
      54 |
      55 |     it('should return 400 if query is too short (less than 2 characters)', async () => {

      at Object.toBe (tests/integration/api/meals/recipes/search/route.test.ts:52:26)

  ● GET /api/meals/recipes/search › Query Parameter Validation › should return 400 if query is too short (less than 2 characters)

    expect(received).toBe(expected) // Object.is equality

    Expected: 400
    Received: 200

      57 |       const response = await GET(request);
      58 |
    > 59 |       expect(response.status).toBe(400);
         |                               ^
      60 |       const data = await response.json();
      61 |       expect(data.error).toBe('Search query must be at least 2 characters');
      62 |     });

      at Object.toBe (tests/integration/api/meals/recipes/search/route.test.ts:59:31)

  ● GET /api/meals/recipes/search › Search Functionality › should search recipes by title with highest priority

    expect(received).toBe(expected) // Object.is equality

    Expected: 200
    Received: 500

      91 |       const response = await GET(request);
      92 |
    > 93 |       expect(response.status).toBe(200);
         |                               ^
      94 |       const data = await response.json();
      95 |       
      96 |       expect(data.recipes).toHaveLength(2);

      at Object.toBe (tests/integration/api/meals/recipes/search/route.test.ts:93:31)

  ● GET /api/meals/recipes/search › Search Functionality › should search recipes by dietary tags

    expect(received).toBe(expected) // Object.is equality

    Expected: 200
    Received: 500

      133 |       const response = await GET(request);
      134 |
    > 135 |       expect(response.status).toBe(200);
          |                               ^
      136 |       const data = await response.json();
      137 |       
      138 |       expect(data.recipes).toHaveLength(1);

      at Object.toBe (tests/integration/api/meals/recipes/search/route.test.ts:135:31)

  ● GET /api/meals/recipes/search › Search Functionality › should search recipes by ingredient names

    expect(received).toBe(expected) // Object.is equality

    Expected: 200
    Received: 500

      163 |       const response = await GET(request);
      164 |
    > 165 |       expect(response.status).toBe(200);
          |                               ^
      166 |       const data = await response.json();
      167 |       
      168 |       expect(data.recipes).toHaveLength(1);

      at Object.toBe (tests/integration/api/meals/recipes/search/route.test.ts:165:31)

  ● GET /api/meals/recipes/search › Search Functionality › should return weighted scores (title > tags > ingredients)

    expect(received).toBe(expected) // Object.is equality

    Expected: 200
    Received: 500

      197 |       const response = await GET(request);
      198 |
    > 199 |       expect(response.status).toBe(200);
          |                               ^
      200 |       const data = await response.json();
      201 |       
      202 |       expect(data.recipes).toHaveLength(2);

      at Object.toBe (tests/integration/api/meals/recipes/search/route.test.ts:199:31)

  ● GET /api/meals/recipes/search › Search Functionality › should limit results to 5 recipes

    expect(received).toBe(expected) // Object.is equality

    Expected: 200
    Received: 500

      224 |       const response = await GET(request);
      225 |
    > 226 |       expect(response.status).toBe(200);
          |                               ^
      227 |       const data = await response.json();
      228 |       
      229 |       expect(data.recipes).toHaveLength(5);

      at Object.toBe (tests/integration/api/meals/recipes/search/route.test.ts:226:31)

  ● GET /api/meals/recipes/search › Search Functionality › should return empty array if no matches found

    expect(received).toEqual(expected) // deep equality

    Expected: []
    Received: undefined

      239 |       const data = await response.json();
      240 |       
    > 241 |       expect(data.recipes).toEqual([]);
          |                            ^
      242 |     });
      243 |
      244 |     it('should be case-insensitive', async () => {

      at Object.toEqual (tests/integration/api/meals/recipes/search/route.test.ts:241:28)

  ● GET /api/meals/recipes/search › Search Functionality › should be case-insensitive

    expect(received).toBe(expected) // Object.is equality

    Expected: 200
    Received: 500

      260 |       const response = await GET(request);
      261 |
    > 262 |       expect(response.status).toBe(200);
          |                               ^
      263 |       const data = await response.json();
      264 |       
      265 |       expect(data.recipes).toHaveLength(1);

      at Object.toBe (tests/integration/api/meals/recipes/search/route.test.ts:262:31)

  ● GET /api/meals/recipes/search › Search Functionality › should include recipe metadata in response

    expect(received).toBe(expected) // Object.is equality

    Expected: 200
    Received: 500

      285 |       const response = await GET(request);
      286 |
    > 287 |       expect(response.status).toBe(200);
          |                               ^
      288 |       const data = await response.json();
      289 |       
      290 |       expect(data.recipes[0]).toEqual({

      at Object.toBe (tests/integration/api/meals/recipes/search/route.test.ts:287:31)

FAIL tests/integration/api/family/sick-mode/start/route.test.ts
  ● /api/family/sick-mode/start › POST › should return 403 if child tries to start sick mode for another member

    expect(received).toBe(expected) // Object.is equality

    Expected: "Children can only start sick mode for themselves"
    Received: "Parent access required"

      91 |       expect(response.status).toBe(403);
      92 |       const data = await response.json();
    > 93 |       expect(data.error).toBe('Children can only start sick mode for themselves');
         |                          ^
      94 |     });
      95 |
      96 |     it('should allow parents to start sick mode for any family member', async () => {

      at Object.toBe (tests/integration/api/family/sick-mode/start/route.test.ts:93:26)

  ● /api/family/sick-mode/start › POST › should allow parents to start sick mode for any family member

    expect(received).toBe(expected) // Object.is equality

    Expected: 201
    Received: 200

      113 |       const response = await POST(request);
      114 |
    > 115 |       expect(response.status).toBe(201);
          |                               ^
      116 |       const data = await response.json();
      117 |       expect(data.instance.memberId).toBe('child-test-123');
      118 |       expect(data.instance.isActive).toBe(true);

      at Object.toBe (tests/integration/api/family/sick-mode/start/route.test.ts:115:31)

  ● /api/family/sick-mode/start › POST › should allow children to start sick mode for themselves

    expect(received).toBe(expected) // Object.is equality

    Expected: 201
    Received: 403

      156 |       const response = await POST(request);
      157 |
    > 158 |       expect(response.status).toBe(201);
          |                               ^
      159 |       const data = await response.json();
      160 |       expect(data.instance.memberId).toBe('child-test-123');
      161 |     });

      at Object.toBe (tests/integration/api/family/sick-mode/start/route.test.ts:158:31)

  ● /api/family/sick-mode/start › POST › should return 404 if member not found

    expect(received).toBe(expected) // Object.is equality

    Expected: 404
    Received: 500

      184 |       const response = await POST(request);
      185 |
    > 186 |       expect(response.status).toBe(404);
          |                               ^
      187 |       const data = await response.json();
      188 |       expect(data.error).toBe('Member not found');
      189 |     });

      at Object.toBe (tests/integration/api/family/sick-mode/start/route.test.ts:186:31)

  ● /api/family/sick-mode/start › POST › should return 404 if member belongs to different family

    expect(received).toBe(expected) // Object.is equality

    Expected: 404
    Received: 200

      204 |       const response = await POST(request);
      205 |
    > 206 |       expect(response.status).toBe(404);
          |                               ^
      207 |       const data = await response.json();
      208 |       expect(data.error).toBe('Member not found');
      209 |     });

      at Object.toBe (tests/integration/api/family/sick-mode/start/route.test.ts:206:31)

  ● /api/family/sick-mode/start › POST › should return 409 if sick mode already active for member

    expect(received).toBe(expected) // Object.is equality

    Expected: 409
    Received: 200

      225 |       const response = await POST(request);
      226 |
    > 227 |       expect(response.status).toBe(409);
          |                               ^
      228 |       const data = await response.json();
      229 |       expect(data.error).toBe('Sick mode is already active for this member');
      230 |     });

      at Object.toBe (tests/integration/api/family/sick-mode/start/route.test.ts:227:31)

  ● /api/family/sick-mode/start › POST › should accept optional healthEventId when auto-triggered

    expect(received).toBe(expected) // Object.is equality

    Expected: 201
    Received: 200

      257 |       const response = await POST(request);
      258 |
    > 259 |       expect(response.status).toBe(201);
          |                               ^
      260 |       expect(dbMock.sickModeInstance.create).toHaveBeenCalledWith({
      261 |         data: {
      262 |           familyId: 'family-test-123',

      at Object.toBe (tests/integration/api/family/sick-mode/start/route.test.ts:259:31)

  ● /api/family/sick-mode/start › POST › should return settings along with instance

    expect(received).toBe(expected) // Object.is equality

    Expected: 201
    Received: 200

      288 |       const response = await POST(request);
      289 |
    > 290 |       expect(response.status).toBe(201);
          |                               ^
      291 |       const data = await response.json();
      292 |       expect(data.settings).toBeDefined();
      293 |       expect(data.settings.pauseChores).toBe(true);

      at Object.toBe (tests/integration/api/family/sick-mode/start/route.test.ts:290:31)

  ● /api/family/sick-mode/start › POST › should log audit event on successful start

    expect(received).toBe(expected) // Object.is equality

    Expected: 201
    Received: 200

      313 |       const response = await POST(request);
      314 |
    > 315 |       expect(response.status).toBe(201);
          |                               ^
      316 |       expect(dbMock.auditLog.create).toHaveBeenCalledWith({
      317 |         data: {
      318 |           familyId: 'family-test-123',

      at Object.toBe (tests/integration/api/family/sick-mode/start/route.test.ts:315:31)

  ● /api/family/sick-mode/start › POST › should create default settings if they do not exist

    expect(received).toBe(expected) // Object.is equality

    Expected: 201
    Received: 200

      349 |       const response = await POST(request);
      350 |
    > 351 |       expect(response.status).toBe(201);
          |                               ^
      352 |       expect(dbMock.sickModeSettings.create).toHaveBeenCalledWith({
      353 |         data: {
      354 |           familyId: 'family-test-123',

      at Object.toBe (tests/integration/api/family/sick-mode/start/route.test.ts:351:31)

FAIL tests/integration/api/family/members/route.test.ts
  ● /api/family/members › POST › should return 401 if not authenticated

    expect(received).toBe(expected) // Object.is equality

    Expected: 403
    Received: 401

      47 |       const data = await response.json()
      48 |
    > 49 |       expect(response.status).toBe(403)
         |                               ^
      50 |       expect(data.error).toBe('Unauthorized - Parent access required')
      51 |     })
      52 |

      at Object.toBe (tests/integration/api/family/members/route.test.ts:49:31)

  ● /api/family/members › POST › should return 403 if not a parent

    expect(received).toBe(expected) // Object.is equality

    Expected: 403
    Received: 500

      66 |       const data = await response.json()
      67 |
    > 68 |       expect(response.status).toBe(403)
         |                               ^
      69 |       expect(data.error).toBe('Unauthorized - Parent access required')
      70 |     })
      71 |

      at Object.toBe (tests/integration/api/family/members/route.test.ts:68:31)

  ● /api/family/members › POST › should return 400 if parent created without password

    expect(received).toBe(expected) // Object.is equality

    Expected: 400
    Received: 500

      120 |       const data = await response.json()
      121 |
    > 122 |       expect(response.status).toBe(400)
          |                               ^
      123 |       expect(data.error).toBe('Password is required for parent accounts')
      124 |     })
      125 |

      at Object.toBe (tests/integration/api/family/members/route.test.ts:122:31)

  ● /api/family/members › POST › should create parent with hashed password

    expect(jest.fn()).toHaveBeenCalledWith(...expected)

    Expected: "password123", 12

    Number of calls: 0

      176 |       expect(response.status).toBe(200)
      177 |       expect(data.member).toBeDefined()
    > 178 |       expect(hash).toHaveBeenCalledWith('password123', BCRYPT_ROUNDS)
          |                    ^
      179 |       expect(dbMock.familyMember.create).toHaveBeenCalledWith({
      180 |         data: expect.objectContaining({
      181 |           name: 'New Parent',

      at Object.toHaveBeenCalledWith (tests/integration/api/family/members/route.test.ts:178:20)

  ● /api/family/members › POST › should create child with hashed PIN

    expect(received).toBe(expected) // Object.is equality

    Expected: "Family member added successfully"
    Received: "Family member created successfully"

      225 |       expect(response.status).toBe(200)
      226 |       expect(data.member).toBeDefined()
    > 227 |       expect(data.message).toBe('Family member added successfully')
          |                            ^
      228 |       expect(hash).toHaveBeenCalledWith('1234', BCRYPT_ROUNDS)
      229 |       expect(dbMock.familyMember.create).toHaveBeenCalledWith({
      230 |         data: expect.objectContaining({

      at Object.toBe (tests/integration/api/family/members/route.test.ts:227:28)

  ● /api/family/members › POST › should return 400 if email already in use

    expect(received).toBe(expected) // Object.is equality

    Expected: 400
    Received: 500

      263 |       const data = await response.json()
      264 |
    > 265 |       expect(response.status).toBe(400)
          |                               ^
      266 |       expect(data.error).toBe('Email already in use')
      267 |     })
      268 |

      at Object.toBe (tests/integration/api/family/members/route.test.ts:265:31)

FAIL tests/integration/api/chores/[id]/route.test.ts
  ● /api/chores/[id] › GET › should return chore details for parent

    expect(jest.fn()).toHaveBeenCalledWith(...expected)

    - Expected
    + Received

      Object {
    -   "include": Object {
    -     "schedules": Object {
    -       "include": Object {
    -         "_count": Object {
    -           "select": Object {
    -             "instances": true,
    -           },
    -         },
    -         "assignments": Object {
    -           "include": Object {
    -             "member": Object {
    -               "select": Object {
    -                 "avatarUrl": true,
    -                 "id": true,
    -                 "name": true,
    -               },
    -             },
    -           },
    -           "orderBy": Object {
    -             "rotationOrder": "asc",
    -           },
    -           "where": Object {
    -             "isActive": true,
    -           },
    -         },
    -       },
    -       "where": Object {
    -         "isActive": true,
    -       },
    -     },
    -   },
        "where": Object {
          "id": "chore-1",
        },
      },

    Number of calls: 1

      107 |       expect(data.chore).toEqual(mockChoreWithFamily)
      108 |
    > 109 |       expect(dbMock.choreDefinition.findUnique).toHaveBeenCalledWith({
          |                                                 ^
      110 |         where: { id: choreId },
      111 |         include: {
      112 |           schedules: {

      at Object.toHaveBeenCalledWith (tests/integration/api/chores/[id]/route.test.ts:109:49)

  ● /api/chores/[id] › DELETE › should soft delete chore and schedules

    expect(jest.fn()).toHaveBeenCalled()

    Expected number of calls: >= 1
    Received number of calls:    0

      476 |       expect(data.message).toBe('Chore deactivated successfully')
      477 |
    > 478 |       expect(dbMock.$transaction).toHaveBeenCalled()
          |                                   ^
      479 |     })
      480 |
      481 |     it('should return 500 on error', async () => {

      at Object.toHaveBeenCalled (tests/integration/api/chores/[id]/route.test.ts:478:35)

  ● /api/chores/[id] › DELETE › should return 500 on error

    expect(received).toBe(expected) // Object.is equality

    Expected: 500
    Received: 200

      496 |       const data = await response.json()
      497 |
    > 498 |       expect(response.status).toBe(500)
          |                               ^
      499 |       expect(data.error).toBe('Failed to delete chore')
      500 |     })
      501 |   })

      at Object.toBe (tests/integration/api/chores/[id]/route.test.ts:498:31)

FAIL tests/integration/api/chores/route.test.ts
  ● /api/chores › GET › should return chores for authenticated parent

    expect(received).toEqual(expected) // deep equality

    Expected: [{"familyId": "family-test-123", "id": "chore-1", "name": "Test Chore", "schedules": [{"_count": {"instances": 5}, "assignments": [{"id": "assignment-1", "member": {"id": "child-1", "name": "Child 1"}, "memberId": "child-1"}], "frequency": "WEEKLY", "id": "schedule-1"}]}]
    Received: undefined

      68 |
      69 |       expect(response.status).toBe(200)
    > 70 |       expect(data.chores).toEqual(mockChores)
         |                           ^
      71 |       expect(dbMock.choreDefinition.findMany).toHaveBeenCalledWith({
      72 |         where: { familyId: session.user.familyId },
      73 |         include: expect.objectContaining({

      at Object.toEqual (tests/integration/api/chores/route.test.ts:70:27)

  ● /api/chores › POST › should create chore successfully

    expect(received).toBe(expected) // Object.is equality

    Expected: 200
    Received: 500

      398 |       const data = await response.json()
      399 |
    > 400 |       expect(response.status).toBe(200)
          |                               ^
      401 |       expect(data.success).toBe(true)
      402 |       expect(data.chore).toBeDefined()
      403 |       expect(dbMock.$transaction).toHaveBeenCalled()

      at Object.toBe (tests/integration/api/chores/route.test.ts:400:31)

  ● /api/chores › POST › should trim name and description

    expect(jest.fn()).toHaveBeenCalled()

    Expected number of calls: >= 1
    Received number of calls:    0

      434 |       await POST(request)
      435 |
    > 436 |       expect(dbMock.$transaction).toHaveBeenCalled()
          |                                   ^
      437 |       const txCallback = (dbMock.$transaction as jest.Mock).mock.calls[0][0]
      438 |       const mockTx = {
      439 |         choreDefinition: {

      at Object.toHaveBeenCalled (tests/integration/api/chores/route.test.ts:436:35)

FAIL tests/integration/api/meals/recipes/[id]/rate/route.test.ts
  ● /api/meals/recipes/[id]/rate › POST /api/meals/recipes/[id]/rate › should create new rating

    TypeError: Cannot read properties of null (reading 'rating')

      127 |       expect(response.status).toBe(200);
      128 |       const data = await response.json();
    > 129 |       expect(data.rating.rating).toBe(5);
          |                          ^
      130 |       expect(data.rating.notes).toBe('Delicious!');
      131 |       expect(data.message).toBe('Rating saved successfully');
      132 |

      at Object.rating (tests/integration/api/meals/recipes/[id]/rate/route.test.ts:129:26)

  ● /api/meals/recipes/[id]/rate › POST /api/meals/recipes/[id]/rate › should update existing rating

    TypeError: Cannot read properties of null (reading 'rating')

      186 |       expect(response.status).toBe(200);
      187 |       const data = await response.json();
    > 188 |       expect(data.rating.rating).toBe(3);
          |                          ^
      189 |       expect(data.rating.notes).toBe('Pretty good');
      190 |     });
      191 |

      at Object.rating (tests/integration/api/meals/recipes/[id]/rate/route.test.ts:188:26)

  ● /api/meals/recipes/[id]/rate › POST /api/meals/recipes/[id]/rate › should create rating without notes

    expect(jest.fn()).toHaveBeenCalledWith(...expected)

    Expected: {"create": {"memberId": "parent-test-123", "notes": null, "rating": 4, "recipeId": "recipe-1"}, "update": {"notes": null, "rating": 4}, "where": {"recipeId_memberId": {"memberId": "parent-test-123", "recipeId": "recipe-1"}}}

    Number of calls: 0

      210 |       expect(response.status).toBe(200);
      211 |
    > 212 |       expect(dbMock.recipeRating.upsert).toHaveBeenCalledWith({
          |                                          ^
      213 |         where: {
      214 |           recipeId_memberId: {
      215 |             recipeId: 'recipe-1',

      at Object.toHaveBeenCalledWith (tests/integration/api/meals/recipes/[id]/rate/route.test.ts:212:42)

  ● /api/meals/recipes/[id]/rate › POST /api/meals/recipes/[id]/rate › should allow children to rate recipes

    expect(jest.fn()).toHaveBeenCalledWith(...expected)

    Expected: ObjectContaining {"where": {"recipeId_memberId": {"memberId": "child-test-123", "recipeId": "recipe-1"}}}

    Number of calls: 0

      247 |
      248 |       expect(response.status).toBe(200);
    > 249 |       expect(dbMock.recipeRating.upsert).toHaveBeenCalledWith(
          |                                          ^
      250 |         expect.objectContaining({
      251 |           where: {
      252 |             recipeId_memberId: {

      at Object.toHaveBeenCalledWith (tests/integration/api/meals/recipes/[id]/rate/route.test.ts:249:42)

  ● /api/meals/recipes/[id]/rate › POST /api/meals/recipes/[id]/rate › should handle database errors gracefully

    expect(received).toBe(expected) // Object.is equality

    Expected: 500
    Received: 200

      269 |       const response = await POST(request, { params: Promise.resolve({ id: 'recipe-1' }) });
      270 |
    > 271 |       expect(response.status).toBe(500);
          |                               ^
      272 |       const data = await response.json();
      273 |       expect(data.error).toBe('Failed to save rating');
      274 |     });

      at Object.toBe (tests/integration/api/meals/recipes/[id]/rate/route.test.ts:271:31)

FAIL tests/integration/api/meals/recipes/import/route.test.ts
  ● POST /api/meals/recipes/import › should return 400 if URL is missing

    expect(received).toBe(expected) // Object.is equality

    Expected: "URL is required"
    Received: "URL is required and must be a string"

      85 |
      86 |     expect(response.status).toBe(400);
    > 87 |     expect(data.error).toBe('URL is required');
         |                        ^
      88 |   });
      89 |
      90 |   // Test 3: URL validation - invalid type

      at Object.toBe (tests/integration/api/meals/recipes/import/route.test.ts:87:24)

  ● POST /api/meals/recipes/import › should return 400 if URL is not a string

    expect(received).toBe(expected) // Object.is equality

    Expected: "URL is required"
    Received: "URL is required and must be a string"

      100 |
      101 |     expect(response.status).toBe(400);
    > 102 |     expect(data.error).toBe('URL is required');
          |                        ^
      103 |   });
      104 |
      105 |   // Test 4: URL must be valid HTTP/HTTPS

      at Object.toBe (tests/integration/api/meals/recipes/import/route.test.ts:102:24)

  ● POST /api/meals/recipes/import › should return 400 if URL protocol is not HTTP or HTTPS

    expect(received).toBe(expected) // Object.is equality

    Expected: 400
    Received: 200

      114 |     const data = await response.json();
      115 |
    > 116 |     expect(response.status).toBe(400);
          |                             ^
      117 |     expect(data.error).toBe('URL must be HTTP or HTTPS');
      118 |   });
      119 |

      at Object.toBe (tests/integration/api/meals/recipes/import/route.test.ts:116:29)

  ● POST /api/meals/recipes/import › should return 400 if URL format is invalid

    expect(received).toBe(expected) // Object.is equality

    Expected: 400
    Received: 200

      129 |     const data = await response.json();
      130 |
    > 131 |     expect(response.status).toBe(400);
          |                             ^
      132 |     expect(data.error).toBe('Invalid URL format');
      133 |   });
      134 |

      at Object.toBe (tests/integration/api/meals/recipes/import/route.test.ts:131:29)

  ● POST /api/meals/recipes/import › should return 404 if no recipe data found at URL

    expect(received).toBe(expected) // Object.is equality

    Expected: 404
    Received: 500

      162 |     const data = await response.json();
      163 |
    > 164 |     expect(response.status).toBe(404);
          |                             ^
      165 |     expect(data.error).toBe('No recipe data found at URL');
      166 |   });
      167 |

      at Object.toBe (tests/integration/api/meals/recipes/import/route.test.ts:164:29)

  ● POST /api/meals/recipes/import › should return 500 if extraction fails

    expect(received).toBe(expected) // Object.is equality

    Expected: "Failed to extract recipe"
    Received: "Network error"

      179 |
      180 |     expect(response.status).toBe(500);
    > 181 |     expect(data.error).toBe('Failed to extract recipe');
          |                        ^
      182 |   });
      183 |
      184 |   // Test 9: Extracts name (required field)

      at Object.toBe (tests/integration/api/meals/recipes/import/route.test.ts:181:24)

FAIL tests/integration/api/financial/savings-goals/route.test.ts
  ● /api/financial/savings-goals › GET › should return goals for child (own goals only)

    expect(jest.fn()).toHaveBeenCalledWith(...expected)

    - Expected
    + Received

      Object {
        "include": Object {
          "member": Object {
            "select": Object {
    +         "familyId": true,
              "id": true,
              "name": true,
    +         "role": true,
            },
          },
        },
        "orderBy": Object {
          "createdAt": "desc",
        },
        "where": Object {
          "member": Object {
            "familyId": "family-test-123",
          },
    -     "memberId": "child-test-123",
        },
      },

    Number of calls: 1

      63 |       expect(data.goals).toEqual(mockGoals)
      64 |
    > 65 |       expect(dbMock.savingsGoal.findMany).toHaveBeenCalledWith({
         |                                           ^
      66 |         where: {
      67 |           member: {
      68 |             familyId: session.user.familyId,

      at Object.toHaveBeenCalledWith (tests/integration/api/financial/savings-goals/route.test.ts:65:43)

  ● /api/financial/savings-goals › GET › should return goals for parent (all family goals)

    expect(jest.fn()).toHaveBeenCalledWith(...expected)

    - Expected
    + Received

    @@ -1,11 +1,13 @@
      Object {
        "include": Object {
          "member": Object {
            "select": Object {
    +         "familyId": true,
              "id": true,
              "name": true,
    +         "role": true,
            },
          },
        },
        "orderBy": Object {
          "createdAt": "desc",,

    Number of calls: 1

       95 |       expect(data.goals).toEqual(mockGoals)
       96 |
    >  97 |       expect(dbMock.savingsGoal.findMany).toHaveBeenCalledWith({
          |                                           ^
       98 |         where: {
       99 |           member: {
      100 |             familyId: session.user.familyId,

      at Object.toHaveBeenCalledWith (tests/integration/api/financial/savings-goals/route.test.ts:97:43)

  ● /api/financial/savings-goals › GET › should return 500 on error

    expect(received).toBe(expected) // Object.is equality

    Expected: "Failed to fetch savings goals"
    Received: "Failed to get savings goals"

      124 |
      125 |       expect(response.status).toBe(500)
    > 126 |       expect(data.error).toBe('Failed to fetch savings goals')
          |                          ^
      127 |     })
      128 |   })
      129 |

      at Object.toBe (tests/integration/api/financial/savings-goals/route.test.ts:126:26)

  ● /api/financial/savings-goals › POST › should return 400 if name is missing

    expect(received).toBe(expected) // Object.is equality

    Expected: 400
    Received: 500

      177 |       const data = await response.json()
      178 |
    > 179 |       expect(response.status).toBe(400)
          |                               ^
      180 |       expect(data.error).toBe('Name is required')
      181 |     })
      182 |

      at Object.toBe (tests/integration/api/financial/savings-goals/route.test.ts:179:31)

  ● /api/financial/savings-goals › POST › should return 400 if name is empty

    expect(received).toBe(expected) // Object.is equality

    Expected: 400
    Received: 500

      196 |       const data = await response.json()
      197 |
    > 198 |       expect(response.status).toBe(400)
          |                               ^
      199 |       expect(data.error).toBe('Name is required')
      200 |     })
      201 |

      at Object.toBe (tests/integration/api/financial/savings-goals/route.test.ts:198:31)

  ● /api/financial/savings-goals › POST › should return 400 if targetAmount is invalid

    expect(received).toBe(expected) // Object.is equality

    Expected: 400
    Received: 500

      215 |       const data = await response.json()
      216 |
    > 217 |       expect(response.status).toBe(400)
          |                               ^
      218 |       expect(data.error).toBe('Target amount must be positive')
      219 |     })
      220 |

      at Object.toBe (tests/integration/api/financial/savings-goals/route.test.ts:217:31)

  ● /api/financial/savings-goals › POST › should return 400 if targetAmount is zero

    expect(received).toBe(expected) // Object.is equality

    Expected: 400
    Received: 500

      234 |       const data = await response.json()
      235 |
    > 236 |       expect(response.status).toBe(400)
          |                               ^
      237 |       expect(data.error).toBe('Target amount must be positive')
      238 |     })
      239 |

      at Object.toBe (tests/integration/api/financial/savings-goals/route.test.ts:236:31)

  ● /api/financial/savings-goals › POST › should return 400 if memberId is missing for parent

    expect(received).toBe(expected) // Object.is equality

    Expected: 400
    Received: 500

      252 |       const data = await response.json()
      253 |
    > 254 |       expect(response.status).toBe(400)
          |                               ^
      255 |       expect(data.error).toBe('Member ID is required')
      256 |     })
      257 |

      at Object.toBe (tests/integration/api/financial/savings-goals/route.test.ts:254:31)

  ● /api/financial/savings-goals › POST › should create goal for child (using own ID)

    expect(received).toBe(expected) // Object.is equality

    Expected: 201
    Received: 200

      281 |       const data = await response.json()
      282 |
    > 283 |       expect(response.status).toBe(201)
          |                               ^
      284 |       expect(data.success).toBe(true)
      285 |       expect(data.goal).toEqual(mockGoal)
      286 |       expect(data.message).toBe('Savings goal created successfully')

      at Object.toBe (tests/integration/api/financial/savings-goals/route.test.ts:283:31)

  ● /api/financial/savings-goals › POST › should create goal for parent (specified memberId)

    expect(received).toBe(expected) // Object.is equality

    Expected: 201
    Received: 200

      329 |       const data = await response.json()
      330 |
    > 331 |       expect(response.status).toBe(201)
          |                               ^
      332 |       expect(data.success).toBe(true)
      333 |
      334 |       expect(dbMock.familyMember.findUnique).toHaveBeenCalledWith({

      at Object.toBe (tests/integration/api/financial/savings-goals/route.test.ts:331:31)

  ● /api/financial/savings-goals › POST › should return 404 if member not found

    expect(received).toBe(expected) // Object.is equality

    Expected: 404
    Received: 500

      375 |       const data = await response.json()
      376 |
    > 377 |       expect(response.status).toBe(404)
          |                               ^
      378 |       expect(data.error).toBe('Family member not found')
      379 |     })
      380 |

      at Object.toBe (tests/integration/api/financial/savings-goals/route.test.ts:377:31)

  ● /api/financial/savings-goals › POST › should return 404 if member belongs to different family

    expect(received).toBe(expected) // Object.is equality

    Expected: 404
    Received: 500

      399 |       const data = await response.json()
      400 |
    > 401 |       expect(response.status).toBe(404)
          |                               ^
      402 |       expect(data.error).toBe('Family member not found')
      403 |     })
      404 |

      at Object.toBe (tests/integration/api/financial/savings-goals/route.test.ts:401:31)

FAIL tests/integration/api/chores/pending-approval/route.test.ts
  ● /api/chores/pending-approval › GET › should return 403 if user is not a parent

    expect(received).toBe(expected) // Object.is equality

    Expected: "Forbidden"
    Received: "Forbidden - Parent access required"

      68 |
      69 |       expect(response.status).toBe(403)
    > 70 |       expect(data.error).toBe('Forbidden')
         |                          ^
      71 |     })
      72 |
      73 |     it('should return pending chores for parent', async () => {

      at Object.toBe (tests/integration/api/chores/pending-approval/route.test.ts:70:26)

  ● /api/chores/pending-approval › GET › should return pending chores for parent

    expect(received).toHaveLength(expected)

    Expected length: 1
    Received length: 0
    Received array:  []

      80 |
      81 |       expect(response.status).toBe(200)
    > 82 |       expect(data.chores).toHaveLength(1)
         |                           ^
      83 |       expect(data.chores[0]).toEqual({
      84 |         id: 'chore-instance-1',
      85 |         name: 'Test Chore',

      at Object.toHaveLength (tests/integration/api/chores/pending-approval/route.test.ts:82:27)

  ● /api/chores/pending-approval › GET › should return 500 on error

    expect(received).toBe(expected) // Object.is equality

    Expected: 500
    Received: 200

      156 |       const data = await response.json()
      157 |
    > 158 |       expect(response.status).toBe(500)
          |                               ^
      159 |       expect(data.error).toBe('Failed to fetch pending approvals')
      160 |     })
      161 |   })

      at Object.toBe (tests/integration/api/chores/pending-approval/route.test.ts:158:31)

FAIL tests/integration/api/onboarding.test.ts
  ● GET /api/onboarding/check › should return onboarding complete when set to true

    expect(received).toEqual(expected) // deep equality

    - Expected  - 1
    + Received  + 1

      Object {
        "onboardingComplete": true,
    -   "setupCompletedAt": "2025-01-01T00:00:00.000Z",
    +   "setupCompletedAt": 2025-01-01T00:00:00.000Z,
        "setupRequired": false,
      }

      74 |
      75 |     expect(response.status).toBe(200);
    > 76 |     expect(data).toEqual({
         |                  ^
      77 |       onboardingComplete: true,
      78 |       setupRequired: false,
      79 |       setupCompletedAt: setupDate.toISOString(),

      at Object.toEqual (tests/integration/api/onboarding.test.ts:76:18)

  ● POST /api/onboarding/setup › should successfully complete onboarding

    expect(received).toBe(expected) // Object.is equality

    Expected: 200
    Received: 500

      275 |     const data = await response.json();
      276 |
    > 277 |     expect(response.status).toBe(200);
          |                             ^
      278 |     expect(data.success).toBe(true);
      279 |     expect(data.family).toEqual({
      280 |       id: mockFamily.id,

      at Object.toBe (tests/integration/api/onboarding.test.ts:277:29)

  ● POST /api/onboarding/setup › should handle duplicate email errors

    expect(received).toBe(expected) // Object.is equality

    Expected: 400
    Received: 500

      370 |     const data = await response.json();
      371 |
    > 372 |     expect(response.status).toBe(400);
          |                             ^
      373 |     expect(data.error).toContain('email');
      374 |     expect(data.error).toContain('already exists');
      375 |   });

      at Object.toBe (tests/integration/api/onboarding.test.ts:372:29)

  ● POST /api/onboarding/setup › should use default timezone if not provided

    expect(received).toBe(expected) // Object.is equality

    Expected: 200
    Received: 500

      447 |     const data = await response.json();
      448 |
    > 449 |     expect(response.status).toBe(200);
          |                             ^
      450 |     expect(data.family.timezone).toBe('America/New_York');
      451 |   });
      452 |

      at Object.toBe (tests/integration/api/onboarding.test.ts:449:29)

  ● POST /api/onboarding/setup › should create module configurations for selected modules

    expect(received).toBe(expected) // Object.is equality

    Expected: 200
    Received: 500

      527 |     const data = await response.json();
      528 |
    > 529 |     expect(response.status).toBe(200);
          |                             ^
      530 |     expect(data.success).toBe(true);
      531 |     expect(data.modules.enabled).toEqual(selectedModules);
      532 |     expect(data.modules.count).toBe(3);

      at Object.toBe (tests/integration/api/onboarding.test.ts:529:29)

  ● POST /api/onboarding/setup › should accept generateSampleData flag (sample data generation tested separately)

    expect(received).toBe(expected) // Object.is equality

    Expected: 200
    Received: 500

      639 |     const data = await response.json();
      640 |
    > 641 |     expect(response.status).toBe(200);
          |                             ^
      642 |     expect(data.success).toBe(true);
      643 |     expect(data.sampleData).toBeDefined();
      644 |     expect(typeof data.sampleData.generated).toBe('boolean');

      at Object.toBe (tests/integration/api/onboarding.test.ts:641:29)

  ● POST /api/onboarding/setup › should work with no modules selected

    expect(received).toBe(expected) // Object.is equality

    Expected: 200
    Received: 500

      708 |     const data = await response.json();
      709 |
    > 710 |     expect(response.status).toBe(200);
          |                             ^
      711 |     expect(data.success).toBe(true);
      712 |     expect(data.modules.enabled).toEqual([]);
      713 |     expect(data.modules.count).toBe(0);

      at Object.toBe (tests/integration/api/onboarding.test.ts:710:29)

FAIL tests/integration/api/financial/budgets/route.test.ts
  ● /api/financial/budgets › GET › should return budgets for authenticated user

    expect(jest.fn()).toHaveBeenCalledWith(...expected)

    - Expected
    + Received

      Object {
        "include": Object {
          "member": Object {
            "select": Object {
    +         "familyId": true,
              "id": true,
              "name": true,
    +         "role": true,
            },
          },
          "periods": Object {
            "orderBy": Object {
              "periodStart": "desc",
            },
    -       "take": 1,
    +       "select": Object {
    +         "createdAt": true,
    +         "id": true,
    +         "periodEnd": true,
    +         "periodKey": true,
    +         "periodStart": true,
    +         "spent": true,
            },
          },
    +   },
        "orderBy": Object {
          "createdAt": "desc",
        },
        "where": Object {
          "isActive": true,
          "member": Object {
            "familyId": "family-test-123",
          },
    -     "memberId": "child-test-123",
        },
      },

    Number of calls: 1

      62 |       expect(response.status).toBe(200)
      63 |       expect(data.budgets).toEqual(mockBudgets)
    > 64 |       expect(dbMock.budget.findMany).toHaveBeenCalledWith({
         |                                      ^
      65 |         where: {
      66 |           member: {
      67 |             familyId: session.user.familyId,

      at Object.toHaveBeenCalledWith (tests/integration/api/financial/budgets/route.test.ts:64:38)

  ● /api/financial/budgets › POST › should return 400 if category is missing

    expect(received).toBe(expected) // Object.is equality

    Expected: 400
    Received: 500

      124 |       const data = await response.json()
      125 |
    > 126 |       expect(response.status).toBe(400)
          |                               ^
      127 |       expect(data.error).toBe('Category is required')
      128 |     })
      129 |

      at Object.toBe (tests/integration/api/financial/budgets/route.test.ts:126:31)

  ● /api/financial/budgets › POST › should return 400 if limitAmount is missing

    expect(received).toBe(expected) // Object.is equality

    Expected: 400
    Received: 500

      143 |       const data = await response.json()
      144 |
    > 145 |       expect(response.status).toBe(400)
          |                               ^
      146 |       expect(data.error).toBe('Limit amount must be positive')
      147 |     })
      148 |

      at Object.toBe (tests/integration/api/financial/budgets/route.test.ts:145:31)

  ● /api/financial/budgets › POST › should return 400 if limitAmount is negative

    expect(received).toBe(expected) // Object.is equality

    Expected: 400
    Received: 500

      163 |       const data = await response.json()
      164 |
    > 165 |       expect(response.status).toBe(400)
          |                               ^
      166 |       expect(data.error).toBe('Limit amount must be positive')
      167 |     })
      168 |

      at Object.toBe (tests/integration/api/financial/budgets/route.test.ts:165:31)

  ● /api/financial/budgets › POST › should return 400 if period is missing

    expect(received).toBe(expected) // Object.is equality

    Expected: 400
    Received: 500

      182 |       const data = await response.json()
      183 |
    > 184 |       expect(response.status).toBe(400)
          |                               ^
      185 |       expect(data.error).toBe('Period must be "weekly" or "monthly"')
      186 |     })
      187 |

      at Object.toBe (tests/integration/api/financial/budgets/route.test.ts:184:31)

  ● /api/financial/budgets › POST › should return 400 if budget already exists for category and period

    expect(received).toBe(expected) // Object.is equality

    Expected: 409
    Received: 200

      213 |       const data = await response.json()
      214 |
    > 215 |       expect(response.status).toBe(409)
          |                               ^
      216 |       expect(data.error).toContain('already exists')
      217 |     })
      218 |

      at Object.toBe (tests/integration/api/financial/budgets/route.test.ts:215:31)

  ● /api/financial/budgets › POST › should create budget successfully

    expect(received).toBe(expected) // Object.is equality

    Expected: 201
    Received: 200

      254 |       const data = await response.json()
      255 |
    > 256 |       expect(response.status).toBe(201)
          |                               ^
      257 |       expect(data.budget).toBeDefined()
      258 |       expect(dbMock.budget.create).toHaveBeenCalledWith({
      259 |         data: {

      at Object.toBe (tests/integration/api/financial/budgets/route.test.ts:256:31)

FAIL tests/integration/api/routines/[id]/complete.test.ts
  ● POST /api/routines/[id]/complete › should return 403 if routine is assigned to different child

    expect(received).toBe(expected) // Object.is equality

    Expected: 403
    Received: 500

       95 |     const response = await POST(request, { params: Promise.resolve({ id: 'routine-123' }) });
       96 |
    >  97 |     expect(response.status).toBe(403);
          |                             ^
       98 |     const data = await response.json();
       99 |     expect(data.error).toContain('not assigned');
      100 |   });

      at Object.toBe (tests/integration/api/routines/[id]/complete.test.ts:97:29)

  ● POST /api/routines/[id]/complete › should complete routine for child when assigned to them

    expect(received).toBe(expected) // Object.is equality

    Expected: 201
    Received: 500

      136 |     const response = await POST(request, { params: Promise.resolve({ id: 'routine-123' }) });
      137 |
    > 138 |     expect(response.status).toBe(201);
          |                             ^
      139 |     const data = await response.json();
      140 |     expect(data.completion.routineId).toBe('routine-123');
      141 |     expect(data.completion.memberId).toBe(session.user.id);

      at Object.toBe (tests/integration/api/routines/[id]/complete.test.ts:138:29)

  ● POST /api/routines/[id]/complete › should complete unassigned routine for any child

    expect(received).toBe(expected) // Object.is equality

    Expected: 201
    Received: 500

      179 |     const response = await POST(request, { params: Promise.resolve({ id: 'routine-123' }) });
      180 |
    > 181 |     expect(response.status).toBe(201);
          |                             ^
      182 |   });
      183 |
      184 |   it('should allow parent to complete routine on behalf of child', async () => {

      at Object.toBe (tests/integration/api/routines/[id]/complete.test.ts:181:29)

  ● POST /api/routines/[id]/complete › should allow parent to complete routine on behalf of child

    expect(received).toBe(expected) // Object.is equality

    Expected: 201
    Received: 200

      228 |     const response = await POST(request, { params: Promise.resolve({ id: 'routine-123' }) });
      229 |
    > 230 |     expect(response.status).toBe(201);
          |                             ^
      231 |     const data = await response.json();
      232 |     expect(data.completion.memberId).toBe('child-123');
      233 |   });

      at Object.toBe (tests/integration/api/routines/[id]/complete.test.ts:230:29)

  ● POST /api/routines/[id]/complete › should return 400 if parent specifies non-existent member

    expect(received).toBe(expected) // Object.is equality

    Expected: 400
    Received: 200

      259 |     const response = await POST(request, { params: Promise.resolve({ id: 'routine-123' }) });
      260 |
    > 261 |     expect(response.status).toBe(400);
          |                             ^
      262 |     const data = await response.json();
      263 |     expect(data.error).toContain('family member');
      264 |   });

      at Object.toBe (tests/integration/api/routines/[id]/complete.test.ts:261:29)

  ● POST /api/routines/[id]/complete › should handle duplicate completion gracefully

    expect(received).toBe(expected) // Object.is equality

    Expected: 400
    Received: 500

      292 |     const response = await POST(request, { params: Promise.resolve({ id: 'routine-123' }) });
      293 |
    > 294 |     expect(response.status).toBe(400);
          |                             ^
      295 |     const data = await response.json();
      296 |     expect(data.error).toContain('already completed');
      297 |   });

      at Object.toBe (tests/integration/api/routines/[id]/complete.test.ts:294:29)

  ● POST /api/routines/[id]/complete › should create audit log on completion

    expect(jest.fn()).toHaveBeenCalledWith(...expected)

    Expected: ObjectContaining {"data": ObjectContaining {"action": "ROUTINE_COMPLETED", "familyId": "family-test-123"}}

    Number of calls: 0

      333 |     await POST(request, { params: Promise.resolve({ id: 'routine-123' }) });
      334 |
    > 335 |     expect(dbMock.auditLog.create).toHaveBeenCalledWith(
          |                                    ^
      336 |       expect.objectContaining({
      337 |         data: expect.objectContaining({
      338 |           familyId: session.user.familyId,

      at Object.toHaveBeenCalledWith (tests/integration/api/routines/[id]/complete.test.ts:335:36)

FAIL tests/integration/api/notifications/subscribe/route.test.ts
  ● /api/notifications/subscribe › POST /api/notifications/subscribe › should create push subscription for authenticated user

    expect(received).toMatchObject(expected)

    Matcher error: received value must be a non-null object

    Received has value: null

      72 |
      73 |       expect(response.status).toBe(200)
    > 74 |       expect(data.subscription).toMatchObject({
         |                                 ^
      75 |         endpoint: validSubscription.endpoint,
      76 |         userId: 'child-1',
      77 |       })

      at Object.toMatchObject (tests/integration/api/notifications/subscribe/route.test.ts:74:33)

  ● /api/notifications/subscribe › POST /api/notifications/subscribe › should handle database errors gracefully

    expect(received).toBe(expected) // Object.is equality

    Expected: 500
    Received: 200

      216 |       const data = await response.json()
      217 |
    > 218 |       expect(response.status).toBe(500)
          |                               ^
      219 |       expect(data.error).toBe('Failed to save subscription')
      220 |     })
      221 |   })

      at Object.toBe (tests/integration/api/notifications/subscribe/route.test.ts:218:31)

  ● /api/notifications/subscribe › DELETE /api/notifications/subscribe › should delete push subscription for authenticated user

    expect(received).toBe(expected) // Object.is equality

    Expected: "Subscription removed"
    Received: "Push subscription deleted successfully"

      250 |
      251 |       expect(response.status).toBe(200)
    > 252 |       expect(data.message).toBe('Subscription removed')
          |                            ^
      253 |       expect(dbMock.pushSubscription.deleteMany).toHaveBeenCalledWith({
      254 |         where: {
      255 |           userId: 'child-1',

      at Object.toBe (tests/integration/api/notifications/subscribe/route.test.ts:252:28)

  ● /api/notifications/subscribe › DELETE /api/notifications/subscribe › should only delete subscriptions owned by the authenticated user

    expect(received).toBe(expected) // Object.is equality

    Expected: "Subscription removed"
    Received: "Push subscription deleted successfully"

      272 |
      273 |       expect(response.status).toBe(200)
    > 274 |       expect(data.message).toBe('Subscription removed')
          |                            ^
      275 |       expect(dbMock.pushSubscription.deleteMany).toHaveBeenCalledWith({
      276 |         where: {
      277 |           userId: 'parent-1',

      at Object.toBe (tests/integration/api/notifications/subscribe/route.test.ts:274:28)

  ● /api/notifications/subscribe › DELETE /api/notifications/subscribe › should return 400 if endpoint is missing

    expect(received).toBe(expected) // Object.is equality

    Expected: "Endpoint required"
    Received: "Endpoint is required"

      292 |
      293 |       expect(response.status).toBe(400)
    > 294 |       expect(data.error).toBe('Endpoint required')
          |                          ^
      295 |     })
      296 |
      297 |     it('should handle database errors gracefully', async () => {

      at Object.toBe (tests/integration/api/notifications/subscribe/route.test.ts:294:26)

  ● /api/notifications/subscribe › DELETE /api/notifications/subscribe › should handle database errors gracefully

    expect(received).toBe(expected) // Object.is equality

    Expected: "Failed to remove subscription"
    Received: "Failed to delete subscription"

      308 |
      309 |       expect(response.status).toBe(500)
    > 310 |       expect(data.error).toBe('Failed to remove subscription')
          |                          ^
      311 |     })
      312 |   })
      313 | })

      at Object.toBe (tests/integration/api/notifications/subscribe/route.test.ts:310:26)

FAIL tests/integration/family-isolation.test.ts
  ● Family Isolation Tests - Data Security › Chores Isolation › should only return chores for user's family

    expect(received).toEqual(expected) // deep equality

    Expected: [{"familyId": "family-test-123", "id": "chore-1", "name": "Family 1 Chore"}, {"familyId": "family-test-123", "id": "chore-2", "name": "Family 1 Chore 2"}]
    Received: undefined

      43 |
      44 |       expect(response.status).toBe(200)
    > 45 |       expect(data.chores).toEqual(family1Chores)
         |                           ^
      46 |
      47 |       // Verify query filters by familyId
      48 |       expect(dbMock.choreDefinition.findMany).toHaveBeenCalledWith(

      at Object.toEqual (tests/integration/family-isolation.test.ts:45:27)

  ● Family Isolation Tests - Data Security › Rewards Isolation › should only return rewards for user's family

    expect(received).toEqual(expected) // deep equality

    Expected: [{"familyId": "family-1", "id": "reward-1", "name": "Family 1 Reward", "status": "ACTIVE"}]
    Received: undefined

      104 |
      105 |       expect(response.status).toBe(200)
    > 106 |       expect(data.rewards).toEqual(family1Rewards)
          |                            ^
      107 |
      108 |       // Verify query filters by familyId
      109 |       expect(dbMock.rewardItem.findMany).toHaveBeenCalledWith({

      at Object.toEqual (tests/integration/family-isolation.test.ts:106:28)

  ● Family Isolation Tests - Data Security › Rewards Isolation › should prevent accessing rewards from different family

    expect(jest.fn()).toHaveBeenCalledWith(...expected)

    Expected: ObjectContaining {"where": ObjectContaining {"familyId": "family-1"}}
    Received: {"orderBy": {"costCredits": "asc"}, "where": {"familyId": "family-test-123", "status": "ACTIVE"}}

    Number of calls: 1

      133 |
      134 |       // Verify query filters by familyId
    > 135 |       expect(dbMock.rewardItem.findMany).toHaveBeenCalledWith(
          |                                          ^
      136 |         expect.objectContaining({
      137 |           where: expect.objectContaining({
      138 |             familyId: 'family-1',

      at Object.toHaveBeenCalledWith (tests/integration/family-isolation.test.ts:135:42)

  ● Family Isolation Tests - Data Security › Financial Transactions Isolation › should only return transactions for user's family

    expect(jest.fn()).toHaveBeenCalledWith(...expected)

    Expected: ObjectContaining {"where": ObjectContaining {"member": ObjectContaining {"familyId": "family-1"}}}
    Received: {"orderBy": {"createdAt": "desc"}, "skip": 0, "take": 50, "where": {"memberId": "child-1"}}

    Number of calls: 1

      165 |
      166 |       // Verify query filters by familyId through member relation
    > 167 |       expect(dbMock.creditTransaction.findMany).toHaveBeenCalledWith(
          |                                                 ^
      168 |         expect.objectContaining({
      169 |           where: expect.objectContaining({
      170 |             member: expect.objectContaining({

      at Object.toHaveBeenCalledWith (tests/integration/family-isolation.test.ts:167:49)

  ● Family Isolation Tests - Data Security › Financial Transactions Isolation › should prevent accessing transactions from different family

    expect(jest.fn()).toHaveBeenCalledWith(...expected)

    Expected: ObjectContaining {"where": ObjectContaining {"member": ObjectContaining {"familyId": "family-1"}}}
    Received: {"orderBy": {"createdAt": "desc"}, "skip": 0, "take": 50, "where": {"memberId": "child-1"}}

    Number of calls: 1

      186 |
      187 |       // Verify query enforces family isolation
    > 188 |       expect(dbMock.creditTransaction.findMany).toHaveBeenCalledWith(
          |                                                 ^
      189 |         expect.objectContaining({
      190 |           where: expect.objectContaining({
      191 |             member: expect.objectContaining({

      at Object.toHaveBeenCalledWith (tests/integration/family-isolation.test.ts:188:49)

  ● Family Isolation Tests - Data Security › Financial Transactions Isolation › should allow parents to see all family transactions but not other families

    expect(jest.fn()).toHaveBeenCalledWith(...expected)

    Expected: ObjectContaining {"where": ObjectContaining {"member": ObjectContaining {"familyId": "family-1"}}}
    Received: {"orderBy": {"createdAt": "desc"}, "skip": 0, "take": 50}

    Number of calls: 1

      221 |
      222 |       // Parents can see all family transactions, but still filtered by familyId
    > 223 |       expect(dbMock.creditTransaction.findMany).toHaveBeenCalledWith(
          |                                                 ^
      224 |         expect.objectContaining({
      225 |           where: expect.objectContaining({
      226 |             member: expect.objectContaining({

      at Object.toHaveBeenCalledWith (tests/integration/family-isolation.test.ts:223:49)

  ● Family Isolation Tests - Data Security › Savings Goals Isolation › should only return savings goals for user's family

    expect(received).toEqual(expected) // deep equality

    - Expected  -  1
    + Received  + 12

      Array [
        Object {
    +     "color": undefined,
    +     "completedAt": undefined,
    +     "createdAt": undefined,
    +     "currentAmount": undefined,
    +     "deadline": undefined,
    +     "description": undefined,
    +     "iconName": undefined,
          "id": "goal-1",
    +     "isCompleted": undefined,
          "member": Object {
    -       "familyId": "family-test-123",
            "id": "child-test-123",
    +       "name": undefined,
    +       "role": undefined,
          },
          "memberId": "child-test-123",
          "name": "Family Goal",
    +     "targetAmount": undefined,
    +     "updatedAt": undefined,
        },
      ]

      253 |
      254 |       expect(response.status).toBe(200)
    > 255 |       expect(data.goals).toEqual(family1Goals)
          |                          ^
      256 |
      257 |       // Verify query filters by familyId through member relation
      258 |       const calls = dbMock.savingsGoal.findMany.mock.calls

      at Object.toEqual (tests/integration/family-isolation.test.ts:255:26)

  ● Family Isolation Tests - Data Security › Savings Goals Isolation › should prevent accessing savings goals from different family

    expect(received).toBe(expected) // Object.is equality

    Expected: "child-test-123"
    Received: undefined

      275 |       const query = calls[0][0]
      276 |       expect(query?.where?.member?.familyId).toBe(session.user.familyId)
    > 277 |       expect(query?.where?.memberId).toBe(session.user.id)
          |                                      ^
      278 |     })
      279 |   })
      280 |

      at Object.toBe (tests/integration/family-isolation.test.ts:277:38)

FAIL tests/integration/api/medications/dose/route.test.ts
  ● /api/medications/dose › POST › should return 401 if not authenticated

    expect(received).toBe(expected) // Object.is equality

    Expected: 401
    Received: 500

      51 |       const response = await POST(request);
      52 |
    > 53 |       expect(response.status).toBe(401);
         |                               ^
      54 |     });
      55 |
      56 |     it('should return 400 if missing required fields', async () => {

      at Object.toBe (tests/integration/api/medications/dose/route.test.ts:53:31)

FAIL tests/integration/api/screentime/adjust.test.ts
  ● /api/screentime/adjust › POST › should return 403 if not a parent

    expect(received).toBe(expected) // Object.is equality

    Expected: 403
    Received: 400

      58 |       const data = await response.json()
      59 |
    > 60 |       expect(response.status).toBe(403)
         |                               ^
      61 |       expect(data.error).toBe('Unauthorized - Parent access required')
      62 |     })
      63 |

      at Object.toBe (tests/integration/api/screentime/adjust.test.ts:60:31)

  ● /api/screentime/adjust › POST › should return 400 if screen time not configured

    expect(received).toBe(expected) // Object.is equality

    Expected: 200
    Received: 404

      175 |       const data = await response.json()
      176 |
    > 177 |       expect(response.status).toBe(200)
          |                               ^
      178 |       expect(data.success).toBe(true)
      179 |     })
      180 |

      at Object.toBe (tests/integration/api/screentime/adjust.test.ts:177:31)

  ● /api/screentime/adjust › POST › should return 400 if trying to remove more than available balance

    expect(received).toBe(expected) // Object.is equality

    Expected: 400
    Received: 404

      206 |       const data = await response.json()
      207 |
    > 208 |       expect(response.status).toBe(400)
          |                               ^
      209 |       expect(data.error).toBe('Insufficient balance')
      210 |       expect(data.message).toContain('30 minutes')
      211 |     })

      at Object.toBe (tests/integration/api/screentime/adjust.test.ts:208:31)

  ● /api/screentime/adjust › POST › should successfully add screen time

    expect(received).toBe(expected) // Object.is equality

    Expected: 200
    Received: 404

      251 |       const data = await response.json()
      252 |
    > 253 |       expect(response.status).toBe(200)
          |                               ^
      254 |       expect(data.success).toBe(true)
      255 |       expect(data.balance).toBe(70)
      256 |       expect(dbMock.screenTimeBalance.update).toHaveBeenCalledWith({

      at Object.toBe (tests/integration/api/screentime/adjust.test.ts:253:31)

  ● /api/screentime/adjust › POST › should successfully remove screen time

    expect(received).toBe(expected) // Object.is equality

    Expected: 200
    Received: 404

      300 |       const data = await response.json()
      301 |
    > 302 |       expect(response.status).toBe(200)
          |                               ^
      303 |       expect(data.success).toBe(true)
      304 |       expect(data.balance).toBe(50)
      305 |     })

      at Object.toBe (tests/integration/api/screentime/adjust.test.ts:302:31)

  ● /api/screentime/adjust › POST › should prevent negative balance

    expect(received).toBe(expected) // Object.is equality

    Expected: 400
    Received: 404

      333 |       const data = await response.json()
      334 |
    > 335 |       expect(response.status).toBe(400)
          |                               ^
      336 |       expect(data.error).toBe('Insufficient balance')
      337 |       expect(dbMock.screenTimeBalance.update).not.toHaveBeenCalled()
      338 |     })

      at Object.toBe (tests/integration/api/screentime/adjust.test.ts:335:31)

  ● /api/screentime/adjust › POST › should handle invalid JSON gracefully

    expect(received).toBe(expected) // Object.is equality

    Expected: 400
    Received: 500

      349 |       const data = await response.json()
      350 |
    > 351 |       expect(response.status).toBe(400)
          |                               ^
      352 |       expect(data.error).toBe('Invalid JSON in request body')
      353 |     })
      354 |

      at Object.toBe (tests/integration/api/screentime/adjust.test.ts:351:31)

  ● /api/screentime/adjust › POST › should create notification for child

    expect(jest.fn()).toHaveBeenCalledWith(...expected)

    Expected: {"data": ObjectContaining {"message": StringContaining "added", "title": "Screen time updated", "type": "SCREENTIME_ADJUSTED", "userId": "child-1"}}

    Number of calls: 0

      394 |       await POST(request)
      395 |
    > 396 |       expect(dbMock.notification.create).toHaveBeenCalledWith({
          |                                          ^
      397 |         data: expect.objectContaining({
      398 |           userId: 'child-1',
      399 |           type: 'SCREENTIME_ADJUSTED',

      at Object.toHaveBeenCalledWith (tests/integration/api/screentime/adjust.test.ts:396:42)

  ● /api/screentime/adjust › POST › should create audit log

    expect(jest.fn()).toHaveBeenCalledWith(...expected)

    Expected: {"data": ObjectContaining {"action": "SCREENTIME_ADJUSTED", "entityType": "ScreenTimeTransaction", "familyId": "family-test-123", "metadata": ObjectContaining {"amountMinutes": 10, "newBalance": 70, "targetMemberId": "child-1"}, "result": "SUCCESS"}}

    Number of calls: 0

      441 |       await POST(request)
      442 |
    > 443 |       expect(dbMock.auditLog.create).toHaveBeenCalledWith({
          |                                      ^
      444 |         data: expect.objectContaining({
      445 |           familyId: session.user.familyId,
      446 |           action: 'SCREENTIME_ADJUSTED',

      at Object.toHaveBeenCalledWith (tests/integration/api/screentime/adjust.test.ts:443:38)

FAIL tests/integration/api/chores/[id]/reject.test.ts
  ● /api/chores/[id]/reject › POST › should return 403 if not a parent

    expect(received).toBe(expected) // Object.is equality

    Expected: "Forbidden"
    Received: "Forbidden - Parent access required"

      65 |
      66 |       expect(response.status).toBe(403)
    > 67 |       expect(data.error).toBe('Forbidden')
         |                          ^
      68 |     })
      69 |
      70 |     it('should return 404 if chore instance not found', async () => {

      at Object.toBe (tests/integration/api/chores/[id]/reject.test.ts:67:26)

  ● /api/chores/[id]/reject › POST › should return 404 if chore instance not found

    expect(received).toBe(expected) // Object.is equality

    Expected: 404
    Received: 200

      81 |       const data = await response.json()
      82 |
    > 83 |       expect(response.status).toBe(404)
         |                               ^
      84 |       expect(data.error).toBe('Chore not found')
      85 |     })
      86 |

      at Object.toBe (tests/integration/api/chores/[id]/reject.test.ts:83:31)

  ● /api/chores/[id]/reject › POST › should return 400 if chore is not completed

    expect(received).toBe(expected) // Object.is equality

    Expected: 400
    Received: 200

      101 |       const data = await response.json()
      102 |
    > 103 |       expect(response.status).toBe(400)
          |                               ^
      104 |       expect(data.error).toBe('Chore must be completed before rejection')
      105 |     })
      106 |

      at Object.toBe (tests/integration/api/chores/[id]/reject.test.ts:103:31)

  ● /api/chores/[id]/reject › POST › should reject chore with reason

    expect(jest.fn()).toHaveBeenCalledWith(...expected)

    - Expected
    + Received

    @@ -1,8 +1,8 @@
      Object {
        "data": Object {
    -     "approvedAt": Any<Date>,
    +     "approvedAt": "2026-01-21T13:14:12.063Z",
          "approvedById": "parent-test-123",
          "notes": "Not done well",
          "status": "REJECTED",
        },
        "where": Object {,

    Number of calls: 1

      131 |       expect(data.success).toBe(true)
      132 |       expect(data.message).toContain('rejected')
    > 133 |       expect(dbMock.choreInstance.update).toHaveBeenCalledWith({
          |                                           ^
      134 |         where: { id: choreInstanceId },
      135 |         data: {
      136 |           status: ChoreStatus.REJECTED,

      at Object.toHaveBeenCalledWith (tests/integration/api/chores/[id]/reject.test.ts:133:43)

  ● /api/chores/[id]/reject › POST › should use existing notes if reason not provided

    expect(jest.fn()).toHaveBeenCalledWith(...expected)

    - Expected
    + Received

      Object {
    -   "data": ObjectContaining {
    -     "notes": "Original notes",
    +   "data": Object {
    +     "approvedAt": "2026-01-21T13:14:12.069Z",
    +     "approvedById": "parent-test-123",
    +     "notes": "",
    +     "status": "REJECTED",
        },
        "where": Object {
          "id": "chore-instance-1",
        },
      },

    Number of calls: 1

      161 |       await POST(request, { params: Promise.resolve({ id: choreInstanceId }) })
      162 |
    > 163 |       expect(dbMock.choreInstance.update).toHaveBeenCalledWith({
          |                                           ^
      164 |         where: { id: choreInstanceId },
      165 |         data: expect.objectContaining({
      166 |           notes: 'Original notes',

      at Object.toHaveBeenCalledWith (tests/integration/api/chores/[id]/reject.test.ts:163:43)

  ● /api/chores/[id]/reject › POST › should create notification for child with reason

    expect(jest.fn()).toHaveBeenCalledWith(...expected)

    Expected: {"data": ObjectContaining {"message": StringContaining "Needs more effort", "title": "Chore needs work", "type": "CHORE_REJECTED", "userId": "child-1"}}

    Number of calls: 0

      188 |       await POST(request, { params: Promise.resolve({ id: choreInstanceId }) })
      189 |
    > 190 |       expect(dbMock.notification.create).toHaveBeenCalledWith({
          |                                          ^
      191 |         data: expect.objectContaining({
      192 |           userId: 'child-1',
      193 |           type: 'CHORE_REJECTED',

      at Object.toHaveBeenCalledWith (tests/integration/api/chores/[id]/reject.test.ts:190:42)

  ● /api/chores/[id]/reject › POST › should create audit log

    expect(jest.fn()).toHaveBeenCalledWith(...expected)

    Expected: {"data": ObjectContaining {"action": "CHORE_REJECTED", "entityId": "chore-instance-1", "entityType": "ChoreInstance", "familyId": "family-test-123", "memberId": "parent-test-123", "metadata": ObjectContaining {"choreName": "Test Chore", "reason": "Not good enough"}, "result": "SUCCESS"}}

    Number of calls: 0

      217 |       await POST(request, { params: Promise.resolve({ id: choreInstanceId }) })
      218 |
    > 219 |       expect(dbMock.auditLog.create).toHaveBeenCalledWith({
          |                                      ^
      220 |         data: expect.objectContaining({
      221 |           familyId: session.user.familyId,
      222 |           memberId: session.user.id,

      at Object.toHaveBeenCalledWith (tests/integration/api/chores/[id]/reject.test.ts:219:38)

FAIL tests/integration/api/medications/route.test.ts
  ● /api/medications › GET › should return 401 if not authenticated

    expect(received).toBe(expected) // Object.is equality

    Expected: 401
    Received: 500

      63 |       const response = await GET(request);
      64 |
    > 65 |       expect(response.status).toBe(401);
         |                               ^
      66 |     });
      67 |
      68 |     it('should return all medications for family', async () => {

      at Object.toBe (tests/integration/api/medications/route.test.ts:65:31)

  ● /api/medications › POST › should return 401 if not authenticated

    expect(received).toBe(expected) // Object.is equality

    Expected: 401
    Received: 500

      148 |       const response = await POST(request);
      149 |
    > 150 |       expect(response.status).toBe(401);
          |                               ^
      151 |     });
      152 |
      153 |     it('should return 403 if not a parent', async () => {

      at Object.toBe (tests/integration/api/medications/route.test.ts:150:31)

FAIL tests/integration/api/transport/carpools/route.test.ts
  ● /api/transport/carpools › POST › should return 403 if not a parent

    expect(received).toBe(expected) // Object.is equality

    Expected: 403
    Received: 200

      100 |       const response = await POST(request);
      101 |
    > 102 |       expect(response.status).toBe(403);
          |                               ^
      103 |     });
      104 |
      105 |     it('should return 400 if name is missing', async () => {

      at Object.toBe (tests/integration/api/transport/carpools/route.test.ts:102:31)

  ● /api/transport/carpools › POST › should return 400 if name is missing

    expect(received).toBe(expected) // Object.is equality

    Expected: 400
    Received: 200

      110 |       const response = await POST(request);
      111 |
    > 112 |       expect(response.status).toBe(400);
          |                               ^
      113 |     });
      114 |
      115 |     it('should create carpool without members', async () => {

      at Object.toBe (tests/integration/api/transport/carpools/route.test.ts:112:31)

  ● /api/transport/carpools › POST › should create carpool without members

    expect(received).toBe(expected) // Object.is equality

    Expected: 201
    Received: 200

      134 |       const response = await POST(request);
      135 |
    > 136 |       expect(response.status).toBe(201);
          |                               ^
      137 |       const data = await response.json();
      138 |       expect(data.carpool.name).toBe('Soccer Carpool');
      139 |

      at Object.toBe (tests/integration/api/transport/carpools/route.test.ts:136:31)

  ● /api/transport/carpools › POST › should create carpool with members

    expect(received).toBe(expected) // Object.is equality

    Expected: 201
    Received: 200

      168 |       const response = await POST(request);
      169 |
    > 170 |       expect(response.status).toBe(201);
          |                               ^
      171 |       const data = await response.json();
      172 |       expect(data.carpool.members).toHaveLength(2);
      173 |

      at Object.toBe (tests/integration/api/transport/carpools/route.test.ts:170:31)

  ● /api/transport/carpools › POST › should return 400 if member is missing name

    expect(received).toBe(expected) // Object.is equality

    Expected: 400
    Received: 200

      201 |       const response = await POST(request);
      202 |
    > 203 |       expect(response.status).toBe(400);
          |                               ^
      204 |     });
      205 |   });
      206 | });

      at Object.toBe (tests/integration/api/transport/carpools/route.test.ts:203:31)

FAIL tests/integration/api/screentime/grace/settings.test.ts
  ● /api/screentime/grace/settings › GET › should return settings for current user

    expect(received).toEqual(expected) // deep equality

    Expected: {"createdAt": 2026-01-21T13:14:12.653Z, "gracePeriodMinutes": 15, "graceRepaymentMode": "DEDUCT_NEXT_WEEK", "id": "settings-1", "lowBalanceWarningMinutes": 10, "maxGracePerDay": 1, "maxGracePerWeek": 3, "memberId": "child-test-123", "requiresApproval": false, "updatedAt": 2026-01-21T13:14:12.653Z}
    Received: null

      53 |       expect(response.status).toBe(200);
      54 |       const data = await response.json();
    > 55 |       expect(data.settings).toEqual(settings);
         |                             ^
      56 |     });
      57 |
      58 |     it('should allow parents to view child settings', async () => {

      at Object.toEqual (tests/integration/api/screentime/grace/settings.test.ts:55:29)

  ● /api/screentime/grace/settings › GET › should allow parents to view child settings

    expect(received).toEqual(expected) // deep equality

    Expected: {"createdAt": 2026-01-21T13:14:12.661Z, "gracePeriodMinutes": 20, "graceRepaymentMode": "EARN_BACK", "id": "settings-1", "lowBalanceWarningMinutes": 15, "maxGracePerDay": 2, "maxGracePerWeek": 5, "memberId": "child-1", "requiresApproval": true, "updatedAt": 2026-01-21T13:14:12.661Z}
    Received: null

       99 |       expect(response.status).toBe(200);
      100 |       const data = await response.json();
    > 101 |       expect(data.settings).toEqual(settings);
          |                             ^
      102 |     });
      103 |
      104 |     it('should prevent children from viewing other members settings', async () => {

      at Object.toEqual (tests/integration/api/screentime/grace/settings.test.ts:101:29)

  ● /api/screentime/grace/settings › GET › should create default settings if none exist

    expect(received).toEqual(expected) // deep equality

    Expected: {"createdAt": 2026-01-21T13:14:12.667Z, "gracePeriodMinutes": 15, "graceRepaymentMode": "DEDUCT_NEXT_WEEK", "id": "new-settings-1", "lowBalanceWarningMinutes": 10, "maxGracePerDay": 1, "maxGracePerWeek": 3, "memberId": "child-test-123", "requiresApproval": false, "updatedAt": 2026-01-21T13:14:12.667Z}
    Received: null

      158 |       expect(response.status).toBe(200);
      159 |       const data = await response.json();
    > 160 |       expect(data.settings).toEqual(defaultSettings);
          |                             ^
      161 |       expect(dbMock.screenTimeGraceSettings.create).toHaveBeenCalled();
      162 |     });
      163 |

      at Object.toEqual (tests/integration/api/screentime/grace/settings.test.ts:160:29)

  ● /api/screentime/grace/settings › GET › should verify family ownership when viewing child settings

    expect(received).toBe(expected) // Object.is equality

    Expected: 403
    Received: 404

      189 |       const response = await GET(request as NextRequest);
      190 |
    > 191 |       expect(response.status).toBe(403);
          |                               ^
      192 |       const data = await response.json();
      193 |       expect(data.error).toBe('Cannot view settings from other families');
      194 |     });

      at Object.toBe (tests/integration/api/screentime/grace/settings.test.ts:191:31)

  ● /api/screentime/grace/settings › PUT › should return 403 if not a parent

    expect(received).toContain(expected) // indexOf

    Expected substring: "parent"
    Received string:    "Cannot update other members settings"

      220 |       expect(response.status).toBe(403);
      221 |       const data = await response.json();
    > 222 |       expect(data.error).toContain('parent');
          |                          ^
      223 |     });
      224 |
      225 |     it('should validate positive numbers', async () => {

      at Object.toContain (tests/integration/api/screentime/grace/settings.test.ts:222:26)

  ● /api/screentime/grace/settings › PUT › should validate positive numbers

    expect(received).toBe(expected) // Object.is equality

    Expected: 400
    Received: 200

      256 |       const response = await PATCH(request as NextRequest);
      257 |
    > 258 |       expect(response.status).toBe(400);
          |                               ^
      259 |       const data = await response.json();
      260 |       expect(data.error).toContain('positive');
      261 |     });

      at Object.toBe (tests/integration/api/screentime/grace/settings.test.ts:258:31)

  ● /api/screentime/grace/settings › PUT › should validate enum values

    expect(received).toBe(expected) // Object.is equality

    Expected: 400
    Received: 200

      294 |       const response = await PATCH(request as NextRequest);
      295 |
    > 296 |       expect(response.status).toBe(400);
          |                               ^
      297 |       const data = await response.json();
      298 |       expect(data.error).toContain('repayment mode');
      299 |     });

      at Object.toBe (tests/integration/api/screentime/grace/settings.test.ts:296:31)

  ● /api/screentime/grace/settings › PUT › should update settings successfully

    expect(received).toEqual(expected) // deep equality

    Expected: {"createdAt": 2026-01-21T13:14:12.685Z, "gracePeriodMinutes": 20, "graceRepaymentMode": "FORGIVE", "id": "settings-1", "lowBalanceWarningMinutes": 15, "maxGracePerDay": 2, "maxGracePerWeek": 5, "memberId": "child-1", "requiresApproval": true, "updatedAt": 2026-01-21T13:14:12.685Z}
    Received: null

      349 |       expect(response.status).toBe(200);
      350 |       const data = await response.json();
    > 351 |       expect(data.settings).toEqual(updatedSettings);
          |                             ^
      352 |       expect(dbMock.screenTimeGraceSettings.upsert).toHaveBeenCalled();
      353 |     });
      354 |

      at Object.toEqual (tests/integration/api/screentime/grace/settings.test.ts:351:29)

  ● /api/screentime/grace/settings › PUT › should verify family ownership

    expect(received).toBe(expected) // Object.is equality

    Expected: 403
    Received: 404

      386 |       const response = await PATCH(request as NextRequest);
      387 |
    > 388 |       expect(response.status).toBe(403);
          |                               ^
      389 |       const data = await response.json();
      390 |       expect(data.error).toBe('Cannot update settings for members from other families');
      391 |     });

      at Object.toBe (tests/integration/api/screentime/grace/settings.test.ts:388:31)

FAIL tests/integration/api/chores/[id]/complete.test.ts
  ● /api/chores/[id]/complete › POST › should return 404 if chore instance not found

    expect(received).toBe(expected) // Object.is equality

    Expected: 404
    Received: 400

      67 |       const data = await response.json()
      68 |
    > 69 |       expect(response.status).toBe(404)
         |                               ^
      70 |       expect(data.error).toBe('Chore not found')
      71 |     })
      72 |

      at Object.toBe (tests/integration/api/chores/[id]/complete.test.ts:69:31)

  ● /api/chores/[id]/complete › POST › should return 403 if user is not assigned and not a parent

    expect(received).toBe(expected) // Object.is equality

    Expected: 403
    Received: 400

      87 |       const data = await response.json()
      88 |
    > 89 |       expect(response.status).toBe(403)
         |                               ^
      90 |       expect(data.error).toBe('Forbidden')
      91 |     })
      92 |

      at Object.toBe (tests/integration/api/chores/[id]/complete.test.ts:89:31)

  ● /api/chores/[id]/complete › POST › should allow parent to complete any chore

    expect(received).toBe(expected) // Object.is equality

    Expected: 200
    Received: 400

      129 |       const data = await response.json()
      130 |
    > 131 |       expect(response.status).toBe(200)
          |                               ^
      132 |       expect(data.success).toBe(true)
      133 |       expect(dbMock.choreInstance.update).toHaveBeenCalled()
      134 |     })

      at Object.toBe (tests/integration/api/chores/[id]/complete.test.ts:131:31)

  ● /api/chores/[id]/complete › POST › should complete chore without approval and award credits atomically

    expect(received).toBe(expected) // Object.is equality

    Expected: 200
    Received: 400

      179 |       const data = await response.json()
      180 |
    > 181 |       expect(response.status).toBe(200)
          |                               ^
      182 |       expect(data.success).toBe(true)
      183 |       expect(dbMock.$transaction).toHaveBeenCalled()
      184 |     })

      at Object.toBe (tests/integration/api/chores/[id]/complete.test.ts:181:31)

  ● /api/chores/[id]/complete › POST › should handle chore requiring approval

    expect(received).toBe(expected) // Object.is equality

    Expected: 200
    Received: 400

      223 |       const data = await response.json()
      224 |
    > 225 |       expect(response.status).toBe(200)
          |                               ^
      226 |       expect(data.success).toBe(true)
      227 |       expect(data.message).toContain('Waiting for parent approval')
      228 |       expect(dbMock.notification.createMany).toHaveBeenCalled()

      at Object.toBe (tests/integration/api/chores/[id]/complete.test.ts:225:31)

  ● /api/chores/[id]/complete › POST › should handle notification creation failures gracefully

    expect(received).toBe(expected) // Object.is equality

    Expected: 200
    Received: 400

      293 |       const data = await response.json()
      294 |
    > 295 |       expect(response.status).toBe(200)
          |                               ^
      296 |       expect(data.success).toBe(true)
      297 |     })
      298 |

      at Object.toBe (tests/integration/api/chores/[id]/complete.test.ts:295:31)

  ● /api/chores/[id]/complete › POST › should verify family membership

    expect(received).toContain(expected) // indexOf

    Expected value: 400
    Received array: [403, 404]

      330 |
      331 |       // Should fail either at assignment check or family check
    > 332 |       expect([403, 404]).toContain(response.status)
          |                          ^
      333 |     })
      334 |   })
      335 | })

      at Object.toContain (tests/integration/api/chores/[id]/complete.test.ts:332:26)

FAIL tests/integration/api/calendar/connections/[id]/route.test.ts
  ● /api/calendar/connections/[id] › GET › should return 403 if connection belongs to different user

    expect(received).toBe(expected) // Object.is equality

    Expected: 403
    Received: 404

      115 |       const response = await GET(request, { params: Promise.resolve({ id: 'connection-other' }) });
      116 |
    > 117 |       expect(response.status).toBe(403);
          |                               ^
      118 |       const json = await response.json();
      119 |       expect(json.error).toBe('Forbidden');
      120 |     });

      at Object.toBe (tests/integration/api/calendar/connections/[id]/route.test.ts:117:31)

  ● /api/calendar/connections/[id] › PATCH › should update sync settings

    expect(jest.fn()).toHaveBeenCalledWith(...expected)

    - Expected
    + Received

    @@ -2,10 +2,9 @@
        "data": Object {
          "exportToGoogle": false,
          "importFromGoogle": false,
          "syncEnabled": false,
        },
    -   "select": Any<Object>,
        "where": Object {
          "id": "connection-1",
        },
      },

    Number of calls: 1

      168 |
      169 |       expect(response.status).toBe(200);
    > 170 |       expect(dbMock.calendarConnection.update).toHaveBeenCalledWith({
          |                                                ^
      171 |         where: { id: 'connection-1' },
      172 |         data: {
      173 |           syncEnabled: false,

      at Object.toHaveBeenCalledWith (tests/integration/api/calendar/connections/[id]/route.test.ts:170:48)

  ● /api/calendar/connections/[id] › PATCH › should only update provided fields

    expect(jest.fn()).toHaveBeenCalledWith(...expected)

    - Expected
    + Received

      Object {
        "data": Object {
          "syncEnabled": false,
        },
    -   "select": Any<Object>,
        "where": Object {
          "id": "connection-1",
        },
      },

    Number of calls: 1

      205 |
      206 |       expect(response.status).toBe(200);
    > 207 |       expect(dbMock.calendarConnection.update).toHaveBeenCalledWith({
          |                                                ^
      208 |         where: { id: 'connection-1' },
      209 |         data: { syncEnabled: false },
      210 |         select: expect.any(Object),

      at Object.toHaveBeenCalledWith (tests/integration/api/calendar/connections/[id]/route.test.ts:207:48)

  ● /api/calendar/connections/[id] › PATCH › should return 400 for invalid fields

    expect(received).toBe(expected) // Object.is equality

    Expected: 400
    Received: 200

      232 |       const response = await PATCH(request, { params: Promise.resolve({ id: 'connection-1' }) });
      233 |
    > 234 |       expect(response.status).toBe(400);
          |                               ^
      235 |       const json = await response.json();
      236 |       expect(json.error).toContain('Invalid');
      237 |     });

      at Object.toBe (tests/integration/api/calendar/connections/[id]/route.test.ts:234:31)

  ● /api/calendar/connections/[id] › PATCH › should return 403 if connection belongs to different user

    expect(received).toBe(expected) // Object.is equality

    Expected: 403
    Received: 404

      257 |       const response = await PATCH(request, { params: Promise.resolve({ id: 'connection-other' }) });
      258 |
    > 259 |       expect(response.status).toBe(403);
          |                               ^
      260 |     });
      261 |
      262 |     it('should clear sync error when re-enabling sync', async () => {

      at Object.toBe (tests/integration/api/calendar/connections/[id]/route.test.ts:259:31)

  ● /api/calendar/connections/[id] › PATCH › should clear sync error when re-enabling sync

    expect(jest.fn()).toHaveBeenCalledWith(...expected)

    Expected: ObjectContaining {"data": ObjectContaining {"syncError": null}}
    Received: {"data": {"syncEnabled": true}, "where": {"id": "connection-1"}}

    Number of calls: 1

      288 |
      289 |       expect(response.status).toBe(200);
    > 290 |       expect(dbMock.calendarConnection.update).toHaveBeenCalledWith(
          |                                                ^
      291 |         expect.objectContaining({
      292 |           data: expect.objectContaining({
      293 |             syncError: null,

      at Object.toHaveBeenCalledWith (tests/integration/api/calendar/connections/[id]/route.test.ts:290:48)

  ● /api/calendar/connections/[id] › DELETE › should return 403 if connection belongs to different user

    expect(received).toBe(expected) // Object.is equality

    Expected: 403
    Received: 404

      378 |       const response = await DELETE(request, { params: Promise.resolve({ id: 'connection-other' }) });
      379 |
    > 380 |       expect(response.status).toBe(403);
          |                               ^
      381 |     });
      382 |
      383 |     it('should allow child users to delete their own connections', async () => {

      at Object.toBe (tests/integration/api/calendar/connections/[id]/route.test.ts:380:31)

FAIL tests/integration/api/rules/templates/route.test.ts
  ● GET /api/rules/templates › should return 400 for invalid category

    expect(received).toBe(expected) // Object.is equality

    Expected: 400
    Received: 200

      158 |     const data = await response.json();
      159 |
    > 160 |     expect(response.status).toBe(400);
          |                             ^
      161 |     expect(data.error).toContain('Invalid category');
      162 |   });
      163 |

      at Object.toBe (tests/integration/api/rules/templates/route.test.ts:160:29)

FAIL tests/integration/api/pets/[id]/route.test.ts
  ● /api/pets/[id] › PATCH /api/pets/[id] › should return 403 if pet belongs to different family

    expect(received).toBe(expected) // Object.is equality

    Expected: 403
    Received: 404

      145 |       const response = await PATCH(request, { params: Promise.resolve({ id: 'pet-1' }) });
      146 |
    > 147 |       expect(response.status).toBe(403);
          |                               ^
      148 |     });
      149 |
      150 |     it('should update pet basic fields', async () => {

      at Object.toBe (tests/integration/api/pets/[id]/route.test.ts:147:31)

  ● /api/pets/[id] › PATCH /api/pets/[id] › should update pet basic fields

    expect(jest.fn()).toHaveBeenCalledWith(...expected)

    Expected: {"data": {"action": "PET_UPDATED", "familyId": "family-test-123", "memberId": "parent-test-123", "metadata": {"name": "Maximus", "petId": "pet-1"}, "result": "SUCCESS"}}

    Number of calls: 0

      181 |       });
      182 |
    > 183 |       expect(dbMock.auditLog.create).toHaveBeenCalledWith({
          |                                      ^
      184 |         data: {
      185 |           familyId: 'family-test-123',
      186 |           memberId: 'parent-test-123',

      at Object.toHaveBeenCalledWith (tests/integration/api/pets/[id]/route.test.ts:183:38)

  ● /api/pets/[id] › PATCH /api/pets/[id] › should validate species if provided

    expect(received).toBe(expected) // Object.is equality

    Expected: 400
    Received: 200

      206 |       const response = await PATCH(request, { params: Promise.resolve({ id: 'pet-1' }) });
      207 |
    > 208 |       expect(response.status).toBe(400);
          |                               ^
      209 |       const data = await response.json();
      210 |       expect(data.error).toContain('Invalid species');
      211 |     });

      at Object.toBe (tests/integration/api/pets/[id]/route.test.ts:208:31)

  ● /api/pets/[id] › DELETE /api/pets/[id] › should return 403 if pet belongs to different family

    expect(received).toBe(expected) // Object.is equality

    Expected: 403
    Received: 404

      274 |       const response = await DELETE(request, { params: Promise.resolve({ id: 'pet-1' }) });
      275 |
    > 276 |       expect(response.status).toBe(403);
          |                               ^
      277 |     });
      278 |
      279 |     it('should delete pet successfully', async () => {

      at Object.toBe (tests/integration/api/pets/[id]/route.test.ts:276:31)

  ● /api/pets/[id] › DELETE /api/pets/[id] › should delete pet successfully

    expect(jest.fn()).toHaveBeenCalledWith(...expected)

    Expected: {"data": {"action": "PET_DELETED", "familyId": "family-test-123", "memberId": "parent-test-123", "metadata": {"name": "Max", "petId": "pet-1"}, "result": "SUCCESS"}}

    Number of calls: 0

      295 |       });
      296 |
    > 297 |       expect(dbMock.auditLog.create).toHaveBeenCalledWith({
          |                                      ^
      298 |         data: {
      299 |           familyId: 'family-test-123',
      300 |           memberId: 'parent-test-123',

      at Object.toHaveBeenCalledWith (tests/integration/api/pets/[id]/route.test.ts:297:38)

FAIL tests/integration/api/rewards/redemptions/[id]/reject/route.test.ts
  ● /api/rewards/redemptions/[id]/reject › POST › should return 404 if redemption not found

    expect(received).toBe(expected) // Object.is equality

    Expected: 404
    Received: 500

      105 |       const data = await response.json()
      106 |
    > 107 |       expect(response.status).toBe(404)
          |                               ^
      108 |       expect(data.error).toBe('Redemption not found')
      109 |     })
      110 |

      at Object.toBe (tests/integration/api/rewards/redemptions/[id]/reject/route.test.ts:107:31)

  ● /api/rewards/redemptions/[id]/reject › POST › should return 403 if redemption belongs to different family

    expect(received).toBe(expected) // Object.is equality

    Expected: 403
    Received: 500

      128 |       const data = await response.json()
      129 |
    > 130 |       expect(response.status).toBe(403)
          |                               ^
      131 |       expect(data.error).toBe('Forbidden')
      132 |     })
      133 |

      at Object.toBe (tests/integration/api/rewards/redemptions/[id]/reject/route.test.ts:130:31)

  ● /api/rewards/redemptions/[id]/reject › POST › should return 400 if redemption already processed

    expect(received).toBe(expected) // Object.is equality

    Expected: 400
    Received: 500

      152 |       const data = await response.json()
      153 |
    > 154 |       expect(response.status).toBe(400)
          |                               ^
      155 |       expect(data.error).toBe('This redemption has already been processed')
      156 |     })
      157 |

      at Object.toBe (tests/integration/api/rewards/redemptions/[id]/reject/route.test.ts:154:31)

  ● /api/rewards/redemptions/[id]/reject › POST › should reject redemption and refund credits successfully

    expect(received).toBe(expected) // Object.is equality

    Expected: 200
    Received: 500

      200 |       const data = await response.json()
      201 |
    > 202 |       expect(response.status).toBe(200)
          |                               ^
      203 |       expect(data.success).toBe(true)
      204 |       expect(data.redemption).toEqual(mockRejectedRedemption)
      205 |       expect(data.message).toContain('Rejected')

      at Object.toBe (tests/integration/api/rewards/redemptions/[id]/reject/route.test.ts:202:31)

  ● /api/rewards/redemptions/[id]/reject › POST › should use default reason if not provided

    expect(received).toBe(expected) // Object.is equality

    Expected: 200
    Received: 500

      268 |       const data = await response.json()
      269 |
    > 270 |       expect(response.status).toBe(200)
          |                               ^
      271 |       expect(dbMock.notification.create).toHaveBeenCalledWith(
      272 |         expect.objectContaining({
      273 |           data: expect.objectContaining({

      at Object.toBe (tests/integration/api/rewards/redemptions/[id]/reject/route.test.ts:270:31)

  ● /api/rewards/redemptions/[id]/reject › POST › should restore quantity if reward has quantity

    expect(received).toBe(expected) // Object.is equality

    Expected: 200
    Received: 500

      330 |       const response = await POST(request, { params: Promise.resolve({ id: redemptionId }) })
      331 |
    > 332 |       expect(response.status).toBe(200)
          |                               ^
      333 |     })
      334 |
      335 |     it('should return 500 on error', async () => {

      at Object.toBe (tests/integration/api/rewards/redemptions/[id]/reject/route.test.ts:332:31)

FAIL tests/integration/api/rules/[id]/test/route.test.ts
  ● POST /api/rules/[id]/test › should return 400 if request body is invalid JSON

    expect(received).toBe(expected) // Object.is equality

    Expected: 400
    Received: 500

      89 |     const data = await response.json();
      90 |
    > 91 |     expect(response.status).toBe(400);
         |                             ^
      92 |     expect(data.error).toContain('Invalid JSON');
      93 |   });
      94 |

      at Object.toBe (tests/integration/api/rules/[id]/test/route.test.ts:91:29)

  ● POST /api/rules/[id]/test › should return 400 if context is missing

    expect(received).toBe(expected) // Object.is equality

    Expected: 400
    Received: 200

      102 |     const data = await response.json();
      103 |
    > 104 |     expect(response.status).toBe(400);
          |                             ^
      105 |     expect(data.error).toContain('context');
      106 |   });
      107 |

      at Object.toBe (tests/integration/api/rules/[id]/test/route.test.ts:104:29)

  ● POST /api/rules/[id]/test › should return 404 if rule not found

    expect(received).toBe(expected) // Object.is equality

    Expected: 404
    Received: 200

      116 |     const data = await response.json();
      117 |
    > 118 |     expect(response.status).toBe(404);
          |                             ^
      119 |     expect(data.error).toContain('not found');
      120 |   });
      121 |

      at Object.toBe (tests/integration/api/rules/[id]/test/route.test.ts:118:29)

  ● POST /api/rules/[id]/test › should return 403 if rule belongs to different family

    expect(received).toBe(expected) // Object.is equality

    Expected: 403
    Received: 200

      133 |     const data = await response.json();
      134 |
    > 135 |     expect(response.status).toBe(403);
          |                             ^
      136 |     expect(data.error).toContain('Forbidden');
      137 |   });
      138 |

      at Object.toBe (tests/integration/api/rules/[id]/test/route.test.ts:135:29)

  ● POST /api/rules/[id]/test › should perform dry-run and return results

    expect(received).toEqual(expected) // deep equality

    - Expected  -  6
    + Received  + 26

      Object {
    +   "message": "Rule test not fully implemented yet",
    +   "rule": Object {
          "actions": Array [
            Object {
    -       "simulation": "Would award 10 credits to member",
    +         "config": Object {
    +           "amount": 10,
    +           "reason": "Test bonus",
    +         },
              "type": "award_credits",
    -       "wouldExecute": true,
            },
          ],
    -   "conditionsEvaluated": true,
    -   "errors": Array [],
    -   "triggerEvaluated": true,
    -   "warnings": Array [],
    +     "conditions": null,
    +     "createdAt": 2024-01-01T00:00:00.000Z,
    +     "createdById": "parent-1",
    +     "description": "Test description",
    +     "familyId": "family-test-123",
    +     "id": "rule-1",
    +     "isEnabled": true,
    +     "name": "Test Rule",
    +     "trigger": Object {
    +       "config": Object {
    +         "anyChore": true,
    +       },
    +       "type": "chore_completed",
    +     },
    +     "updatedAt": 2024-01-01T00:00:00.000Z,
    +   },
    +   "testData": Object {
    +     "choreInstanceId": "chore-1",
    +     "memberId": "member-1",
    +   },
        "wouldExecute": true,
      }

      171 |     expect(response.status).toBe(200);
      172 |     expect(data.success).toBe(true);
    > 173 |     expect(data.result).toEqual(dryRunResult);
          |                         ^
      174 |     expect(dryRunRule).toHaveBeenCalledWith('rule-1', {
      175 |       ...testContext,
      176 |       familyId: 'family-test-123',

      at Object.toEqual (tests/integration/api/rules/[id]/test/route.test.ts:173:25)

  ● POST /api/rules/[id]/test › should include familyId in simulated context

    expect(jest.fn()).toHaveBeenCalledWith(...expected)

    Expected: "rule-1", {"familyId": "family-test-123", "memberId": "member-1"}

    Number of calls: 0

      195 |     await POST(request, { params: Promise.resolve({ id: 'rule-1' }) });
      196 |
    > 197 |     expect(dryRunRule).toHaveBeenCalledWith('rule-1', {
          |                        ^
      198 |       memberId: 'member-1',
      199 |       familyId: 'family-test-123',
      200 |     });

      at Object.toHaveBeenCalledWith (tests/integration/api/rules/[id]/test/route.test.ts:197:24)

  ● POST /api/rules/[id]/test › should handle dry-run with no actions executed

    expect(received).toBe(expected) // Object.is equality

    Expected: false
    Received: true

      221 |
      222 |     expect(response.status).toBe(200);
    > 223 |     expect(data.result.wouldExecute).toBe(false);
          |                                      ^
      224 |     expect(data.result.warnings).toContain('Trigger did not match');
      225 |   });
      226 |

      at Object.toBe (tests/integration/api/rules/[id]/test/route.test.ts:223:38)

  ● POST /api/rules/[id]/test › should handle dry-run errors

    expect(received).toContain(expected) // indexOf

    Matcher error: received value must not be null nor undefined

    Received has value: undefined

      245 |
      246 |     expect(response.status).toBe(200);
    > 247 |     expect(data.result.errors).toContain('Invalid trigger configuration');
          |                                ^
      248 |   });
      249 |
      250 |   it('should create audit log for test run', async () => {

      at Object.toContain (tests/integration/api/rules/[id]/test/route.test.ts:247:32)

  ● POST /api/rules/[id]/test › should create audit log for test run

    expect(jest.fn()).toHaveBeenCalledWith(...expected)

    Expected: ObjectContaining {"data": ObjectContaining {"action": "RULE_TEST_RUN", "entityId": "rule-1", "entityType": "AutomationRule", "result": "SUCCESS"}}

    Number of calls: 0

      267 |     await POST(request, { params: Promise.resolve({ id: 'rule-1' }) });
      268 |
    > 269 |     expect(dbMock.auditLog.create).toHaveBeenCalledWith(
          |                                    ^
      270 |       expect.objectContaining({
      271 |         data: expect.objectContaining({
      272 |           action: 'RULE_TEST_RUN',

      at Object.toHaveBeenCalledWith (tests/integration/api/rules/[id]/test/route.test.ts:269:36)

  ● POST /api/rules/[id]/test › should return 500 on dry-run failure

    expect(received).toBe(expected) // Object.is equality

    Expected: 500
    Received: 200

      290 |     const data = await response.json();
      291 |
    > 292 |     expect(response.status).toBe(500);
          |                             ^
      293 |     expect(data.error).toContain('Failed to test rule');
      294 |   });
      295 | });

      at Object.toBe (tests/integration/api/rules/[id]/test/route.test.ts:292:29)

FAIL tests/integration/api/transport/schedules/route.test.ts
  ● /api/transport/schedules › GET /api/transport/schedules › should return all schedules for family

    expect(jest.fn()).toHaveBeenCalledWith(...expected)

    - Expected
    + Received

      Object {
        "include": Object {
    -     "carpool": Object {
    -       "select": Object {
    -         "id": true,
    -         "name": true,
    -       },
    -     },
    -     "driver": Object {
    -       "select": Object {
    -         "id": true,
    -         "name": true,
    -         "phone": true,
    -         "relationship": true,
    -       },
    -     },
    -     "location": Object {
    -       "select": Object {
    -         "address": true,
    -         "id": true,
    -         "name": true,
    -       },
    -     },
          "member": Object {
            "select": Object {
    +         "avatarUrl": true,
              "id": true,
              "name": true,
    -       },
            },
          },
    -   "orderBy": Array [
    -     Object {
    -       "dayOfWeek": "asc",
        },
    -     Object {
    +   "orderBy": Object {
          "time": "asc",
        },
    -   ],
        "where": Object {
          "familyId": "family-test-123",
          "isActive": true,
        },
      },

    Number of calls: 1

      88 |       expect(data.schedules).toHaveLength(1);
      89 |       expect(data.schedules[0].id).toBe('schedule-1');
    > 90 |       expect(dbMock.transportSchedule.findMany).toHaveBeenCalledWith({
         |                                                 ^
      91 |         where: { familyId: 'family-test-123', isActive: true },
      92 |         include: {
      93 |           member: { select: { id: true, name: true } },

      at Object.toHaveBeenCalledWith (tests/integration/api/transport/schedules/route.test.ts:90:49)

  ● /api/transport/schedules › GET /api/transport/schedules › should filter schedules by member ID

    expect(jest.fn()).toHaveBeenCalledWith(...expected)

    - Expected
    + Received

      Object {
    -   "include": Any<Object>,
    -   "orderBy": Any<Object>,
    +   "include": Object {
    +     "member": Object {
    +       "select": Object {
    +         "avatarUrl": true,
    +         "id": true,
    +         "name": true,
    +       },
    +     },
    +   },
    +   "orderBy": Object {
    +     "time": "asc",
    +   },
        "where": Object {
          "familyId": "family-test-123",
          "isActive": true,
    -     "memberId": "child-test-123",
        },
      },

    Number of calls: 1

      109 |
      110 |       expect(response.status).toBe(200);
    > 111 |       expect(dbMock.transportSchedule.findMany).toHaveBeenCalledWith({
          |                                                 ^
      112 |         where: { familyId: 'family-test-123', memberId: 'child-test-123', isActive: true },
      113 |         include: expect.any(Object),
      114 |         orderBy: expect.any(Object),

      at Object.toHaveBeenCalledWith (tests/integration/api/transport/schedules/route.test.ts:111:49)

  ● /api/transport/schedules › GET /api/transport/schedules › should filter schedules by day of week

    expect(jest.fn()).toHaveBeenCalledWith(...expected)

    - Expected
    + Received

      Object {
    -   "include": Any<Object>,
    -   "orderBy": Any<Object>,
    +   "include": Object {
    +     "member": Object {
    +       "select": Object {
    +         "avatarUrl": true,
    +         "id": true,
    +         "name": true,
    +       },
    +     },
    +   },
    +   "orderBy": Object {
    +     "time": "asc",
    +   },
        "where": Object {
    -     "dayOfWeek": 1,
          "familyId": "family-test-123",
          "isActive": true,
        },
      },

    Number of calls: 1

      125 |
      126 |       expect(response.status).toBe(200);
    > 127 |       expect(dbMock.transportSchedule.findMany).toHaveBeenCalledWith({
          |                                                 ^
      128 |         where: { familyId: 'family-test-123', dayOfWeek: 1, isActive: true },
      129 |         include: expect.any(Object),
      130 |         orderBy: expect.any(Object),

      at Object.toHaveBeenCalledWith (tests/integration/api/transport/schedules/route.test.ts:127:49)

  ● /api/transport/schedules › POST /api/transport/schedules › should return 400 if dayOfWeek is invalid

    expect(received).toBe(expected) // Object.is equality

    Expected: "Day of week must be between 0 (Sunday) and 6 (Saturday)"
    Received: "Name, pickup location, dropoff location, days of week, and departure time are required"

      195 |       expect(response.status).toBe(400);
      196 |       const data = await response.json();
    > 197 |       expect(data.error).toBe('Day of week must be between 0 (Sunday) and 6 (Saturday)');
          |                          ^
      198 |     });
      199 |
      200 |     it('should return 400 if time format is invalid', async () => {

      at Object.toBe (tests/integration/api/transport/schedules/route.test.ts:197:26)

  ● /api/transport/schedules › POST /api/transport/schedules › should return 400 if time format is invalid

    expect(received).toBe(expected) // Object.is equality

    Expected: "Time must be in HH:MM format (24-hour)"
    Received: "Name, pickup location, dropoff location, days of week, and departure time are required"

      212 |       expect(response.status).toBe(400);
      213 |       const data = await response.json();
    > 214 |       expect(data.error).toBe('Time must be in HH:MM format (24-hour)');
          |                          ^
      215 |     });
      216 |
      217 |     it('should return 400 if type is invalid', async () => {

      at Object.toBe (tests/integration/api/transport/schedules/route.test.ts:214:26)

  ● /api/transport/schedules › POST /api/transport/schedules › should return 400 if type is invalid

    expect(received).toContain(expected) // indexOf

    Expected substring: "type"
    Received string:    "Name, pickup location, dropoff location, days of week, and departure time are required"

      229 |       expect(response.status).toBe(400);
      230 |       const data = await response.json();
    > 231 |       expect(data.error).toContain('type');
          |                          ^
      232 |     });
      233 |
      234 |     it('should create transport schedule successfully', async () => {

      at Object.toContain (tests/integration/api/transport/schedules/route.test.ts:231:26)

  ● /api/transport/schedules › POST /api/transport/schedules › should create transport schedule successfully

    expect(received).toBe(expected) // Object.is equality

    Expected: 201
    Received: 400

      255 |       const response = await POST(request);
      256 |
    > 257 |       expect(response.status).toBe(201);
          |                               ^
      258 |       const data = await response.json();
      259 |       expect(data.schedule.id).toBe('schedule-1');
      260 |       expect(data.message).toBe('Transport schedule created successfully');

      at Object.toBe (tests/integration/api/transport/schedules/route.test.ts:257:31)

  ● /api/transport/schedules › POST /api/transport/schedules › should return 400 if member does not belong to family

    expect(received).toBe(expected) // Object.is equality

    Expected: "Member does not belong to your family"
    Received: "Name, pickup location, dropoff location, days of week, and departure time are required"

      311 |       expect(response.status).toBe(400);
      312 |       const data = await response.json();
    > 313 |       expect(data.error).toBe('Member does not belong to your family');
          |                          ^
      314 |     });
      315 |
      316 |     it('should create schedule with carpool', async () => {

      at Object.toBe (tests/integration/api/transport/schedules/route.test.ts:313:26)

  ● /api/transport/schedules › POST /api/transport/schedules › should create schedule with carpool

    expect(received).toBe(expected) // Object.is equality

    Expected: 201
    Received: 400

      340 |       const response = await POST(request);
      341 |
    > 342 |       expect(response.status).toBe(201);
          |                               ^
      343 |       expect(dbMock.transportSchedule.create).toHaveBeenCalledWith({
      344 |         data: expect.objectContaining({
      345 |           carpoolId: 'carpool-1',

      at Object.toBe (tests/integration/api/transport/schedules/route.test.ts:342:31)

FAIL tests/integration/api/transport/schedules/[id]/route.test.ts
  ● /api/transport/schedules/[id] › GET /api/transport/schedules/[id] › should return 403 if schedule belongs to different family

    expect(received).toBe(expected) // Object.is equality

    Expected: 403
    Received: 404

      94 |       const response = await GET(request, { params: Promise.resolve({ id: 'schedule-1' }) });
      95 |
    > 96 |       expect(response.status).toBe(403);
         |                               ^
      97 |       const data = await response.json();
      98 |       expect(data.error).toBe('Access denied');
      99 |     });

      at Object.toBe (tests/integration/api/transport/schedules/[id]/route.test.ts:96:31)

  ● /api/transport/schedules/[id] › PATCH /api/transport/schedules/[id] › should return 403 if not a parent

    expect(received).toBe(expected) // Object.is equality

    Expected: 403
    Received: 404

      131 |       const response = await PATCH(request, { params: Promise.resolve({ id: 'schedule-1' }) });
      132 |
    > 133 |       expect(response.status).toBe(403);
          |                               ^
      134 |       const data = await response.json();
      135 |       expect(data.error).toBe('Only parents can update transport schedules');
      136 |     });

      at Object.toBe (tests/integration/api/transport/schedules/[id]/route.test.ts:133:31)

  ● /api/transport/schedules/[id] › PATCH /api/transport/schedules/[id] › should return 403 if schedule belongs to different family

    expect(received).toBe(expected) // Object.is equality

    Expected: 403
    Received: 404

      160 |       const response = await PATCH(request, { params: Promise.resolve({ id: 'schedule-1' }) });
      161 |
    > 162 |       expect(response.status).toBe(403);
          |                               ^
      163 |     });
      164 |
      165 |     it('should update schedule successfully', async () => {

      at Object.toBe (tests/integration/api/transport/schedules/[id]/route.test.ts:162:31)

  ● /api/transport/schedules/[id] › PATCH /api/transport/schedules/[id] › should update schedule successfully

    expect(jest.fn()).toHaveBeenCalledWith(...expected)

    Expected: {"data": {"action": "TRANSPORT_SCHEDULE_UPDATED", "familyId": "family-test-123", "memberId": "parent-test-123", "metadata": {"scheduleId": "schedule-1"}, "result": "SUCCESS"}}

    Number of calls: 0

      181 |       expect(data.message).toBe('Transport schedule updated successfully');
      182 |
    > 183 |       expect(dbMock.auditLog.create).toHaveBeenCalledWith({
          |                                      ^
      184 |         data: {
      185 |           familyId: 'family-test-123',
      186 |           memberId: 'parent-test-123',

      at Object.toHaveBeenCalledWith (tests/integration/api/transport/schedules/[id]/route.test.ts:183:38)

  ● /api/transport/schedules/[id] › PATCH /api/transport/schedules/[id] › should return 400 if trying to update with invalid dayOfWeek

    expect(received).toBe(expected) // Object.is equality

    Expected: 400
    Received: 200

      203 |       const response = await PATCH(request, { params: Promise.resolve({ id: 'schedule-1' }) });
      204 |
    > 205 |       expect(response.status).toBe(400);
          |                               ^
      206 |     });
      207 |
      208 |     it('should return 400 if trying to update with invalid time format', async () => {

      at Object.toBe (tests/integration/api/transport/schedules/[id]/route.test.ts:205:31)

  ● /api/transport/schedules/[id] › PATCH /api/transport/schedules/[id] › should return 400 if trying to update with invalid time format

    expect(received).toBe(expected) // Object.is equality

    Expected: 400
    Received: 200

      215 |       const response = await PATCH(request, { params: Promise.resolve({ id: 'schedule-1' }) });
      216 |
    > 217 |       expect(response.status).toBe(400);
          |                               ^
      218 |     });
      219 |   });
      220 |

      at Object.toBe (tests/integration/api/transport/schedules/[id]/route.test.ts:217:31)

  ● /api/transport/schedules/[id] › DELETE /api/transport/schedules/[id] › should return 403 if not a parent

    expect(received).toBe(expected) // Object.is equality

    Expected: 403
    Received: 404

      235 |       const response = await DELETE(request, { params: Promise.resolve({ id: 'schedule-1' }) });
      236 |
    > 237 |       expect(response.status).toBe(403);
          |                               ^
      238 |     });
      239 |
      240 |     it('should return 404 if schedule not found', async () => {

      at Object.toBe (tests/integration/api/transport/schedules/[id]/route.test.ts:237:31)

  ● /api/transport/schedules/[id] › DELETE /api/transport/schedules/[id] › should delete schedule successfully (soft delete)

    expect(jest.fn()).toHaveBeenCalledWith(...expected)

    Expected: {"data": {"action": "TRANSPORT_SCHEDULE_DELETED", "familyId": "family-test-123", "memberId": "parent-test-123", "metadata": {"scheduleId": "schedule-1"}, "result": "SUCCESS"}}

    Number of calls: 0

      271 |       });
      272 |
    > 273 |       expect(dbMock.auditLog.create).toHaveBeenCalledWith({
          |                                      ^
      274 |         data: {
      275 |           familyId: 'family-test-123',
      276 |           memberId: 'parent-test-123',

      at Object.toHaveBeenCalledWith (tests/integration/api/transport/schedules/[id]/route.test.ts:273:38)

FAIL tests/integration/api/screentime/grace/status.test.ts
  ● GET /api/screentime/grace/status › should return eligibility status for current user

    expect(received).toBe(expected) // Object.is equality

    Expected: true
    Received: undefined

      66 |     expect(response.status).toBe(200);
      67 |     const data = await response.json();
    > 68 |     expect(data.canRequestGrace).toBe(true);
         |                                  ^
      69 |     expect(data.currentBalance).toBe(5);
      70 |     expect(data.lowBalanceWarning).toBe(true);
      71 |     expect(data.remainingDailyRequests).toBe(1);

      at Object.toBe (tests/integration/api/screentime/grace/status.test.ts:68:34)

  ● GET /api/screentime/grace/status › should count remaining daily and weekly uses

    expect(received).toBe(expected) // Object.is equality

    Expected: 1
    Received: undefined

      114 |     expect(response.status).toBe(200);
      115 |     const data = await response.json();
    > 116 |     expect(data.remainingDailyRequests).toBe(1); // 2 - 1 = 1
          |                                         ^
      117 |     expect(data.remainingWeeklyRequests).toBe(2); // 5 - 3 = 2
      118 |   });
      119 |

      at Object.toBe (tests/integration/api/screentime/grace/status.test.ts:116:41)

  ● GET /api/screentime/grace/status › should show low balance warning when balance is low

    expect(received).toBe(expected) // Object.is equality

    Expected: true
    Received: undefined

      155 |     expect(response.status).toBe(200);
      156 |     const data = await response.json();
    > 157 |     expect(data.lowBalanceWarning).toBe(true);
          |                                    ^
      158 |     expect(data.canRequestGrace).toBe(true);
      159 |   });
      160 |

      at Object.toBe (tests/integration/api/screentime/grace/status.test.ts:157:36)

  ● GET /api/screentime/grace/status › should allow parents to check child status

    expect(received).toBe(expected) // Object.is equality

    Expected: true
    Received: undefined

      217 |     expect(response.status).toBe(200);
      218 |     const data = await response.json();
    > 219 |     expect(data.canRequestGrace).toBe(true);
          |                                  ^
      220 |     expect(data.currentBalance).toBe(5);
      221 |   });
      222 |

      at Object.toBe (tests/integration/api/screentime/grace/status.test.ts:219:34)

  ● GET /api/screentime/grace/status › should verify family ownership

    expect(received).toBe(expected) // Object.is equality

    Expected: 403
    Received: 404

      248 |     const response = await GET(request as NextRequest);
      249 |
    > 250 |     expect(response.status).toBe(403);
          |                             ^
      251 |     const data = await response.json();
      252 |     expect(data.error).toBe('Cannot view status from other families');
      253 |   });

      at Object.toBe (tests/integration/api/screentime/grace/status.test.ts:250:29)

FAIL tests/integration/api/screentime/grace/request.test.ts
  ● POST /api/screentime/grace/request › should grant grace when eligible and no approval required

    expect(received).toBe(expected) // Object.is equality

    Expected: 200
    Received: 400

      134 |     const data = await response.json();
      135 |
    > 136 |     expect(response.status).toBe(200);
          |                             ^
      137 |     expect(data.success).toBe(true);
      138 |     expect(data.graceLog.minutesGranted).toBe(15);
      139 |     expect(data.newBalance).toBe(20);

      at Object.toBe (tests/integration/api/screentime/grace/request.test.ts:136:29)

  ● POST /api/screentime/grace/request › should create pending request when approval required

    expect(received).toBe(expected) // Object.is equality

    Expected: 200
    Received: 400

      237 |     const data = await response.json();
      238 |
    > 239 |     expect(response.status).toBe(200);
          |                             ^
      240 |     expect(data.success).toBe(true);
      241 |     expect(data.pendingApproval).toBe(true);
      242 |   });

      at Object.toBe (tests/integration/api/screentime/grace/request.test.ts:239:29)

  ● POST /api/screentime/grace/request › should return 400 when balance not low enough

    expect(received).toContain(expected) // indexOf

    Expected substring: "not low enough"
    Received string:    "Allowance ID is required"

      282 |
      283 |     expect(response.status).toBe(400);
    > 284 |     expect(data.error).toContain('not low enough');
          |                        ^
      285 |   });
      286 |
      287 |   it('should return 400 when daily limit exceeded', async () => {

      at Object.toContain (tests/integration/api/screentime/grace/request.test.ts:284:24)

  ● POST /api/screentime/grace/request › should return 400 when daily limit exceeded

    expect(received).toContain(expected) // indexOf

    Expected substring: "Daily"
    Received string:    "Allowance ID is required"

      327 |
      328 |     expect(response.status).toBe(400);
    > 329 |     expect(data.error).toContain('Daily');
          |                        ^
      330 |   });
      331 |
      332 |   it('should return 400 when weekly limit exceeded', async () => {

      at Object.toContain (tests/integration/api/screentime/grace/request.test.ts:329:24)

  ● POST /api/screentime/grace/request › should return 400 when weekly limit exceeded

    expect(received).toContain(expected) // indexOf

    Expected substring: "Weekly"
    Received string:    "Allowance ID is required"

      372 |
      373 |     expect(response.status).toBe(400);
    > 374 |     expect(data.error).toContain('Weekly');
          |                        ^
      375 |   });
      376 |
      377 |   it('should handle database errors gracefully', async () => {

      at Object.toContain (tests/integration/api/screentime/grace/request.test.ts:374:24)

  ● POST /api/screentime/grace/request › should handle database errors gracefully

    expect(received).toBe(expected) // Object.is equality

    Expected: 500
    Received: 400

      390 |     const data = await response.json();
      391 |
    > 392 |     expect(response.status).toBe(500);
          |                             ^
      393 |     expect(data.error).toBeDefined();
      394 |   });
      395 | });

      at Object.toBe (tests/integration/api/screentime/grace/request.test.ts:392:29)

FAIL tests/integration/api/documents/[id]/share/route.test.ts
  ● /api/documents/[id]/share › GET › should return all share links for document

    expect(jest.fn()).toHaveBeenCalledWith(...expected)

    - Expected
    + Received

    @@ -1,6 +1,14 @@
      Object {
    +   "include": Object {
    +     "creator": Object {
    +       "select": Object {
    +         "id": true,
    +         "name": true,
    +       },
    +     },
    +   },
        "orderBy": Object {
          "createdAt": "desc",
        },
        "where": Object {
          "documentId": "doc-1",,

    Number of calls: 1

      275 |       expect(data.shareLinks[0].token).toBe('token-1');
      276 |
    > 277 |       expect(dbMock.documentShareLink.findMany).toHaveBeenCalledWith({
          |                                                 ^
      278 |         where: { documentId: 'doc-1' },
      279 |         orderBy: { createdAt: 'desc' },
      280 |       });

      at Object.toHaveBeenCalledWith (tests/integration/api/documents/[id]/share/route.test.ts:277:49)

FAIL tests/integration/api/calendar/events/[id]/route.test.ts
  ● /api/calendar/events/[id] › PATCH › should update event successfully

    expect(received).toBe(expected) // Object.is equality

    Expected: 200
    Received: 404

      119 |       const data = await response.json()
      120 |
    > 121 |       expect(response.status).toBe(200)
          |                               ^
      122 |       expect(data.message).toBe('Event updated successfully')
      123 |       expect(data.event).toBeDefined()
      124 |     })

      at Object.toBe (tests/integration/api/calendar/events/[id]/route.test.ts:121:31)

  ● /api/calendar/events/[id] › PATCH › should update assignments if provided

    TypeError: Cannot read properties of undefined (reading '0')

      151 |       await PATCH(request, { params: Promise.resolve({ id: eventId }) })
      152 |
    > 153 |       const txCallback = (dbMock.$transaction as jest.Mock).mock.calls[0][0]
          |                                                                          ^
      154 |       const mockTx = {
      155 |         calendarEvent: {
      156 |           update: jest.fn().mockResolvedValue(mockEvent),

      at Object.<anonymous> (tests/integration/api/calendar/events/[id]/route.test.ts:153:74)

  ● /api/calendar/events/[id] › DELETE › should delete event successfully

    expect(received).toBe(expected) // Object.is equality

    Expected: 200
    Received: 404

      224 |       const data = await response.json()
      225 |
    > 226 |       expect(response.status).toBe(200)
          |                               ^
      227 |       expect(data.message).toBe('Event deleted successfully')
      228 |       expect(dbMock.calendarEvent.delete).toHaveBeenCalledWith({
      229 |         where: { id: eventId },

      at Object.toBe (tests/integration/api/calendar/events/[id]/route.test.ts:226:31)

FAIL tests/integration/api/screentime/family/route.test.ts
  ● /api/screentime/family › GET › should return family screen time overview for parent

    TypeError: expect(received).toHaveLength(expected)

    Matcher error: received value must have a length property whose value must be a number

    Received has value: undefined

      107 |
      108 |       expect(response.status).toBe(200)
    > 109 |       expect(data.members).toHaveLength(2)
          |                            ^
      110 |       expect(data.members[0]).toEqual({
      111 |         id: 'child-1',
      112 |         name: 'Child One',

      at Object.toHaveLength (tests/integration/api/screentime/family/route.test.ts:109:28)

  ● /api/screentime/family › GET › should handle members without balance or settings

    TypeError: Cannot read properties of undefined (reading '0')

      165 |
      166 |       expect(response.status).toBe(200)
    > 167 |       expect(data.members[0]).toEqual({
          |                          ^
      168 |         id: 'child-1',
      169 |         name: 'Child One',
      170 |         avatarUrl: null,

      at Object.<anonymous> (tests/integration/api/screentime/family/route.test.ts:167:26)

  ● /api/screentime/family › GET › should return 500 on error

    expect(received).toBe(expected) // Object.is equality

    Expected: "Failed to fetch family screen time"
    Received: "Failed to get overview"

      186 |
      187 |       expect(response.status).toBe(500)
    > 188 |       expect(data.error).toBe('Failed to fetch family screen time')
          |                          ^
      189 |     })
      190 |   })
      191 | })

      at Object.toBe (tests/integration/api/screentime/family/route.test.ts:188:26)

FAIL tests/integration/api/rewards/route.test.ts
  ● /api/rewards › GET › should return active rewards for authenticated user

    expect(received).toEqual(expected) // deep equality

    Expected: [{"_count": {"redemptions": 2}, "category": "OTHER", "costCredits": 50, "createdBy": {"id": "parent-1", "name": "Parent One"}, "description": "A test reward", "familyId": "family-1", "id": "reward-1", "name": "Test Reward", "quantity": 10, "status": "ACTIVE"}]
    Received: undefined

      63 |
      64 |       expect(response.status).toBe(200)
    > 65 |       expect(data.rewards).toEqual(mockRewards)
         |                            ^
      66 |
      67 |       expect(dbMock.rewardItem.findMany).toHaveBeenCalledWith({
      68 |         where: {

      at Object.toEqual (tests/integration/api/rewards/route.test.ts:65:28)

  ● /api/rewards › POST › should return 403 if user is not a parent

    expect(received).toBe(expected) // Object.is equality

    Expected: "Forbidden"
    Received: "Forbidden - Parent access required"

      158 |
      159 |       expect(response.status).toBe(403)
    > 160 |       expect(data.error).toBe('Forbidden')
          |                          ^
      161 |     })
      162 |
      163 |     it('should return 400 if name is missing', async () => {

      at Object.toBe (tests/integration/api/rewards/route.test.ts:160:26)

  ● /api/rewards › POST › should create reward successfully

    expect(jest.fn()).toHaveBeenCalledWith(...expected)

    - Expected
    + Received

    @@ -8,14 +8,6 @@
          "imageUrl": null,
          "name": "New Reward",
          "quantity": 5,
          "status": "ACTIVE",
        },
    -   "include": Object {
    -     "createdBy": Object {
    -       "select": Object {
    -         "id": true,
    -         "name": true,
    -       },
    -     },
    -   },
      },

    Number of calls: 1

      238 |       expect(data.message).toBe('Reward created successfully')
      239 |
    > 240 |       expect(dbMock.rewardItem.create).toHaveBeenCalledWith({
          |                                        ^
      241 |         data: {
      242 |           familyId: session.user.familyId,
      243 |           name: 'New Reward',

      at Object.toHaveBeenCalledWith (tests/integration/api/rewards/route.test.ts:240:40)

  ● /api/rewards › POST › should use default values for optional fields

    expect(jest.fn()).toHaveBeenCalledWith(...expected)

    - Expected
    + Received

    @@ -8,14 +8,6 @@
          "imageUrl": null,
          "name": "New Reward",
          "quantity": null,
          "status": "ACTIVE",
        },
    -   "include": Object {
    -     "createdBy": Object {
    -       "select": Object {
    -         "id": true,
    -         "name": true,
    -       },
    -     },
    -   },
      },

    Number of calls: 1

      279 |       expect(response.status).toBe(200)
      280 |
    > 281 |       expect(dbMock.rewardItem.create).toHaveBeenCalledWith({
          |                                        ^
      282 |         data: {
      283 |           familyId: session.user.familyId,
      284 |           name: 'New Reward',

      at Object.toHaveBeenCalledWith (tests/integration/api/rewards/route.test.ts:281:40)

FAIL tests/integration/api/projects/templates/route.test.ts
  ● POST /api/projects/templates › Authentication › should return 403 if user is a child

    expect(received).toBe(expected) // Object.is equality

    Expected: "Only parents can create projects"
    Received: "Only parents can manage projects"

      115 |       expect(response.status).toBe(403);
      116 |       const data = await response.json();
    > 117 |       expect(data.error).toBe('Only parents can create projects');
          |                          ^
      118 |     });
      119 |   });
      120 |

      at Object.toBe (tests/integration/api/projects/templates/route.test.ts:117:26)

  ● POST /api/projects/templates › Validation › should return 404 if template does not exist

    expect(received).toBe(expected) // Object.is equality

    Expected: 404
    Received: 500

      141 |       const response = await POST(request);
      142 |
    > 143 |       expect(response.status).toBe(404);
          |                               ^
      144 |       const data = await response.json();
      145 |       expect(data.error).toBe('Template not found');
      146 |     });

      at Object.toBe (tests/integration/api/projects/templates/route.test.ts:143:31)

  ● POST /api/projects/templates › Template Instantiation › should create project from template with default values

    expect(received).toBe(expected) // Object.is equality

    Expected: 201
    Received: 200

      178 |       const response = await POST(request);
      179 |
    > 180 |       expect(response.status).toBe(201);
          |                               ^
      181 |       const data = await response.json();
      182 |       expect(data.project).toBeDefined();
      183 |       expect(data.project.name).toBe('Birthday Party');

      at Object.toBe (tests/integration/api/projects/templates/route.test.ts:180:31)

  ● POST /api/projects/templates › Template Instantiation › should allow customizing project name

    expect(jest.fn()).toHaveBeenCalledWith(...expected)

    Expected: ObjectContaining {"data": ObjectContaining {"name": "Sarah's 10th Birthday"}}
    Received: {"data": {"budget": 500, "createdById": "parent-test-123", "description": "Organize a memorable birthday celebration", "familyId": "family-test-123", "name": undefined, "status": "ACTIVE"}}

    Number of calls: 1

      209 |       await POST(request);
      210 |
    > 211 |       expect(dbMock.project.create).toHaveBeenCalledWith(
          |                                     ^
      212 |         expect.objectContaining({
      213 |           data: expect.objectContaining({
      214 |             name: "Sarah's 10th Birthday",

      at Object.toHaveBeenCalledWith (tests/integration/api/projects/templates/route.test.ts:211:37)

  ● POST /api/projects/templates › Template Instantiation › should allow customizing budget

    expect(jest.fn()).toHaveBeenCalledWith(...expected)

    Expected: ObjectContaining {"data": ObjectContaining {"budget": 1000}}
    Received: {"data": {"budget": 500, "createdById": "parent-test-123", "description": "Organize a memorable birthday celebration", "familyId": "family-test-123", "name": undefined, "status": "ACTIVE"}}

    Number of calls: 1

      235 |       await POST(request);
      236 |
    > 237 |       expect(dbMock.project.create).toHaveBeenCalledWith(
          |                                     ^
      238 |         expect.objectContaining({
      239 |           data: expect.objectContaining({
      240 |             budget: 1000,

      at Object.toHaveBeenCalledWith (tests/integration/api/projects/templates/route.test.ts:237:37)

  ● POST /api/projects/templates › Template Instantiation › should create all tasks from template

    expect(jest.fn()).toHaveBeenCalled()

    Expected number of calls: >= 1
    Received number of calls:    0

      265 |
      266 |       // Should create multiple tasks (birthday party template has several tasks)
    > 267 |       expect(dbMock.projectTask.create).toHaveBeenCalled();
          |                                         ^
      268 |     });
      269 |
      270 |     it('should set dates based on start date if provided', async () => {

      at Object.toHaveBeenCalled (tests/integration/api/projects/templates/route.test.ts:267:41)

  ● POST /api/projects/templates › Template Instantiation › should set dates based on start date if provided

    expect(jest.fn()).toHaveBeenCalledWith(...expected)

    Expected: ObjectContaining {"data": ObjectContaining {"startDate": Any<Date>}}
    Received: {"data": {"budget": 500, "createdById": "parent-test-123", "description": "Organize a memorable birthday celebration", "familyId": "family-test-123", "name": undefined, "status": "ACTIVE"}}

    Number of calls: 1

      285 |       await POST(request);
      286 |
    > 287 |       expect(dbMock.project.create).toHaveBeenCalledWith(
          |                                     ^
      288 |         expect.objectContaining({
      289 |           data: expect.objectContaining({
      290 |             startDate: expect.any(Date),

      at Object.toHaveBeenCalledWith (tests/integration/api/projects/templates/route.test.ts:287:37)

  ● POST /api/projects/templates › Audit Logging › should create an audit log entry on successful instantiation

    expect(jest.fn()).toHaveBeenCalledWith(...expected)

    Expected: {"data": {"action": "PROJECT_CREATED", "familyId": "family-test-123", "memberId": "parent-test-123", "metadata": ObjectContaining {"projectId": "project-1", "templateId": "birthday-party"}, "result": "SUCCESS"}}

    Number of calls: 0

      314 |       await POST(request);
      315 |
    > 316 |       expect(dbMock.auditLog.create).toHaveBeenCalledWith({
          |                                      ^
      317 |         data: {
      318 |           familyId: 'family-test-123',
      319 |           memberId: 'parent-test-123',

      at Object.toHaveBeenCalledWith (tests/integration/api/projects/templates/route.test.ts:316:38)

  ● POST /api/projects/templates › Error Handling › should return 500 if database operation fails

    expect(received).toBe(expected) // Object.is equality

    Expected: "Failed to create project from template"
    Received: "Failed to create project"

      341 |       expect(response.status).toBe(500);
      342 |       const data = await response.json();
    > 343 |       expect(data.error).toBe('Failed to create project from template');
          |                          ^
      344 |     });
      345 |   });
      346 | });

      at Object.toBe (tests/integration/api/projects/templates/route.test.ts:343:26)

FAIL tests/integration/api/weather/route.test.ts
  ● /api/weather › GET /api/weather › should return 401 if not authenticated

    expect(received).toBe(expected) // Object.is equality

    Expected: 401
    Received: 500

       96 |       const data = await response.json();
       97 |
    >  98 |       expect(response.status).toBe(401);
          |                               ^
       99 |       expect(data.error).toBe('Unauthorized');
      100 |     });
      101 |

      at Object.toBe (tests/integration/api/weather/route.test.ts:98:31)

  ● /api/weather › GET /api/weather › should fetch weather data for authenticated user

    expect(received).toBe(expected) // Object.is equality

    Expected: 68
    Received: 67

      125 |       expect(data.current.icon).toBe('01d');
      126 |       expect(data.today).toBeDefined();
    > 127 |       expect(data.today.high).toBe(68); // Rounded from 68.0
          |                               ^
      128 |       expect(data.today.low).toBe(55); // Rounded from 55.4
      129 |       expect(data.forecast).toBeDefined();
      130 |       expect(Array.isArray(data.forecast)).toBe(true);

      at Object.toBe (tests/integration/api/weather/route.test.ts:127:31)

  ● /api/weather › GET /api/weather › should return weather data for child users

    expect(received).toBe(expected) // Object.is equality

    Expected: 200
    Received: 404

      148 |       const response = await GetWeather(request);
      149 |
    > 150 |       expect(response.status).toBe(200);
          |                               ^
      151 |     });
      152 |
      153 |     it('should return 404 if family has no location set', async () => {

      at Object.toBe (tests/integration/api/weather/route.test.ts:150:31)

  ● /api/weather › GET /api/weather › should handle network errors gracefully

    expect(received).toBe(expected) // Object.is equality

    Expected: "Failed to fetch weather data"
    Received: "Failed to fetch weather forecast"

      196 |
      197 |       expect(response.status).toBe(500);
    > 198 |       expect(data.error).toBe('Failed to fetch weather data');
          |                          ^
      199 |     });
      200 |
      201 |     it('should call OpenWeatherMap API with correct parameters', async () => {

      at Object.toBe (tests/integration/api/weather/route.test.ts:198:26)

FAIL tests/integration/api/screentime/grace/pending/route.test.ts
  ● /api/screentime/grace/pending › GET › should return pending grace requests for parent

    expect(jest.fn()).toHaveBeenCalledWith(...expected)

    - Expected
    + Received

    @@ -1,9 +1,10 @@
      Object {
        "include": Object {
          "member": Object {
            "select": Object {
    +         "familyId": true,
              "id": true,
              "name": true,
            },
          },
        },,

    Number of calls: 1

      116 |       })
      117 |
    > 118 |       expect(dbMock.gracePeriodLog.findMany).toHaveBeenCalledWith({
          |                                              ^
      119 |         where: {
      120 |           member: {
      121 |             familyId: session.user.familyId,

      at Object.toHaveBeenCalledWith (tests/integration/api/screentime/grace/pending/route.test.ts:118:46)

FAIL tests/integration/api/documents/shared/[token]/route.test.ts
  ● /api/documents/shared/[token] › GET › should return 410 if share link is expired

    expect(received).toBe(expected) // Object.is equality

    Expected: 410
    Received: 404

      81 |       const response = await GET(request, { params: Promise.resolve({ token: 'expired-token' }) });
      82 |
    > 83 |       expect(response.status).toBe(410);
         |                               ^
      84 |       const data = await response.json();
      85 |       expect(data.error).toBe('Share link has expired');
      86 |     });

      at Object.toBe (tests/integration/api/documents/shared/[token]/route.test.ts:83:31)

  ● /api/documents/shared/[token] › GET › should return 410 if share link is revoked

    expect(received).toBe(expected) // Object.is equality

    Expected: 410
    Received: 404

      100 |       const response = await GET(request, { params: Promise.resolve({ token: 'revoked-token' }) });
      101 |
    > 102 |       expect(response.status).toBe(410);
          |                               ^
      103 |       const data = await response.json();
      104 |       expect(data.error).toBe('Share link has been revoked');
      105 |     });

      at Object.toBe (tests/integration/api/documents/shared/[token]/route.test.ts:102:31)

  ● /api/documents/shared/[token] › GET › should return document and increment access count

    expect(received).toBe(expected) // Object.is equality

    Expected: 200
    Received: 404

      116 |       const response = await GET(request, { params: Promise.resolve({ token: 'valid-token-123' }) });
      117 |
    > 118 |       expect(response.status).toBe(200);
          |                               ^
      119 |       const data = await response.json();
      120 |       expect(data.document.name).toBe('Passport.pdf');
      121 |       expect(data.document.fileUrl).toBe('/uploads/passport.pdf');

      at Object.toBe (tests/integration/api/documents/shared/[token]/route.test.ts:118:31)

  ● /api/documents/shared/[token] › GET › should not expose sensitive document fields

    TypeError: Cannot read properties of undefined (reading 'id')

      175 |
      176 |       // Should include basic document info
    > 177 |       expect(data.document.id).toBeDefined();
          |                            ^
      178 |       expect(data.document.name).toBeDefined();
      179 |       expect(data.document.category).toBeDefined();
      180 |       expect(data.document.fileUrl).toBeDefined();

      at Object.id (tests/integration/api/documents/shared/[token]/route.test.ts:177:28)

  ● /api/documents/shared/[token] › GET › should handle database errors gracefully

    expect(received).toBe(expected) // Object.is equality

    Expected: 500
    Received: 404

      198 |       const response = await GET(request, { params: Promise.resolve({ token: 'valid-token-123' }) });
      199 |
    > 200 |       expect(response.status).toBe(500);
          |                               ^
      201 |       const data = await response.json();
      202 |       expect(data.error).toBe('Failed to access shared document');
      203 |     });

      at Object.toBe (tests/integration/api/documents/shared/[token]/route.test.ts:200:31)

FAIL tests/integration/api/documents/share/[linkId]/revoke/route.test.ts
  ● /api/documents/share/[linkId]/revoke › POST › should revoke share link successfully

    expect(jest.fn()).toHaveBeenCalledWith(...expected)

    - Expected
    + Received

    @@ -1,8 +1,8 @@
      Object {
        "data": Object {
    -     "revokedAt": Any<Date>,
    +     "revokedAt": "2026-01-21T13:14:16.571Z",
          "revokedBy": "parent-test-123",
        },
        "where": Object {
          "id": "share-1",
        },,

    Number of calls: 1

      147 |       expect(data.shareLink.revokedBy).toBe('parent-test-123');
      148 |
    > 149 |       expect(dbMock.documentShareLink.update).toHaveBeenCalledWith({
          |                                               ^
      150 |         where: { id: 'share-1' },
      151 |         data: {
      152 |           revokedAt: expect.any(Date),

      at Object.toHaveBeenCalledWith (tests/integration/api/documents/share/[linkId]/revoke/route.test.ts:149:47)

FAIL tests/integration/api/documents/route.test.ts
  ● /api/documents › POST › should create document successfully

    expect(jest.fn()).toHaveBeenCalledWith(...expected)

    - Expected
    + Received

    @@ -4,15 +4,15 @@
            "parent-test-123",
            "child-test-123",
          ],
          "category": "IDENTITY",
          "documentNumber": "123456789",
    -     "expiresAt": 2030-01-01T00:00:00.000Z,
    +     "expiresAt": "2030-01-01T00:00:00.000Z",
          "familyId": "family-test-123",
          "fileSize": 1024000,
          "fileUrl": "/uploads/passport.pdf",
    -     "issuedDate": 2020-01-01T00:00:00.000Z,
    +     "issuedDate": "2020-01-01T00:00:00.000Z",
          "mimeType": "application/pdf",
          "name": "Passport.pdf",
          "notes": "John's passport",
          "tags": Array [
            "passport",,

    Number of calls: 1

      173 |       expect(data.document.name).toBe('Passport.pdf');
      174 |
    > 175 |       expect(dbMock.document.create).toHaveBeenCalledWith({
          |                                      ^
      176 |         data: {
      177 |           familyId: 'family-test-123',
      178 |           name: 'Passport.pdf',

      at Object.toHaveBeenCalledWith (tests/integration/api/documents/route.test.ts:175:38)

FAIL tests/integration/sick-mode/screentime-bonus.test.ts
  ● Screen Time Bonus - Sick Mode Integration › GET /api/screentime/stats › should include sick mode bonus in balance when active

    expect(received).toBe(expected) // Object.is equality

    Expected: 90
    Received: 30

      103 |       expect(response.status).toBe(200);
      104 |       expect(data.summary.sickModeBonus).toBe(30);
    > 105 |       expect(data.summary.effectiveBalance).toBe(90); // 60 + 30
          |                                             ^
      106 |     });
      107 |
      108 |     it('should not include bonus when sick mode is inactive', async () => {

      at Object.toBe (tests/integration/sick-mode/screentime-bonus.test.ts:105:45)

  ● Screen Time Bonus - Sick Mode Integration › GET /api/screentime/stats › should not include bonus when sick mode is inactive

    expect(received).toBe(expected) // Object.is equality

    Expected: 60
    Received: 0

      145 |       expect(response.status).toBe(200);
      146 |       expect(data.summary.sickModeBonus).toBe(0);
    > 147 |       expect(data.summary.effectiveBalance).toBe(60); // No bonus
          |                                             ^
      148 |     });
      149 |
      150 |     it('should not include bonus when bonus is 0', async () => {

      at Object.toBe (tests/integration/sick-mode/screentime-bonus.test.ts:147:45)

  ● Screen Time Bonus - Sick Mode Integration › GET /api/screentime/stats › should not include bonus when bonus is 0

    expect(received).toBe(expected) // Object.is equality

    Expected: 60
    Received: 0

      217 |       expect(response.status).toBe(200);
      218 |       expect(data.summary.sickModeBonus).toBe(0);
    > 219 |       expect(data.summary.effectiveBalance).toBe(60);
          |                                             ^
      220 |     });
      221 |   });
      222 | });

      at Object.toBe (tests/integration/sick-mode/screentime-bonus.test.ts:219:45)

FAIL tests/integration/sick-mode/auto-disable.test.ts
  ● POST /api/cron/sick-mode-auto-disable › should disable sick mode instances that have exceeded auto-disable duration

    expect(received).toBe(expected) // Object.is equality

    Expected: 1
    Received: 0

      76 |
      77 |     expect(response.status).toBe(200);
    > 78 |     expect(data.disabledCount).toBe(1);
         |                                ^
      79 |     expect(data.disabledInstances).toHaveLength(1);
      80 |     expect(data.disabledInstances[0].memberId).toBe('child-1');
      81 |

      at Object.toBe (tests/integration/sick-mode/auto-disable.test.ts:78:32)

  ● POST /api/cron/sick-mode-auto-disable › should handle multiple families with different auto-disable settings

    expect(received).toBe(expected) // Object.is equality

    Expected: 1
    Received: 0

      267 |
      268 |     expect(response.status).toBe(200);
    > 269 |     expect(data.disabledCount).toBe(1);
          |                                ^
      270 |     expect(data.disabledInstances[0].familyId).toBe('family-1');
      271 |     
      272 |     // Only family-1 instance should be disabled

      at Object.toBe (tests/integration/sick-mode/auto-disable.test.ts:269:32)

FAIL tests/integration/api/family/sick-mode/end/route.test.ts
  ● /api/family/sick-mode/end › POST › should allow parents to end sick mode

    expect(jest.fn()).toHaveBeenCalledWith(...expected)

    - Expected
    + Received

      Object {
        "data": Object {
    -     "endedAt": Any<Date>,
    -     "endedById": "parent-test-123",
    +     "endedAt": "2026-01-21T13:14:17.328Z",
          "isActive": false,
    -   },
    -   "include": Object {
    -     "member": Object {
    -       "select": Object {
    -         "id": true,
    -         "name": true,
    -       },
    -     },
        },
        "where": Object {
          "id": "instance-1",
        },
      },

    Number of calls: 1

      78 |       expect(data.instance.endedById).toBe('parent-test-123');
      79 |
    > 80 |       expect(dbMock.sickModeInstance.update).toHaveBeenCalledWith({
         |                                              ^
      81 |         where: { id: 'instance-1' },
      82 |         data: {
      83 |           endedAt: expect.any(Date),

      at Object.toHaveBeenCalledWith (tests/integration/api/family/sick-mode/end/route.test.ts:80:46)

  ● /api/family/sick-mode/end › POST › should return 404 if instance not found

    expect(received).toBe(expected) // Object.is equality

    Expected: 404
    Received: 200

      119 |       const response = await POST(request);
      120 |
    > 121 |       expect(response.status).toBe(404);
          |                               ^
      122 |       const data = await response.json();
      123 |       expect(data.error).toBe('Sick mode instance not found');
      124 |     });

      at Object.toBe (tests/integration/api/family/sick-mode/end/route.test.ts:121:31)

  ● /api/family/sick-mode/end › POST › should return 404 if instance belongs to different family

    expect(received).toBe(expected) // Object.is equality

    Expected: 404
    Received: 200

      138 |       const response = await POST(request);
      139 |
    > 140 |       expect(response.status).toBe(404);
          |                               ^
      141 |       const data = await response.json();
      142 |       expect(data.error).toBe('Sick mode instance not found');
      143 |     });

      at Object.toBe (tests/integration/api/family/sick-mode/end/route.test.ts:140:31)

  ● /api/family/sick-mode/end › POST › should return 409 if sick mode already ended

    expect(received).toBe(expected) // Object.is equality

    Expected: 409
    Received: 200

      158 |       const response = await POST(request);
      159 |
    > 160 |       expect(response.status).toBe(409);
          |                               ^
      161 |       const data = await response.json();
      162 |       expect(data.error).toBe('Sick mode is already ended');
      163 |     });

      at Object.toBe (tests/integration/api/family/sick-mode/end/route.test.ts:160:31)

  ● /api/family/sick-mode/end › POST › should log audit event on successful end

    expect(jest.fn()).toHaveBeenCalledWith(...expected)

    Expected: {"data": {"action": "SICK_MODE_ENDED", "entityId": "instance-1", "entityType": "SickModeInstance", "familyId": "family-test-123", "memberId": "parent-test-123", "metadata": {"sickMemberId": "child-test-123"}, "result": "SUCCESS"}}

    Number of calls: 0

      181 |
      182 |       expect(response.status).toBe(200);
    > 183 |       expect(dbMock.auditLog.create).toHaveBeenCalledWith({
          |                                      ^
      184 |         data: {
      185 |           familyId: 'family-test-123',
      186 |           memberId: 'parent-test-123',

      at Object.toHaveBeenCalledWith (tests/integration/api/family/sick-mode/end/route.test.ts:183:38)

FAIL tests/integration/api/notifications/mark-all-read/route.test.ts
  ● /api/notifications/mark-all-read › PATCH › should mark all unread notifications as read

    expect(received).toBe(expected) // Object.is equality

    Expected: 5
    Received: 0

      51 |       expect(response.status).toBe(200)
      52 |       expect(data.success).toBe(true)
    > 53 |       expect(data.count).toBe(5)
         |                          ^
      54 |       expect(data.message).toBe('Marked 5 notifications as read')
      55 |
      56 |       expect(dbMock.notification.updateMany).toHaveBeenCalledWith({

      at Object.toBe (tests/integration/api/notifications/mark-all-read/route.test.ts:53:26)

  ● /api/notifications/mark-all-read › PATCH › should handle singular message correctly

    expect(received).toBe(expected) // Object.is equality

    Expected: "Marked 1 notification as read"
    Received: "Marked 0 notifications as read"

      79 |
      80 |       expect(response.status).toBe(200)
    > 81 |       expect(data.message).toBe('Marked 1 notification as read')
         |                            ^
      82 |     })
      83 |
      84 |     it('should handle zero notifications', async () => {

      at Object.toBe (tests/integration/api/notifications/mark-all-read/route.test.ts:81:28)

FAIL tests/integration/api/transport/today/route.test.ts
  ● /api/transport/today › should return 401 if not authenticated

    expect(received).toBe(expected) // Object.is equality

    Expected: 401
    Received: 500

      90 |     const response = await GET(request);
      91 |
    > 92 |     expect(response.status).toBe(401);
         |                             ^
      93 |   });
      94 |
      95 |   it('should return today\'s transport schedules', async () => {

      at Object.toBe (tests/integration/api/transport/today/route.test.ts:92:29)

  ● /api/transport/today › should return today's transport schedules

    expect(jest.fn()).toHaveBeenCalledWith(...expected)

    - Expected
    + Received

      Object {
    -   "include": Object {
    -     "carpool": Object {
    -       "select": Object {
    -         "id": true,
    -         "name": true,
    -       },
    -     },
    -     "driver": Object {
    -       "select": Object {
    -         "id": true,
    -         "name": true,
    -         "phone": true,
    -         "relationship": true,
    -       },
    -     },
    -     "location": Object {
    -       "select": Object {
    -         "address": true,
    -         "id": true,
    -         "name": true,
    -       },
    -     },
    -     "member": Object {
    -       "select": Object {
    -         "id": true,
    -         "name": true,
    -       },
    -     },
    -   },
        "orderBy": Object {
          "time": "asc",
        },
        "where": Object {
          "dayOfWeek": 1,
          "familyId": "family-test-123",
    -     "isActive": true,
        },
      },

    Number of calls: 1

      111 |     expect(data.schedules[1].time).toBe('15:30');
      112 |
    > 113 |     expect(dbMock.transportSchedule.findMany).toHaveBeenCalledWith({
          |                                               ^
      114 |       where: {
      115 |         familyId: 'family-test-123',
      116 |         dayOfWeek: 1, // Monday

      at Object.toHaveBeenCalledWith (tests/integration/api/transport/today/route.test.ts:113:47)

  ● /api/transport/today › should filter by member ID if provided

    TypeError: Date.now is not a function

      35 |       familyName: 'Test Family',
      36 |     },
    > 37 |     expires: new Date(Date.now() + 24 * 60 * 60 * 1000).toISOString(),
         |                            ^
      38 |   } as Session
      39 |
      40 |   if (!overrides) {

      at now (src/lib/test-utils/auth-mock.ts:37:28)
      at Object.<anonymous> (jest.setup.js:144:20)

  ● /api/transport/today › should return empty array if no schedules for today

    TypeError: Date.now is not a function

      35 |       familyName: 'Test Family',
      36 |     },
    > 37 |     expires: new Date(Date.now() + 24 * 60 * 60 * 1000).toISOString(),
         |                            ^
      38 |   } as Session
      39 |
      40 |   if (!overrides) {

      at now (src/lib/test-utils/auth-mock.ts:37:28)
      at Object.<anonymous> (jest.setup.js:144:20)

  ● /api/transport/today › should handle different days of week correctly

    TypeError: Date.now is not a function

      35 |       familyName: 'Test Family',
      36 |     },
    > 37 |     expires: new Date(Date.now() + 24 * 60 * 60 * 1000).toISOString(),
         |                            ^
      38 |   } as Session
      39 |
      40 |   if (!overrides) {

      at now (src/lib/test-utils/auth-mock.ts:37:28)
      at Object.<anonymous> (jest.setup.js:144:20)

FAIL tests/integration/api/routines/completions/route.test.ts
  ● GET /api/routines/completions › should return only own completions for child

    expect(jest.fn()).toHaveBeenCalledWith(...expected)

    Expected: ObjectContaining {"where": ObjectContaining {"memberId": "child-test-123"}}
    Received: {"include": {"member": {"select": {"id": true, "name": true}}, "routine": {"select": {"familyId": true}}}, "orderBy": {"completedAt": "desc"}, "skip": 0, "take": 50, "where": {"routine": {"familyId": "family-test-123"}}}

    Number of calls: 1

      134 |     const data = await response.json();
      135 |     expect(data.completions).toHaveLength(1);
    > 136 |     expect(dbMock.routineCompletion.findMany).toHaveBeenCalledWith(
          |                                               ^
      137 |       expect.objectContaining({
      138 |         where: expect.objectContaining({
      139 |           memberId: session.user.id,

      at Object.toHaveBeenCalledWith (tests/integration/api/routines/completions/route.test.ts:136:47)

  ● GET /api/routines/completions › should filter completions by date range

    expect(jest.fn()).toHaveBeenCalledWith(...expected)

    Expected: ObjectContaining {"where": ObjectContaining {"date": {"gte": Any<Date>, "lte": Any<Date>}}}
    Received: {"include": {"member": {"select": {"id": true, "name": true}}, "routine": {"select": {"familyId": true}}}, "orderBy": {"completedAt": "desc"}, "skip": 0, "take": 50, "where": {"date": {"gte": "2026-01-01", "lte": "2026-01-07"}, "routine": {"familyId": "family-test-123"}}}

    Number of calls: 1

      245 |
      246 |     expect(response.status).toBe(200);
    > 247 |     expect(dbMock.routineCompletion.findMany).toHaveBeenCalledWith(
          |                                               ^
      248 |       expect.objectContaining({
      249 |         where: expect.objectContaining({
      250 |           date: {

      at Object.toHaveBeenCalledWith (tests/integration/api/routines/completions/route.test.ts:247:47)

  ● GET /api/routines/completions › should support pagination with limit and offset

    TypeError: Cannot read properties of undefined (reading 'total')

      274 |     expect(response.status).toBe(200);
      275 |     const data = await response.json();
    > 276 |     expect(data.pagination.total).toBe(50);
          |                            ^
      277 |     expect(data.pagination.limit).toBe(10);
      278 |     expect(data.pagination.offset).toBe(20);
      279 |     expect(dbMock.routineCompletion.findMany).toHaveBeenCalledWith(

      at Object.total (tests/integration/api/routines/completions/route.test.ts:276:28)

FAIL tests/integration/api/rewards/redemptions/[id]/approve/route.test.ts
  ● /api/rewards/redemptions/[id]/approve › POST › should return 403 if user is not a parent

    expect(received).toBe(expected) // Object.is equality

    Expected: "Forbidden"
    Received: "Forbidden - Parent access required"

      74 |
      75 |       expect(response.status).toBe(403)
    > 76 |       expect(data.error).toBe('Forbidden')
         |                          ^
      77 |     })
      78 |
      79 |     it('should return 404 if redemption not found', async () => {

      at Object.toBe (tests/integration/api/rewards/redemptions/[id]/approve/route.test.ts:76:26)

  ● /api/rewards/redemptions/[id]/approve › POST › should approve redemption successfully

    expect(jest.fn()).toHaveBeenCalledWith(...expected)

    - Expected
    + Received

    @@ -1,8 +1,8 @@
      Object {
        "data": Object {
    -     "approvedAt": Any<Date>,
    +     "approvedAt": "2026-01-21T13:14:18.104Z",
          "approvedById": "parent-test-123",
          "status": "APPROVED",
        },
        "include": Object {
          "member": Object {,

    Number of calls: 1

      163 |       expect(data.message).toContain('Approved')
      164 |
    > 165 |       expect(dbMock.rewardRedemption.update).toHaveBeenCalledWith({
          |                                              ^
      166 |         where: { id: redemptionId },
      167 |         data: {
      168 |           status: 'APPROVED',

      at Object.toHaveBeenCalledWith (tests/integration/api/rewards/redemptions/[id]/approve/route.test.ts:165:46)

FAIL tests/integration/api/leaderboard/route.test.ts
  ● /api/leaderboard › GET › should return leaderboard for weekly period

    expect(received).toBe(expected) // Object.is equality

    Expected: "weekly"
    Received: "WEEKLY"

      68 |
      69 |       expect(response.status).toBe(200)
    > 70 |       expect(data.period).toBe('weekly')
         |                           ^
      71 |       expect(data.leaderboard).toHaveLength(2)
      72 |       expect(data.leaderboard[0].rank).toBe(1)
      73 |       expect(data.leaderboard[0].score).toBe(100) // (5 * 10) + 50

      at Object.toBe (tests/integration/api/leaderboard/route.test.ts:70:27)

  ● /api/leaderboard › GET › should return leaderboard for all-time period

    expect(received).toBe(expected) // Object.is equality

    Expected: "all-time"
    Received: "ALL_TIME"

      93 |
      94 |       expect(response.status).toBe(200)
    > 95 |       expect(data.period).toBe('all-time')
         |                           ^
      96 |       expect(data.leaderboard[0].score).toBe(200)
      97 |       expect(data.leaderboard[1].score).toBe(150)
      98 |     })

      at Object.toBe (tests/integration/api/leaderboard/route.test.ts:95:27)

  ● /api/leaderboard › GET › should handle members without streaks

    TypeError: Cannot read properties of undefined (reading 'streak')

      112 |
      113 |       expect(response.status).toBe(200)
    > 114 |       expect(data.leaderboard[0].streak).toBe(0)
          |                                  ^
      115 |     })
      116 |
      117 |     it('should return 500 on error', async () => {

      at Object.streak (tests/integration/api/leaderboard/route.test.ts:114:34)

  ● /api/leaderboard › GET › should return 500 on error

    expect(received).toBe(expected) // Object.is equality

    Expected: 500
    Received: 200

      124 |       const data = await response.json()
      125 |
    > 126 |       expect(response.status).toBe(500)
          |                               ^
      127 |       expect(data.error).toBe('Failed to fetch leaderboard')
      128 |     })
      129 |   })

      at Object.toBe (tests/integration/api/leaderboard/route.test.ts:126:31)

FAIL tests/integration/api/inventory/low-stock/route.test.ts
  ● /api/inventory/low-stock › should return 401 if not authenticated

    expect(received).toBe(expected) // Object.is equality

    Expected: 401
    Received: 500

      23 |     const response = await GET(request);
      24 |
    > 25 |     expect(response.status).toBe(401);
         |                             ^
      26 |   });
      27 |
      28 |   it('should return items where quantity <= threshold', async () => {

      at Object.toBe (tests/integration/api/inventory/low-stock/route.test.ts:25:29)

  ● /api/inventory/low-stock › should return items where quantity <= threshold

    expect(jest.fn()).toHaveBeenCalledWith(...expected)

    - Expected
    + Received

    @@ -2,10 +2,7 @@
        "orderBy": Object {
          "name": "asc",
        },
        "where": Object {
          "familyId": "family-test-123",
    -     "lowStockThreshold": Object {
    -       "not": null,
    -     },
        },
      },

    Number of calls: 1

      74 |
      75 |     // Verify query filters for low stock (quantity <= threshold)
    > 76 |     expect(dbMock.inventoryItem.findMany).toHaveBeenCalledWith({
         |                                           ^
      77 |       where: {
      78 |         familyId: 'family-test-123',
      79 |         lowStockThreshold: {

      at Object.toHaveBeenCalledWith (tests/integration/api/inventory/low-stock/route.test.ts:76:43)

FAIL tests/integration/api/financial/analytics/route.test.ts
  ● /api/financial/analytics › GET › should return 500 on error

    expect(received).toBe(expected) // Object.is equality

    Expected: "Failed to fetch analytics"
    Received: "Failed to get analytics"

      257 |
      258 |       expect(response.status).toBe(500)
    > 259 |       expect(data.error).toBe('Failed to fetch analytics')
          |                          ^
      260 |     })
      261 |   })
      262 | })

      at Object.toBe (tests/integration/api/financial/analytics/route.test.ts:259:26)

FAIL tests/integration/api/family/sick-mode/status/route.test.ts
  ● /api/family/sick-mode/status › GET › should return all active sick mode instances for family

    TypeError: expect(received).toHaveLength(expected)

    Matcher error: received value must have a length property whose value must be a number

    Received has value: undefined

      73 |       expect(response.status).toBe(200);
      74 |       const data = await response.json();
    > 75 |       expect(data.instances).toHaveLength(1);
         |                              ^
      76 |       expect(data.instances[0].isActive).toBe(true);
      77 |
      78 |       expect(dbMock.sickModeInstance.findMany).toHaveBeenCalledWith({

      at Object.toHaveLength (tests/integration/api/family/sick-mode/status/route.test.ts:75:30)

  ● /api/family/sick-mode/status › GET › should allow children to view sick mode status

    TypeError: expect(received).toHaveLength(expected)

    Matcher error: received value must have a length property whose value must be a number

    Received has value: undefined

      105 |       expect(response.status).toBe(200);
      106 |       const data = await response.json();
    > 107 |       expect(data.instances).toHaveLength(1);
          |                              ^
      108 |     });
      109 |
      110 |     it('should filter by memberId if provided', async () => {

      at Object.toHaveLength (tests/integration/api/family/sick-mode/status/route.test.ts:107:30)

  ● /api/family/sick-mode/status › GET › should filter by memberId if provided

    TypeError: expect(received).toHaveLength(expected)

    Matcher error: received value must have a length property whose value must be a number

    Received has value: undefined

      126 |       expect(response.status).toBe(200);
      127 |       const data = await response.json();
    > 128 |       expect(data.instances).toHaveLength(1);
          |                              ^
      129 |
      130 |       expect(dbMock.sickModeInstance.findMany).toHaveBeenCalledWith({
      131 |         where: {

      at Object.toHaveLength (tests/integration/api/family/sick-mode/status/route.test.ts:128:30)

  ● /api/family/sick-mode/status › GET › should return 404 if filtered member not found

    expect(received).toBe(expected) // Object.is equality

    Expected: 404
    Received: 200

      152 |       const response = await GET(request);
      153 |
    > 154 |       expect(response.status).toBe(404);
          |                               ^
      155 |       const data = await response.json();
      156 |       expect(data.error).toBe('Member not found');
      157 |     });

      at Object.toBe (tests/integration/api/family/sick-mode/status/route.test.ts:154:31)

  ● /api/family/sick-mode/status › GET › should return empty array if no active instances

    TypeError: expect(received).toHaveLength(expected)

    Matcher error: received value must have a length property whose value must be a number

    Received has value: undefined

      167 |       expect(response.status).toBe(200);
      168 |       const data = await response.json();
    > 169 |       expect(data.instances).toHaveLength(0);
          |                              ^
      170 |     });
      171 |
      172 |     it('should include all instances if includeEnded=true', async () => {

      at Object.toHaveLength (tests/integration/api/family/sick-mode/status/route.test.ts:169:30)

  ● /api/family/sick-mode/status › GET › should include all instances if includeEnded=true

    TypeError: expect(received).toHaveLength(expected)

    Matcher error: received value must have a length property whose value must be a number

    Received has value: undefined

      192 |       expect(response.status).toBe(200);
      193 |       const data = await response.json();
    > 194 |       expect(data.instances).toHaveLength(2);
          |                              ^
      195 |
      196 |       expect(dbMock.sickModeInstance.findMany).toHaveBeenCalledWith({
      197 |         where: {

      at Object.toHaveLength (tests/integration/api/family/sick-mode/status/route.test.ts:194:30)

FAIL tests/integration/api/allowance/[id]/route.test.ts
  ● /api/allowance/[id] › PUT › should validate amount is positive

    expect(received).toBe(expected) // Object.is equality

    Expected: 400
    Received: 200

      124 |       const data = await response.json()
      125 |
    > 126 |       expect(response.status).toBe(400)
          |                               ^
      127 |       expect(data.error).toContain('positive')
      128 |     })
      129 |   })

      at Object.toBe (tests/integration/api/allowance/[id]/route.test.ts:126:31)

  ● /api/allowance/[id] › DELETE › should deactivate allowance schedule

    expect(jest.fn()).toHaveBeenCalledWith(...expected)

    Expected: {"data": {"isActive": false}, "where": {"id": "schedule-1"}}

    Number of calls: 0

      184 |       expect(response.status).toBe(200)
      185 |       expect(data.success).toBe(true)
    > 186 |       expect(dbMock.allowanceSchedule.update).toHaveBeenCalledWith({
          |                                               ^
      187 |         where: { id: 'schedule-1' },
      188 |         data: { isActive: false },
      189 |       })

      at Object.toHaveBeenCalledWith (tests/integration/api/allowance/[id]/route.test.ts:186:47)

FAIL tests/integration/api/chores/schedules/[scheduleId]/assignments/[assignmentId]/route.test.ts
  ● /api/chores/schedules/[scheduleId]/assignments/[assignmentId] › DELETE › should return 400 if trying to delete last assignment

    expect(received).toBe(expected) // Object.is equality

    Expected: 400
    Received: 500

      88 |       const data = await response.json()
      89 |
    > 90 |       expect(response.status).toBe(400)
         |                               ^
      91 |       expect(data.error).toBe('Cannot remove the last assignment from a schedule')
      92 |     })
      93 |

      at Object.toBe (tests/integration/api/chores/schedules/[scheduleId]/assignments/[assignmentId]/route.test.ts:90:31)

  ● /api/chores/schedules/[scheduleId]/assignments/[assignmentId] › DELETE › should soft delete assignment successfully

    expect(received).toBe(expected) // Object.is equality

    Expected: 200
    Received: 500

      108 |       const data = await response.json()
      109 |
    > 110 |       expect(response.status).toBe(200)
          |                               ^
      111 |       expect(data.success).toBe(true)
      112 |       expect(data.message).toBe('Assignment removed successfully')
      113 |

      at Object.toBe (tests/integration/api/chores/schedules/[scheduleId]/assignments/[assignmentId]/route.test.ts:110:31)

FAIL tests/integration/api/geocoding/route.test.ts
  ● /api/geocoding › City Name Geocoding › should handle API errors gracefully

    expect(received).toContain(expected) // indexOf

    Expected substring: "Failed to geocode location"
    Received string:    "Failed to fetch geocoding data"

      225 |       expect(response.status).toBe(500);
      226 |       const data = await response.json();
    > 227 |       expect(data.error).toContain('Failed to geocode location');
          |                          ^
      228 |     });
      229 |   });
      230 |

      at Object.toContain (tests/integration/api/geocoding/route.test.ts:227:26)

  ● /api/geocoding › Error Handling › should handle network errors

    expect(received).toBe(expected) // Object.is equality

    Expected: "Failed to geocode location"
    Received: "Failed to fetch geocoding data"

      239 |       expect(response.status).toBe(500);
      240 |       const data = await response.json();
    > 241 |       expect(data.error).toBe('Failed to geocode location');
          |                          ^
      242 |     });
      243 |   });
      244 | });

      at Object.toBe (tests/integration/api/geocoding/route.test.ts:241:26)

FAIL tests/integration/api/family/route.test.ts
  ● /api/family › GET › should return family details for authenticated user

    expect(jest.fn()).toHaveBeenCalledWith(...expected)

    - Expected
    + Received

    @@ -16,10 +16,11 @@
              "email": true,
              "id": true,
              "isActive": true,
              "name": true,
              "role": true,
    +         "userId": true,
            },
          },
        },
        "where": Object {
          "id": "family-test-123",,

    Number of calls: 1

      74 |       expect(data.family).toEqual(mockFamily)
      75 |
    > 76 |       expect(dbMock.family.findUnique).toHaveBeenCalledWith({
         |                                        ^
      77 |         where: { id: session.user.familyId },
      78 |         include: {
      79 |           members: {

      at Object.toHaveBeenCalledWith (tests/integration/api/family/route.test.ts:76:40)

  ● /api/family › PATCH › should return 403 if not authenticated

    expect(received).toBe(expected) // Object.is equality

    Expected: 403
    Received: 200

      133 |       const data = await response.json()
      134 |
    > 135 |       expect(response.status).toBe(403)
          |                               ^
      136 |       expect(data.error).toBe('Unauthorized - Parent access required')
      137 |     })
      138 |

      at Object.toBe (tests/integration/api/family/route.test.ts:135:31)

  ● /api/family › PATCH › should return 403 if user is not a parent

    expect(received).toBe(expected) // Object.is equality

    Expected: 403
    Received: 200

      148 |       const data = await response.json()
      149 |
    > 150 |       expect(response.status).toBe(403)
          |                               ^
      151 |       expect(data.error).toBe('Unauthorized - Parent access required')
      152 |     })
      153 |

      at Object.toBe (tests/integration/api/family/route.test.ts:150:31)

  ● /api/family › PATCH › should update family settings successfully

    expect(received).toBe(expected) // Object.is equality

    Expected: "Family settings updated successfully"
    Received: "Family updated successfully"

      178 |       expect(response.status).toBe(200)
      179 |       expect(data.family).toEqual(mockUpdatedFamily)
    > 180 |       expect(data.message).toBe('Family settings updated successfully')
          |                            ^
      181 |
      182 |       expect(dbMock.family.update).toHaveBeenCalledWith({
      183 |         where: { id: session.user.familyId },

      at Object.toBe (tests/integration/api/family/route.test.ts:180:28)

FAIL tests/integration/api/transport/locations/route.test.ts
  ● /api/transport/locations › POST › should return 403 if not a parent

    expect(received).toBe(expected) // Object.is equality

    Expected: 403
    Received: 200

      84 |       const response = await POST(request);
      85 |
    > 86 |       expect(response.status).toBe(403);
         |                               ^
      87 |     });
      88 |
      89 |     it('should return 400 if name is missing', async () => {

      at Object.toBe (tests/integration/api/transport/locations/route.test.ts:86:31)

  ● /api/transport/locations › POST › should return 400 if name is missing

    expect(received).toBe(expected) // Object.is equality

    Expected: 400
    Received: 200

      94 |       const response = await POST(request);
      95 |
    > 96 |       expect(response.status).toBe(400);
         |                               ^
      97 |     });
      98 |
      99 |     it('should create location successfully', async () => {

      at Object.toBe (tests/integration/api/transport/locations/route.test.ts:96:31)

  ● /api/transport/locations › POST › should create location successfully

    expect(received).toBe(expected) // Object.is equality

    Expected: 201
    Received: 200

      110 |       const response = await POST(request);
      111 |
    > 112 |       expect(response.status).toBe(201);
          |                               ^
      113 |       const data = await response.json();
      114 |       expect(data.location.name).toBe('Elementary School');
      115 |

      at Object.toBe (tests/integration/api/transport/locations/route.test.ts:112:31)

FAIL tests/integration/api/screentime/allowances/route.test.ts
  ● /api/screentime/allowances › GET › should return all allowances for family

    expect(received).toHaveLength(expected)

    Expected length: 1
    Received length: 0
    Received array:  []

      74 |
      75 |       expect(response.status).toBe(200);
    > 76 |       expect((data as any).allowances).toHaveLength(1);
         |                                        ^
      77 |       expect((data as any).allowances[0].allowanceMinutes).toBe(120);
      78 |     });
      79 |

      at Object.toHaveLength (tests/integration/api/screentime/allowances/route.test.ts:76:40)

  ● /api/screentime/allowances › GET › should filter by screenTimeTypeId if provided

    expect(jest.fn()).toHaveBeenCalledWith(...expected)

    Expected: ObjectContaining {"where": ObjectContaining {"screenTimeTypeId": "type-1"}}

    Number of calls: 0

      103 |       await GET(request);
      104 |
    > 105 |       expect(dbMock.screenTimeAllowance.findMany).toHaveBeenCalledWith(
          |                                                   ^
      106 |         expect.objectContaining({
      107 |           where: expect.objectContaining({
      108 |             screenTimeTypeId: 'type-1',

      at Object.toHaveBeenCalledWith (tests/integration/api/screentime/allowances/route.test.ts:105:51)

FAIL tests/integration/api/transport/drivers/route.test.ts
  ● /api/transport/drivers › POST › should return 403 if not a parent

    expect(received).toBe(expected) // Object.is equality

    Expected: 403
    Received: 200

      85 |       const response = await POST(request);
      86 |
    > 87 |       expect(response.status).toBe(403);
         |                               ^
      88 |     });
      89 |
      90 |     it('should return 400 if name is missing', async () => {

      at Object.toBe (tests/integration/api/transport/drivers/route.test.ts:87:31)

  ● /api/transport/drivers › POST › should return 400 if name is missing

    expect(received).toBe(expected) // Object.is equality

    Expected: 400
    Received: 200

       95 |       const response = await POST(request);
       96 |
    >  97 |       expect(response.status).toBe(400);
          |                               ^
       98 |     });
       99 |
      100 |     it('should create driver successfully', async () => {

      at Object.toBe (tests/integration/api/transport/drivers/route.test.ts:97:31)

  ● /api/transport/drivers › POST › should create driver successfully

    expect(received).toBe(expected) // Object.is equality

    Expected: 201
    Received: 200

      112 |       const response = await POST(request);
      113 |
    > 114 |       expect(response.status).toBe(201);
          |                               ^
      115 |       const data = await response.json();
      116 |       expect(data.driver.name).toBe('Mom');
      117 |

      at Object.toBe (tests/integration/api/transport/drivers/route.test.ts:114:31)

FAIL tests/integration/api/shopping/route.test.ts
  ● /api/shopping › GET › should return existing active shopping list

    expect(jest.fn()).toHaveBeenCalledWith(...expected)

    - Expected
    + Received

      Object {
    -   "include": ObjectContaining {
    -     "items": ObjectContaining {
    -       "orderBy": Any<Array>,
    -       "where": Any<Object>,
    +   "include": Object {
    +     "items": true,
        },
    +   "orderBy": Object {
    +     "createdAt": "desc",
        },
    +   "take": 1,
        "where": Object {
          "familyId": "family-test-123",
          "isActive": true,
        },
      },

    Number of calls: 1

      58 |       expect(data.list.id).toBe('list-1')
      59 |       expect(data.items).toEqual(mockList.items)
    > 60 |       expect(dbMock.shoppingList.findFirst).toHaveBeenCalledWith({
         |                                             ^
      61 |         where: {
      62 |           familyId: session.user.familyId,
      63 |           isActive: true,

      at Object.toHaveBeenCalledWith (tests/integration/api/shopping/route.test.ts:60:45)

  ● /api/shopping › GET › should create shopping list if none exists

    expect(received).toBe(expected) // Object.is equality

    Expected: 200
    Received: 500

      87 |       const data = await response.json()
      88 |
    > 89 |       expect(response.status).toBe(200)
         |                               ^
      90 |       expect(data.list.id).toBe('new-list-1')
      91 |       expect(dbMock.shoppingList.create).toHaveBeenCalledWith({
      92 |         data: {

      at Object.toBe (tests/integration/api/shopping/route.test.ts:89:31)

  ● /api/shopping › GET › should filter items by status

    expect(jest.fn()).toHaveBeenCalledWith(...expected)

    - Expected
    + Received

      Object {
    -   "include": ObjectContaining {
    -     "items": ObjectContaining {
    -       "where": Object {
    -         "status": Object {
    -           "in": Array [
    -             "PENDING",
    -             "IN_CART",
    -           ],
    +   "include": Object {
    +     "items": true,
        },
    -       },
    +   "orderBy": Object {
    +     "createdAt": "desc",
        },
    +   "take": 1,
    +   "where": Object {
    +     "familyId": "family-test-123",
    +     "isActive": true,
        },
    -   "where": Any<Object>,
      },

    Number of calls: 1

      117 |       await GET()
      118 |
    > 119 |       expect(dbMock.shoppingList.findFirst).toHaveBeenCalledWith({
          |                                             ^
      120 |         where: expect.any(Object),
      121 |         include: expect.objectContaining({
      122 |           items: expect.objectContaining({

      at Object.toHaveBeenCalledWith (tests/integration/api/shopping/route.test.ts:119:45)

FAIL tests/integration/api/family/guests/route.test.ts
  ● /api/family/guests › GET /api/family/guests › should return all active guest invites

    expect(jest.fn()).toHaveBeenCalledWith(...expected)

    - Expected
    + Received

    @@ -1,19 +1,17 @@
      Object {
        "include": Object {
    -     "invitedBy": Object {
    +     "family": Object {
            "select": Object {
              "id": true,
              "name": true,
            },
          },
    -     "sessions": Object {
    -       "orderBy": Object {
    -         "startedAt": "desc",
    -       },
    -       "where": Object {
    -         "endedAt": null,
    +     "invitedBy": Object {
    +       "select": Object {
    +         "id": true,
    +         "name": true,
            },
          },
        },
        "orderBy": Object {
          "createdAt": "desc",,

    Number of calls: 1

      77 |       expect(data.invites[1].guestName).toBe('Babysitter Jane');
      78 |
    > 79 |       expect(dbMock.guestInvite.findMany).toHaveBeenCalledWith({
         |                                           ^
      80 |         where: {
      81 |           familyId: 'family-test-123',
      82 |           status: {

      at Object.toHaveBeenCalledWith (tests/integration/api/family/guests/route.test.ts:79:43)

  ● /api/family/guests › GET /api/family/guests › should handle database errors gracefully

    expect(received).toBe(expected) // Object.is equality

    Expected: "Failed to fetch guest invites"
    Received: "Failed to get guest invites"

      125 |       expect(response.status).toBe(500);
      126 |       const data = await response.json();
    > 127 |       expect(data.error).toBe('Failed to fetch guest invites');
          |                          ^
      128 |     });
      129 |   });
      130 | });

      at Object.toBe (tests/integration/api/family/guests/route.test.ts:127:26)

FAIL src/lib/test-utils/__tests__/supabase-mocks.test.ts
  ● Test suite failed to run

    Jest encountered an unexpected token

    Jest failed to parse a file. This happens e.g. when your code or its dependencies use non-standard JavaScript syntax, or when Jest is not configured to support such syntax.

    Out of the box Jest supports Babel, which will be used to transform your files into valid JS based on your Babel configuration.

    By default "node_modules" folder is ignored by transformers.

    Here's what you can do:
     • If you are trying to use ECMAScript Modules, see https://jestjs.io/docs/ecmascript-modules for how to enable it.
     • If you are trying to use TypeScript, see https://jestjs.io/docs/getting-started#using-typescript
     • To have some of your "node_modules" files transformed, you can specify a custom "transformIgnorePatterns" in your config.
     • If you need a custom transformation, specify a "transform" option in your config.
     • If you simply want to mock your non-JS modules (e.g. binary assets) you can stub them out with the "moduleNameMapper" config option.

    You'll find more details and examples of these config options in the docs:
    https://jestjs.io/docs/configuration
    For information about custom transformations, see:
    https://jestjs.io/docs/code-transformation

    Details:

    /Users/cblanchard/Repos/Hearth/src/lib/test-utils/supabase-mock.ts:77
    const jest = jestLocal;
          ^

    SyntaxError: Identifier 'jest' has already been declared

      11 | import {
      12 |   createMockSupabaseClient,
    > 13 |   mockSupabaseSelect,
         |                      ^
      14 |   mockSupabaseSingle,
      15 |   mockSupabaseInsert,
      16 |   mockSupabaseUpdate,

      at Runtime.createScriptFromCode (node_modules/jest-runtime/build/index.js:1318:40)
      at Object.<anonymous> (src/lib/test-utils/__tests__/supabase-mocks.test.ts:13:23)


Test Suites: 133 failed, 67 passed, 200 total
Tests:       803 failed, 25 skipped, 1667 passed, 2495 total
Snapshots:   0 total
Time:        147.809 s
Ran all test suites.
